1. SerialGC

1.1 256m
1.1.1 normal

$ java -Xmx256m -XX:+UseSerialGC GCLogAnalysis
正在执行...
执行结束!共生成对象次数:4576

$ java -Xmx256m -XX:+UseSerialGC GCLogAnalysis
正在执行...
Exception in thread "main" java.lang.OutOfMemoryError: Java heap space
	at java.util.Arrays.copyOf(Arrays.java:3332)
	at java.lang.AbstractStringBuilder.ensureCapacityInternal(AbstractStringBuilder.java:124)
	at java.lang.AbstractStringBuilder.append(AbstractStringBuilder.java:674)
	at java.lang.StringBuilder.append(StringBuilder.java:208)
	at GCLogAnalysis.generateGarbage(GCLogAnalysis.java:56)
	at GCLogAnalysis.main(GCLogAnalysis.java:25)
(base) Wenhuis-MBP:class3_q1 wenhuichen$ java -Xmx256m -XX:+UseSerialGC GCLogAnalysis
正在执行...
执行结束!共生成对象次数:4397


1.1.2 -XX:+PrintGC
$ java -Xmx256m -XX:+UseSerialGC -XX:+PrintGC GCLogAnalysis
正在执行...
[GC (Allocation Failure)  69952K->25406K(253440K), 0.0151592 secs]
[GC (Allocation Failure)  95358K->48851K(253440K), 0.0200615 secs]
[GC (Allocation Failure)  118587K->71651K(253440K), 0.0144299 secs]
[GC (Allocation Failure)  141264K->96015K(253440K), 0.0161561 secs]
[GC (Allocation Failure)  165967K->120804K(253440K), 0.0167321 secs]
[GC (Allocation Failure)  190588K->143137K(253440K), 0.0148564 secs]
[GC (Allocation Failure)  213089K->165673K(253440K), 0.0166040 secs]
[Full GC (Allocation Failure)  235625K->167620K(253440K), 0.0297225 secs]
[Full GC (Allocation Failure)  237512K->185270K(253440K), 0.0307250 secs]
[Full GC (Allocation Failure)  252938K->199321K(253440K), 0.0284139 secs]
[Full GC (Allocation Failure)  253395K->198981K(253440K), 0.0322818 secs]
[Full GC (Allocation Failure)  253406K->213168K(253440K), 0.0069830 secs]
[Full GC (Allocation Failure)  253279K->221462K(253440K), 0.0228436 secs]
[Full GC (Allocation Failure)  253312K->223285K(253440K), 0.0249831 secs]
[Full GC (Allocation Failure)  253208K->219841K(253440K), 0.0377380 secs]
[Full GC (Allocation Failure)  253390K->232476K(253440K), 0.0082496 secs]
[Full GC (Allocation Failure)  253329K->241593K(253440K), 0.0104001 secs]
[Full GC (Allocation Failure)  253112K->240906K(253440K), 0.0233209 secs]
[Full GC (Allocation Failure)  253406K->236584K(253440K), 0.0391147 secs]
[Full GC (Allocation Failure)  253284K->241949K(253440K), 0.0112870 secs]
[Full GC (Allocation Failure)  253264K->247985K(253440K), 0.0123339 secs]
[Full GC (Allocation Failure)  253314K->249436K(253440K), 0.0139589 secs]
[Full GC (Allocation Failure)  253296K->243735K(253440K), 0.0377420 secs]
[Full GC (Allocation Failure)  253312K->246937K(253440K), 0.0127162 secs]
[Full GC (Allocation Failure)  253311K->247588K(253440K), 0.0112876 secs]
[Full GC (Allocation Failure)  253381K->248758K(253440K), 0.0026994 secs]
[Full GC (Allocation Failure)  253349K->246281K(253440K), 0.0334001 secs]
[Full GC (Allocation Failure)  253320K->246563K(253440K), 0.0083254 secs]
[Full GC (Allocation Failure)  253239K->247629K(253440K), 0.0054255 secs]
[Full GC (Allocation Failure)  253306K->248614K(253440K), 0.0072195 secs]
[Full GC (Allocation Failure)  253301K->247757K(253440K), 0.0339706 secs]
[Full GC (Allocation Failure)  253301K->249268K(253440K), 0.0085653 secs]
[Full GC (Allocation Failure)  253147K->250383K(253440K), 0.0023474 secs]
[Full GC (Allocation Failure)  253325K->250542K(253440K), 0.0018888 secs]
[Full GC (Allocation Failure)  253395K->250356K(253440K), 0.0378583 secs]
[Full GC (Allocation Failure)  253344K->251681K(253440K), 0.0065060 secs]
[Full GC (Allocation Failure)  253219K->252127K(253440K), 0.0025806 secs]
[Full GC (Allocation Failure)  253255K->252924K(253440K), 0.0058656 secs]
[Full GC (Allocation Failure)  252924K->251909K(253440K), 0.0336132 secs]
[Full GC (Allocation Failure)  252635K->252635K(253440K), 0.0019830 secs]
[Full GC (Allocation Failure)  252635K->252582K(253440K), 0.0114643 secs]
Exception in thread "main" java.lang.OutOfMemoryError: Java heap space
	at GCLogAnalysis.generateGarbage(GCLogAnalysis.java:48)
	at GCLogAnalysis.main(GCLogAnalysis.java:25)



1.1.3 -XX:+PrintGCDetails
$ java -Xmx256m -XX:+UseSerialGC -XX:+PrintGCDetails -XX:+PrintGCDateStamps GCLogAnalysis
正在执行...
2021-01-18T13:33:39.045+0500: [GC (Allocation Failure) 2021-01-18T13:33:39.045+0500: [DefNew: 69824K->8703K(78656K), 0.0142290 secs] 69824K->22561K(253440K), 0.0142717 secs] [Times: user=0.01 sys=0.01, real=0.02 secs] 
2021-01-18T13:33:39.073+0500: [GC (Allocation Failure) 2021-01-18T13:33:39.073+0500: [DefNew: 78509K->8702K(78656K), 0.0223067 secs] 92367K->45437K(253440K), 0.0223824 secs] [Times: user=0.01 sys=0.01, real=0.02 secs] 
2021-01-18T13:33:39.105+0500: [GC (Allocation Failure) 2021-01-18T13:33:39.105+0500: [DefNew: 78591K->8703K(78656K), 0.0255185 secs] 115326K->73172K(253440K), 0.0255705 secs] [Times: user=0.02 sys=0.01, real=0.03 secs] 
2021-01-18T13:33:39.148+0500: [GC (Allocation Failure) 2021-01-18T13:33:39.148+0500: [DefNew: 78600K->8701K(78656K), 0.0271898 secs] 143068K->97085K(253440K), 0.0272357 secs] [Times: user=0.01 sys=0.01, real=0.03 secs] 
2021-01-18T13:33:39.190+0500: [GC (Allocation Failure) 2021-01-18T13:33:39.190+0500: [DefNew: 77987K->8702K(78656K), 0.0206796 secs] 166371K->119189K(253440K), 0.0207241 secs] [Times: user=0.01 sys=0.00, real=0.02 secs] 
2021-01-18T13:33:39.221+0500: [GC (Allocation Failure) 2021-01-18T13:33:39.221+0500: [DefNew: 78526K->8703K(78656K), 0.0215189 secs] 189013K->144888K(253440K), 0.0215707 secs] [Times: user=0.01 sys=0.00, real=0.02 secs] 
2021-01-18T13:33:39.256+0500: [GC (Allocation Failure) 2021-01-18T13:33:39.256+0500: [DefNew: 78655K->8700K(78656K), 0.0150443 secs] 214840K->166519K(253440K), 0.0150882 secs] [Times: user=0.01 sys=0.01, real=0.02 secs] 
2021-01-18T13:33:39.280+0500: [GC (Allocation Failure) 2021-01-18T13:33:39.280+0500: [DefNew: 78652K->78652K(78656K), 0.0000164 secs]2021-01-18T13:33:39.280+0500: [Tenured: 157818K->165772K(174784K), 0.0371037 secs] 236471K->165772K(253440K), [Metaspace: 2706K->2706K(1056768K)], 0.0371742 secs] [Times: user=0.03 sys=0.00, real=0.03 secs] 
2021-01-18T13:33:39.329+0500: [GC (Allocation Failure) 2021-01-18T13:33:39.329+0500: [DefNew: 69952K->69952K(78656K), 0.0000177 secs]2021-01-18T13:33:39.329+0500: [Tenured: 165772K->174621K(174784K), 0.0340994 secs] 235724K->180238K(253440K), [Metaspace: 2706K->2706K(1056768K)], 0.0341674 secs] [Times: user=0.03 sys=0.01, real=0.04 secs] 
2021-01-18T13:33:39.378+0500: [Full GC (Allocation Failure) 2021-01-18T13:33:39.378+0500: [Tenured: 174621K->174661K(174784K), 0.0269336 secs] 253132K->194059K(253440K), [Metaspace: 2706K->2706K(1056768K)], 0.0269822 secs] [Times: user=0.02 sys=0.00, real=0.03 secs] 
2021-01-18T13:33:39.416+0500: [Full GC (Allocation Failure) 2021-01-18T13:33:39.416+0500: [Tenured: 174661K->174621K(174784K), 0.0378000 secs] 253091K->198378K(253440K), [Metaspace: 2706K->2706K(1056768K)], 0.0378596 secs] [Times: user=0.04 sys=0.00, real=0.04 secs] 
2021-01-18T13:33:39.464+0500: [Full GC (Allocation Failure) 2021-01-18T13:33:39.464+0500: [Tenured: 174621K->174621K(174784K), 0.0084883 secs] 252647K->215801K(253440K), [Metaspace: 2706K->2706K(1056768K)], 0.0085459 secs] [Times: user=0.01 sys=0.00, real=0.01 secs] 
2021-01-18T13:33:39.479+0500: [Full GC (Allocation Failure) 2021-01-18T13:33:39.479+0500: [Tenured: 174781K->174577K(174784K), 0.0188626 secs] 253435K->225546K(253440K), [Metaspace: 2706K->2706K(1056768K)], 0.0189114 secs] [Times: user=0.01 sys=0.00, real=0.02 secs] 
2021-01-18T13:33:39.503+0500: [Full GC (Allocation Failure) 2021-01-18T13:33:39.503+0500: [Tenured: 174736K->174601K(174784K), 0.0232750 secs] 253287K->228534K(253440K), [Metaspace: 2706K->2706K(1056768K)], 0.0233227 secs] [Times: user=0.02 sys=0.00, real=0.02 secs] 
2021-01-18T13:33:39.530+0500: [Full GC (Allocation Failure) 2021-01-18T13:33:39.530+0500: [Tenured: 174601K->174707K(174784K), 0.0385969 secs] 253207K->223645K(253440K), [Metaspace: 2706K->2706K(1056768K)], 0.0386558 secs] [Times: user=0.03 sys=0.00, real=0.03 secs] 
2021-01-18T13:33:39.574+0500: [Full GC (Allocation Failure) 2021-01-18T13:33:39.574+0500: [Tenured: 174707K->174707K(174784K), 0.0083770 secs] 253101K->230676K(253440K), [Metaspace: 2706K->2706K(1056768K)], 0.0084320 secs] [Times: user=0.01 sys=0.00, real=0.01 secs] 
2021-01-18T13:33:39.587+0500: [Full GC (Allocation Failure) 2021-01-18T13:33:39.587+0500: [Tenured: 174707K->174707K(174784K), 0.0085817 secs] 253258K->236450K(253440K), [Metaspace: 2706K->2706K(1056768K)], 0.0086586 secs] [Times: user=0.01 sys=0.00, real=0.01 secs] 
2021-01-18T13:33:39.599+0500: [Full GC (Allocation Failure) 2021-01-18T13:33:39.599+0500: [Tenured: 174707K->174782K(174784K), 0.0215863 secs] 253208K->237627K(253440K), [Metaspace: 2706K->2706K(1056768K)], 0.0216481 secs] [Times: user=0.02 sys=0.00, real=0.03 secs] 
2021-01-18T13:33:39.624+0500: [Full GC (Allocation Failure) 2021-01-18T13:33:39.624+0500: [Tenured: 174782K->174598K(174784K), 0.0406252 secs] 253405K->232505K(253440K), [Metaspace: 2706K->2706K(1056768K)], 0.0406804 secs] [Times: user=0.04 sys=0.00, real=0.04 secs] 
2021-01-18T13:33:39.669+0500: [Full GC (Allocation Failure) 2021-01-18T13:33:39.669+0500: [Tenured: 174598K->174598K(174784K), 0.0093401 secs] 253240K->239952K(253440K), [Metaspace: 2706K->2706K(1056768K)], 0.0093891 secs] [Times: user=0.01 sys=0.00, real=0.01 secs] 
2021-01-18T13:33:39.681+0500: [Full GC (Allocation Failure) 2021-01-18T13:33:39.681+0500: [Tenured: 174598K->174598K(174784K), 0.0094313 secs] 253206K->244967K(253440K), [Metaspace: 2706K->2706K(1056768K)], 0.0094850 secs] [Times: user=0.01 sys=0.00, real=0.01 secs] 
2021-01-18T13:33:39.692+0500: [Full GC (Allocation Failure) 2021-01-18T13:33:39.692+0500: [Tenured: 174706K->174706K(174784K), 0.0095584 secs] 253362K->248363K(253440K), [Metaspace: 2706K->2706K(1056768K)], 0.0096087 secs] [Times: user=0.01 sys=0.00, real=0.01 secs] 
2021-01-18T13:33:39.703+0500: [Full GC (Allocation Failure) 2021-01-18T13:33:39.703+0500: [Tenured: 174706K->174543K(174784K), 0.0421382 secs] 253346K->241208K(253440K), [Metaspace: 2706K->2706K(1056768K)], 0.0422034 secs] [Times: user=0.04 sys=0.00, real=0.04 secs] 
2021-01-18T13:33:39.747+0500: [Full GC (Allocation Failure) 2021-01-18T13:33:39.747+0500: [Tenured: 174543K->174719K(174784K), 0.0131927 secs] 253060K->243029K(253440K), [Metaspace: 2706K->2706K(1056768K)], 0.0132370 secs] [Times: user=0.01 sys=0.00, real=0.02 secs] 
2021-01-18T13:33:39.762+0500: [Full GC (Allocation Failure) 2021-01-18T13:33:39.762+0500: [Tenured: 174719K->174719K(174784K), 0.0112435 secs] 253312K->246489K(253440K), [Metaspace: 2706K->2706K(1056768K)], 0.0112860 secs] [Times: user=0.01 sys=0.00, real=0.01 secs] 
2021-01-18T13:33:39.775+0500: [Full GC (Allocation Failure) 2021-01-18T13:33:39.775+0500: [Tenured: 174719K->174719K(174784K), 0.0040513 secs] 253279K->248235K(253440K), [Metaspace: 2706K->2706K(1056768K)], 0.0040999 secs] [Times: user=0.01 sys=0.00, real=0.00 secs] 
2021-01-18T13:33:39.780+0500: [Full GC (Allocation Failure) 2021-01-18T13:33:39.780+0500: [Tenured: 174719K->174747K(174784K), 0.0366587 secs] 253374K->245943K(253440K), [Metaspace: 2706K->2706K(1056768K)], 0.0366996 secs] [Times: user=0.03 sys=0.00, real=0.03 secs] 
2021-01-18T13:33:39.818+0500: [Full GC (Allocation Failure) 2021-01-18T13:33:39.818+0500: [Tenured: 174747K->174747K(174784K), 0.0029439 secs] 253281K->248527K(253440K), [Metaspace: 2706K->2706K(1056768K)], 0.0029899 secs] [Times: user=0.00 sys=0.00, real=0.01 secs] 
2021-01-18T13:33:39.822+0500: [Full GC (Allocation Failure) 2021-01-18T13:33:39.822+0500: [Tenured: 174783K->174783K(174784K), 0.0066680 secs] 253434K->249330K(253440K), [Metaspace: 2706K->2706K(1056768K)], 0.0067170 secs] [Times: user=0.01 sys=0.00, real=0.00 secs] 
2021-01-18T13:33:39.830+0500: [Full GC (Allocation Failure) 2021-01-18T13:33:39.830+0500: [Tenured: 174783K->174783K(174784K), 0.0089153 secs] 253369K->251230K(253440K), [Metaspace: 2706K->2706K(1056768K)], 0.0089553 secs] [Times: user=0.01 sys=0.00, real=0.00 secs] 
2021-01-18T13:33:39.839+0500: [Full GC (Allocation Failure) 2021-01-18T13:33:39.839+0500: [Tenured: 174783K->174734K(174784K), 0.0388741 secs] 253357K->248892K(253440K), [Metaspace: 2706K->2706K(1056768K)], 0.0389209 secs] [Times: user=0.03 sys=0.00, real=0.04 secs] 
2021-01-18T13:33:39.879+0500: [Full GC (Allocation Failure) 2021-01-18T13:33:39.879+0500: [Tenured: 174770K->174770K(174784K), 0.0065804 secs] 253412K->250768K(253440K), [Metaspace: 2706K->2706K(1056768K)], 0.0066200 secs] [Times: user=0.01 sys=0.00, real=0.01 secs] 
2021-01-18T13:33:39.886+0500: [Full GC (Allocation Failure) 2021-01-18T13:33:39.886+0500: [Tenured: 174770K->174770K(174784K), 0.0025774 secs] 253071K->251542K(253440K), [Metaspace: 2706K->2706K(1056768K)], 0.0026230 secs] [Times: user=0.00 sys=0.00, real=0.00 secs] 
2021-01-18T13:33:39.889+0500: [Full GC (Allocation Failure) 2021-01-18T13:33:39.889+0500: [Tenured: 174770K->174770K(174784K), 0.0022559 secs] 253290K->251992K(253440K), [Metaspace: 2706K->2706K(1056768K)], 0.0022974 secs] [Times: user=0.00 sys=0.00, real=0.01 secs] 
2021-01-18T13:33:39.892+0500: [Full GC (Allocation Failure) 2021-01-18T13:33:39.892+0500: [Tenured: 174770K->174760K(174784K), 0.0400512 secs] 253252K->248493K(253440K), [Metaspace: 2706K->2706K(1056768K)], 0.0400893 secs] [Times: user=0.04 sys=0.01, real=0.04 secs] 
2021-01-18T13:33:39.933+0500: [Full GC (Allocation Failure) 2021-01-18T13:33:39.933+0500: [Tenured: 174760K->174760K(174784K), 0.0094312 secs] 253388K->250624K(253440K), [Metaspace: 2706K->2706K(1056768K)], 0.0094719 secs] [Times: user=0.01 sys=0.00, real=0.01 secs] 
2021-01-18T13:33:39.943+0500: [Full GC (Allocation Failure) 2021-01-18T13:33:39.943+0500: [Tenured: 174760K->174760K(174784K), 0.0073992 secs] 253407K->250942K(253440K), [Metaspace: 2706K->2706K(1056768K)], 0.0074390 secs] [Times: user=0.01 sys=0.00, real=0.01 secs] 
2021-01-18T13:33:39.952+0500: [Full GC (Allocation Failure) 2021-01-18T13:33:39.952+0500: [Tenured: 174760K->174760K(174784K), 0.0057543 secs] 253336K->251780K(253440K), [Metaspace: 2706K->2706K(1056768K)], 0.0057982 secs] [Times: user=0.00 sys=0.00, real=0.00 secs] 
2021-01-18T13:33:39.958+0500: [Full GC (Allocation Failure) 2021-01-18T13:33:39.958+0500: [Tenured: 174760K->174603K(174784K), 0.0348012 secs] 253327K->250181K(253440K), [Metaspace: 2706K->2706K(1056768K)], 0.0348446 secs] [Times: user=0.04 sys=0.00, real=0.04 secs] 
2021-01-18T13:33:39.993+0500: [Full GC (Allocation Failure) 2021-01-18T13:33:39.993+0500: [Tenured: 174774K->174774K(174784K), 0.0025913 secs] 253427K->251444K(253440K), [Metaspace: 2706K->2706K(1056768K)], 0.0026266 secs] [Times: user=0.00 sys=0.00, real=0.00 secs] 
2021-01-18T13:33:39.996+0500: [Full GC (Allocation Failure) 2021-01-18T13:33:39.996+0500: [Tenured: 174774K->174774K(174784K), 0.0019396 secs] 253264K->252162K(253440K), [Metaspace: 2706K->2706K(1056768K)], 0.0019735 secs] [Times: user=0.00 sys=0.00, real=0.00 secs] 
执行结束!共生成对象次数:4179
Heap
 def new generation   total 78656K, used 77880K [0x00000007b0000000, 0x00000007b5550000, 0x00000007b5550000)
  eden space 69952K, 100% used [0x00000007b0000000, 0x00000007b4450000, 0x00000007b4450000)
  from space 8704K,  91% used [0x00000007b4cd0000, 0x00000007b548e158, 0x00000007b5550000)
  to   space 8704K,   0% used [0x00000007b4450000, 0x00000007b4450000, 0x00000007b4cd0000)
 tenured generation   total 174784K, used 174774K [0x00000007b5550000, 0x00000007c0000000, 0x00000007c0000000)
   the space 174784K,  99% used [0x00000007b5550000, 0x00000007bfffdb18, 0x00000007bfffdc00, 0x00000007c0000000)
 Metaspace       used 2712K, capacity 4486K, committed 4864K, reserved 1056768K
  class space    used 295K, capacity 386K, committed 512K, reserved 1048576K



$ java -Xmx256m -XX:+UseSerialGC -XX:+PrintGCDetails -XX:+PrintGCDateStamps GCLogAnalysis
正在执行...
2021-01-18T13:35:11.008+0500: [GC (Allocation Failure) 2021-01-18T13:35:11.008+0500: [DefNew: 69816K->8704K(78656K), 0.0149414 secs] 69816K->23510K(253440K), 0.0149983 secs] [Times: user=0.01 sys=0.01, real=0.02 secs] 
2021-01-18T13:35:11.035+0500: [GC (Allocation Failure) 2021-01-18T13:35:11.035+0500: [DefNew: 78426K->8702K(78656K), 0.0225945 secs] 93233K->49158K(253440K), 0.0226331 secs] [Times: user=0.01 sys=0.01, real=0.02 secs] 
2021-01-18T13:35:11.068+0500: [GC (Allocation Failure) 2021-01-18T13:35:11.068+0500: [DefNew: 78563K->8703K(78656K), 0.0148881 secs] 119019K->73184K(253440K), 0.0149217 secs] [Times: user=0.01 sys=0.00, real=0.02 secs] 
2021-01-18T13:35:11.094+0500: [GC (Allocation Failure) 2021-01-18T13:35:11.094+0500: [DefNew: 78655K->8703K(78656K), 0.0163900 secs] 143136K->97246K(253440K), 0.0164440 secs] [Times: user=0.01 sys=0.01, real=0.02 secs] 
2021-01-18T13:35:11.125+0500: [GC (Allocation Failure) 2021-01-18T13:35:11.125+0500: [DefNew: 78655K->8697K(78656K), 0.0172246 secs] 167198K->118886K(253440K), 0.0172951 secs] [Times: user=0.01 sys=0.01, real=0.02 secs] 
2021-01-18T13:35:11.155+0500: [GC (Allocation Failure) 2021-01-18T13:35:11.155+0500: [DefNew: 78202K->8699K(78656K), 0.0161004 secs] 188391K->142896K(253440K), 0.0161395 secs] [Times: user=0.01 sys=0.00, real=0.02 secs] 
2021-01-18T13:35:11.181+0500: [GC (Allocation Failure) 2021-01-18T13:35:11.181+0500: [DefNew: 78651K->8703K(78656K), 0.0196769 secs] 212848K->168992K(253440K), 0.0197124 secs] [Times: user=0.01 sys=0.01, real=0.02 secs] 
2021-01-18T13:35:11.212+0500: [GC (Allocation Failure) 2021-01-18T13:35:11.212+0500: [DefNew: 78629K->78629K(78656K), 0.0000162 secs]2021-01-18T13:35:11.212+0500: [Tenured: 160289K->162527K(174784K), 0.0285566 secs] 238918K->162527K(253440K), [Metaspace: 2706K->2706K(1056768K)], 0.0286266 secs] [Times: user=0.03 sys=0.00, real=0.03 secs] 
2021-01-18T13:35:11.255+0500: [GC (Allocation Failure) 2021-01-18T13:35:11.255+0500: [DefNew: 69952K->69952K(78656K), 0.0000170 secs]2021-01-18T13:35:11.255+0500: [Tenured: 162527K->174625K(174784K), 0.0298390 secs] 232479K->176073K(253440K), [Metaspace: 2706K->2706K(1056768K)], 0.0299524 secs] [Times: user=0.03 sys=0.01, real=0.03 secs] 
2021-01-18T13:35:11.299+0500: [Full GC (Allocation Failure) 2021-01-18T13:35:11.299+0500: [Tenured: 174625K->174676K(174784K), 0.0268355 secs] 252878K->190654K(253440K), [Metaspace: 2706K->2706K(1056768K)], 0.0268819 secs] [Times: user=0.03 sys=0.00, real=0.03 secs] 
2021-01-18T13:35:11.338+0500: [Full GC (Allocation Failure) 2021-01-18T13:35:11.338+0500: [Tenured: 174676K->174783K(174784K), 0.0331175 secs] 253268K->195325K(253440K), [Metaspace: 2706K->2706K(1056768K)], 0.0331760 secs] [Times: user=0.03 sys=0.00, real=0.04 secs] 
2021-01-18T13:35:11.384+0500: [Full GC (Allocation Failure) 2021-01-18T13:35:11.384+0500: [Tenured: 174783K->174783K(174784K), 0.0072615 secs] 253194K->214968K(253440K), [Metaspace: 2706K->2706K(1056768K)], 0.0073160 secs] [Times: user=0.00 sys=0.00, real=0.01 secs] 
2021-01-18T13:35:11.398+0500: [Full GC (Allocation Failure) 2021-01-18T13:35:11.398+0500: [Tenured: 174783K->174336K(174784K), 0.0137541 secs] 253119K->222573K(253440K), [Metaspace: 2706K->2706K(1056768K)], 0.0138070 secs] [Times: user=0.01 sys=0.00, real=0.02 secs] 
2021-01-18T13:35:11.418+0500: [Full GC (Allocation Failure) 2021-01-18T13:35:11.418+0500: [Tenured: 174744K->174731K(174784K), 0.0253820 secs] 253362K->228412K(253440K), [Metaspace: 2706K->2706K(1056768K)], 0.0254509 secs] [Times: user=0.03 sys=0.00, real=0.03 secs] 
2021-01-18T13:35:11.449+0500: [Full GC (Allocation Failure) 2021-01-18T13:35:11.449+0500: [Tenured: 174731K->174396K(174784K), 0.0370962 secs] 253362K->222737K(253440K), [Metaspace: 2706K->2706K(1056768K)], 0.0371451 secs] [Times: user=0.04 sys=0.00, real=0.04 secs] 
2021-01-18T13:35:11.493+0500: [Full GC (Allocation Failure) 2021-01-18T13:35:11.493+0500: [Tenured: 174769K->174769K(174784K), 0.0073177 secs] 253424K->229945K(253440K), [Metaspace: 2706K->2706K(1056768K)], 0.0073674 secs] [Times: user=0.00 sys=0.00, real=0.01 secs] 
2021-01-18T13:35:11.503+0500: [Full GC (Allocation Failure) 2021-01-18T13:35:11.503+0500: [Tenured: 174769K->174769K(174784K), 0.0092663 secs] 252768K->237570K(253440K), [Metaspace: 2706K->2706K(1056768K)], 0.0093141 secs] [Times: user=0.01 sys=0.00, real=0.01 secs] 
2021-01-18T13:35:11.515+0500: [Full GC (Allocation Failure) 2021-01-18T13:35:11.515+0500: [Tenured: 174769K->174601K(174784K), 0.0208688 secs] 253399K->242369K(253440K), [Metaspace: 2706K->2706K(1056768K)], 0.0209166 secs] [Times: user=0.02 sys=0.00, real=0.02 secs] 
2021-01-18T13:35:11.538+0500: [Full GC (Allocation Failure) 2021-01-18T13:35:11.538+0500: [Tenured: 174754K->174715K(174784K), 0.0400723 secs] 253268K->235171K(253440K), [Metaspace: 2706K->2706K(1056768K)], 0.0401195 secs] [Times: user=0.04 sys=0.00, real=0.04 secs] 
2021-01-18T13:35:11.582+0500: [Full GC (Allocation Failure) 2021-01-18T13:35:11.582+0500: [Tenured: 174715K->174715K(174784K), 0.0069972 secs] 253306K->240475K(253440K), [Metaspace: 2706K->2706K(1056768K)], 0.0070482 secs] [Times: user=0.01 sys=0.00, real=0.00 secs] 
2021-01-18T13:35:11.591+0500: [Full GC (Allocation Failure) 2021-01-18T13:35:11.591+0500: [Tenured: 174715K->174715K(174784K), 0.0117934 secs] 253002K->245475K(253440K), [Metaspace: 2706K->2706K(1056768K)], 0.0118402 secs] [Times: user=0.01 sys=0.00, real=0.01 secs] 
2021-01-18T13:35:11.605+0500: [Full GC (Allocation Failure) 2021-01-18T13:35:11.605+0500: [Tenured: 174715K->174715K(174784K), 0.0084106 secs] 253335K->248032K(253440K), [Metaspace: 2706K->2706K(1056768K)], 0.0084595 secs] [Times: user=0.01 sys=0.00, real=0.01 secs] 
2021-01-18T13:35:11.615+0500: [Full GC (Allocation Failure) 2021-01-18T13:35:11.615+0500: [Tenured: 174715K->174539K(174784K), 0.0423419 secs] 253357K->243486K(253440K), [Metaspace: 2706K->2706K(1056768K)], 0.0423923 secs] [Times: user=0.04 sys=0.00, real=0.04 secs] 
2021-01-18T13:35:11.659+0500: [Full GC (Allocation Failure) 2021-01-18T13:35:11.659+0500: [Tenured: 174539K->174539K(174784K), 0.0122153 secs] 253025K->245616K(253440K), [Metaspace: 2706K->2706K(1056768K)], 0.0122600 secs] [Times: user=0.01 sys=0.00, real=0.02 secs] 
2021-01-18T13:35:11.673+0500: [Full GC (Allocation Failure) 2021-01-18T13:35:11.674+0500: [Tenured: 174539K->174539K(174784K), 0.0022426 secs] 252965K->247498K(253440K), [Metaspace: 2706K->2706K(1056768K)], 0.0022860 secs] [Times: user=0.01 sys=0.00, real=0.00 secs] 
2021-01-18T13:35:11.677+0500: [Full GC (Allocation Failure) 2021-01-18T13:35:11.677+0500: [Tenured: 174539K->174539K(174784K), 0.0094725 secs] 253178K->249250K(253440K), [Metaspace: 2706K->2706K(1056768K)], 0.0095122 secs] [Times: user=0.01 sys=0.00, real=0.01 secs] 
2021-01-18T13:35:11.687+0500: [Full GC (Allocation Failure) 2021-01-18T13:35:11.687+0500: [Tenured: 174539K->174687K(174784K), 0.0368510 secs] 252708K->247565K(253440K), [Metaspace: 2706K->2706K(1056768K)], 0.0368957 secs] [Times: user=0.03 sys=0.00, real=0.04 secs] 
2021-01-18T13:35:11.725+0500: [Full GC (Allocation Failure) 2021-01-18T13:35:11.725+0500: [Tenured: 174687K->174687K(174784K), 0.0068847 secs] 253307K->249027K(253440K), [Metaspace: 2706K->2706K(1056768K)], 0.0069264 secs] [Times: user=0.01 sys=0.00, real=0.01 secs] 
2021-01-18T13:35:11.733+0500: [Full GC (Allocation Failure) 2021-01-18T13:35:11.733+0500: [Tenured: 174687K->174687K(174784K), 0.0022687 secs] 253227K->249830K(253440K), [Metaspace: 2706K->2706K(1056768K)], 0.0023062 secs] [Times: user=0.01 sys=0.00, real=0.00 secs] 
2021-01-18T13:35:11.736+0500: [Full GC (Allocation Failure) 2021-01-18T13:35:11.736+0500: [Tenured: 174687K->174687K(174784K), 0.0071085 secs] 253315K->249900K(253440K), [Metaspace: 2706K->2706K(1056768K)], 0.0071528 secs] [Times: user=0.00 sys=0.00, real=0.01 secs] 
2021-01-18T13:35:11.744+0500: [Full GC (Allocation Failure) 2021-01-18T13:35:11.744+0500: [Tenured: 174687K->174416K(174784K), 0.0342733 secs] 253128K->248249K(253440K), [Metaspace: 2706K->2706K(1056768K)], 0.0343189 secs] [Times: user=0.04 sys=0.00, real=0.03 secs] 
2021-01-18T13:35:11.779+0500: [Full GC (Allocation Failure) 2021-01-18T13:35:11.779+0500: [Tenured: 174537K->174537K(174784K), 0.0047082 secs] 253174K->250014K(253440K), [Metaspace: 2706K->2706K(1056768K)], 0.0047498 secs] [Times: user=0.00 sys=0.00, real=0.01 secs] 
2021-01-18T13:35:11.785+0500: [Full GC (Allocation Failure) 2021-01-18T13:35:11.785+0500: [Tenured: 174685K->174685K(174784K), 0.0061392 secs] 253233K->250365K(253440K), [Metaspace: 2706K->2706K(1056768K)], 0.0061771 secs] [Times: user=0.01 sys=0.00, real=0.01 secs] 
2021-01-18T13:35:11.792+0500: [Full GC (Allocation Failure) 2021-01-18T13:35:11.792+0500: [Tenured: 174721K->174721K(174784K), 0.0064683 secs] 253359K->250718K(253440K), [Metaspace: 2706K->2706K(1056768K)], 0.0065095 secs] [Times: user=0.01 sys=0.00, real=0.00 secs] 
2021-01-18T13:35:11.799+0500: [Full GC (Allocation Failure) 2021-01-18T13:35:11.799+0500: [Tenured: 174721K->174780K(174784K), 0.0252302 secs] 252807K->250337K(253440K), [Metaspace: 2706K->2706K(1056768K)], 0.0252764 secs] [Times: user=0.02 sys=0.00, real=0.03 secs] 
2021-01-18T13:35:11.825+0500: [Full GC (Allocation Failure) 2021-01-18T13:35:11.825+0500: [Tenured: 174780K->174780K(174784K), 0.0022985 secs] 253421K->252271K(253440K), [Metaspace: 2706K->2706K(1056768K)], 0.0023364 secs] [Times: user=0.01 sys=0.00, real=0.00 secs] 
2021-01-18T13:35:11.827+0500: [Full GC (Allocation Failure) 2021-01-18T13:35:11.827+0500: [Tenured: 174780K->174780K(174784K), 0.0018194 secs] 253192K->252415K(253440K), [Metaspace: 2706K->2706K(1056768K)], 0.0018511 secs] [Times: user=0.00 sys=0.00, real=0.00 secs] 
2021-01-18T13:35:11.829+0500: [Full GC (Allocation Failure) 2021-01-18T13:35:11.829+0500: [Tenured: 174780K->174780K(174784K), 0.0017157 secs] 253282K->252551K(253440K), [Metaspace: 2706K->2706K(1056768K)], 0.0017452 secs] [Times: user=0.00 sys=0.00, real=0.01 secs] 
2021-01-18T13:35:11.831+0500: [Full GC (Allocation Failure) 2021-01-18T13:35:11.831+0500: [Tenured: 174780K->174354K(174784K), 0.0277765 secs] 253012K->252031K(253440K), [Metaspace: 2706K->2706K(1056768K)], 0.0278328 secs] [Times: user=0.03 sys=0.00, real=0.02 secs] 
2021-01-18T13:35:11.860+0500: [Full GC (Allocation Failure) 2021-01-18T13:35:11.860+0500: [Tenured: 174686K->174686K(174784K), 0.0027882 secs] 253231K->253159K(253440K), [Metaspace: 2706K->2706K(1056768K)], 0.0028595 secs] [Times: user=0.00 sys=0.00, real=0.00 secs] 
2021-01-18T13:35:11.862+0500: [Full GC (Allocation Failure) 2021-01-18T13:35:11.862+0500: [Tenured: 174686K->174777K(174784K), 0.0319966 secs] 253159K->252056K(253440K), [Metaspace: 2706K->2706K(1056768K)], 0.0320364 secs] [Times: user=0.03 sys=0.00, real=0.03 secs] 
2021-01-18T13:35:11.895+0500: [Full GC (Allocation Failure) 2021-01-18T13:35:11.895+0500: [Tenured: 174777K->174777K(174784K), 0.0085990 secs] 253401K->252041K(253440K), [Metaspace: 2706K->2706K(1056768K)], 0.0086427 secs] [Times: user=0.01 sys=0.00, real=0.01 secs] 
2021-01-18T13:35:11.904+0500: [Full GC (Allocation Failure) 2021-01-18T13:35:11.904+0500: [Tenured: 174777K->174676K(174784K), 0.0239131 secs] 253427K->252454K(253440K), [Metaspace: 2706K->2706K(1056768K)], 0.0239573 secs] [Times: user=0.02 sys=0.01, real=0.02 secs] 
2021-01-18T13:35:11.928+0500: [Full GC (Allocation Failure) 2021-01-18T13:35:11.928+0500: [Tenured: 174676K->174676K(174784K), 0.0103133 secs] 253242K->252482K(253440K), [Metaspace: 2706K->2706K(1056768K)], 0.0103622 secs] [Times: user=0.01 sys=0.00, real=0.01 secs] 
2021-01-18T13:35:11.939+0500: [Full GC (Allocation Failure) 2021-01-18T13:35:11.939+0500: [Tenured: 174676K->174676K(174784K), 0.0021650 secs] 253031K->252338K(253440K), [Metaspace: 2706K->2706K(1056768K)], 0.0022067 secs] [Times: user=0.01 sys=0.00, real=0.01 secs] 
2021-01-18T13:35:11.941+0500: [Full GC (Allocation Failure) 2021-01-18T13:35:11.941+0500: [Tenured: 174676K->174676K(174784K), 0.0017379 secs] 252978K->252638K(253440K), [Metaspace: 2706K->2706K(1056768K)], 0.0017714 secs] [Times: user=0.00 sys=0.00, real=0.00 secs] 
2021-01-18T13:35:11.943+0500: [Full GC (Allocation Failure) 2021-01-18T13:35:11.943+0500: [Tenured: 174676K->174656K(174784K), 0.0160370 secs] 252638K->252618K(253440K), [Metaspace: 2706K->2706K(1056768K)], 0.0160696 secs] [Times: user=0.01 sys=0.00, real=0.01 secs] 
Exception in thread "main" java.lang.OutOfMemoryError: Java heap space
	at GCLogAnalysis.generateGarbage(GCLogAnalysis.java:48)
	at GCLogAnalysis.main(GCLogAnalysis.java:25)
Heap
 def new generation   total 78656K, used 78194K [0x00000007b0000000, 0x00000007b5550000, 0x00000007b5550000)
  eden space 69952K, 100% used [0x00000007b0000000, 0x00000007b4450000, 0x00000007b4450000)
  from space 8704K,  94% used [0x00000007b4cd0000, 0x00000007b54dc9a0, 0x00000007b5550000)
  to   space 8704K,   0% used [0x00000007b4450000, 0x00000007b4450000, 0x00000007b4cd0000)
 tenured generation   total 174784K, used 174656K [0x00000007b5550000, 0x00000007c0000000, 0x00000007c0000000)
   the space 174784K,  99% used [0x00000007b5550000, 0x00000007bffe0158, 0x00000007bffe0200, 0x00000007c0000000)
 Metaspace       used 2737K, capacity 4486K, committed 4864K, reserved 1056768K
  class space    used 298K, capacity 386K, committed 512K, reserved 1048576K




1.2 512m

$ java -Xmx512m -XX:+UseSerialGC GCLogAnalysis
正在执行...
执行结束!共生成对象次数:8967

$ java -Xmx512m -XX:+UseSerialGC -XX:+PrintGC GCLogAnalysis
正在执行...
[GC (Allocation Failure)  69799K->24907K(253440K), 0.0164385 secs]
[GC (Allocation Failure)  94859K->47711K(253440K), 0.0200590 secs]
[GC (Allocation Failure)  117648K->67183K(253440K), 0.0119749 secs]
[GC (Allocation Failure)  137135K->87923K(253440K), 0.0151420 secs]
[GC (Allocation Failure)  157875K->114906K(253440K), 0.0162765 secs]
[GC (Allocation Failure)  184858K->140062K(253440K), 0.0156398 secs]
[GC (Allocation Failure)  209949K->162977K(253440K), 0.0167354 secs]
[GC (Allocation Failure)  232929K->188483K(258460K), 0.0173416 secs]
[Full GC (Allocation Failure)  188483K->168809K(258460K), 0.0237275 secs]
[GC (Allocation Failure)  281313K->204056K(408072K), 0.0175899 secs]
[GC (Allocation Failure)  316760K->240249K(408072K), 0.0304692 secs]
[GC (Allocation Failure)  352953K->279321K(408072K), 0.0263162 secs]
[GC (Allocation Failure)  392025K->315942K(428708K), 0.0270446 secs]
[Full GC (Allocation Failure)  315942K->251622K(428708K), 0.0371593 secs]
[GC (Allocation Failure)  391398K->297577K(506816K), 0.0145208 secs]
[GC (Allocation Failure)  437002K->344549K(506816K), 0.0270183 secs]
[Full GC (Allocation Failure)  484325K->302982K(506816K), 0.0428696 secs]
[GC (Allocation Failure)  442758K->347325K(506816K), 0.0080291 secs]
[Full GC (Allocation Failure)  487101K->306122K(506816K), 0.0478721 secs]
[GC (Allocation Failure)  445898K->347378K(506816K), 0.0069672 secs]
[Full GC (Allocation Failure)  487154K->331611K(506816K), 0.0415026 secs]
[Full GC (Allocation Failure)  471387K->335338K(506816K), 0.0446472 secs]
[Full GC (Allocation Failure)  475114K->346367K(506816K), 0.0526400 secs]
[Full GC (Allocation Failure)  486143K->332462K(506816K), 0.0532841 secs]
执行结束!共生成对象次数:9095

$ java -Xmx512m -XX:+UseSerialGC -XX:+PrintGCDetails GCLogAnalysis
正在执行...
[GC (Allocation Failure) [DefNew: 69490K->8703K(78656K), 0.0140628 secs] 69490K->22685K(253440K), 0.0140954 secs] [Times: user=0.01 sys=0.01, real=0.01 secs] 
[GC (Allocation Failure) [DefNew: 78655K->8702K(78656K), 0.0211525 secs] 92637K->47479K(253440K), 0.0211808 secs] [Times: user=0.01 sys=0.01, real=0.02 secs] 
[GC (Allocation Failure) [DefNew: 78325K->8703K(78656K), 0.0162134 secs] 117102K->72613K(253440K), 0.0162396 secs] [Times: user=0.01 sys=0.00, real=0.02 secs] 
[GC (Allocation Failure) [DefNew: 78655K->8698K(78656K), 0.0147169 secs] 142565K->94489K(253440K), 0.0147521 secs] [Times: user=0.01 sys=0.01, real=0.01 secs] 
[GC (Allocation Failure) [DefNew: 78527K->8703K(78656K), 0.0158085 secs] 164319K->117425K(253440K), 0.0158436 secs] [Times: user=0.01 sys=0.01, real=0.02 secs] 
[GC (Allocation Failure) [DefNew: 78583K->8697K(78656K), 0.0136680 secs] 187306K->138670K(253440K), 0.0136983 secs] [Times: user=0.01 sys=0.00, real=0.02 secs] 
[GC (Allocation Failure) [DefNew: 78649K->8700K(78656K), 0.0191441 secs] 208622K->165182K(253440K), 0.0191725 secs] [Times: user=0.01 sys=0.01, real=0.02 secs] 
[GC (Allocation Failure) [DefNew: 78652K->8704K(78656K), 0.0166275 secs][Tenured: 182563K->170389K(182692K), 0.0280141 secs] 235134K->170389K(261348K), [Metaspace: 2706K->2706K(1056768K)], 0.0449506 secs] [Times: user=0.04 sys=0.01, real=0.05 secs] 
[GC (Allocation Failure) [DefNew: 113728K->14141K(127872K), 0.0182457 secs] 284117K->206902K(411856K), 0.0182759 secs] [Times: user=0.01 sys=0.01, real=0.02 secs] 
[GC (Allocation Failure) [DefNew: 127869K->14143K(127872K), 0.0317382 secs] 320630K->245536K(411856K), 0.0317938 secs] [Times: user=0.02 sys=0.01, real=0.03 secs] 
[GC (Allocation Failure) [DefNew: 127853K->14141K(127872K), 0.0231579 secs] 359246K->280020K(411856K), 0.0231842 secs] [Times: user=0.01 sys=0.01, real=0.02 secs] 
[GC (Allocation Failure) [DefNew: 127869K->14143K(127872K), 0.0201883 secs][Tenured: 295662K->241431K(295848K), 0.0396936 secs] 393748K->241431K(423720K), [Metaspace: 2706K->2706K(1056768K)], 0.0600723 secs] [Times: user=0.05 sys=0.01, real=0.06 secs] 
[GC (Allocation Failure) [DefNew: 139776K->17471K(157248K), 0.0164450 secs] 381207K->284720K(506816K), 0.0164826 secs] [Times: user=0.01 sys=0.01, real=0.02 secs] 
[GC (Allocation Failure) [DefNew: 157182K->17471K(157248K), 0.0264823 secs] 424432K->332035K(506816K), 0.0265260 secs] [Times: user=0.02 sys=0.01, real=0.03 secs] 
[GC (Allocation Failure) [DefNew: 157247K->157247K(157248K), 0.0000127 secs][Tenured: 314563K->291731K(349568K), 0.0411120 secs] 471811K->291731K(506816K), [Metaspace: 2706K->2706K(1056768K)], 0.0411728 secs] [Times: user=0.04 sys=0.00, real=0.04 secs] 
[GC (Allocation Failure) [DefNew: 139721K->17471K(157248K), 0.0119597 secs] 431453K->341055K(506816K), 0.0119905 secs] [Times: user=0.01 sys=0.00, real=0.01 secs] 
[GC (Allocation Failure) [DefNew: 157247K->157247K(157248K), 0.0000138 secs][Tenured: 323583K->302146K(349568K), 0.0503781 secs] 480831K->302146K(506816K), [Metaspace: 2706K->2706K(1056768K)], 0.0504481 secs] [Times: user=0.05 sys=0.00, real=0.05 secs] 
[GC (Allocation Failure) [DefNew: 139776K->17471K(157248K), 0.0112344 secs] 441922K->348283K(506816K), 0.0112680 secs] [Times: user=0.00 sys=0.00, real=0.01 secs] 
[GC (Allocation Failure) [DefNew: 157221K->157221K(157248K), 0.0000215 secs][Tenured: 330812K->333627K(349568K), 0.0438244 secs] 488034K->333627K(506816K), [Metaspace: 2706K->2706K(1056768K)], 0.0439027 secs] [Times: user=0.05 sys=0.01, real=0.05 secs] 
[GC (Allocation Failure) [DefNew: 139776K->139776K(157248K), 0.0000146 secs][Tenured: 333627K->335802K(349568K), 0.0460214 secs] 473403K->335802K(506816K), [Metaspace: 2706K->2706K(1056768K)], 0.0460788 secs] [Times: user=0.04 sys=0.00, real=0.04 secs] 
[GC (Allocation Failure) [DefNew: 139776K->139776K(157248K), 0.0000140 secs][Tenured: 335802K->342441K(349568K), 0.0508857 secs] 475578K->342441K(506816K), [Metaspace: 2706K->2706K(1056768K)], 0.0509429 secs] [Times: user=0.04 sys=0.00, real=0.05 secs] 
执行结束!共生成对象次数:8577
Heap
 def new generation   total 157248K, used 5714K [0x00000007a0000000, 0x00000007aaaa0000, 0x00000007aaaa0000)
  eden space 139776K,   4% used [0x00000007a0000000, 0x00000007a0594b50, 0x00000007a8880000)
  from space 17472K,   0% used [0x00000007a8880000, 0x00000007a8880000, 0x00000007a9990000)
  to   space 17472K,   0% used [0x00000007a9990000, 0x00000007a9990000, 0x00000007aaaa0000)
 tenured generation   total 349568K, used 342441K [0x00000007aaaa0000, 0x00000007c0000000, 0x00000007c0000000)
   the space 349568K,  97% used [0x00000007aaaa0000, 0x00000007bf90a600, 0x00000007bf90a600, 0x00000007c0000000)
 Metaspace       used 2712K, capacity 4486K, committed 4864K, reserved 1056768K
  class space    used 295K, capacity 386K, committed 512K, reserved 1048576K



1.3 1g

$ java -Xmx1g -XX:+UseSerialGC GCLogAnalysis
正在执行...
执行结束!共生成对象次数:9420

$ java -Xmx1g -XX:+UseSerialGC -XX:+PrintGC GCLogAnalysis
正在执行...
[GC (Allocation Failure)  69770K->27433K(253440K), 0.0179594 secs]
[GC (Allocation Failure)  97265K->51240K(253440K), 0.0217215 secs]
[GC (Allocation Failure)  121192K->72858K(253440K), 0.0144409 secs]
[GC (Allocation Failure)  142796K->93222K(253440K), 0.0145473 secs]
[GC (Allocation Failure)  163037K->116127K(253440K), 0.0148332 secs]
[GC (Allocation Failure)  185749K->138053K(253440K), 0.0147285 secs]
[GC (Allocation Failure)  208005K->162274K(253440K), 0.0166639 secs]
[GC (Allocation Failure)  232226K->184069K(254208K), 0.0145463 secs]
[Full GC (Allocation Failure)  184069K->164273K(254208K), 0.0265792 secs]
[GC (Allocation Failure)  273841K->201100K(397056K), 0.0187257 secs]
[GC (Allocation Failure)  310668K->236355K(397056K), 0.0297115 secs]
[GC (Allocation Failure)  345923K->275104K(397056K), 0.0252705 secs]
[GC (Allocation Failure)  384672K->303204K(412948K), 0.0180677 secs]
[Full GC (Allocation Failure)  303204K->237562K(412948K), 0.0379967 secs]
[GC (Allocation Failure)  395947K->290076K(574180K), 0.0186256 secs]
[GC (Allocation Failure)  448540K->342956K(574180K), 0.0413032 secs]
[GC (Allocation Failure)  501420K->392892K(574180K), 0.0338138 secs]
[GC (Allocation Failure)  551356K->438461K(597044K), 0.0304885 secs]
[Full GC (Allocation Failure)  438461K->310702K(597044K), 0.0494335 secs]
[GC (Allocation Failure)  517934K->379425K(750928K), 0.0223757 secs]
[GC (Allocation Failure)  586657K->448128K(750928K), 0.0264296 secs]
[GC (Allocation Failure)  655341K->511785K(750928K), 0.0428442 secs]
[GC (Allocation Failure)  719017K->571075K(778384K), 0.0404856 secs]
[Full GC (Allocation Failure)  571075K->336864K(778384K), 0.0583102 secs]
执行结束!共生成对象次数:9195

$ java -Xmx1g -XX:+UseSerialGC -XX:+PrintGCDetails GCLogAnalysis
正在执行...
[GC (Allocation Failure) [DefNew: 69952K->8703K(78656K), 0.0132416 secs] 69952K->22612K(253440K), 0.0132746 secs] [Times: user=0.01 sys=0.01, real=0.02 secs] 
[GC (Allocation Failure) [DefNew: 78559K->8701K(78656K), 0.0234480 secs] 92468K->49267K(253440K), 0.0234749 secs] [Times: user=0.01 sys=0.01, real=0.03 secs] 
[GC (Allocation Failure) [DefNew: 78375K->8701K(78656K), 0.0171689 secs] 118942K->75067K(253440K), 0.0171963 secs] [Times: user=0.01 sys=0.01, real=0.01 secs] 
[GC (Allocation Failure) [DefNew: 78653K->8698K(78656K), 0.0146092 secs] 145019K->97120K(253440K), 0.0146373 secs] [Times: user=0.01 sys=0.00, real=0.01 secs] 
[GC (Allocation Failure) [DefNew: 78650K->8701K(78656K), 0.0149388 secs] 167072K->119439K(253440K), 0.0149734 secs] [Times: user=0.00 sys=0.01, real=0.02 secs] 
[GC (Allocation Failure) [DefNew: 78653K->8699K(78656K), 0.0140624 secs] 189391K->140340K(253440K), 0.0140900 secs] [Times: user=0.01 sys=0.01, real=0.02 secs] 
[GC (Allocation Failure) [DefNew: 78651K->8699K(78656K), 0.0140590 secs] 210292K->160303K(253440K), 0.0140975 secs] [Times: user=0.01 sys=0.00, real=0.01 secs] 
[GC (Allocation Failure) [DefNew: 78651K->8704K(78656K), 0.0180480 secs][Tenured: 180129K->161484K(180192K), 0.0251892 secs] 230255K->161484K(258848K), [Metaspace: 2706K->2706K(1056768K)], 0.0434758 secs] [Times: user=0.03 sys=0.01, real=0.05 secs] 
[GC (Allocation Failure) [DefNew: 107712K->13439K(121152K), 0.0134395 secs] 269196K->197124K(390296K), 0.0134684 secs] [Times: user=0.01 sys=0.00, real=0.02 secs] 
[GC (Allocation Failure) [DefNew: 120679K->13434K(121152K), 0.0293279 secs] 304364K->231759K(390296K), 0.0293563 secs] [Times: user=0.02 sys=0.01, real=0.03 secs] 
[GC (Allocation Failure) [DefNew: 121146K->13438K(121152K), 0.0255609 secs] 339471K->268593K(390296K), 0.0255910 secs] [Times: user=0.01 sys=0.02, real=0.02 secs] 
[GC (Allocation Failure) [DefNew: 121147K->13438K(121152K), 0.0252019 secs][Tenured: 294657K->242332K(294664K), 0.0361152 secs] 376302K->242332K(415816K), [Metaspace: 2706K->2706K(1056768K)], 0.0616918 secs] [Times: user=0.05 sys=0.01, real=0.06 secs] 
[GC (Allocation Failure) [DefNew: 161664K->20159K(181824K), 0.0160581 secs] 403996K->299704K(585716K), 0.0160849 secs] [Times: user=0.01 sys=0.01, real=0.01 secs] 
[GC (Allocation Failure) [DefNew: 181823K->20159K(181824K), 0.0393813 secs] 461368K->354349K(585716K), 0.0394104 secs] [Times: user=0.02 sys=0.02, real=0.04 secs] 
[GC (Allocation Failure) [DefNew: 181823K->20156K(181824K), 0.0355457 secs] 516013K->405854K(585716K), 0.0355737 secs] [Times: user=0.02 sys=0.01, real=0.03 secs] 
[GC (Allocation Failure) [DefNew: 181820K->20159K(181824K), 0.0369439 secs][Tenured: 442239K->320374K(442356K), 0.0505177 secs] 567518K->320374K(624180K), [Metaspace: 2706K->2706K(1056768K)], 0.0878421 secs] [Times: user=0.07 sys=0.02, real=0.09 secs] 
[GC (Allocation Failure) [DefNew: 213632K->26687K(240320K), 0.0228440 secs] 534006K->397498K(774280K), 0.0228741 secs] [Times: user=0.02 sys=0.01, real=0.02 secs] 
[GC (Allocation Failure) [DefNew: 240319K->26687K(240320K), 0.0247530 secs] 611130K->457109K(774280K), 0.0247811 secs] [Times: user=0.02 sys=0.01, real=0.02 secs] 
[GC (Allocation Failure) [DefNew: 240319K->26687K(240320K), 0.0443632 secs] 670741K->529849K(774280K), 0.0443928 secs] [Times: user=0.03 sys=0.02, real=0.05 secs] 
执行结束!共生成对象次数:8659
Heap
 def new generation   total 240320K, used 60461K [0x0000000780000000, 0x00000007904c0000, 0x0000000795550000)
  eden space 213632K,  15% used [0x0000000780000000, 0x00000007820fb820, 0x000000078d0a0000)
  from space 26688K,  99% used [0x000000078eab0000, 0x00000007904bfda0, 0x00000007904c0000)
  to   space 26688K,   0% used [0x000000078d0a0000, 0x000000078d0a0000, 0x000000078eab0000)
 tenured generation   total 533960K, used 503162K [0x0000000795550000, 0x00000007b5ec2000, 0x00000007c0000000)
   the space 533960K,  94% used [0x0000000795550000, 0x00000007b40ae9b8, 0x00000007b40aea00, 0x00000007b5ec2000)
 Metaspace       used 2712K, capacity 4486K, committed 4864K, reserved 1056768K
  class space    used 295K, capacity 386K, committed 512K, reserved 1048576K



1.4 2g

$ java -Xmx2g -XX:+UseSerialGC GCLogAnalysis
正在执行...
执行结束!共生成对象次数:9513


$ java -Xmx2g -XX:+UseSerialGC -XX:+PrintGC GCLogAnalysis
正在执行...
[GC (Allocation Failure)  69952K->26597K(253440K), 0.0160611 secs]
[GC (Allocation Failure)  96403K->48346K(253440K), 0.0202771 secs]
[GC (Allocation Failure)  118298K->72944K(253440K), 0.0155094 secs]
[GC (Allocation Failure)  142789K->98545K(253440K), 0.0156805 secs]
[GC (Allocation Failure)  168236K->119624K(253440K), 0.0146133 secs]
[GC (Allocation Failure)  189576K->143757K(253440K), 0.0149848 secs]
[GC (Allocation Failure)  213552K->171037K(253440K), 0.0182996 secs]
[GC (Allocation Failure)  240989K->195504K(265536K), 0.0161016 secs]
[Full GC (Allocation Failure)  195504K->173762K(265536K), 0.0274878 secs]
[GC (Allocation Failure)  289666K->213534K(419972K), 0.0194915 secs]
[GC (Allocation Failure)  329135K->248339K(419972K), 0.0294567 secs]
[GC (Allocation Failure)  364065K->284004K(419972K), 0.0231018 secs]
[GC (Allocation Failure)  399908K->323209K(439280K), 0.0251440 secs]
[Full GC (Allocation Failure)  323209K->252011K(439280K), 0.0395920 secs]
[GC (Allocation Failure)  420075K->310355K(609076K), 0.0211191 secs]
[GC (Allocation Failure)  478419K->353931K(609076K), 0.0314715 secs]
[GC (Allocation Failure)  521966K->406015K(609076K), 0.0359635 secs]
[GC (Allocation Failure)  574079K->458225K(626376K), 0.0344888 secs]
[Full GC (Allocation Failure)  458225K->313203K(626376K), 0.0502975 secs]
[GC (Allocation Failure)  522163K->387922K(757016K), 0.0227371 secs]
[GC (Allocation Failure)  596882K->449528K(757016K), 0.0267036 secs]
[GC (Allocation Failure)  658488K->517676K(757016K), 0.0390744 secs]
执行结束!共生成对象次数:9529



$ java -Xmx2g -XX:+UseSerialGC -XX:+PrintGCDetails GCLogAnalysis
正在执行...
[GC (Allocation Failure) [DefNew: 69677K->8704K(78656K), 0.0144782 secs] 69677K->22682K(253440K), 0.0145293 secs] [Times: user=0.01 sys=0.00, real=0.01 secs] 
[GC (Allocation Failure) [DefNew: 77935K->8698K(78656K), 0.0189301 secs] 91913K->44085K(253440K), 0.0189576 secs] [Times: user=0.01 sys=0.01, real=0.02 secs] 
[GC (Allocation Failure) [DefNew: 78505K->8702K(78656K), 0.0158679 secs] 113893K->69601K(253440K), 0.0158998 secs] [Times: user=0.01 sys=0.01, real=0.02 secs] 
[GC (Allocation Failure) [DefNew: 78654K->8701K(78656K), 0.0134849 secs] 139553K->90053K(253440K), 0.0135201 secs] [Times: user=0.01 sys=0.00, real=0.02 secs] 
[GC (Allocation Failure) [DefNew: 78653K->8699K(78656K), 0.0149281 secs] 160005K->115311K(253440K), 0.0149606 secs] [Times: user=0.01 sys=0.01, real=0.01 secs] 
[GC (Allocation Failure) [DefNew: 78643K->8699K(78656K), 0.0125034 secs] 185254K->135503K(253440K), 0.0125311 secs] [Times: user=0.01 sys=0.01, real=0.01 secs] 
[GC (Allocation Failure) [DefNew: 78137K->8697K(78656K), 0.0155587 secs] 204941K->158854K(253440K), 0.0155881 secs] [Times: user=0.01 sys=0.00, real=0.02 secs] 
[GC (Allocation Failure) [DefNew: 78649K->8700K(78656K), 0.0156418 secs][Tenured: 175622K->156976K(175744K), 0.0246783 secs] 228806K->156976K(254400K), [Metaspace: 2706K->2706K(1056768K)], 0.0405487 secs] [Times: user=0.03 sys=0.01, real=0.04 secs] 
[GC (Allocation Failure) [DefNew: 104768K->13051K(117824K), 0.0129255 secs] 261744K->190463K(379452K), 0.0129577 secs] [Times: user=0.01 sys=0.01, real=0.02 secs] 
[GC (Allocation Failure) [DefNew: 117786K->13056K(117824K), 0.0296670 secs] 295198K->223839K(379452K), 0.0296957 secs] [Times: user=0.02 sys=0.01, real=0.03 secs] 
[GC (Allocation Failure) [DefNew: 117824K->13055K(117824K), 0.0196872 secs] 328607K->253308K(379452K), 0.0197178 secs] [Times: user=0.01 sys=0.01, real=0.02 secs] 
[GC (Allocation Failure) [DefNew: 117823K->13055K(117824K), 0.0238851 secs][Tenured: 276649K->236995K(276736K), 0.0356171 secs] 358076K->236995K(394560K), [Metaspace: 2706K->2706K(1056768K)], 0.0597950 secs] [Times: user=0.05 sys=0.01, real=0.06 secs] 
[GC (Allocation Failure) [DefNew: 157953K->19710K(177792K), 0.0169863 secs] 394949K->285831K(572788K), 0.0170148 secs] [Times: user=0.02 sys=0.01, real=0.01 secs] 
[GC (Allocation Failure) [DefNew: 177790K->19711K(177792K), 0.0376837 secs] 443911K->333328K(572788K), 0.0377288 secs] [Times: user=0.02 sys=0.01, real=0.04 secs] 
[GC (Allocation Failure) [DefNew: 177791K->19711K(177792K), 0.0345948 secs] 491408K->387740K(572788K), 0.0346261 secs] [Times: user=0.02 sys=0.02, real=0.04 secs] 
[GC (Allocation Failure) [DefNew: 177791K->19711K(177792K), 0.0313250 secs][Tenured: 415125K->303017K(415252K), 0.0478740 secs] 545820K->303017K(593044K), [Metaspace: 2706K->2706K(1056768K)], 0.0796467 secs] [Times: user=0.06 sys=0.01, real=0.08 secs] 
[GC (Allocation Failure) [DefNew: 202112K->25214K(227328K), 0.0230516 secs] 505129K->374657K(732360K), 0.0230802 secs] [Times: user=0.02 sys=0.01, real=0.02 secs] 
[GC (Allocation Failure) [DefNew: 227326K->25214K(227328K), 0.0283519 secs] 576769K->431423K(732360K), 0.0283843 secs] [Times: user=0.02 sys=0.01, real=0.03 secs] 
[GC (Allocation Failure) [DefNew: 227326K->25213K(227328K), 0.0396139 secs] 633535K->493167K(732360K), 0.0396501 secs] [Times: user=0.03 sys=0.01, real=0.04 secs] 
[GC (Allocation Failure) [DefNew: 227325K->25215K(227328K), 0.0378597 secs][Tenured: 525653K->325241K(525676K), 0.0516964 secs] 695279K->325241K(753004K), [Metaspace: 2706K->2706K(1056768K)], 0.0896913 secs] [Times: user=0.08 sys=0.02, real=0.09 secs] 
执行结束!共生成对象次数:9267
Heap
 def new generation   total 244032K, used 8797K [0x0000000740000000, 0x00000007508c0000, 0x000000076aaa0000)
  eden space 216960K,   4% used [0x0000000740000000, 0x0000000740897708, 0x000000074d3e0000)
  from space 27072K,   0% used [0x000000074d3e0000, 0x000000074d3e0000, 0x000000074ee50000)
  to   space 27072K,   0% used [0x000000074ee50000, 0x000000074ee50000, 0x00000007508c0000)
 tenured generation   total 542072K, used 325241K [0x000000076aaa0000, 0x000000078bbfe000, 0x00000007c0000000)
   the space 542072K,  59% used [0x000000076aaa0000, 0x000000077e83e5f8, 0x000000077e83e600, 0x000000078bbfe000)
 Metaspace       used 2712K, capacity 4486K, committed 4864K, reserved 1056768K
  class space    used 295K, capacity 386K, committed 512K, reserved 1048576K



1.5 4g

$ java -Xmx4g -XX:+UseSerialGC GCLogAnalysis
正在执行...
执行结束!共生成对象次数:9759


$ java -Xmx4g -XX:+UseSerialGC -XX:+PrintGC GCLogAnalysis
正在执行...
[GC (Allocation Failure)  69792K->19793K(253440K), 0.0123975 secs]
[GC (Allocation Failure)  89715K->44657K(253440K), 0.0213664 secs]
[GC (Allocation Failure)  114157K->74961K(253440K), 0.0195008 secs]
[GC (Allocation Failure)  144913K->98474K(253440K), 0.0152488 secs]
[GC (Allocation Failure)  168173K->123162K(253440K), 0.0154677 secs]
[GC (Allocation Failure)  193114K->147744K(253440K), 0.0150801 secs]
[GC (Allocation Failure)  217696K->171852K(253440K), 0.0163567 secs]
[GC (Allocation Failure)  241804K->196165K(266152K), 0.0157824 secs]
[Full GC (Allocation Failure)  196165K->166087K(266152K), 0.0327561 secs]
[GC (Allocation Failure)  276594K->204616K(401424K), 0.0168376 secs]
[GC (Allocation Failure)  315400K->242518K(401424K), 0.0324874 secs]
[GC (Allocation Failure)  353302K->283935K(401424K), 0.0279001 secs]
[GC (Allocation Failure)  394719K->316685K(427608K), 0.0227551 secs]
[Full GC (Allocation Failure)  316685K->251678K(427608K), 0.0386338 secs]
[GC (Allocation Failure)  419614K->306771K(608332K), 0.0172097 secs]
[GC (Allocation Failure)  474707K->359954K(608332K), 0.0365003 secs]
[GC (Allocation Failure)  527890K->410303K(608332K), 0.0314859 secs]
[GC (Allocation Failure)  578239K->458764K(626720K), 0.0311703 secs]
[Full GC (Allocation Failure)  458764K->324013K(626720K), 0.0522077 secs]
[GC (Allocation Failure)  540077K->400912K(783096K), 0.0243088 secs]
[GC (Allocation Failure)  616976K->472246K(783096K), 0.0318496 secs]
[GC (Allocation Failure)  688310K->536135K(783096K), 0.0433643 secs]
执行结束!共生成对象次数:9067


$ java -Xmx4g -XX:+UseSerialGC -XX:+PrintGCDetails GCLogAnalysis
正在执行...
[GC (Allocation Failure) [DefNew: 69924K->8703K(78656K), 0.0173376 secs] 69924K->27085K(253440K), 0.0173683 secs] [Times: user=0.01 sys=0.01, real=0.02 secs] 
[GC (Allocation Failure) [DefNew: 78655K->8700K(78656K), 0.0191718 secs] 97037K->48456K(253440K), 0.0191997 secs] [Times: user=0.01 sys=0.01, real=0.02 secs] 
[GC (Allocation Failure) [DefNew: 78652K->8703K(78656K), 0.0158421 secs] 118408K->73061K(253440K), 0.0159012 secs] [Times: user=0.00 sys=0.00, real=0.02 secs] 
[GC (Allocation Failure) [DefNew: 78655K->8703K(78656K), 0.0150201 secs] 143013K->95131K(253440K), 0.0150571 secs] [Times: user=0.01 sys=0.01, real=0.01 secs] 
[GC (Allocation Failure) [DefNew: 78430K->8703K(78656K), 0.0121739 secs] 164859K->113349K(253440K), 0.0122015 secs] [Times: user=0.00 sys=0.01, real=0.01 secs] 
[GC (Allocation Failure) [DefNew: 78655K->8703K(78656K), 0.0175345 secs] 183301K->136743K(253440K), 0.0175661 secs] [Times: user=0.01 sys=0.00, real=0.02 secs] 
[GC (Allocation Failure) [DefNew: 78655K->8702K(78656K), 0.0184570 secs] 206695K->164093K(253440K), 0.0184907 secs] [Times: user=0.01 sys=0.01, real=0.02 secs] 
[GC (Allocation Failure) [DefNew: 78654K->8700K(78656K), 0.0138557 secs][Tenured: 177039K->164269K(177096K), 0.0260290 secs] 234045K->164269K(255752K), [Metaspace: 2706K->2706K(1056768K)], 0.0401961 secs] [Times: user=0.03 sys=0.01, real=0.04 secs] 
[GC (Allocation Failure) [DefNew: 109568K->13695K(123264K), 0.0216353 secs] 273837K->207563K(397048K), 0.0216638 secs] [Times: user=0.02 sys=0.01, real=0.02 secs] 
[GC (Allocation Failure) [DefNew: 123263K->13695K(123264K), 0.0292940 secs] 317131K->241276K(397048K), 0.0293331 secs] [Times: user=0.02 sys=0.02, real=0.02 secs] 
[GC (Allocation Failure) [DefNew: 123263K->13695K(123264K), 0.0274144 secs] 350844K->284891K(397048K), 0.0274412 secs] [Times: user=0.02 sys=0.01, real=0.03 secs] 
[GC (Allocation Failure) [DefNew: 123263K->13692K(123264K), 0.0294241 secs][Tenured: 307552K->252958K(307576K), 0.0387799 secs] 394459K->252958K(430840K), [Metaspace: 2706K->2706K(1056768K)], 0.0685976 secs] [Times: user=0.05 sys=0.01, real=0.06 secs] 
[GC (Allocation Failure) [DefNew: 168704K->21054K(189760K), 0.0190302 secs] 421662K->306796K(611360K), 0.0190590 secs] [Times: user=0.01 sys=0.01, real=0.02 secs] 
[GC (Allocation Failure) [DefNew: 189611K->21054K(189760K), 0.0317468 secs] 475353K->355899K(611360K), 0.0317751 secs] [Times: user=0.02 sys=0.01, real=0.03 secs] 
[GC (Allocation Failure) [DefNew: 189758K->21055K(189760K), 0.0341279 secs] 524603K->408411K(611360K), 0.0341554 secs] [Times: user=0.02 sys=0.02, real=0.04 secs] 
[GC (Allocation Failure) [DefNew: 189333K->21055K(189760K), 0.0322582 secs][Tenured: 436857K->320609K(437028K), 0.0545937 secs] 576689K->320609K(626788K), [Metaspace: 2706K->2706K(1056768K)], 0.0871972 secs] [Times: user=0.07 sys=0.01, real=0.09 secs] 
[GC (Allocation Failure) [DefNew: 213824K->26687K(240512K), 0.0235256 secs] 534433K->392708K(774864K), 0.0235543 secs] [Times: user=0.02 sys=0.01, real=0.02 secs] 
[GC (Allocation Failure) [DefNew: 239794K->26687K(240512K), 0.0277559 secs] 605815K->458194K(774864K), 0.0277861 secs] [Times: user=0.02 sys=0.01, real=0.02 secs] 
[GC (Allocation Failure) [DefNew: 240511K->26687K(240512K), 0.0466789 secs] 672018K->524044K(774864K), 0.0467291 secs] [Times: user=0.02 sys=0.02, real=0.04 secs] 
执行结束!共生成对象次数:8675
Heap
 def new generation   total 240512K, used 35489K [0x00000006c0000000, 0x00000006d04f0000, 0x0000000715550000)
  eden space 213824K,   4% used [0x00000006c0000000, 0x00000006c08987e0, 0x00000006cd0d0000)
  from space 26688K,  99% used [0x00000006ceae0000, 0x00000006d04eff48, 0x00000006d04f0000)
  to   space 26688K,   0% used [0x00000006cd0d0000, 0x00000006cd0d0000, 0x00000006ceae0000)
 tenured generation   total 534352K, used 497356K [0x0000000715550000, 0x0000000735f24000, 0x00000007c0000000)
   the space 534352K,  93% used [0x0000000715550000, 0x0000000733b033d8, 0x0000000733b03400, 0x0000000735f24000)
 Metaspace       used 2712K, capacity 4486K, committed 4864K, reserved 1056768K
  class space    used 295K, capacity 386K, committed 512K, reserved 1048576K



1.6 8g

$ java -Xmx8g -XX:+UseSerialGC GCLogAnalysis
正在执行...
执行结束!共生成对象次数:9166

$ java -Xmx8g -XX:+UseSerialGC -XX:+PrintGC GCLogAnalysis
正在执行...
[GC (Allocation Failure)  69767K->24187K(253440K), 0.0154884 secs]
[GC (Allocation Failure)  94128K->50672K(253440K), 0.0232985 secs]
[GC (Allocation Failure)  120624K->73938K(253440K), 0.0146446 secs]
[GC (Allocation Failure)  143890K->95387K(253440K), 0.0146813 secs]
[GC (Allocation Failure)  165095K->115166K(253440K), 0.0124930 secs]
[GC (Allocation Failure)  185118K->139904K(253440K), 0.0174962 secs]
[GC (Allocation Failure)  209695K->163594K(253440K), 0.0171656 secs]
[GC (Allocation Failure)  233464K->187110K(257100K), 0.0154829 secs]
[Full GC (Allocation Failure)  187110K->160829K(257100K), 0.0273873 secs]
[GC (Allocation Failure)  268157K->202552K(388756K), 0.0208974 secs]
[GC (Allocation Failure)  309880K->234542K(388756K), 0.0281812 secs]
[GC (Allocation Failure)  341810K->270730K(388756K), 0.0253491 secs]
[GC (Allocation Failure)  378058K->301841K(409344K), 0.0244502 secs]
[Full GC (Allocation Failure)  301841K->235894K(409344K), 0.0415588 secs]
[GC (Allocation Failure)  393206K->291921K(570120K), 0.0201951 secs]
[GC (Allocation Failure)  449233K->339718K(570120K), 0.0346471 secs]
[GC (Allocation Failure)  497030K->388160K(570120K), 0.0343999 secs]
[GC (Allocation Failure)  545472K->437151K(594516K), 0.0329060 secs]
[Full GC (Allocation Failure)  437151K->316084K(594516K), 0.0524598 secs]
[GC (Allocation Failure)  526900K->384733K(763932K), 0.0234946 secs]
[GC (Allocation Failure)  595549K->443794K(763932K), 0.0241065 secs]
[GC (Allocation Failure)  654610K->510486K(763932K), 0.0455544 secs]
执行结束!共生成对象次数:8697


$ java -Xmx8g -XX:+UseSerialGC -XX:+PrintGCDetails GCLogAnalysis
正在执行...
[GC (Allocation Failure) [DefNew: 69776K->8703K(78656K), 0.0150906 secs] 69776K->23941K(253440K), 0.0151415 secs] [Times: user=0.01 sys=0.01, real=0.01 secs] 
[GC (Allocation Failure) [DefNew: 78540K->8696K(78656K), 0.0172237 secs] 93777K->42221K(253440K), 0.0172514 secs] [Times: user=0.00 sys=0.00, real=0.01 secs] 
[GC (Allocation Failure) [DefNew: 78627K->8703K(78656K), 0.0170310 secs] 112152K->65741K(253440K), 0.0170600 secs] [Times: user=0.01 sys=0.01, real=0.02 secs] 
[GC (Allocation Failure) [DefNew: 78655K->8704K(78656K), 0.0172399 secs] 135693K->90626K(253440K), 0.0172875 secs] [Times: user=0.01 sys=0.01, real=0.02 secs] 
[GC (Allocation Failure) [DefNew: 78078K->8702K(78656K), 0.0159682 secs] 160001K->113825K(253440K), 0.0160046 secs] [Times: user=0.01 sys=0.01, real=0.01 secs] 
[GC (Allocation Failure) [DefNew: 78654K->8695K(78656K), 0.0242304 secs] 183777K->139603K(253440K), 0.0242639 secs] [Times: user=0.02 sys=0.00, real=0.02 secs] 
[GC (Allocation Failure) [DefNew: 78620K->8702K(78656K), 0.0190928 secs] 209529K->166221K(253440K), 0.0191255 secs] [Times: user=0.01 sys=0.01, real=0.01 secs] 
[GC (Allocation Failure) [DefNew: 78654K->8701K(78656K), 0.0175001 secs][Tenured: 183052K->167995K(183112K), 0.0242244 secs] 236173K->167995K(261768K), [Metaspace: 2706K->2706K(1056768K)], 0.0419712 secs] [Times: user=0.03 sys=0.01, real=0.05 secs] 
[GC (Allocation Failure) [DefNew: 112128K->13951K(126080K), 0.0143517 secs] 280123K->202599K(406076K), 0.0143801 secs] [Times: user=0.01 sys=0.00, real=0.01 secs] 
[GC (Allocation Failure) [DefNew: 126079K->13950K(126080K), 0.0327699 secs] 314727K->240005K(406076K), 0.0327977 secs] [Times: user=0.01 sys=0.02, real=0.03 secs] 
[GC (Allocation Failure) [DefNew: 126078K->13947K(126080K), 0.0231833 secs] 352133K->274952K(406076K), 0.0232113 secs] [Times: user=0.01 sys=0.01, real=0.02 secs] 
[GC (Allocation Failure) [DefNew: 126075K->13951K(126080K), 0.0261229 secs][Tenured: 300792K->241716K(300800K), 0.0354613 secs] 387080K->241716K(426880K), [Metaspace: 2706K->2706K(1056768K)], 0.0619494 secs] [Times: user=0.05 sys=0.01, real=0.07 secs] 
[GC (Allocation Failure) [DefNew: 161280K->20095K(181376K), 0.0167185 secs] 402996K->297911K(584240K), 0.0167568 secs] [Times: user=0.01 sys=0.00, real=0.02 secs] 
[GC (Allocation Failure) [DefNew: 181375K->20095K(181376K), 0.0352819 secs] 459191K->352281K(584240K), 0.0353299 secs] [Times: user=0.02 sys=0.02, real=0.04 secs] 
[GC (Allocation Failure) [DefNew: 181375K->20095K(181376K), 0.0303764 secs] 513561K->397583K(584240K), 0.0304038 secs] [Times: user=0.02 sys=0.01, real=0.03 secs] 
[GC (Allocation Failure) [DefNew: 181335K->20094K(181376K), 0.0314023 secs][Tenured: 421186K->311241K(421364K), 0.0483837 secs] 558823K->311241K(602740K), [Metaspace: 2706K->2706K(1056768K)], 0.0800510 secs] [Times: user=0.06 sys=0.01, real=0.08 secs] 
[GC (Allocation Failure) [DefNew: 207166K->25919K(233472K), 0.0224416 secs] 518408K->376834K(752212K), 0.0224701 secs] [Times: user=0.02 sys=0.00, real=0.02 secs] 
[GC (Allocation Failure) [DefNew: 233471K->25919K(233472K), 0.0285978 secs] 584386K->445526K(752212K), 0.0286248 secs] [Times: user=0.02 sys=0.01, real=0.03 secs] 
[GC (Allocation Failure) [DefNew: 233471K->25919K(233472K), 0.0435605 secs] 653078K->510688K(752212K), 0.0435890 secs] [Times: user=0.02 sys=0.02, real=0.04 secs] 
[GC (Allocation Failure) [DefNew: 233471K->25919K(233472K), 0.0451294 secs][Tenured: 551965K->332927K(552072K), 0.0579513 secs] 718240K->332927K(785544K), [Metaspace: 2706K->2706K(1056768K)], 0.1032053 secs] [Times: user=0.08 sys=0.02, real=0.11 secs] 
执行结束!共生成对象次数:9617
Heap
 def new generation   total 249792K, used 9002K [0x00000005c0000000, 0x00000005d0f00000, 0x000000066aaa0000)
  eden space 222080K,   4% used [0x00000005c0000000, 0x00000005c08caaa0, 0x00000005cd8e0000)
  from space 27712K,   0% used [0x00000005cd8e0000, 0x00000005cd8e0000, 0x00000005cf3f0000)
  to   space 27712K,   0% used [0x00000005cf3f0000, 0x00000005cf3f0000, 0x00000005d0f00000)
 tenured generation   total 554880K, used 332927K [0x000000066aaa0000, 0x000000068c880000, 0x00000007c0000000)
   the space 554880K,  59% used [0x000000066aaa0000, 0x000000067efbffb8, 0x000000067efc0000, 0x000000068c880000)
 Metaspace       used 2712K, capacity 4486K, committed 4864K, reserved 1056768K
  class space    used 295K, capacity 386K, committed 512K, reserved 1048576K




2. Parallel GC
2.1 256m
$ java -Xmx256m -XX:+UseParallelGC -XX:+PrintGC GCLogAnalysis
正在执行...
[GC (Allocation Failure)  65536K->18113K(251392K), 0.0088327 secs]
[GC (Allocation Failure)  83649K->42395K(251392K), 0.0204189 secs]
[GC (Allocation Failure)  107931K->63594K(251392K), 0.0112718 secs]
[GC (Allocation Failure)  129130K->87766K(251392K), 0.0162829 secs]
[GC (Allocation Failure)  153302K->111407K(251392K), 0.0146799 secs]
[GC (Allocation Failure)  176943K->134121K(215552K), 0.0172724 secs]
[GC (Allocation Failure)  163744K->143959K(233472K), 0.0036948 secs]
[GC (Allocation Failure)  173655K->154890K(233472K), 0.0059114 secs]
[GC (Allocation Failure)  184586K->164003K(233472K), 0.0055572 secs]
[GC (Allocation Failure)  193644K->171733K(233472K), 0.0101373 secs]
[Full GC (Ergonomics)  171733K->147420K(233472K), 0.0313489 secs]
[Full GC (Ergonomics)  177031K->153497K(233472K), 0.0191328 secs]
[Full GC (Ergonomics)  183193K->158535K(233472K), 0.0242851 secs]
[Full GC (Ergonomics)  188224K->165137K(233472K), 0.0230635 secs]
[Full GC (Ergonomics)  194392K->170600K(233472K), 0.0266466 secs]
[Full GC (Ergonomics)  200254K->177361K(233472K), 0.0239045 secs]
[Full GC (Ergonomics)  204571K->179258K(233472K), 0.0242417 secs]
[Full GC (Ergonomics)  204564K->185437K(233472K), 0.0264130 secs]
[Full GC (Ergonomics)  204307K->190179K(233472K), 0.0311764 secs]
[Full GC (Ergonomics)  204686K->192897K(233472K), 0.0301369 secs]
[Full GC (Ergonomics)  204399K->193227K(233472K), 0.0261151 secs]
[Full GC (Ergonomics)  204505K->195621K(233472K), 0.0250486 secs]
[Full GC (Ergonomics)  204108K->198357K(233472K), 0.0200193 secs]
[Full GC (Ergonomics)  204003K->199169K(233472K), 0.0270787 secs]
[Full GC (Ergonomics)  204602K->201744K(233472K), 0.0113410 secs]
[Full GC (Ergonomics)  204291K->202303K(233472K), 0.0218476 secs]
[Full GC (Ergonomics)  204092K->203125K(233472K), 0.0053715 secs]
[Full GC (Ergonomics)  203918K->203258K(233472K), 0.0247883 secs]
[Full GC (Ergonomics)  204580K->204304K(233472K), 0.0068054 secs]
[Full GC (Ergonomics)  204395K->204331K(233472K), 0.0028125 secs]
[Full GC (Ergonomics)  204761K->204331K(233472K), 0.0050219 secs]
[Full GC (Ergonomics)  204430K->204367K(233472K), 0.0042200 secs]
[Full GC (Ergonomics)  204793K->204336K(233472K), 0.0031257 secs]
[Full GC (Ergonomics)  204407K->204336K(233472K), 0.0035807 secs]
[Full GC (Ergonomics)  204756K->204480K(233472K), 0.0031946 secs]
[Full GC (Allocation Failure)  204480K->204461K(233472K), 0.0182970 secs]
Exception in thread "main" java.lang.OutOfMemoryError: Java heap space
	at java.util.Arrays.copyOf(Arrays.java:3332)
	at java.lang.AbstractStringBuilder.ensureCapacityInternal(AbstractStringBuilder.java:124)
	at java.lang.AbstractStringBuilder.append(AbstractStringBuilder.java:674)
	at java.lang.StringBuilder.append(StringBuilder.java:208)
	at GCLogAnalysis.generateGarbage(GCLogAnalysis.java:56)
	at GCLogAnalysis.main(GCLogAnalysis.java:25)





2.2 512m
$ java -Xmx512m -XX:+UseParallelGC -XX:+PrintGCDetails GCLogAnalysis
正在执行...
[GC (Allocation Failure) [PSYoungGen: 65536K->10747K(76288K)] 65536K->22809K(251392K), 0.0107951 secs] [Times: user=0.01 sys=0.04, real=0.01 secs] 
[GC (Allocation Failure) [PSYoungGen: 76179K->10743K(141824K)] 88240K->43359K(316928K), 0.0141424 secs] [Times: user=0.02 sys=0.06, real=0.02 secs] 
[GC (Allocation Failure) [PSYoungGen: 141615K->10749K(141824K)] 174231K->87380K(316928K), 0.0240479 secs] [Times: user=0.03 sys=0.11, real=0.02 secs] 
[GC (Allocation Failure) [PSYoungGen: 141546K->10742K(163840K)] 218177K->130892K(338944K), 0.0240243 secs] [Times: user=0.03 sys=0.12, real=0.02 secs] 
[Full GC (Ergonomics) [PSYoungGen: 10742K->0K(163840K)] [ParOldGen: 120149K->119180K(252416K)] 130892K->119180K(416256K), [Metaspace: 2706K->2706K(1056768K)], 0.0180014 secs] [Times: user=0.10 sys=0.00, real=0.02 secs] 
[GC (Allocation Failure) [PSYoungGen: 153088K->10741K(163840K)] 272268K->168126K(416256K), 0.0217473 secs] [Times: user=0.03 sys=0.11, real=0.03 secs] 
[GC (Allocation Failure) [PSYoungGen: 163829K->10748K(69632K)] 321214K->224988K(322048K), 0.0262214 secs] [Times: user=0.04 sys=0.11, real=0.02 secs] 
[Full GC (Ergonomics) [PSYoungGen: 10748K->0K(69632K)] [ParOldGen: 214239K->192391K(349696K)] 224988K->192391K(419328K), [Metaspace: 2706K->2706K(1056768K)], 0.0258765 secs] [Times: user=0.16 sys=0.01, real=0.03 secs] 
[GC (Allocation Failure) [PSYoungGen: 58880K->23029K(116736K)] 251271K->215420K(466432K), 0.0045231 secs] [Times: user=0.03 sys=0.00, real=0.00 secs] 
[GC (Allocation Failure) [PSYoungGen: 81909K->43279K(116736K)] 274300K->235670K(466432K), 0.0050762 secs] [Times: user=0.04 sys=0.00, real=0.01 secs] 
[GC (Allocation Failure) [PSYoungGen: 101639K->57837K(116736K)] 294030K->251899K(466432K), 0.0073385 secs] [Times: user=0.05 sys=0.00, real=0.01 secs] 
[GC (Allocation Failure) [PSYoungGen: 116610K->38412K(116736K)] 310673K->270506K(466432K), 0.0162792 secs] [Times: user=0.06 sys=0.04, real=0.01 secs] 
[GC (Allocation Failure) [PSYoungGen: 96772K->19214K(116736K)] 328866K->288104K(466432K), 0.0176814 secs] [Times: user=0.02 sys=0.08, real=0.02 secs] 
[GC (Allocation Failure) [PSYoungGen: 78094K->19348K(116736K)] 346984K->306056K(466432K), 0.0102521 secs] [Times: user=0.02 sys=0.04, real=0.01 secs] 
[GC (Allocation Failure) [PSYoungGen: 78228K->23641K(116736K)] 364936K->328157K(466432K), 0.0086692 secs] [Times: user=0.02 sys=0.03, real=0.01 secs] 
[Full GC (Ergonomics) [PSYoungGen: 23641K->0K(116736K)] [ParOldGen: 304516K->254690K(349696K)] 328157K->254690K(466432K), [Metaspace: 2706K->2706K(1056768K)], 0.0353090 secs] [Times: user=0.23 sys=0.01, real=0.03 secs] 
[GC (Allocation Failure) [PSYoungGen: 58585K->22325K(116736K)] 313275K->277016K(466432K), 0.0039492 secs] [Times: user=0.02 sys=0.00, real=0.01 secs] 
[GC (Allocation Failure) [PSYoungGen: 81201K->16935K(116736K)] 335892K->292356K(466432K), 0.0058838 secs] [Times: user=0.04 sys=0.00, real=0.00 secs] 
[GC (Allocation Failure) [PSYoungGen: 75815K->24230K(116736K)] 351236K->315601K(466432K), 0.0064216 secs] [Times: user=0.04 sys=0.00, real=0.01 secs] 
[GC (Allocation Failure) [PSYoungGen: 83110K->19874K(116736K)] 374481K->335117K(466432K), 0.0087687 secs] [Times: user=0.03 sys=0.03, real=0.01 secs] 
[Full GC (Ergonomics) [PSYoungGen: 19874K->0K(116736K)] [ParOldGen: 315242K->283599K(349696K)] 335117K->283599K(466432K), [Metaspace: 2706K->2706K(1056768K)], 0.0375668 secs] [Times: user=0.22 sys=0.00, real=0.04 secs] 
[GC (Allocation Failure) [PSYoungGen: 58760K->20478K(116736K)] 342359K->304077K(466432K), 0.0028530 secs] [Times: user=0.01 sys=0.00, real=0.00 secs] 
[GC (Allocation Failure) [PSYoungGen: 79318K->20146K(116736K)] 362918K->323288K(466432K), 0.0051933 secs] [Times: user=0.03 sys=0.00, real=0.00 secs] 
[GC (Allocation Failure) [PSYoungGen: 78553K->21745K(116736K)] 381695K->343000K(466432K), 0.0082634 secs] [Times: user=0.03 sys=0.01, real=0.01 secs] 
[Full GC (Ergonomics) [PSYoungGen: 21745K->0K(116736K)] [ParOldGen: 321254K->299460K(349696K)] 343000K->299460K(466432K), [Metaspace: 2706K->2706K(1056768K)], 0.0425708 secs] [Times: user=0.21 sys=0.01, real=0.04 secs] 
[GC (Allocation Failure) [PSYoungGen: 58880K->21497K(116736K)] 358340K->320957K(466432K), 0.0041324 secs] [Times: user=0.02 sys=0.00, real=0.01 secs] 
[GC (Allocation Failure) [PSYoungGen: 80377K->18874K(116736K)] 379837K->337994K(466432K), 0.0060751 secs] [Times: user=0.04 sys=0.00, real=0.00 secs] 
[Full GC (Ergonomics) [PSYoungGen: 18874K->0K(116736K)] [ParOldGen: 319120K->303385K(349696K)] 337994K->303385K(466432K), [Metaspace: 2706K->2706K(1056768K)], 0.0428670 secs] [Times: user=0.20 sys=0.00, real=0.05 secs] 
[GC (Allocation Failure) [PSYoungGen: 58827K->18121K(116736K)] 362212K->321506K(466432K), 0.0036008 secs] [Times: user=0.03 sys=0.00, real=0.00 secs] 
[GC (Allocation Failure) [PSYoungGen: 77001K->21694K(113664K)] 380386K->342283K(463360K), 0.0058583 secs] [Times: user=0.03 sys=0.00, real=0.01 secs] 
[Full GC (Ergonomics) [PSYoungGen: 21694K->0K(113664K)] [ParOldGen: 320588K->312315K(349696K)] 342283K->312315K(463360K), [Metaspace: 2706K->2706K(1056768K)], 0.0415920 secs] [Times: user=0.24 sys=0.00, real=0.04 secs] 
[GC (Allocation Failure) [PSYoungGen: 58880K->22728K(115200K)] 371195K->335043K(464896K), 0.0042914 secs] [Times: user=0.02 sys=0.00, real=0.01 secs] 
[GC (Allocation Failure) [PSYoungGen: 81506K->40142K(114688K)] 393821K->352457K(464384K), 0.0048998 secs] [Times: user=0.03 sys=0.00, real=0.00 secs] 
[GC (Allocation Failure) [PSYoungGen: 101070K->56277K(117248K)] 413385K->370159K(466944K), 0.0078519 secs] [Times: user=0.04 sys=0.00, real=0.00 secs] 
[GC (Allocation Failure) [PSYoungGen: 117205K->54735K(116224K)] 431087K->386219K(465920K), 0.0101984 secs] [Times: user=0.05 sys=0.03, real=0.01 secs] 
[Full GC (Ergonomics) [PSYoungGen: 54735K->0K(116224K)] [ParOldGen: 331484K->324436K(349696K)] 386219K->324436K(465920K), [Metaspace: 2706K->2706K(1056768K)], 0.0438881 secs] [Times: user=0.28 sys=0.00, real=0.05 secs] 
[Full GC (Ergonomics) [PSYoungGen: 58880K->0K(116224K)] [ParOldGen: 324436K->329132K(349696K)] 383316K->329132K(465920K), [Metaspace: 2706K->2706K(1056768K)], 0.0431631 secs] [Times: user=0.28 sys=0.01, real=0.04 secs] 
执行结束!共生成对象次数:7853
Heap
 PSYoungGen      total 116224K, used 2562K [0x00000007b5580000, 0x00000007c0000000, 0x00000007c0000000)
  eden space 58880K, 4% used [0x00000007b5580000,0x00000007b5800998,0x00000007b8f00000)
  from space 57344K, 0% used [0x00000007bc800000,0x00000007bc800000,0x00000007c0000000)
  to   space 57856K, 0% used [0x00000007b8f00000,0x00000007b8f00000,0x00000007bc780000)
 ParOldGen       total 349696K, used 329132K [0x00000007a0000000, 0x00000007b5580000, 0x00000007b5580000)
  object space 349696K, 94% used [0x00000007a0000000,0x00000007b416b138,0x00000007b5580000)
 Metaspace       used 2712K, capacity 4486K, committed 4864K, reserved 1056768K
  class space    used 295K, capacity 386K, committed 512K, reserved 1048576K



2.3 1g
$ java -Xmx1g -XX:+UseParallelGC -XX:+PrintGCDetails GCLogAnalysis
正在执行...
[GC (Allocation Failure) [PSYoungGen: 65536K->10741K(76288K)] 65536K->17398K(251392K), 0.0082223 secs] [Times: user=0.01 sys=0.03, real=0.01 secs] 
[GC (Allocation Failure) [PSYoungGen: 76135K->10743K(141824K)] 82791K->39316K(316928K), 0.0163056 secs] [Times: user=0.02 sys=0.07, real=0.02 secs] 
[GC (Allocation Failure) [PSYoungGen: 141815K->10751K(141824K)] 170388K->87064K(316928K), 0.0263350 secs] [Times: user=0.03 sys=0.13, real=0.03 secs] 
[GC (Allocation Failure) [PSYoungGen: 141823K->10751K(272896K)] 218136K->125800K(448000K), 0.0219560 secs] [Times: user=0.02 sys=0.08, real=0.03 secs] 
[GC (Allocation Failure) [PSYoungGen: 272895K->10746K(272896K)] 387944K->205961K(468480K), 0.0325797 secs] [Times: user=0.04 sys=0.16, real=0.03 secs] 
[Full GC (Ergonomics) [PSYoungGen: 10746K->0K(272896K)] [ParOldGen: 195214K->169498K(333824K)] 205961K->169498K(606720K), [Metaspace: 2706K->2706K(1056768K)], 0.0273597 secs] [Times: user=0.14 sys=0.01, real=0.03 secs] 
[GC (Allocation Failure) [PSYoungGen: 262144K->76284K(203264K)] 431642K->255395K(537088K), 0.0310509 secs] [Times: user=0.04 sys=0.13, real=0.03 secs] 
[GC (Allocation Failure) [PSYoungGen: 203153K->108052K(235520K)] 382264K->287163K(569344K), 0.0128636 secs] [Times: user=0.09 sys=0.00, real=0.01 secs] 
[GC (Allocation Failure) [PSYoungGen: 235028K->113659K(230400K)] 414139K->316196K(564224K), 0.0216142 secs] [Times: user=0.12 sys=0.03, real=0.02 secs] 
[GC (Allocation Failure) [PSYoungGen: 230395K->92458K(232960K)] 432932K->337551K(566784K), 0.0268803 secs] [Times: user=0.06 sys=0.11, real=0.03 secs] 
[GC (Allocation Failure) [PSYoungGen: 209194K->71220K(232960K)] 454287K->368156K(566784K), 0.0273172 secs] [Times: user=0.04 sys=0.12, real=0.02 secs] 
[Full GC (Ergonomics) [PSYoungGen: 71220K->0K(232960K)] [ParOldGen: 296935K->268170K(438784K)] 368156K->268170K(671744K), [Metaspace: 2706K->2706K(1056768K)], 0.0365711 secs] [Times: user=0.25 sys=0.01, real=0.04 secs] 
[GC (Allocation Failure) [PSYoungGen: 116699K->38623K(232960K)] 384870K->306794K(671744K), 0.0050906 secs] [Times: user=0.04 sys=0.00, real=0.00 secs] 
[GC (Allocation Failure) [PSYoungGen: 155231K->37226K(232960K)] 423402K->341228K(671744K), 0.0108833 secs] [Times: user=0.05 sys=0.02, real=0.01 secs] 
[GC (Allocation Failure) [PSYoungGen: 153962K->41669K(232960K)] 457964K->378435K(671744K), 0.0166308 secs] [Times: user=0.03 sys=0.07, real=0.02 secs] 
[GC (Allocation Failure) [PSYoungGen: 158405K->41291K(232960K)] 495171K->416182K(671744K), 0.0183995 secs] [Times: user=0.03 sys=0.08, real=0.02 secs] 
[Full GC (Ergonomics) [PSYoungGen: 41291K->0K(232960K)] [ParOldGen: 374890K->309429K(483328K)] 416182K->309429K(716288K), [Metaspace: 2706K->2706K(1056768K)], 0.0426364 secs] [Times: user=0.27 sys=0.01, real=0.05 secs] 
[GC (Allocation Failure) [PSYoungGen: 116676K->41359K(232960K)] 426106K->350789K(716288K), 0.0053503 secs] [Times: user=0.04 sys=0.00, real=0.00 secs] 
[GC (Allocation Failure) [PSYoungGen: 158095K->44094K(232960K)] 467525K->390611K(716288K), 0.0095395 secs] [Times: user=0.06 sys=0.00, real=0.01 secs] 
[GC (Allocation Failure) [PSYoungGen: 160830K->40904K(232960K)] 507347K->425741K(716288K), 0.0126942 secs] [Times: user=0.06 sys=0.02, real=0.02 secs] 
[GC (Allocation Failure) [PSYoungGen: 157640K->39599K(232960K)] 542477K->459364K(716288K), 0.0169250 secs] [Times: user=0.03 sys=0.08, real=0.01 secs] 
[Full GC (Ergonomics) [PSYoungGen: 39599K->0K(232960K)] [ParOldGen: 419765K->333365K(521728K)] 459364K->333365K(754688K), [Metaspace: 2706K->2706K(1056768K)], 0.0445422 secs] [Times: user=0.27 sys=0.00, real=0.05 secs] 
[GC (Allocation Failure) [PSYoungGen: 116291K->36361K(232960K)] 449657K->369727K(754688K), 0.0046828 secs] [Times: user=0.03 sys=0.00, real=0.01 secs] 
执行结束!共生成对象次数:9541
Heap
 PSYoungGen      total 232960K, used 65509K [0x00000007aab00000, 0x00000007c0000000, 0x00000007c0000000)
  eden space 116736K, 24% used [0x00000007aab00000,0x00000007ac777038,0x00000007b1d00000)
  from space 116224K, 31% used [0x00000007b1d00000,0x00000007b4082788,0x00000007b8e80000)
  to   space 116224K, 0% used [0x00000007b8e80000,0x00000007b8e80000,0x00000007c0000000)
 ParOldGen       total 521728K, used 333365K [0x0000000780000000, 0x000000079fd80000, 0x00000007aab00000)
  object space 521728K, 63% used [0x0000000780000000,0x000000079458d758,0x000000079fd80000)
 Metaspace       used 2712K, capacity 4486K, committed 4864K, reserved 1056768K
  class space    used 295K, capacity 386K, committed 512K, reserved 1048576K



2.4 2g

$ java -Xmx2g -XX:+UseParallelGC -XX:+PrintGCDetails GCLogAnalysis
正在执行...
[GC (Allocation Failure) [PSYoungGen: 65536K->10744K(76288K)] 65536K->19956K(251392K), 0.0089113 secs] [Times: user=0.01 sys=0.03, real=0.01 secs] 
[GC (Allocation Failure) [PSYoungGen: 76280K->10742K(141824K)] 85492K->45023K(316928K), 0.0162852 secs] [Times: user=0.02 sys=0.08, real=0.01 secs] 
[GC (Allocation Failure) [PSYoungGen: 141814K->10750K(141824K)] 176095K->89285K(316928K), 0.0241713 secs] [Times: user=0.02 sys=0.11, real=0.03 secs] 
[GC (Allocation Failure) [PSYoungGen: 141822K->10745K(272896K)] 220357K->129172K(448000K), 0.0235948 secs] [Times: user=0.03 sys=0.11, real=0.02 secs] 
[Full GC (Ergonomics) [PSYoungGen: 10745K->0K(272896K)] [ParOldGen: 118427K->115613K(247296K)] 129172K->115613K(520192K), [Metaspace: 2706K->2706K(1056768K)], 0.0163912 secs] [Times: user=0.10 sys=0.00, real=0.02 secs] 
[GC (Allocation Failure) [PSYoungGen: 262144K->10744K(272896K)] 377757K->192867K(520192K), 0.0295566 secs] [Times: user=0.04 sys=0.10, real=0.03 secs] 
[Full GC (Ergonomics) [PSYoungGen: 10744K->0K(272896K)] [ParOldGen: 182123K->167922K(339456K)] 192867K->167922K(612352K), [Metaspace: 2706K->2706K(1056768K)], 0.0277800 secs] [Times: user=0.11 sys=0.00, real=0.03 secs] 
[GC (Allocation Failure) [PSYoungGen: 262144K->87472K(542208K)] 430066K->256238K(881664K), 0.0370365 secs] [Times: user=0.04 sys=0.18, real=0.03 secs] 
[GC (Allocation Failure) [PSYoungGen: 542128K->103419K(558080K)] 710894K->358612K(897536K), 0.0736426 secs] [Times: user=0.08 sys=0.36, real=0.08 secs] 
[Full GC (Ergonomics) [PSYoungGen: 103419K->0K(558080K)] [ParOldGen: 255192K->272513K(482304K)] 358612K->272513K(1040384K), [Metaspace: 2706K->2706K(1056768K)], 0.0366298 secs] [Times: user=0.20 sys=0.05, real=0.03 secs] 
[GC (Allocation Failure) [PSYoungGen: 454656K->133617K(479232K)] 727169K->406131K(961536K), 0.0311308 secs] [Times: user=0.09 sys=0.10, real=0.03 secs] 
[GC (Allocation Failure) [PSYoungGen: 472049K->180221K(518656K)] 744563K->477618K(1000960K), 0.0361805 secs] [Times: user=0.16 sys=0.07, real=0.03 secs] 
[GC (Allocation Failure) [PSYoungGen: 518653K->178798K(413184K)] 816050K->535743K(895488K), 0.0365299 secs] [Times: user=0.09 sys=0.14, real=0.03 secs] 
[GC (Allocation Failure) [PSYoungGen: 411758K->70665K(465920K)] 768703K->574821K(970240K), 0.0622355 secs] [Times: user=0.10 sys=0.27, real=0.07 secs] 
[Full GC (Ergonomics) [PSYoungGen: 70665K->0K(465920K)] [ParOldGen: 504156K->354968K(608768K)] 574821K->354968K(1074688K), [Metaspace: 2706K->2706K(1056768K)], 0.0523630 secs] [Times: user=0.26 sys=0.01, real=0.05 secs] 
执行结束!共生成对象次数:10315
Heap
 PSYoungGen      total 465920K, used 9463K [0x0000000795580000, 0x00000007c0000000, 0x00000007c0000000)
  eden space 232960K, 4% used [0x0000000795580000,0x0000000795ebdd08,0x00000007a3900000)
  from space 232960K, 0% used [0x00000007a3900000,0x00000007a3900000,0x00000007b1c80000)
  to   space 230400K, 0% used [0x00000007b1f00000,0x00000007b1f00000,0x00000007c0000000)
 ParOldGen       total 608768K, used 354968K [0x0000000740000000, 0x0000000765280000, 0x0000000795580000)
  object space 608768K, 58% used [0x0000000740000000,0x0000000755aa6000,0x0000000765280000)
 Metaspace       used 2712K, capacity 4486K, committed 4864K, reserved 1056768K
  class space    used 295K, capacity 386K, committed 512K, reserved 1048576K



2.5 4g

$ java -Xmx4g -XX:+UseParallelGC -XX:+PrintGCDetails GCLogAnalysis
正在执行...
[GC (Allocation Failure) [PSYoungGen: 65519K->10746K(76288K)] 65519K->23722K(251392K), 0.0106074 secs] [Times: user=0.01 sys=0.05, real=0.01 secs] 
[GC (Allocation Failure) [PSYoungGen: 76282K->10751K(141824K)] 89258K->43337K(316928K), 0.0131545 secs] [Times: user=0.01 sys=0.06, real=0.01 secs] 
[GC (Allocation Failure) [PSYoungGen: 141823K->10743K(141824K)] 174409K->85900K(316928K), 0.0244685 secs] [Times: user=0.03 sys=0.11, real=0.02 secs] 
[GC (Allocation Failure) [PSYoungGen: 141815K->10750K(272896K)] 216972K->134744K(448000K), 0.0285603 secs] [Times: user=0.03 sys=0.13, real=0.03 secs] 
[Full GC (Ergonomics) [PSYoungGen: 10750K->0K(272896K)] [ParOldGen: 123993K->120528K(256000K)] 134744K->120528K(528896K), [Metaspace: 2706K->2706K(1056768K)], 0.0177520 secs] [Times: user=0.10 sys=0.00, real=0.02 secs] 
[GC (Allocation Failure) [PSYoungGen: 262144K->10737K(272896K)] 382672K->202930K(528896K), 0.0334670 secs] [Times: user=0.04 sys=0.16, real=0.03 secs] 
[Full GC (Ergonomics) [PSYoungGen: 10737K->0K(272896K)] [ParOldGen: 192192K->177108K(353280K)] 202930K->177108K(626176K), [Metaspace: 2706K->2706K(1056768K)], 0.0246067 secs] [Times: user=0.14 sys=0.01, real=0.03 secs] 
[GC (Allocation Failure) [PSYoungGen: 262144K->85373K(552448K)] 439252K->262482K(905728K), 0.0379670 secs] [Times: user=0.04 sys=0.18, real=0.04 secs] 
[GC (Allocation Failure) [PSYoungGen: 545149K->105976K(565760K)] 722258K->360507K(919040K), 0.0724086 secs] [Times: user=0.08 sys=0.34, real=0.07 secs] 
[GC (Allocation Failure) [PSYoungGen: 565752K->163311K(918528K)] 820283K->470131K(1271808K), 0.0901152 secs] [Times: user=0.10 sys=0.44, real=0.09 secs] 
[Full GC (Ergonomics) [PSYoungGen: 163311K->0K(918528K)] [ParOldGen: 306819K->329588K(527360K)] 470131K->329588K(1445888K), [Metaspace: 2706K->2706K(1056768K)], 0.0444049 secs] [Times: user=0.23 sys=0.06, real=0.04 secs] 
[GC (Allocation Failure) [PSYoungGen: 755200K->194657K(969728K)] 1084788K->524245K(1497088K), 0.2673563 secs] [Times: user=0.09 sys=0.24, real=0.27 secs] 
执行结束!共生成对象次数:9747
Heap
 PSYoungGen      total 969728K, used 225131K [0x000000076ab00000, 0x00000007c0000000, 0x00000007c0000000)
  eden space 755200K, 4% used [0x000000076ab00000,0x000000076c8c2778,0x0000000798c80000)
  from space 214528K, 90% used [0x0000000798c80000,0x00000007a4a98520,0x00000007a5e00000)
  to   space 242688K, 0% used [0x00000007b1300000,0x00000007b1300000,0x00000007c0000000)
 ParOldGen       total 527360K, used 329588K [0x00000006c0000000, 0x00000006e0300000, 0x000000076ab00000)
  object space 527360K, 62% used [0x00000006c0000000,0x00000006d41dd018,0x00000006e0300000)
 Metaspace       used 2712K, capacity 4486K, committed 4864K, reserved 1056768K
  class space    used 295K, capacity 386K, committed 512K, reserved 1048576K




3. CMS

3.1 256m

$ java -Xmx256m -XX:+UseConcMarkSweepGC -XX:+PrintGCDetails -XX:+PrintGCDateStamps GCLogAnalysis
正在执行...
2021-01-18T17:57:45.943+0500: [GC (Allocation Failure) 2021-01-18T17:57:45.943+0500: [ParNew: 69869K->8688K(78656K), 0.0111625 secs] 69869K->24209K(253440K), 0.0112183 secs] [Times: user=0.02 sys=0.05, real=0.01 secs] 
2021-01-18T17:57:45.966+0500: [GC (Allocation Failure) 2021-01-18T17:57:45.966+0500: [ParNew: 78640K->8704K(78656K), 0.0136193 secs] 94161K->46968K(253440K), 0.0137194 secs] [Times: user=0.03 sys=0.05, real=0.02 secs] 
2021-01-18T17:57:45.991+0500: [GC (Allocation Failure) 2021-01-18T17:57:45.991+0500: [ParNew: 78280K->8702K(78656K), 0.0147230 secs] 116545K->70091K(253440K), 0.0147621 secs] [Times: user=0.10 sys=0.01, real=0.01 secs] 
2021-01-18T17:57:46.017+0500: [GC (Allocation Failure) 2021-01-18T17:57:46.017+0500: [ParNew: 78654K->8699K(78656K), 0.0176155 secs] 140043K->94371K(253440K), 0.0176554 secs] [Times: user=0.10 sys=0.01, real=0.02 secs] 
2021-01-18T17:57:46.047+0500: [GC (Allocation Failure) 2021-01-18T17:57:46.047+0500: [ParNew: 78651K->8696K(78656K), 0.0166066 secs] 164323K->117923K(253440K), 0.0166468 secs] [Times: user=0.09 sys=0.01, real=0.02 secs] 
2021-01-18T17:57:46.064+0500: [GC (CMS Initial Mark) [1 CMS-initial-mark: 109226K(174784K)] 118299K(253440K), 0.0002812 secs] [Times: user=0.00 sys=0.00, real=0.00 secs] 
2021-01-18T17:57:46.064+0500: [CMS-concurrent-mark-start]
2021-01-18T17:57:46.066+0500: [CMS-concurrent-mark: 0.001/0.001 secs] [Times: user=0.00 sys=0.00, real=0.00 secs] 
2021-01-18T17:57:46.066+0500: [CMS-concurrent-preclean-start]
2021-01-18T17:57:46.066+0500: [CMS-concurrent-preclean: 0.000/0.000 secs] [Times: user=0.00 sys=0.00, real=0.00 secs] 
2021-01-18T17:57:46.066+0500: [CMS-concurrent-abortable-preclean-start]
2021-01-18T17:57:46.079+0500: [GC (Allocation Failure) 2021-01-18T17:57:46.079+0500: [ParNew: 78648K->8702K(78656K), 0.0146969 secs] 187875K->141218K(253440K), 0.0147399 secs] [Times: user=0.09 sys=0.01, real=0.02 secs] 
2021-01-18T17:57:46.106+0500: [GC (Allocation Failure) 2021-01-18T17:57:46.106+0500: [ParNew: 78654K->8699K(78656K), 0.0157719 secs] 211170K->163996K(253440K), 0.0158682 secs] [Times: user=0.10 sys=0.01, real=0.02 secs] 
2021-01-18T17:57:46.133+0500: [GC (Allocation Failure) 2021-01-18T17:57:46.133+0500: [ParNew: 78299K->78299K(78656K), 0.0000190 secs]2021-01-18T17:57:46.133+0500: [CMS2021-01-18T17:57:46.133+0500: [CMS-concurrent-abortable-preclean: 0.002/0.067 secs] [Times: user=0.23 sys=0.02, real=0.07 secs] 
 (concurrent mode failure): 155296K->156538K(174784K), 0.0309279 secs] 233595K->156538K(253440K), [Metaspace: 2706K->2706K(1056768K)], 0.0309999 secs] [Times: user=0.03 sys=0.00, real=0.03 secs] 
2021-01-18T17:57:46.177+0500: [GC (Allocation Failure) 2021-01-18T17:57:46.178+0500: [ParNew: 69869K->8699K(78656K), 0.0105321 secs] 226408K->177873K(253440K), 0.0105750 secs] [Times: user=0.06 sys=0.01, real=0.01 secs] 
2021-01-18T17:57:46.188+0500: [GC (CMS Initial Mark) [1 CMS-initial-mark: 169174K(174784K)] 178274K(253440K), 0.0001797 secs] [Times: user=0.00 sys=0.00, real=0.00 secs] 
2021-01-18T17:57:46.188+0500: [CMS-concurrent-mark-start]
2021-01-18T17:57:46.189+0500: [CMS-concurrent-mark: 0.001/0.001 secs] [Times: user=0.00 sys=0.00, real=0.00 secs] 
2021-01-18T17:57:46.189+0500: [CMS-concurrent-preclean-start]
2021-01-18T17:57:46.190+0500: [CMS-concurrent-preclean: 0.000/0.000 secs] [Times: user=0.01 sys=0.00, real=0.01 secs] 
2021-01-18T17:57:46.190+0500: [CMS-concurrent-abortable-preclean-start]
2021-01-18T17:57:46.190+0500: [CMS-concurrent-abortable-preclean: 0.000/0.000 secs] [Times: user=0.00 sys=0.00, real=0.00 secs] 
2021-01-18T17:57:46.190+0500: [GC (CMS Final Remark) [YG occupancy: 18468 K (78656 K)]2021-01-18T17:57:46.190+0500: [Rescan (parallel) , 0.0003410 secs]2021-01-18T17:57:46.190+0500: [weak refs processing, 0.0000132 secs]2021-01-18T17:57:46.190+0500: [class unloading, 0.0002060 secs]2021-01-18T17:57:46.191+0500: [scrub symbol table, 0.0003379 secs]2021-01-18T17:57:46.191+0500: [scrub string table, 0.0001799 secs][1 CMS-remark: 169174K(174784K)] 187642K(253440K), 0.0011554 secs] [Times: user=0.00 sys=0.00, real=0.00 secs] 
2021-01-18T17:57:46.191+0500: [CMS-concurrent-sweep-start]
2021-01-18T17:57:46.192+0500: [CMS-concurrent-sweep: 0.000/0.000 secs] [Times: user=0.00 sys=0.00, real=0.00 secs] 
2021-01-18T17:57:46.192+0500: [CMS-concurrent-reset-start]
2021-01-18T17:57:46.192+0500: [CMS-concurrent-reset: 0.000/0.000 secs] [Times: user=0.00 sys=0.00, real=0.00 secs] 
2021-01-18T17:57:46.202+0500: [GC (Allocation Failure) 2021-01-18T17:57:46.202+0500: [ParNew (promotion failed): 78651K->78654K(78656K), 0.0063713 secs]2021-01-18T17:57:46.209+0500: [CMS: 173727K->174772K(174784K), 0.0392160 secs] 239284K->184192K(253440K), [Metaspace: 2706K->2706K(1056768K)], 0.0456414 secs] [Times: user=0.07 sys=0.00, real=0.04 secs] 
2021-01-18T17:57:46.248+0500: [GC (CMS Initial Mark) [1 CMS-initial-mark: 174772K(174784K)] 185708K(253440K), 0.0002482 secs] [Times: user=0.00 sys=0.00, real=0.00 secs] 
2021-01-18T17:57:46.249+0500: [CMS-concurrent-mark-start]
2021-01-18T17:57:46.250+0500: [CMS-concurrent-mark: 0.001/0.001 secs] [Times: user=0.01 sys=0.00, real=0.01 secs] 
2021-01-18T17:57:46.250+0500: [CMS-concurrent-preclean-start]
2021-01-18T17:57:46.251+0500: [CMS-concurrent-preclean: 0.001/0.001 secs] [Times: user=0.00 sys=0.00, real=0.00 secs] 
2021-01-18T17:57:46.251+0500: [CMS-concurrent-abortable-preclean-start]
2021-01-18T17:57:46.251+0500: [CMS-concurrent-abortable-preclean: 0.000/0.000 secs] [Times: user=0.00 sys=0.00, real=0.00 secs] 
2021-01-18T17:57:46.251+0500: [GC (CMS Final Remark) [YG occupancy: 21937 K (78656 K)]2021-01-18T17:57:46.251+0500: [Rescan (parallel) , 0.0003152 secs]2021-01-18T17:57:46.251+0500: [weak refs processing, 0.0000323 secs]2021-01-18T17:57:46.251+0500: [class unloading, 0.0003159 secs]2021-01-18T17:57:46.252+0500: [scrub symbol table, 0.0003778 secs]2021-01-18T17:57:46.252+0500: [scrub string table, 0.0002437 secs][1 CMS-remark: 174772K(174784K)] 196710K(253440K), 0.0013986 secs] [Times: user=0.00 sys=0.00, real=0.00 secs] 
2021-01-18T17:57:46.252+0500: [CMS-concurrent-sweep-start]
2021-01-18T17:57:46.253+0500: [CMS-concurrent-sweep: 0.000/0.000 secs] [Times: user=0.00 sys=0.00, real=0.00 secs] 
2021-01-18T17:57:46.253+0500: [CMS-concurrent-reset-start]
2021-01-18T17:57:46.253+0500: [CMS-concurrent-reset: 0.000/0.000 secs] [Times: user=0.00 sys=0.00, real=0.00 secs] 
2021-01-18T17:57:46.265+0500: [GC (Allocation Failure) 2021-01-18T17:57:46.265+0500: [ParNew: 78498K->78498K(78656K), 0.0000209 secs]2021-01-18T17:57:46.265+0500: [CMS: 174401K->174676K(174784K), 0.0308884 secs] 252900K->195112K(253440K), [Metaspace: 2706K->2706K(1056768K)], 0.0309690 secs] [Times: user=0.03 sys=0.00, real=0.03 secs] 
2021-01-18T17:57:46.296+0500: [GC (CMS Initial Mark) [1 CMS-initial-mark: 174676K(174784K)] 196703K(253440K), 0.0002161 secs] [Times: user=0.00 sys=0.00, real=0.00 secs] 
2021-01-18T17:57:46.296+0500: [CMS-concurrent-mark-start]
2021-01-18T17:57:46.297+0500: [CMS-concurrent-mark: 0.001/0.001 secs] [Times: user=0.00 sys=0.00, real=0.00 secs] 
2021-01-18T17:57:46.297+0500: [CMS-concurrent-preclean-start]
2021-01-18T17:57:46.298+0500: [CMS-concurrent-preclean: 0.001/0.001 secs] [Times: user=0.00 sys=0.00, real=0.00 secs] 
2021-01-18T17:57:46.298+0500: [CMS-concurrent-abortable-preclean-start]
2021-01-18T17:57:46.298+0500: [CMS-concurrent-abortable-preclean: 0.000/0.000 secs] [Times: user=0.00 sys=0.00, real=0.00 secs] 
2021-01-18T17:57:46.299+0500: [GC (CMS Final Remark) [YG occupancy: 39600 K (78656 K)]2021-01-18T17:57:46.299+0500: [Rescan (parallel) , 0.0003766 secs]2021-01-18T17:57:46.300+0500: [weak refs processing, 0.0000231 secs]2021-01-18T17:57:46.300+0500: [class unloading, 0.0002644 secs]2021-01-18T17:57:46.300+0500: [scrub symbol table, 0.0003190 secs]2021-01-18T17:57:46.300+0500: [scrub string table, 0.0002151 secs][1 CMS-remark: 174676K(174784K)] 214276K(253440K), 0.0012892 secs] [Times: user=0.00 sys=0.00, real=0.01 secs] 
2021-01-18T17:57:46.301+0500: [CMS-concurrent-sweep-start]
2021-01-18T17:57:46.301+0500: [CMS-concurrent-sweep: 0.000/0.000 secs] [Times: user=0.00 sys=0.00, real=0.00 secs] 
2021-01-18T17:57:46.301+0500: [CMS-concurrent-reset-start]
2021-01-18T17:57:46.301+0500: [CMS-concurrent-reset: 0.000/0.000 secs] [Times: user=0.00 sys=0.00, real=0.00 secs] 
2021-01-18T17:57:46.310+0500: [GC (Allocation Failure) 2021-01-18T17:57:46.310+0500: [ParNew: 78584K->78584K(78656K), 0.0000221 secs]2021-01-18T17:57:46.310+0500: [CMS: 174353K->174662K(174784K), 0.0326079 secs] 252938K->200497K(253440K), [Metaspace: 2706K->2706K(1056768K)], 0.0326887 secs] [Times: user=0.04 sys=0.00, real=0.03 secs] 
2021-01-18T17:57:46.343+0500: [GC (CMS Initial Mark) [1 CMS-initial-mark: 174662K(174784K)] 201094K(253440K), 0.0001919 secs] [Times: user=0.00 sys=0.00, real=0.00 secs] 
2021-01-18T17:57:46.343+0500: [CMS-concurrent-mark-start]
2021-01-18T17:57:46.344+0500: [CMS-concurrent-mark: 0.001/0.001 secs] [Times: user=0.00 sys=0.00, real=0.00 secs] 
2021-01-18T17:57:46.344+0500: [CMS-concurrent-preclean-start]
2021-01-18T17:57:46.345+0500: [CMS-concurrent-preclean: 0.001/0.001 secs] [Times: user=0.00 sys=0.00, real=0.00 secs] 
2021-01-18T17:57:46.345+0500: [CMS-concurrent-abortable-preclean-start]
2021-01-18T17:57:46.345+0500: [CMS-concurrent-abortable-preclean: 0.000/0.000 secs] [Times: user=0.00 sys=0.00, real=0.00 secs] 
2021-01-18T17:57:46.345+0500: [GC (CMS Final Remark) [YG occupancy: 36344 K (78656 K)]2021-01-18T17:57:46.345+0500: [Rescan (parallel) , 0.0010217 secs]2021-01-18T17:57:46.346+0500: [weak refs processing, 0.0000159 secs]2021-01-18T17:57:46.346+0500: [class unloading, 0.0002370 secs]2021-01-18T17:57:46.347+0500: [scrub symbol table, 0.0004135 secs]2021-01-18T17:57:46.347+0500: [scrub string table, 0.0002124 secs][1 CMS-remark: 174662K(174784K)] 211006K(253440K), 0.0019722 secs] [Times: user=0.01 sys=0.00, real=0.00 secs] 
2021-01-18T17:57:46.347+0500: [CMS-concurrent-sweep-start]
2021-01-18T17:57:46.348+0500: [CMS-concurrent-sweep: 0.000/0.000 secs] [Times: user=0.00 sys=0.00, real=0.00 secs] 
2021-01-18T17:57:46.348+0500: [CMS-concurrent-reset-start]
2021-01-18T17:57:46.348+0500: [CMS-concurrent-reset: 0.000/0.000 secs] [Times: user=0.00 sys=0.00, real=0.00 secs] 
2021-01-18T17:57:46.356+0500: [GC (Allocation Failure) 2021-01-18T17:57:46.356+0500: [ParNew: 78637K->78637K(78656K), 0.0000218 secs]2021-01-18T17:57:46.356+0500: [CMS: 174662K->174780K(174784K), 0.0339068 secs] 253299K->207789K(253440K), [Metaspace: 2706K->2706K(1056768K)], 0.0339877 secs] [Times: user=0.03 sys=0.01, real=0.04 secs] 
2021-01-18T17:57:46.390+0500: [GC (CMS Initial Mark) [1 CMS-initial-mark: 174780K(174784K)] 209108K(253440K), 0.0002125 secs] [Times: user=0.00 sys=0.00, real=0.00 secs] 
2021-01-18T17:57:46.390+0500: [CMS-concurrent-mark-start]
2021-01-18T17:57:46.391+0500: [CMS-concurrent-mark: 0.001/0.001 secs] [Times: user=0.00 sys=0.00, real=0.00 secs] 
2021-01-18T17:57:46.391+0500: [CMS-concurrent-preclean-start]
2021-01-18T17:57:46.392+0500: [CMS-concurrent-preclean: 0.001/0.001 secs] [Times: user=0.00 sys=0.00, real=0.00 secs] 
2021-01-18T17:57:46.393+0500: [CMS-concurrent-abortable-preclean-start]
2021-01-18T17:57:46.393+0500: [CMS-concurrent-abortable-preclean: 0.000/0.000 secs] [Times: user=0.00 sys=0.00, real=0.00 secs] 
2021-01-18T17:57:46.393+0500: [GC (CMS Final Remark) [YG occupancy: 45698 K (78656 K)]2021-01-18T17:57:46.393+0500: [Rescan (parallel) , 0.0007462 secs]2021-01-18T17:57:46.393+0500: [weak refs processing, 0.0000319 secs]2021-01-18T17:57:46.393+0500: [class unloading, 0.0002171 secs]2021-01-18T17:57:46.394+0500: [scrub symbol table, 0.0003110 secs]2021-01-18T17:57:46.394+0500: [scrub string table, 0.0002009 secs][1 CMS-remark: 174780K(174784K)] 220478K(253440K), 0.0015787 secs] [Times: user=0.00 sys=0.00, real=0.00 secs] 
2021-01-18T17:57:46.394+0500: [CMS-concurrent-sweep-start]
2021-01-18T17:57:46.395+0500: [CMS-concurrent-sweep: 0.000/0.000 secs] [Times: user=0.00 sys=0.00, real=0.00 secs] 
2021-01-18T17:57:46.395+0500: [CMS-concurrent-reset-start]
2021-01-18T17:57:46.395+0500: [CMS-concurrent-reset: 0.000/0.000 secs] [Times: user=0.00 sys=0.00, real=0.00 secs] 
2021-01-18T17:57:46.400+0500: [GC (Allocation Failure) 2021-01-18T17:57:46.400+0500: [ParNew: 78622K->78622K(78656K), 0.0000226 secs]2021-01-18T17:57:46.400+0500: [CMS: 174661K->174698K(174784K), 0.0344165 secs] 253283K->210066K(253440K), [Metaspace: 2706K->2706K(1056768K)], 0.0345005 secs] [Times: user=0.03 sys=0.00, real=0.03 secs] 
2021-01-18T17:57:46.435+0500: [GC (CMS Initial Mark) [1 CMS-initial-mark: 174698K(174784K)] 210138K(253440K), 0.0002168 secs] [Times: user=0.00 sys=0.00, real=0.00 secs] 
2021-01-18T17:57:46.435+0500: [CMS-concurrent-mark-start]
2021-01-18T17:57:46.437+0500: [CMS-concurrent-mark: 0.001/0.001 secs] [Times: user=0.00 sys=0.00, real=0.00 secs] 
2021-01-18T17:57:46.437+0500: [CMS-concurrent-preclean-start]
2021-01-18T17:57:46.438+0500: [CMS-concurrent-preclean: 0.002/0.002 secs] [Times: user=0.01 sys=0.00, real=0.00 secs] 
2021-01-18T17:57:46.438+0500: [CMS-concurrent-abortable-preclean-start]
2021-01-18T17:57:46.438+0500: [CMS-concurrent-abortable-preclean: 0.000/0.000 secs] [Times: user=0.00 sys=0.00, real=0.00 secs] 
2021-01-18T17:57:46.438+0500: [GC (CMS Final Remark) [YG occupancy: 46397 K (78656 K)]2021-01-18T17:57:46.438+0500: [Rescan (parallel) , 0.0012892 secs]2021-01-18T17:57:46.440+0500: [weak refs processing, 0.0000146 secs]2021-01-18T17:57:46.440+0500: [class unloading, 0.0002374 secs]2021-01-18T17:57:46.440+0500: [scrub symbol table, 0.0003586 secs]2021-01-18T17:57:46.440+0500: [scrub string table, 0.0002035 secs][1 CMS-remark: 174698K(174784K)] 221096K(253440K), 0.0021791 secs] [Times: user=0.00 sys=0.00, real=0.01 secs] 
2021-01-18T17:57:46.441+0500: [CMS-concurrent-sweep-start]
2021-01-18T17:57:46.441+0500: [CMS-concurrent-sweep: 0.000/0.000 secs] [Times: user=0.00 sys=0.00, real=0.00 secs] 
2021-01-18T17:57:46.441+0500: [CMS-concurrent-reset-start]
2021-01-18T17:57:46.441+0500: [CMS-concurrent-reset: 0.000/0.000 secs] [Times: user=0.00 sys=0.00, real=0.00 secs] 
2021-01-18T17:57:46.446+0500: [GC (Allocation Failure) 2021-01-18T17:57:46.446+0500: [ParNew: 78425K->78425K(78656K), 0.0000240 secs]2021-01-18T17:57:46.446+0500: [CMS: 174698K->174487K(174784K), 0.0301206 secs] 253123K->214176K(253440K), [Metaspace: 2706K->2706K(1056768K)], 0.0302154 secs] [Times: user=0.03 sys=0.00, real=0.03 secs] 
2021-01-18T17:57:46.481+0500: [GC (CMS Initial Mark) [1 CMS-initial-mark: 174487K(174784K)] 214548K(253440K), 0.0002259 secs] [Times: user=0.00 sys=0.00, real=0.00 secs] 
2021-01-18T17:57:46.482+0500: [CMS-concurrent-mark-start]
2021-01-18T17:57:46.483+0500: [CMS-concurrent-mark: 0.001/0.001 secs] [Times: user=0.00 sys=0.00, real=0.00 secs] 
2021-01-18T17:57:46.483+0500: [CMS-concurrent-preclean-start]
2021-01-18T17:57:46.485+0500: [CMS-concurrent-preclean: 0.002/0.002 secs] [Times: user=0.01 sys=0.00, real=0.00 secs] 
2021-01-18T17:57:46.485+0500: [CMS-concurrent-abortable-preclean-start]
2021-01-18T17:57:46.485+0500: [CMS-concurrent-abortable-preclean: 0.000/0.000 secs] [Times: user=0.00 sys=0.00, real=0.00 secs] 
2021-01-18T17:57:46.485+0500: [GC (CMS Final Remark) [YG occupancy: 51536 K (78656 K)]2021-01-18T17:57:46.485+0500: [Rescan (parallel) , 0.0011814 secs]2021-01-18T17:57:46.486+0500: [weak refs processing, 0.0000427 secs]2021-01-18T17:57:46.486+0500: [class unloading, 0.0003776 secs]2021-01-18T17:57:46.487+0500: [scrub symbol table, 0.0005983 secs]2021-01-18T17:57:46.487+0500: [scrub string table, 0.0006157 secs][1 CMS-remark: 174487K(174784K)] 226023K(253440K), 0.0032597 secs] [Times: user=0.00 sys=0.00, real=0.00 secs] 
2021-01-18T17:57:46.488+0500: [CMS-concurrent-sweep-start]
2021-01-18T17:57:46.489+0500: [CMS-concurrent-sweep: 0.001/0.001 secs] [Times: user=0.00 sys=0.00, real=0.00 secs] 
2021-01-18T17:57:46.489+0500: [CMS-concurrent-reset-start]
2021-01-18T17:57:46.489+0500: [CMS-concurrent-reset: 0.000/0.000 secs] [Times: user=0.01 sys=0.00, real=0.00 secs] 
2021-01-18T17:57:46.493+0500: [GC (Allocation Failure) 2021-01-18T17:57:46.493+0500: [ParNew: 78465K->78465K(78656K), 0.0001119 secs]2021-01-18T17:57:46.493+0500: [CMS: 174487K->174781K(174784K), 0.0387565 secs] 252952K->222409K(253440K), [Metaspace: 2706K->2706K(1056768K)], 0.0389348 secs] [Times: user=0.04 sys=0.00, real=0.04 secs] 
2021-01-18T17:57:46.532+0500: [GC (CMS Initial Mark) [1 CMS-initial-mark: 174781K(174784K)] 222778K(253440K), 0.0002300 secs] [Times: user=0.00 sys=0.00, real=0.00 secs] 
2021-01-18T17:57:46.533+0500: [CMS-concurrent-mark-start]
2021-01-18T17:57:46.534+0500: [CMS-concurrent-mark: 0.001/0.001 secs] [Times: user=0.00 sys=0.00, real=0.00 secs] 
2021-01-18T17:57:46.534+0500: [CMS-concurrent-preclean-start]
2021-01-18T17:57:46.535+0500: [CMS-concurrent-preclean: 0.001/0.001 secs] [Times: user=0.00 sys=0.00, real=0.00 secs] 
2021-01-18T17:57:46.535+0500: [CMS-concurrent-abortable-preclean-start]
2021-01-18T17:57:46.535+0500: [CMS-concurrent-abortable-preclean: 0.000/0.000 secs] [Times: user=0.00 sys=0.00, real=0.00 secs] 
2021-01-18T17:57:46.535+0500: [GC (CMS Final Remark) [YG occupancy: 58856 K (78656 K)]2021-01-18T17:57:46.535+0500: [Rescan (parallel) , 0.0011120 secs]2021-01-18T17:57:46.536+0500: [weak refs processing, 0.0000158 secs]2021-01-18T17:57:46.536+0500: [class unloading, 0.0002210 secs]2021-01-18T17:57:46.536+0500: [scrub symbol table, 0.0003274 secs]2021-01-18T17:57:46.537+0500: [scrub string table, 0.0002900 secs][1 CMS-remark: 174781K(174784K)] 233637K(253440K), 0.0020826 secs] [Times: user=0.01 sys=0.00, real=0.00 secs] 
2021-01-18T17:57:46.537+0500: [CMS-concurrent-sweep-start]
2021-01-18T17:57:46.538+0500: [CMS-concurrent-sweep: 0.000/0.000 secs] [Times: user=0.00 sys=0.00, real=0.00 secs] 
2021-01-18T17:57:46.538+0500: [CMS-concurrent-reset-start]
2021-01-18T17:57:46.538+0500: [CMS-concurrent-reset: 0.000/0.000 secs] [Times: user=0.00 sys=0.00, real=0.00 secs] 
2021-01-18T17:57:46.541+0500: [GC (Allocation Failure) 2021-01-18T17:57:46.541+0500: [ParNew: 78565K->78565K(78656K), 0.0000217 secs]2021-01-18T17:57:46.541+0500: [CMS: 174781K->174247K(174784K), 0.0396913 secs] 253346K->227116K(253440K), [Metaspace: 2706K->2706K(1056768K)], 0.0397664 secs] [Times: user=0.04 sys=0.00, real=0.04 secs] 
2021-01-18T17:57:46.581+0500: [GC (CMS Initial Mark) [1 CMS-initial-mark: 174247K(174784K)] 228084K(253440K), 0.0002836 secs] [Times: user=0.00 sys=0.00, real=0.00 secs] 
2021-01-18T17:57:46.581+0500: [CMS-concurrent-mark-start]
2021-01-18T17:57:46.582+0500: [CMS-concurrent-mark: 0.001/0.001 secs] [Times: user=0.00 sys=0.00, real=0.00 secs] 
2021-01-18T17:57:46.582+0500: [CMS-concurrent-preclean-start]
2021-01-18T17:57:46.583+0500: [CMS-concurrent-preclean: 0.001/0.001 secs] [Times: user=0.01 sys=0.00, real=0.00 secs] 
2021-01-18T17:57:46.584+0500: [CMS-concurrent-abortable-preclean-start]
2021-01-18T17:57:46.584+0500: [CMS-concurrent-abortable-preclean: 0.000/0.000 secs] [Times: user=0.00 sys=0.00, real=0.00 secs] 
2021-01-18T17:57:46.584+0500: [GC (CMS Final Remark) [YG occupancy: 68632 K (78656 K)]2021-01-18T17:57:46.584+0500: [Rescan (parallel) , 0.0002297 secs]2021-01-18T17:57:46.584+0500: [weak refs processing, 0.0000185 secs]2021-01-18T17:57:46.584+0500: [class unloading, 0.0002302 secs]2021-01-18T17:57:46.584+0500: [scrub symbol table, 0.0003773 secs]2021-01-18T17:57:46.585+0500: [scrub string table, 0.0002048 secs][1 CMS-remark: 174247K(174784K)] 242879K(253440K), 0.0011386 secs] [Times: user=0.00 sys=0.00, real=0.00 secs] 
2021-01-18T17:57:46.585+0500: [CMS-concurrent-sweep-start]
2021-01-18T17:57:46.585+0500: [CMS-concurrent-sweep: 0.000/0.000 secs] [Times: user=0.00 sys=0.00, real=0.00 secs] 
2021-01-18T17:57:46.585+0500: [CMS-concurrent-reset-start]
2021-01-18T17:57:46.586+0500: [CMS-concurrent-reset: 0.000/0.000 secs] [Times: user=0.00 sys=0.00, real=0.00 secs] 
2021-01-18T17:57:46.588+0500: [GC (Allocation Failure) 2021-01-18T17:57:46.588+0500: [ParNew: 78562K->78562K(78656K), 0.0000326 secs]2021-01-18T17:57:46.588+0500: [CMS: 174232K->174579K(174784K), 0.0350834 secs] 252795K->228598K(253440K), [Metaspace: 2706K->2706K(1056768K)], 0.0352014 secs] [Times: user=0.04 sys=0.00, real=0.04 secs] 
2021-01-18T17:57:46.623+0500: [GC (CMS Initial Mark) [1 CMS-initial-mark: 174579K(174784K)] 228742K(253440K), 0.0002904 secs] [Times: user=0.00 sys=0.00, real=0.00 secs] 
2021-01-18T17:57:46.624+0500: [CMS-concurrent-mark-start]
2021-01-18T17:57:46.624+0500: [CMS-concurrent-mark: 0.001/0.001 secs] [Times: user=0.00 sys=0.00, real=0.00 secs] 
2021-01-18T17:57:46.625+0500: [CMS-concurrent-preclean-start]
2021-01-18T17:57:46.626+0500: [CMS-concurrent-preclean: 0.001/0.001 secs] [Times: user=0.00 sys=0.00, real=0.00 secs] 
2021-01-18T17:57:46.626+0500: [CMS-concurrent-abortable-preclean-start]
2021-01-18T17:57:46.626+0500: [CMS-concurrent-abortable-preclean: 0.000/0.000 secs] [Times: user=0.00 sys=0.00, real=0.00 secs] 
2021-01-18T17:57:46.626+0500: [GC (CMS Final Remark) [YG occupancy: 61359 K (78656 K)]2021-01-18T17:57:46.626+0500: [Rescan (parallel) , 0.0011844 secs]2021-01-18T17:57:46.627+0500: [weak refs processing, 0.0001557 secs]2021-01-18T17:57:46.627+0500: [class unloading, 0.0002451 secs]2021-01-18T17:57:46.628+0500: [scrub symbol table, 0.0003309 secs]2021-01-18T17:57:46.628+0500: [scrub string table, 0.0002540 secs][1 CMS-remark: 174579K(174784K)] 235938K(253440K), 0.0022627 secs] [Times: user=0.01 sys=0.00, real=0.00 secs] 
2021-01-18T17:57:46.628+0500: [CMS-concurrent-sweep-start]
2021-01-18T17:57:46.629+0500: [CMS-concurrent-sweep: 0.000/0.000 secs] [Times: user=0.00 sys=0.00, real=0.00 secs] 
2021-01-18T17:57:46.629+0500: [CMS-concurrent-reset-start]
2021-01-18T17:57:46.629+0500: [CMS-concurrent-reset: 0.000/0.000 secs] [Times: user=0.00 sys=0.00, real=0.00 secs] 
2021-01-18T17:57:46.631+0500: [GC (Allocation Failure) 2021-01-18T17:57:46.631+0500: [ParNew: 78509K->78509K(78656K), 0.0000222 secs]2021-01-18T17:57:46.631+0500: [CMS: 174450K->174673K(174784K), 0.0361901 secs] 252959K->229128K(253440K), [Metaspace: 2706K->2706K(1056768K)], 0.0362779 secs] [Times: user=0.04 sys=0.00, real=0.03 secs] 
2021-01-18T17:57:46.668+0500: [GC (CMS Initial Mark) [1 CMS-initial-mark: 174673K(174784K)] 229293K(253440K), 0.0003319 secs] [Times: user=0.00 sys=0.00, real=0.00 secs] 
2021-01-18T17:57:46.668+0500: [CMS-concurrent-mark-start]
2021-01-18T17:57:46.669+0500: [CMS-concurrent-mark: 0.001/0.001 secs] [Times: user=0.00 sys=0.00, real=0.00 secs] 
2021-01-18T17:57:46.669+0500: [CMS-concurrent-preclean-start]
2021-01-18T17:57:46.671+0500: [CMS-concurrent-preclean: 0.002/0.002 secs] [Times: user=0.00 sys=0.00, real=0.01 secs] 
2021-01-18T17:57:46.671+0500: [CMS-concurrent-abortable-preclean-start]
2021-01-18T17:57:46.671+0500: [CMS-concurrent-abortable-preclean: 0.000/0.000 secs] [Times: user=0.00 sys=0.00, real=0.00 secs] 
2021-01-18T17:57:46.671+0500: [GC (CMS Final Remark) [YG occupancy: 63816 K (78656 K)]2021-01-18T17:57:46.671+0500: [Rescan (parallel) , 0.0017473 secs]2021-01-18T17:57:46.673+0500: [weak refs processing, 0.0000433 secs]2021-01-18T17:57:46.673+0500: [class unloading, 0.0002771 secs]2021-01-18T17:57:46.673+0500: [scrub symbol table, 0.0003701 secs]2021-01-18T17:57:46.673+0500: [scrub string table, 0.0002028 secs][1 CMS-remark: 174673K(174784K)] 238489K(253440K), 0.0027106 secs] [Times: user=0.01 sys=0.01, real=0.00 secs] 
2021-01-18T17:57:46.674+0500: [CMS-concurrent-sweep-start]
2021-01-18T17:57:46.674+0500: [CMS-concurrent-sweep: 0.000/0.000 secs] [Times: user=0.00 sys=0.00, real=0.00 secs] 
2021-01-18T17:57:46.674+0500: [CMS-concurrent-reset-start]
2021-01-18T17:57:46.674+0500: [CMS-concurrent-reset: 0.000/0.000 secs] [Times: user=0.00 sys=0.00, real=0.00 secs] 
2021-01-18T17:57:46.677+0500: [GC (Allocation Failure) 2021-01-18T17:57:46.677+0500: [ParNew: 78596K->78596K(78656K), 0.0000214 secs]2021-01-18T17:57:46.677+0500: [CMS: 174557K->174768K(174784K), 0.0335883 secs] 253154K->230599K(253440K), [Metaspace: 2706K->2706K(1056768K)], 0.0336765 secs] [Times: user=0.04 sys=0.00, real=0.04 secs] 
2021-01-18T17:57:46.711+0500: [GC (CMS Initial Mark) [1 CMS-initial-mark: 174768K(174784K)] 230762K(253440K), 0.0003546 secs] [Times: user=0.00 sys=0.00, real=0.00 secs] 
2021-01-18T17:57:46.712+0500: [CMS-concurrent-mark-start]
2021-01-18T17:57:46.713+0500: [CMS-concurrent-mark: 0.002/0.002 secs] [Times: user=0.00 sys=0.00, real=0.00 secs] 
2021-01-18T17:57:46.713+0500: [CMS-concurrent-preclean-start]
2021-01-18T17:57:46.715+0500: [CMS-concurrent-preclean: 0.001/0.001 secs] [Times: user=0.00 sys=0.00, real=0.00 secs] 
2021-01-18T17:57:46.715+0500: [CMS-concurrent-abortable-preclean-start]
2021-01-18T17:57:46.715+0500: [CMS-concurrent-abortable-preclean: 0.000/0.000 secs] [Times: user=0.00 sys=0.00, real=0.00 secs] 
2021-01-18T17:57:46.715+0500: [GC (CMS Final Remark) [YG occupancy: 68650 K (78656 K)]2021-01-18T17:57:46.715+0500: [Rescan (parallel) , 0.0010505 secs]2021-01-18T17:57:46.716+0500: [weak refs processing, 0.0000152 secs]2021-01-18T17:57:46.716+0500: [class unloading, 0.0002423 secs]2021-01-18T17:57:46.716+0500: [scrub symbol table, 0.0003335 secs]2021-01-18T17:57:46.717+0500: [scrub string table, 0.0002664 secs][1 CMS-remark: 174768K(174784K)] 243419K(253440K), 0.0019738 secs] [Times: user=0.00 sys=0.00, real=0.00 secs] 
2021-01-18T17:57:46.717+0500: [CMS-concurrent-sweep-start]
2021-01-18T17:57:46.717+0500: [CMS-concurrent-sweep: 0.000/0.000 secs] [Times: user=0.00 sys=0.00, real=0.00 secs] 
2021-01-18T17:57:46.717+0500: [CMS-concurrent-reset-start]
2021-01-18T17:57:46.718+0500: [CMS-concurrent-reset: 0.000/0.000 secs] [Times: user=0.00 sys=0.00, real=0.00 secs] 
2021-01-18T17:57:46.719+0500: [GC (Allocation Failure) 2021-01-18T17:57:46.719+0500: [ParNew: 78552K->78552K(78656K), 0.0000234 secs]2021-01-18T17:57:46.719+0500: [CMS: 174411K->174508K(174784K), 0.0370932 secs] 252963K->233346K(253440K), [Metaspace: 2706K->2706K(1056768K)], 0.0371711 secs] [Times: user=0.04 sys=0.00, real=0.04 secs] 
2021-01-18T17:57:46.756+0500: [GC (CMS Initial Mark) [1 CMS-initial-mark: 174508K(174784K)] 233467K(253440K), 0.0003147 secs] [Times: user=0.00 sys=0.00, real=0.00 secs] 
2021-01-18T17:57:46.757+0500: [CMS-concurrent-mark-start]
2021-01-18T17:57:46.758+0500: [CMS-concurrent-mark: 0.002/0.002 secs] [Times: user=0.00 sys=0.00, real=0.00 secs] 
2021-01-18T17:57:46.758+0500: [CMS-concurrent-preclean-start]
2021-01-18T17:57:46.760+0500: [CMS-concurrent-preclean: 0.002/0.002 secs] [Times: user=0.01 sys=0.00, real=0.01 secs] 
2021-01-18T17:57:46.760+0500: [CMS-concurrent-abortable-preclean-start]
2021-01-18T17:57:46.760+0500: [CMS-concurrent-abortable-preclean: 0.000/0.000 secs] [Times: user=0.00 sys=0.00, real=0.00 secs] 
2021-01-18T17:57:46.760+0500: [GC (CMS Final Remark) [YG occupancy: 72093 K (78656 K)]2021-01-18T17:57:46.760+0500: [Rescan (parallel) , 0.0013008 secs]2021-01-18T17:57:46.761+0500: [weak refs processing, 0.0000211 secs]2021-01-18T17:57:46.761+0500: [class unloading, 0.0002361 secs]2021-01-18T17:57:46.762+0500: [scrub symbol table, 0.0003397 secs]2021-01-18T17:57:46.762+0500: [scrub string table, 0.0002098 secs][1 CMS-remark: 174508K(174784K)] 246602K(253440K), 0.0021721 secs] [Times: user=0.00 sys=0.00, real=0.00 secs] 
2021-01-18T17:57:46.762+0500: [CMS-concurrent-sweep-start]
2021-01-18T17:57:46.763+0500: [CMS-concurrent-sweep: 0.000/0.000 secs] [Times: user=0.00 sys=0.00, real=0.00 secs] 
2021-01-18T17:57:46.763+0500: [CMS-concurrent-reset-start]
2021-01-18T17:57:46.763+0500: [CMS-concurrent-reset: 0.000/0.000 secs] [Times: user=0.00 sys=0.00, real=0.00 secs] 
2021-01-18T17:57:46.764+0500: [GC (Allocation Failure) 2021-01-18T17:57:46.764+0500: [ParNew: 78586K->78586K(78656K), 0.0000217 secs]2021-01-18T17:57:46.764+0500: [CMS: 174508K->174684K(174784K), 0.0331092 secs] 253095K->236170K(253440K), [Metaspace: 2706K->2706K(1056768K)], 0.0331825 secs] [Times: user=0.03 sys=0.00, real=0.03 secs] 
2021-01-18T17:57:46.797+0500: [GC (CMS Initial Mark) [1 CMS-initial-mark: 174684K(174784K)] 236675K(253440K), 0.0003052 secs] [Times: user=0.00 sys=0.00, real=0.00 secs] 
2021-01-18T17:57:46.797+0500: [CMS-concurrent-mark-start]
2021-01-18T17:57:46.798+0500: [CMS-concurrent-mark: 0.001/0.001 secs] [Times: user=0.00 sys=0.00, real=0.00 secs] 
2021-01-18T17:57:46.798+0500: [CMS-concurrent-preclean-start]
2021-01-18T17:57:46.800+0500: [CMS-concurrent-preclean: 0.001/0.001 secs] [Times: user=0.00 sys=0.00, real=0.01 secs] 
2021-01-18T17:57:46.800+0500: [CMS-concurrent-abortable-preclean-start]
2021-01-18T17:57:46.800+0500: [CMS-concurrent-abortable-preclean: 0.000/0.000 secs] [Times: user=0.00 sys=0.00, real=0.00 secs] 
2021-01-18T17:57:46.800+0500: [GC (CMS Final Remark) [YG occupancy: 72532 K (78656 K)]2021-01-18T17:57:46.800+0500: [Rescan (parallel) , 0.0014798 secs]2021-01-18T17:57:46.801+0500: [weak refs processing, 0.0000326 secs]2021-01-18T17:57:46.801+0500: [class unloading, 0.0005262 secs]2021-01-18T17:57:46.802+0500: [scrub symbol table, 0.0006844 secs]2021-01-18T17:57:46.803+0500: [scrub string table, 0.0002895 secs][1 CMS-remark: 174684K(174784K)] 247216K(253440K), 0.0034112 secs] [Times: user=0.01 sys=0.00, real=0.00 secs] 
2021-01-18T17:57:46.803+0500: [CMS-concurrent-sweep-start]
2021-01-18T17:57:46.804+0500: [CMS-concurrent-sweep: 0.001/0.001 secs] [Times: user=0.00 sys=0.00, real=0.00 secs] 
2021-01-18T17:57:46.804+0500: [CMS-concurrent-reset-start]
2021-01-18T17:57:46.804+0500: [CMS-concurrent-reset: 0.000/0.000 secs] [Times: user=0.00 sys=0.00, real=0.00 secs] 
2021-01-18T17:57:46.805+0500: [GC (Allocation Failure) 2021-01-18T17:57:46.805+0500: [ParNew: 78421K->78421K(78656K), 0.0000597 secs]2021-01-18T17:57:46.805+0500: [CMS: 174134K->174699K(174784K), 0.0357662 secs] 252556K->237853K(253440K), [Metaspace: 2706K->2706K(1056768K)], 0.0359242 secs] [Times: user=0.04 sys=0.00, real=0.04 secs] 
2021-01-18T17:57:46.841+0500: [GC (CMS Initial Mark) [1 CMS-initial-mark: 174699K(174784K)] 238223K(253440K), 0.0002777 secs] [Times: user=0.00 sys=0.00, real=0.00 secs] 
2021-01-18T17:57:46.842+0500: [CMS-concurrent-mark-start]
2021-01-18T17:57:46.842+0500: [CMS-concurrent-mark: 0.001/0.001 secs] [Times: user=0.00 sys=0.00, real=0.00 secs] 
2021-01-18T17:57:46.843+0500: [CMS-concurrent-preclean-start]
2021-01-18T17:57:46.844+0500: [CMS-concurrent-preclean: 0.001/0.001 secs] [Times: user=0.00 sys=0.00, real=0.00 secs] 
2021-01-18T17:57:46.844+0500: [CMS-concurrent-abortable-preclean-start]
2021-01-18T17:57:46.844+0500: [CMS-concurrent-abortable-preclean: 0.000/0.000 secs] [Times: user=0.00 sys=0.00, real=0.00 secs] 
2021-01-18T17:57:46.844+0500: [GC (CMS Final Remark) [YG occupancy: 75508 K (78656 K)]2021-01-18T17:57:46.844+0500: [Rescan (parallel) , 0.0002503 secs]2021-01-18T17:57:46.844+0500: [weak refs processing, 0.0000194 secs]2021-01-18T17:57:46.844+0500: [class unloading, 0.0002265 secs]2021-01-18T17:57:46.844+0500: [scrub symbol table, 0.0003551 secs]2021-01-18T17:57:46.845+0500: [scrub string table, 0.0002109 secs][1 CMS-remark: 174699K(174784K)] 250208K(253440K), 0.0011218 secs] [Times: user=0.00 sys=0.00, real=0.00 secs] 
2021-01-18T17:57:46.845+0500: [CMS-concurrent-sweep-start]
2021-01-18T17:57:46.845+0500: [CMS-concurrent-sweep: 0.000/0.000 secs] [Times: user=0.01 sys=0.00, real=0.00 secs] 
2021-01-18T17:57:46.845+0500: [CMS-concurrent-reset-start]
2021-01-18T17:57:46.846+0500: [GC (Allocation Failure) 2021-01-18T17:57:46.846+0500: [ParNew: 78604K->78604K(78656K), 0.0000189 secs]2021-01-18T17:57:46.846+0500: [CMS2021-01-18T17:57:46.846+0500: [CMS-concurrent-reset: 0.000/0.000 secs] [Times: user=0.00 sys=0.00, real=0.00 secs] 
: 174648K->174762K(174784K), 0.0260765 secs] 253253K->240311K(253440K), [Metaspace: 2706K->2706K(1056768K)], 0.0261432 secs] [Times: user=0.02 sys=0.00, real=0.03 secs] 
2021-01-18T17:57:46.875+0500: [Full GC (Allocation Failure) 2021-01-18T17:57:46.875+0500: [CMS: 174762K->174523K(174784K), 0.0334450 secs] 253367K->243538K(253440K), [Metaspace: 2706K->2706K(1056768K)], 0.0335052 secs] [Times: user=0.03 sys=0.00, real=0.03 secs] 
2021-01-18T17:57:46.908+0500: [GC (CMS Initial Mark) [1 CMS-initial-mark: 174523K(174784K)] 244061K(253440K), 0.0002739 secs] [Times: user=0.00 sys=0.00, real=0.00 secs] 
2021-01-18T17:57:46.909+0500: [CMS-concurrent-mark-start]
执行结束!共生成对象次数:4572
Heap
 par new generation   total 78656K, used 69952K [0x00000007b0000000, 0x00000007b5550000, 0x00000007b5550000)
  eden space 69952K, 100% used [0x00000007b0000000, 0x00000007b4450000, 0x00000007b4450000)
  from space 8704K,   0% used [0x00000007b4cd0000, 0x00000007b4cd0000, 0x00000007b5550000)
  to   space 8704K,   0% used [0x00000007b4450000, 0x00000007b4450000, 0x00000007b4cd0000)
 concurrent mark-sweep generation total 174784K, used 174523K [0x00000007b5550000, 0x00000007c0000000, 0x00000007c0000000)
 Metaspace       used 2712K, capacity 4486K, committed 4864K, reserved 1056768K
  class space    used 295K, capacity 386K, committed 512K, reserved 1048576K



3.2 512m

$ java -Xmx512m -XX:+UseConcMarkSweepGC -XX:+PrintGCDetails -XX:+PrintGCDateStamps GCLogAnalysis
正在执行...
2021-01-18T18:44:15.178+0500: [GC (Allocation Failure) 2021-01-18T18:44:15.178+0500: [ParNew: 69952K->8698K(78656K), 0.0119633 secs] 69952K->25948K(253440K), 0.0120128 secs] [Times: user=0.02 sys=0.04, real=0.02 secs] 
2021-01-18T18:44:15.206+0500: [GC (Allocation Failure) 2021-01-18T18:44:15.206+0500: [ParNew: 78625K->8703K(78656K), 0.0169698 secs] 95876K->47448K(253440K), 0.0170168 secs] [Times: user=0.02 sys=0.03, real=0.02 secs] 
2021-01-18T18:44:15.235+0500: [GC (Allocation Failure) 2021-01-18T18:44:15.235+0500: [ParNew: 78655K->8688K(78656K), 0.0412315 secs] 117400K->69447K(253440K), 0.0412837 secs] [Times: user=0.08 sys=0.01, real=0.04 secs] 
2021-01-18T18:44:15.288+0500: [GC (Allocation Failure) 2021-01-18T18:44:15.288+0500: [ParNew: 78371K->8703K(78656K), 0.0240210 secs] 139130K->92281K(253440K), 0.0240886 secs] [Times: user=0.06 sys=0.01, real=0.03 secs] 
2021-01-18T18:44:15.327+0500: [GC (Allocation Failure) 2021-01-18T18:44:15.327+0500: [ParNew: 78655K->8701K(78656K), 0.0246076 secs] 162233K->116684K(253440K), 0.0246548 secs] [Times: user=0.10 sys=0.02, real=0.03 secs] 
2021-01-18T18:44:15.352+0500: [GC (CMS Initial Mark) [1 CMS-initial-mark: 107982K(174784K)] 118360K(253440K), 0.0004656 secs] [Times: user=0.00 sys=0.00, real=0.00 secs] 
2021-01-18T18:44:15.353+0500: [CMS-concurrent-mark-start]
2021-01-18T18:44:15.355+0500: [CMS-concurrent-mark: 0.002/0.002 secs] [Times: user=0.00 sys=0.00, real=0.00 secs] 
2021-01-18T18:44:15.355+0500: [CMS-concurrent-preclean-start]
2021-01-18T18:44:15.356+0500: [CMS-concurrent-preclean: 0.001/0.001 secs] [Times: user=0.00 sys=0.00, real=0.00 secs] 
2021-01-18T18:44:15.356+0500: [CMS-concurrent-abortable-preclean-start]
2021-01-18T18:44:15.366+0500: [GC (Allocation Failure) 2021-01-18T18:44:15.366+0500: [ParNew: 78653K->8703K(78656K), 0.0231384 secs] 186636K->140620K(253440K), 0.0231838 secs] [Times: user=0.11 sys=0.01, real=0.03 secs] 
2021-01-18T18:44:15.405+0500: [GC (Allocation Failure) 2021-01-18T18:44:15.405+0500: [ParNew: 78655K->8703K(78656K), 0.0207663 secs] 210572K->162566K(253440K), 0.0208185 secs] [Times: user=0.05 sys=0.01, real=0.02 secs] 
2021-01-18T18:44:15.439+0500: [GC (Allocation Failure) 2021-01-18T18:44:15.439+0500: [ParNew: 78655K->8702K(78656K), 0.0236892 secs] 232518K->186414K(256924K), 0.0237328 secs] [Times: user=0.11 sys=0.01, real=0.03 secs] 
2021-01-18T18:44:15.477+0500: [GC (Allocation Failure) 2021-01-18T18:44:15.477+0500: [ParNew: 78654K->8702K(78656K), 0.0259355 secs] 256366K->211042K(281660K), 0.0259835 secs] [Times: user=0.12 sys=0.02, real=0.03 secs] 
2021-01-18T18:44:15.517+0500: [GC (Allocation Failure) 2021-01-18T18:44:15.517+0500: [ParNew: 78654K->8703K(78656K), 0.0174958 secs] 280994K->230381K(300892K), 0.0175374 secs] [Times: user=0.08 sys=0.01, real=0.02 secs] 
2021-01-18T18:44:15.546+0500: [GC (Allocation Failure) 2021-01-18T18:44:15.546+0500: [ParNew: 78337K->8702K(78656K), 0.0223951 secs] 300016K->251081K(321572K), 0.0224916 secs] [Times: user=0.08 sys=0.01, real=0.02 secs] 
2021-01-18T18:44:15.580+0500: [GC (Allocation Failure) 2021-01-18T18:44:15.580+0500: [ParNew: 78654K->8703K(78656K), 0.0236028 secs] 321033K->271431K(342072K), 0.0236505 secs] [Times: user=0.10 sys=0.01, real=0.02 secs] 
2021-01-18T18:44:15.614+0500: [GC (Allocation Failure) 2021-01-18T18:44:15.614+0500: [ParNew: 78655K->8697K(78656K), 0.0240428 secs] 341383K->297042K(367756K), 0.0240944 secs] [Times: user=0.12 sys=0.01, real=0.02 secs] 
2021-01-18T18:44:15.653+0500: [GC (Allocation Failure) 2021-01-18T18:44:15.653+0500: [ParNew: 78621K->8703K(78656K), 0.0247563 secs] 366966K->325757K(396480K), 0.0247955 secs] [Times: user=0.13 sys=0.01, real=0.02 secs] 
2021-01-18T18:44:15.693+0500: [GC (Allocation Failure) 2021-01-18T18:44:15.693+0500: [ParNew: 78612K->8698K(78656K), 0.0231433 secs] 395667K->350837K(421452K), 0.0232162 secs] [Times: user=0.10 sys=0.01, real=0.02 secs] 
2021-01-18T18:44:15.716+0500: [CMS-concurrent-abortable-preclean: 0.012/0.360 secs] [Times: user=1.14 sys=0.11, real=0.36 secs] 
2021-01-18T18:44:15.716+0500: [GC (CMS Final Remark) [YG occupancy: 8765 K (78656 K)]2021-01-18T18:44:15.716+0500: [Rescan (parallel) , 0.0018018 secs]2021-01-18T18:44:15.718+0500: [weak refs processing, 0.0000427 secs]2021-01-18T18:44:15.718+0500: [class unloading, 0.0004423 secs]2021-01-18T18:44:15.718+0500: [scrub symbol table, 0.0004126 secs]2021-01-18T18:44:15.719+0500: [scrub string table, 0.0001661 secs][1 CMS-remark: 342138K(342796K)] 350903K(421452K), 0.0029758 secs] [Times: user=0.01 sys=0.00, real=0.00 secs] 
2021-01-18T18:44:15.719+0500: [CMS-concurrent-sweep-start]
2021-01-18T18:44:15.720+0500: [CMS-concurrent-sweep: 0.001/0.001 secs] [Times: user=0.00 sys=0.00, real=0.01 secs] 
2021-01-18T18:44:15.720+0500: [CMS-concurrent-reset-start]
2021-01-18T18:44:15.721+0500: [CMS-concurrent-reset: 0.001/0.001 secs] [Times: user=0.00 sys=0.00, real=0.00 secs] 
2021-01-18T18:44:15.729+0500: [GC (Allocation Failure) 2021-01-18T18:44:15.729+0500: [ParNew: 78650K->78650K(78656K), 0.0000200 secs]2021-01-18T18:44:15.729+0500: [CMS: 326740K->249959K(349568K), 0.0615494 secs] 405391K->249959K(428224K), [Metaspace: 2706K->2706K(1056768K)], 0.0617965 secs] [Times: user=0.06 sys=0.01, real=0.07 secs] 
2021-01-18T18:44:15.791+0500: [GC (CMS Initial Mark) [1 CMS-initial-mark: 249959K(349568K)] 252948K(506816K), 0.0002558 secs] [Times: user=0.00 sys=0.00, real=0.00 secs] 
2021-01-18T18:44:15.791+0500: [CMS-concurrent-mark-start]
2021-01-18T18:44:15.792+0500: [CMS-concurrent-mark: 0.001/0.001 secs] [Times: user=0.00 sys=0.00, real=0.00 secs] 
2021-01-18T18:44:15.792+0500: [CMS-concurrent-preclean-start]
2021-01-18T18:44:15.793+0500: [CMS-concurrent-preclean: 0.001/0.001 secs] [Times: user=0.00 sys=0.00, real=0.00 secs] 
2021-01-18T18:44:15.793+0500: [CMS-concurrent-abortable-preclean-start]
2021-01-18T18:44:15.844+0500: [GC (Allocation Failure) 2021-01-18T18:44:15.844+0500: [ParNew: 139776K->17470K(157248K), 0.0209716 secs] 389735K->296747K(506816K), 0.0210169 secs] [Times: user=0.09 sys=0.01, real=0.02 secs] 
2021-01-18T18:44:15.890+0500: [GC (Allocation Failure) 2021-01-18T18:44:15.890+0500: [ParNew: 157246K->17469K(157248K), 0.0183892 secs] 436523K->343483K(506816K), 0.0184804 secs] [Times: user=0.11 sys=0.01, real=0.01 secs] 
2021-01-18T18:44:15.909+0500: [CMS-concurrent-abortable-preclean: 0.003/0.117 secs] [Times: user=0.28 sys=0.03, real=0.11 secs] 
2021-01-18T18:44:15.909+0500: [GC (CMS Final Remark) [YG occupancy: 23752 K (157248 K)]2021-01-18T18:44:15.909+0500: [Rescan (parallel) , 0.0002668 secs]2021-01-18T18:44:15.910+0500: [weak refs processing, 0.0000118 secs]2021-01-18T18:44:15.910+0500: [class unloading, 0.0002646 secs]2021-01-18T18:44:15.910+0500: [scrub symbol table, 0.0003855 secs]2021-01-18T18:44:15.910+0500: [scrub string table, 0.0002691 secs][1 CMS-remark: 326014K(349568K)] 349767K(506816K), 0.0013162 secs] [Times: user=0.00 sys=0.00, real=0.01 secs] 
2021-01-18T18:44:15.911+0500: [CMS-concurrent-sweep-start]
2021-01-18T18:44:15.912+0500: [CMS-concurrent-sweep: 0.001/0.001 secs] [Times: user=0.00 sys=0.00, real=0.00 secs] 
2021-01-18T18:44:15.912+0500: [CMS-concurrent-reset-start]
2021-01-18T18:44:15.912+0500: [CMS-concurrent-reset: 0.000/0.000 secs] [Times: user=0.00 sys=0.00, real=0.00 secs] 
2021-01-18T18:44:15.934+0500: [GC (Allocation Failure) 2021-01-18T18:44:15.934+0500: [ParNew: 157245K->157245K(157248K), 0.0000208 secs]2021-01-18T18:44:15.934+0500: [CMS: 325927K->293837K(349568K), 0.0529958 secs] 483172K->293837K(506816K), [Metaspace: 2706K->2706K(1056768K)], 0.0531116 secs] [Times: user=0.05 sys=0.00, real=0.05 secs] 
2021-01-18T18:44:15.987+0500: [GC (CMS Initial Mark) [1 CMS-initial-mark: 293837K(349568K)] 296642K(506816K), 0.0001996 secs] [Times: user=0.00 sys=0.00, real=0.00 secs] 
2021-01-18T18:44:15.987+0500: [CMS-concurrent-mark-start]
2021-01-18T18:44:15.989+0500: [CMS-concurrent-mark: 0.001/0.001 secs] [Times: user=0.00 sys=0.00, real=0.00 secs] 
2021-01-18T18:44:15.989+0500: [CMS-concurrent-preclean-start]
2021-01-18T18:44:15.989+0500: [CMS-concurrent-preclean: 0.001/0.001 secs] [Times: user=0.01 sys=0.00, real=0.00 secs] 
2021-01-18T18:44:15.989+0500: [CMS-concurrent-abortable-preclean-start]
2021-01-18T18:44:16.010+0500: [GC (Allocation Failure) 2021-01-18T18:44:16.010+0500: [ParNew: 139658K->17471K(157248K), 0.0081787 secs] 433495K->343972K(506816K), 0.0082187 secs] [Times: user=0.04 sys=0.00, real=0.00 secs] 
2021-01-18T18:44:16.020+0500: [CMS-concurrent-abortable-preclean: 0.001/0.030 secs] [Times: user=0.06 sys=0.00, real=0.04 secs] 
2021-01-18T18:44:16.020+0500: [GC (CMS Final Remark) [YG occupancy: 27890 K (157248 K)]2021-01-18T18:44:16.020+0500: [Rescan (parallel) , 0.0010164 secs]2021-01-18T18:44:16.021+0500: [weak refs processing, 0.0000163 secs]2021-01-18T18:44:16.021+0500: [class unloading, 0.0002344 secs]2021-01-18T18:44:16.021+0500: [scrub symbol table, 0.0005410 secs]2021-01-18T18:44:16.022+0500: [scrub string table, 0.0002389 secs][1 CMS-remark: 326501K(349568K)] 354391K(506816K), 0.0021477 secs] [Times: user=0.01 sys=0.00, real=0.00 secs] 
2021-01-18T18:44:16.022+0500: [CMS-concurrent-sweep-start]
2021-01-18T18:44:16.023+0500: [CMS-concurrent-sweep: 0.001/0.001 secs] [Times: user=0.00 sys=0.00, real=0.00 secs] 
2021-01-18T18:44:16.023+0500: [CMS-concurrent-reset-start]
2021-01-18T18:44:16.024+0500: [CMS-concurrent-reset: 0.001/0.001 secs] [Times: user=0.00 sys=0.00, real=0.00 secs] 
2021-01-18T18:44:16.041+0500: [GC (Allocation Failure) 2021-01-18T18:44:16.041+0500: [ParNew: 157247K->157247K(157248K), 0.0000194 secs]2021-01-18T18:44:16.041+0500: [CMS: 326481K->318194K(349568K), 0.0543173 secs] 483728K->318194K(506816K), [Metaspace: 2706K->2706K(1056768K)], 0.0543959 secs] [Times: user=0.05 sys=0.01, real=0.05 secs] 
2021-01-18T18:44:16.095+0500: [GC (CMS Initial Mark) [1 CMS-initial-mark: 318194K(349568K)] 318381K(506816K), 0.0002138 secs] [Times: user=0.00 sys=0.00, real=0.00 secs] 
2021-01-18T18:44:16.096+0500: [CMS-concurrent-mark-start]
2021-01-18T18:44:16.097+0500: [CMS-concurrent-mark: 0.002/0.002 secs] [Times: user=0.00 sys=0.00, real=0.00 secs] 
2021-01-18T18:44:16.097+0500: [CMS-concurrent-preclean-start]
2021-01-18T18:44:16.098+0500: [CMS-concurrent-preclean: 0.001/0.001 secs] [Times: user=0.00 sys=0.00, real=0.00 secs] 
2021-01-18T18:44:16.098+0500: [CMS-concurrent-abortable-preclean-start]
2021-01-18T18:44:16.120+0500: [GC (Allocation Failure) 2021-01-18T18:44:16.120+0500: [ParNew: 139668K->139668K(157248K), 0.0000218 secs]2021-01-18T18:44:16.120+0500: [CMS2021-01-18T18:44:16.120+0500: [CMS-concurrent-abortable-preclean: 0.001/0.021 secs] [Times: user=0.03 sys=0.00, real=0.03 secs] 
 (concurrent mode failure): 318194K->323648K(349568K), 0.0552422 secs] 457862K->323648K(506816K), [Metaspace: 2706K->2706K(1056768K)], 0.0553246 secs] [Times: user=0.05 sys=0.00, real=0.05 secs] 
执行结束!共生成对象次数:7388
Heap
 par new generation   total 157248K, used 6255K [0x00000007a0000000, 0x00000007aaaa0000, 0x00000007aaaa0000)
  eden space 139776K,   4% used [0x00000007a0000000, 0x00000007a061bc98, 0x00000007a8880000)
  from space 17472K,   0% used [0x00000007a9990000, 0x00000007a9990000, 0x00000007aaaa0000)
  to   space 17472K,   0% used [0x00000007a8880000, 0x00000007a8880000, 0x00000007a9990000)
 concurrent mark-sweep generation total 349568K, used 323648K [0x00000007aaaa0000, 0x00000007c0000000, 0x00000007c0000000)
 Metaspace       used 2712K, capacity 4486K, committed 4864K, reserved 1056768K
  class space    used 295K, capacity 386K, committed 512K, reserved 1048576K


3.3 1g

$ java -Xmx1g -XX:+UseConcMarkSweepGC -XX:+PrintGCDetails -XX:+PrintGCDateStamps GCLogAnalysis
正在执行...
2021-01-18T18:46:00.479+0500: [GC (Allocation Failure) 2021-01-18T18:46:00.479+0500: [ParNew: 69895K->8703K(78656K), 0.0090741 secs] 69895K->22055K(253440K), 0.0091329 secs] [Times: user=0.01 sys=0.03, real=0.01 secs] 
2021-01-18T18:46:00.502+0500: [GC (Allocation Failure) 2021-01-18T18:46:00.502+0500: [ParNew: 78583K->8702K(78656K), 0.0117116 secs] 91936K->43825K(253440K), 0.0117762 secs] [Times: user=0.02 sys=0.05, real=0.01 secs] 
2021-01-18T18:46:00.531+0500: [GC (Allocation Failure) 2021-01-18T18:46:00.531+0500: [ParNew: 78654K->8704K(78656K), 0.0142421 secs] 113777K->65107K(253440K), 0.0142816 secs] [Times: user=0.08 sys=0.00, real=0.01 secs] 
2021-01-18T18:46:00.558+0500: [GC (Allocation Failure) 2021-01-18T18:46:00.558+0500: [ParNew: 78656K->8703K(78656K), 0.0203572 secs] 135059K->93000K(253440K), 0.0204000 secs] [Times: user=0.09 sys=0.01, real=0.02 secs] 
2021-01-18T18:46:00.591+0500: [GC (Allocation Failure) 2021-01-18T18:46:00.591+0500: [ParNew: 78246K->8703K(78656K), 0.0148047 secs] 162543K->114713K(253440K), 0.0148584 secs] [Times: user=0.09 sys=0.01, real=0.01 secs] 
2021-01-18T18:46:00.607+0500: [GC (CMS Initial Mark) [1 CMS-initial-mark: 106009K(174784K)] 115394K(253440K), 0.0002399 secs] [Times: user=0.00 sys=0.00, real=0.00 secs] 
2021-01-18T18:46:00.607+0500: [CMS-concurrent-mark-start]
2021-01-18T18:46:00.608+0500: [CMS-concurrent-mark: 0.001/0.001 secs] [Times: user=0.01 sys=0.00, real=0.00 secs] 
2021-01-18T18:46:00.608+0500: [CMS-concurrent-preclean-start]
2021-01-18T18:46:00.609+0500: [CMS-concurrent-preclean: 0.000/0.000 secs] [Times: user=0.00 sys=0.00, real=0.00 secs] 
2021-01-18T18:46:00.609+0500: [CMS-concurrent-abortable-preclean-start]
2021-01-18T18:46:00.624+0500: [GC (Allocation Failure) 2021-01-18T18:46:00.624+0500: [ParNew: 78655K->8703K(78656K), 0.0152879 secs] 184665K->137694K(253440K), 0.0153255 secs] [Times: user=0.08 sys=0.01, real=0.02 secs] 
2021-01-18T18:46:00.655+0500: [GC (Allocation Failure) 2021-01-18T18:46:00.655+0500: [ParNew: 78639K->8700K(78656K), 0.0177022 secs] 207630K->160156K(253440K), 0.0177723 secs] [Times: user=0.09 sys=0.01, real=0.02 secs] 
2021-01-18T18:46:00.686+0500: [GC (Allocation Failure) 2021-01-18T18:46:00.686+0500: [ParNew: 78562K->8701K(78656K), 0.0171314 secs] 230017K->184926K(255620K), 0.0171703 secs] [Times: user=0.10 sys=0.01, real=0.02 secs] 
2021-01-18T18:46:00.720+0500: [GC (Allocation Failure) 2021-01-18T18:46:00.720+0500: [ParNew: 78653K->8701K(78656K), 0.0149999 secs] 254878K->206383K(277044K), 0.0150586 secs] [Times: user=0.09 sys=0.01, real=0.01 secs] 
2021-01-18T18:46:00.749+0500: [GC (Allocation Failure) 2021-01-18T18:46:00.749+0500: [ParNew: 78243K->8701K(78656K), 0.0194638 secs] 275925K->231086K(301676K), 0.0195302 secs] [Times: user=0.10 sys=0.01, real=0.02 secs] 
2021-01-18T18:46:00.785+0500: [GC (Allocation Failure) 2021-01-18T18:46:00.785+0500: [ParNew: 78653K->8702K(78656K), 0.0145053 secs] 301038K->252273K(322812K), 0.0145462 secs] [Times: user=0.08 sys=0.01, real=0.02 secs] 
2021-01-18T18:46:00.818+0500: [GC (Allocation Failure) 2021-01-18T18:46:00.818+0500: [ParNew: 78250K->8701K(78656K), 0.0159371 secs] 321821K->272946K(343580K), 0.0160150 secs] [Times: user=0.08 sys=0.01, real=0.02 secs] 
2021-01-18T18:46:00.848+0500: [GC (Allocation Failure) 2021-01-18T18:46:00.848+0500: [ParNew: 78461K->8697K(78656K), 0.0168940 secs] 342705K->296964K(367532K), 0.0169380 secs] [Times: user=0.09 sys=0.01, real=0.02 secs] 
2021-01-18T18:46:00.879+0500: [GC (Allocation Failure) 2021-01-18T18:46:00.879+0500: [ParNew: 78649K->8702K(78656K), 0.0149854 secs] 366916K->320382K(391056K), 0.0150273 secs] [Times: user=0.08 sys=0.01, real=0.02 secs] 
2021-01-18T18:46:00.908+0500: [GC (Allocation Failure) 2021-01-18T18:46:00.908+0500: [ParNew: 78654K->8692K(78656K), 0.0189234 secs] 390334K->345132K(415828K), 0.0190335 secs] [Times: user=0.09 sys=0.01, real=0.02 secs] 
2021-01-18T18:46:00.941+0500: [GC (Allocation Failure) 2021-01-18T18:46:00.941+0500: [ParNew: 78644K->8702K(78656K), 0.0169037 secs] 415084K->366952K(437740K), 0.0169795 secs] [Times: user=0.08 sys=0.01, real=0.01 secs] 
2021-01-18T18:46:00.972+0500: [GC (Allocation Failure) 2021-01-18T18:46:00.972+0500: [ParNew: 78610K->8703K(78656K), 0.0176164 secs] 436860K->392769K(463572K), 0.0176592 secs] [Times: user=0.09 sys=0.01, real=0.01 secs] 
2021-01-18T18:46:01.004+0500: [GC (Allocation Failure) 2021-01-18T18:46:01.004+0500: [ParNew: 78490K->8693K(78656K), 0.0178263 secs] 462556K->418880K(489540K), 0.0178759 secs] [Times: user=0.10 sys=0.01, real=0.02 secs] 
2021-01-18T18:46:01.036+0500: [GC (Allocation Failure) 2021-01-18T18:46:01.036+0500: [ParNew: 78645K->8700K(78656K), 0.0166895 secs] 488832K->442036K(512692K), 0.0167299 secs] [Times: user=0.09 sys=0.01, real=0.02 secs] 
2021-01-18T18:46:01.067+0500: [GC (Allocation Failure) 2021-01-18T18:46:01.067+0500: [ParNew: 78558K->8698K(78656K), 0.0161689 secs] 511894K->464567K(535284K), 0.0162147 secs] [Times: user=0.07 sys=0.01, real=0.02 secs] 
2021-01-18T18:46:01.100+0500: [GC (Allocation Failure) 2021-01-18T18:46:01.100+0500: [ParNew: 78630K->8702K(78656K), 0.0137492 secs] 534499K->484409K(555196K), 0.0138063 secs] [Times: user=0.08 sys=0.01, real=0.01 secs] 
2021-01-18T18:46:01.129+0500: [GC (Allocation Failure) 2021-01-18T18:46:01.129+0500: [ParNew: 78525K->8703K(78656K), 0.0176165 secs] 554233K->506945K(577620K), 0.0176774 secs] [Times: user=0.09 sys=0.01, real=0.02 secs] 
2021-01-18T18:46:01.159+0500: [GC (Allocation Failure) 2021-01-18T18:46:01.159+0500: [ParNew: 78655K->8699K(78656K), 0.0147494 secs] 576897K->528718K(599576K), 0.0147886 secs] [Times: user=0.08 sys=0.01, real=0.02 secs] 
2021-01-18T18:46:01.191+0500: [GC (Allocation Failure) 2021-01-18T18:46:01.191+0500: [ParNew: 78651K->8701K(78656K), 0.0162699 secs] 598670K->551394K(622104K), 0.0163388 secs] [Times: user=0.09 sys=0.01, real=0.01 secs] 
2021-01-18T18:46:01.221+0500: [GC (Allocation Failure) 2021-01-18T18:46:01.221+0500: [ParNew: 78653K->8703K(78656K), 0.0194983 secs] 621346K->576109K(646828K), 0.0195605 secs] [Times: user=0.10 sys=0.01, real=0.02 secs] 
2021-01-18T18:46:01.258+0500: [GC (Allocation Failure) 2021-01-18T18:46:01.258+0500: [ParNew: 78655K->8695K(78656K), 0.0161908 secs] 646061K->598309K(669172K), 0.0162351 secs] [Times: user=0.06 sys=0.01, real=0.02 secs] 
2021-01-18T18:46:01.287+0500: [GC (Allocation Failure) 2021-01-18T18:46:01.287+0500: [ParNew: 77981K->8700K(78656K), 0.0182408 secs] 667595K->625134K(695968K), 0.0182894 secs] [Times: user=0.11 sys=0.01, real=0.02 secs] 
2021-01-18T18:46:01.322+0500: [GC (Allocation Failure) 2021-01-18T18:46:01.322+0500: [ParNew: 78652K->8703K(78656K), 0.0189011 secs] 695086K->648818K(719644K), 0.0189547 secs] [Times: user=0.09 sys=0.01, real=0.02 secs] 
2021-01-18T18:46:01.355+0500: [GC (Allocation Failure) 2021-01-18T18:46:01.355+0500: [ParNew: 78655K->8703K(78656K), 0.0196387 secs] 718770K->673950K(744912K), 0.0196951 secs] [Times: user=0.10 sys=0.01, real=0.02 secs] 
2021-01-18T18:46:01.388+0500: [GC (Allocation Failure) 2021-01-18T18:46:01.388+0500: [ParNew: 78474K->8700K(78656K), 0.0174596 secs] 743721K->699036K(769920K), 0.0175263 secs] [Times: user=0.10 sys=0.01, real=0.02 secs] 
2021-01-18T18:46:01.406+0500: [CMS-concurrent-abortable-preclean: 0.040/0.797 secs] [Times: user=2.60 sys=0.26, real=0.80 secs] 
2021-01-18T18:46:01.406+0500: [GC (CMS Final Remark) [YG occupancy: 9101 K (78656 K)]2021-01-18T18:46:01.406+0500: [Rescan (parallel) , 0.0004699 secs]2021-01-18T18:46:01.407+0500: [weak refs processing, 0.0000220 secs]2021-01-18T18:46:01.407+0500: [class unloading, 0.0002755 secs]2021-01-18T18:46:01.407+0500: [scrub symbol table, 0.0004056 secs]2021-01-18T18:46:01.407+0500: [scrub string table, 0.0003091 secs][1 CMS-remark: 690336K(691264K)] 699437K(769920K), 0.0015819 secs] [Times: user=0.00 sys=0.00, real=0.00 secs] 
2021-01-18T18:46:01.408+0500: [CMS-concurrent-sweep-start]
2021-01-18T18:46:01.409+0500: [CMS-concurrent-sweep: 0.001/0.001 secs] [Times: user=0.01 sys=0.00, real=0.00 secs] 
2021-01-18T18:46:01.409+0500: [CMS-concurrent-reset-start]
2021-01-18T18:46:01.412+0500: [CMS-concurrent-reset: 0.003/0.003 secs] [Times: user=0.00 sys=0.01, real=0.01 secs] 
执行结束!共生成对象次数:8230
Heap
 par new generation   total 78656K, used 73067K [0x0000000780000000, 0x0000000785550000, 0x0000000795550000)
  eden space 69952K,  92% used [0x0000000780000000, 0x0000000783edbd18, 0x0000000784450000)
  from space 8704K,  99% used [0x0000000784450000, 0x0000000784ccf058, 0x0000000784cd0000)
  to   space 8704K,   0% used [0x0000000784cd0000, 0x0000000784cd0000, 0x0000000785550000)
 concurrent mark-sweep generation total 699072K, used 678493K [0x0000000795550000, 0x00000007c0000000, 0x00000007c0000000)
 Metaspace       used 2712K, capacity 4486K, committed 4864K, reserved 1056768K
  class space    used 295K, capacity 386K, committed 512K, reserved 1048576K



3.4 2g

$ java -Xmx2g -XX:+UseConcMarkSweepGC -XX:+PrintGCDetails -XX:+PrintGCDateStamps GCLogAnalysis
正在执行...
2021-01-18T18:47:16.484+0500: [GC (Allocation Failure) 2021-01-18T18:47:16.484+0500: [ParNew: 69952K->8700K(78656K), 0.0116596 secs] 69952K->25773K(253440K), 0.0117071 secs] [Times: user=0.02 sys=0.05, real=0.01 secs] 
2021-01-18T18:47:16.508+0500: [GC (Allocation Failure) 2021-01-18T18:47:16.508+0500: [ParNew: 78561K->8704K(78656K), 0.0161592 secs] 95634K->51862K(253440K), 0.0161993 secs] [Times: user=0.03 sys=0.05, real=0.02 secs] 
2021-01-18T18:47:16.535+0500: [GC (Allocation Failure) 2021-01-18T18:47:16.535+0500: [ParNew: 78225K->8703K(78656K), 0.0143514 secs] 121384K->75065K(253440K), 0.0143898 secs] [Times: user=0.10 sys=0.01, real=0.02 secs] 
2021-01-18T18:47:16.560+0500: [GC (Allocation Failure) 2021-01-18T18:47:16.560+0500: [ParNew: 78655K->8700K(78656K), 0.0162714 secs] 145017K->96764K(253440K), 0.0163107 secs] [Times: user=0.08 sys=0.01, real=0.01 secs] 
2021-01-18T18:47:16.576+0500: [GC (CMS Initial Mark) [1 CMS-initial-mark: 88063K(174784K)] 97005K(253440K), 0.0002775 secs] [Times: user=0.00 sys=0.00, real=0.00 secs] 
2021-01-18T18:47:16.576+0500: [CMS-concurrent-mark-start]
2021-01-18T18:47:16.578+0500: [CMS-concurrent-mark: 0.001/0.001 secs] [Times: user=0.00 sys=0.00, real=0.00 secs] 
2021-01-18T18:47:16.578+0500: [CMS-concurrent-preclean-start]
2021-01-18T18:47:16.578+0500: [CMS-concurrent-preclean: 0.001/0.001 secs] [Times: user=0.00 sys=0.00, real=0.00 secs] 
2021-01-18T18:47:16.578+0500: [CMS-concurrent-abortable-preclean-start]
2021-01-18T18:47:16.587+0500: [GC (Allocation Failure) 2021-01-18T18:47:16.587+0500: [ParNew: 78652K->8703K(78656K), 0.0134192 secs] 166716K->117988K(253440K), 0.0134602 secs] [Times: user=0.09 sys=0.01, real=0.02 secs] 
2021-01-18T18:47:16.615+0500: [GC (Allocation Failure) 2021-01-18T18:47:16.615+0500: [ParNew: 78609K->8703K(78656K), 0.0145936 secs] 187894K->140698K(253440K), 0.0146421 secs] [Times: user=0.09 sys=0.01, real=0.01 secs] 
2021-01-18T18:47:16.639+0500: [GC (Allocation Failure) 2021-01-18T18:47:16.639+0500: [ParNew: 78100K->8699K(78656K), 0.0138605 secs] 210094K->162982K(253440K), 0.0139011 secs] [Times: user=0.09 sys=0.01, real=0.02 secs] 
2021-01-18T18:47:16.666+0500: [GC (Allocation Failure) 2021-01-18T18:47:16.666+0500: [ParNew: 78651K->8701K(78656K), 0.0152092 secs] 232934K->186268K(256808K), 0.0152541 secs] [Times: user=0.10 sys=0.01, real=0.02 secs] 
2021-01-18T18:47:16.695+0500: [GC (Allocation Failure) 2021-01-18T18:47:16.695+0500: [ParNew: 78651K->8697K(78656K), 0.0146315 secs] 256218K->208066K(278576K), 0.0146952 secs] [Times: user=0.09 sys=0.01, real=0.02 secs] 
2021-01-18T18:47:16.720+0500: [GC (Allocation Failure) 2021-01-18T18:47:16.720+0500: [ParNew: 78649K->8702K(78656K), 0.0174802 secs] 278018K->234668K(305192K), 0.0175239 secs] [Times: user=0.12 sys=0.01, real=0.01 secs] 
2021-01-18T18:47:16.751+0500: [GC (Allocation Failure) 2021-01-18T18:47:16.751+0500: [ParNew: 78654K->8702K(78656K), 0.0139713 secs] 304620K->255435K(326008K), 0.0140202 secs] [Times: user=0.08 sys=0.01, real=0.01 secs] 
2021-01-18T18:47:16.776+0500: [GC (Allocation Failure) 2021-01-18T18:47:16.776+0500: [ParNew: 78654K->8698K(78656K), 0.0144235 secs] 325387K->276728K(347356K), 0.0144673 secs] [Times: user=0.10 sys=0.01, real=0.02 secs] 
2021-01-18T18:47:16.801+0500: [GC (Allocation Failure) 2021-01-18T18:47:16.801+0500: [ParNew: 78514K->8699K(78656K), 0.0237280 secs] 346543K->305099K(375716K), 0.0237666 secs] [Times: user=0.14 sys=0.01, real=0.02 secs] 
2021-01-18T18:47:16.835+0500: [GC (Allocation Failure) 2021-01-18T18:47:16.835+0500: [ParNew: 78574K->8696K(78656K), 0.0181832 secs] 374973K->330842K(401568K), 0.0182216 secs] [Times: user=0.11 sys=0.01, real=0.02 secs] 
2021-01-18T18:47:16.864+0500: [GC (Allocation Failure) 2021-01-18T18:47:16.864+0500: [ParNew: 78648K->8695K(78656K), 0.0118467 secs] 400794K->349622K(420224K), 0.0118887 secs] [Times: user=0.08 sys=0.01, real=0.01 secs] 
2021-01-18T18:47:16.888+0500: [GC (Allocation Failure) 2021-01-18T18:47:16.888+0500: [ParNew: 78242K->8703K(78656K), 0.0184913 secs] 419168K->375450K(446048K), 0.0185306 secs] [Times: user=0.11 sys=0.01, real=0.02 secs] 
2021-01-18T18:47:16.918+0500: [GC (Allocation Failure) 2021-01-18T18:47:16.918+0500: [ParNew: 78396K->8698K(78656K), 0.0156713 secs] 445143K->398244K(468836K), 0.0157134 secs] [Times: user=0.10 sys=0.01, real=0.02 secs] 
2021-01-18T18:47:16.947+0500: [GC (Allocation Failure) 2021-01-18T18:47:16.947+0500: [ParNew: 78650K->8702K(78656K), 0.0167340 secs] 468196K->422119K(492700K), 0.0167931 secs] [Times: user=0.10 sys=0.01, real=0.02 secs] 
2021-01-18T18:47:16.973+0500: [GC (Allocation Failure) 2021-01-18T18:47:16.973+0500: [ParNew: 78654K->8703K(78656K), 0.0177414 secs] 492071K->448080K(518716K), 0.0177978 secs] [Times: user=0.11 sys=0.01, real=0.02 secs] 
2021-01-18T18:47:17.001+0500: [GC (Allocation Failure) 2021-01-18T18:47:17.001+0500: [ParNew: 78235K->8703K(78656K), 0.0168243 secs] 517612K->472557K(543256K), 0.0168654 secs] [Times: user=0.11 sys=0.01, real=0.01 secs] 
2021-01-18T18:47:17.030+0500: [GC (Allocation Failure) 2021-01-18T18:47:17.030+0500: [ParNew: 78526K->8703K(78656K), 0.0217817 secs] 542380K->501281K(571888K), 0.0218191 secs] [Times: user=0.12 sys=0.01, real=0.02 secs] 
2021-01-18T18:47:17.062+0500: [GC (Allocation Failure) 2021-01-18T18:47:17.062+0500: [ParNew: 78655K->8703K(78656K), 0.0162204 secs] 571233K->525093K(595760K), 0.0163006 secs] [Times: user=0.10 sys=0.01, real=0.01 secs] 
2021-01-18T18:47:17.093+0500: [GC (Allocation Failure) 2021-01-18T18:47:17.093+0500: [ParNew: 78655K->8699K(78656K), 0.0134604 secs] 595045K->545339K(616068K), 0.0135218 secs] [Times: user=0.09 sys=0.01, real=0.01 secs] 
2021-01-18T18:47:17.118+0500: [GC (Allocation Failure) 2021-01-18T18:47:17.118+0500: [ParNew: 78618K->8702K(78656K), 0.0163750 secs] 615258K->569208K(639916K), 0.0164741 secs] [Times: user=0.11 sys=0.01, real=0.02 secs] 
2021-01-18T18:47:17.146+0500: [GC (Allocation Failure) 2021-01-18T18:47:17.146+0500: [ParNew: 78280K->8700K(78656K), 0.0139739 secs] 638785K->591618K(662468K), 0.0140175 secs] [Times: user=0.09 sys=0.01, real=0.02 secs] 
2021-01-18T18:47:17.170+0500: [GC (Allocation Failure) 2021-01-18T18:47:17.170+0500: [ParNew: 78652K->8702K(78656K), 0.0158077 secs] 661570K->613185K(683940K), 0.0158467 secs] [Times: user=0.10 sys=0.01, real=0.01 secs] 
2021-01-18T18:47:17.195+0500: [GC (Allocation Failure) 2021-01-18T18:47:17.196+0500: [ParNew: 78654K->8703K(78656K), 0.0150754 secs] 683137K->636296K(707008K), 0.0151319 secs] [Times: user=0.11 sys=0.01, real=0.02 secs] 
2021-01-18T18:47:17.221+0500: [GC (Allocation Failure) 2021-01-18T18:47:17.221+0500: [ParNew: 78655K->8702K(78656K), 0.0191956 secs] 706248K->661596K(732404K), 0.0192525 secs] [Times: user=0.11 sys=0.01, real=0.02 secs] 
2021-01-18T18:47:17.251+0500: [GC (Allocation Failure) 2021-01-18T18:47:17.251+0500: [ParNew: 78522K->8702K(78656K), 0.0213188 secs] 731416K->688750K(759532K), 0.0213638 secs] [Times: user=0.09 sys=0.01, real=0.02 secs] 
2021-01-18T18:47:17.283+0500: [GC (Allocation Failure) 2021-01-18T18:47:17.283+0500: [ParNew: 78654K->8698K(78656K), 0.0140046 secs] 758702K->709669K(780476K), 0.0140433 secs] [Times: user=0.09 sys=0.01, real=0.01 secs] 
2021-01-18T18:47:17.310+0500: [GC (Allocation Failure) 2021-01-18T18:47:17.310+0500: [ParNew: 78353K->8702K(78656K), 0.0210908 secs] 779324K->731170K(802004K), 0.0211691 secs] [Times: user=0.08 sys=0.01, real=0.02 secs] 
2021-01-18T18:47:17.341+0500: [GC (Allocation Failure) 2021-01-18T18:47:17.341+0500: [ParNew: 78507K->8702K(78656K), 0.0189270 secs] 800974K->758607K(829396K), 0.0189691 secs] [Times: user=0.12 sys=0.01, real=0.02 secs] 
2021-01-18T18:47:17.371+0500: [GC (Allocation Failure) 2021-01-18T18:47:17.371+0500: [ParNew: 78654K->8703K(78656K), 0.0152859 secs] 828559K->781649K(852496K), 0.0153271 secs] [Times: user=0.10 sys=0.01, real=0.01 secs] 
2021-01-18T18:47:17.398+0500: [GC (Allocation Failure) 2021-01-18T18:47:17.398+0500: [ParNew: 78315K->8702K(78656K), 0.0158560 secs] 851260K->803644K(874480K), 0.0158945 secs] [Times: user=0.10 sys=0.01, real=0.02 secs] 
2021-01-18T18:47:17.427+0500: [GC (Allocation Failure) 2021-01-18T18:47:17.427+0500: [ParNew: 78654K->8702K(78656K), 0.0146909 secs] 873596K->825701K(896484K), 0.0147482 secs] [Times: user=0.10 sys=0.01, real=0.02 secs] 
执行结束!共生成对象次数:9116
Heap
 par new generation   total 78656K, used 11809K [0x0000000740000000, 0x0000000745550000, 0x0000000769990000)
  eden space 69952K,   4% used [0x0000000740000000, 0x0000000740308918, 0x0000000744450000)
  from space 8704K,  99% used [0x0000000744cd0000, 0x000000074554fbb8, 0x0000000745550000)
  to   space 8704K,   0% used [0x0000000744450000, 0x0000000744450000, 0x0000000744cd0000)
 concurrent mark-sweep generation total 817828K, used 816998K [0x0000000769990000, 0x000000079b839000, 0x00000007c0000000)
 Metaspace       used 2712K, capacity 4486K, committed 4864K, reserved 1056768K
  class space    used 295K, capacity 386K, committed 512K, reserved 1048576K


3.5 4g

$ java -Xmx4g -XX:+UseConcMarkSweepGC -XX:+PrintGCDetails -XX:+PrintGCDateStamps GCLogAnalysis
正在执行...
2021-01-18T18:48:31.617+0500: [GC (Allocation Failure) 2021-01-18T18:48:31.617+0500: [ParNew: 69952K->8704K(78656K), 0.0108861 secs] 69952K->23585K(253440K), 0.0109610 secs] [Times: user=0.02 sys=0.04, real=0.01 secs] 
2021-01-18T18:48:31.640+0500: [GC (Allocation Failure) 2021-01-18T18:48:31.640+0500: [ParNew: 78656K->8704K(78656K), 0.0136071 secs] 93537K->46105K(253440K), 0.0136528 secs] [Times: user=0.02 sys=0.05, real=0.01 secs] 
2021-01-18T18:48:31.664+0500: [GC (Allocation Failure) 2021-01-18T18:48:31.664+0500: [ParNew: 78656K->8704K(78656K), 0.0111757 secs] 116057K->64127K(253440K), 0.0112227 secs] [Times: user=0.08 sys=0.00, real=0.01 secs] 
2021-01-18T18:48:31.686+0500: [GC (Allocation Failure) 2021-01-18T18:48:31.686+0500: [ParNew: 78608K->8703K(78656K), 0.0145750 secs] 134032K->85008K(253440K), 0.0146159 secs] [Times: user=0.09 sys=0.01, real=0.02 secs] 
2021-01-18T18:48:31.713+0500: [GC (Allocation Failure) 2021-01-18T18:48:31.713+0500: [ParNew: 78655K->8701K(78656K), 0.0132429 secs] 154960K->106981K(253440K), 0.0132856 secs] [Times: user=0.08 sys=0.01, real=0.01 secs] 
2021-01-18T18:48:31.727+0500: [GC (CMS Initial Mark) [1 CMS-initial-mark: 98280K(174784K)] 107125K(253440K), 0.0002067 secs] [Times: user=0.00 sys=0.00, real=0.00 secs] 
2021-01-18T18:48:31.727+0500: [CMS-concurrent-mark-start]
2021-01-18T18:48:31.729+0500: [CMS-concurrent-mark: 0.001/0.001 secs] [Times: user=0.01 sys=0.00, real=0.00 secs] 
2021-01-18T18:48:31.729+0500: [CMS-concurrent-preclean-start]
2021-01-18T18:48:31.729+0500: [CMS-concurrent-preclean: 0.001/0.001 secs] [Times: user=0.00 sys=0.00, real=0.00 secs] 
2021-01-18T18:48:31.729+0500: [CMS-concurrent-abortable-preclean-start]
2021-01-18T18:48:31.737+0500: [GC (Allocation Failure) 2021-01-18T18:48:31.738+0500: [ParNew: 78653K->8703K(78656K), 0.0174492 secs] 176933K->131849K(253440K), 0.0174882 secs] [Times: user=0.11 sys=0.01, real=0.02 secs] 
2021-01-18T18:48:31.766+0500: [GC (Allocation Failure) 2021-01-18T18:48:31.766+0500: [ParNew: 78427K->8700K(78656K), 0.0127727 secs] 201573K->152323K(253440K), 0.0128109 secs] [Times: user=0.09 sys=0.00, real=0.01 secs] 
2021-01-18T18:48:31.790+0500: [GC (Allocation Failure) 2021-01-18T18:48:31.790+0500: [ParNew: 78559K->8695K(78656K), 0.0146471 secs] 222181K->172422K(253440K), 0.0146995 secs] [Times: user=0.09 sys=0.01, real=0.01 secs] 
2021-01-18T18:48:31.818+0500: [GC (Allocation Failure) 2021-01-18T18:48:31.818+0500: [ParNew: 78220K->8700K(78656K), 0.0183780 secs] 241947K->200144K(270852K), 0.0184280 secs] [Times: user=0.12 sys=0.01, real=0.02 secs] 
2021-01-18T18:48:31.849+0500: [GC (Allocation Failure) 2021-01-18T18:48:31.849+0500: [ParNew: 78652K->8701K(78656K), 0.0168073 secs] 270096K->226027K(296692K), 0.0168463 secs] [Times: user=0.11 sys=0.01, real=0.02 secs] 
2021-01-18T18:48:31.879+0500: [GC (Allocation Failure) 2021-01-18T18:48:31.879+0500: [ParNew: 78653K->8693K(78656K), 0.0164087 secs] 295979K->249388K(319984K), 0.0164678 secs] [Times: user=0.10 sys=0.01, real=0.02 secs] 
2021-01-18T18:48:31.908+0500: [GC (Allocation Failure) 2021-01-18T18:48:31.908+0500: [ParNew: 78645K->8696K(78656K), 0.0159175 secs] 319340K->272783K(343408K), 0.0159642 secs] [Times: user=0.11 sys=0.01, real=0.02 secs] 
2021-01-18T18:48:31.936+0500: [GC (Allocation Failure) 2021-01-18T18:48:31.936+0500: [ParNew: 78328K->8702K(78656K), 0.0154153 secs] 342415K->296438K(367032K), 0.0154525 secs] [Times: user=0.10 sys=0.01, real=0.02 secs] 
2021-01-18T18:48:31.961+0500: [GC (Allocation Failure) 2021-01-18T18:48:31.961+0500: [ParNew: 78612K->8703K(78656K), 0.0196323 secs] 366348K->324672K(395316K), 0.0196778 secs] [Times: user=0.12 sys=0.02, real=0.02 secs] 
2021-01-18T18:48:31.989+0500: [GC (Allocation Failure) 2021-01-18T18:48:31.989+0500: [ParNew: 78655K->8703K(78656K), 0.0153323 secs] 394624K->347536K(418216K), 0.0153727 secs] [Times: user=0.11 sys=0.00, real=0.02 secs] 
2021-01-18T18:48:32.015+0500: [GC (Allocation Failure) 2021-01-18T18:48:32.015+0500: [ParNew: 78655K->8701K(78656K), 0.0176601 secs] 417488K->371588K(442304K), 0.0177194 secs] [Times: user=0.11 sys=0.01, real=0.02 secs] 
2021-01-18T18:48:32.045+0500: [GC (Allocation Failure) 2021-01-18T18:48:32.045+0500: [ParNew: 78044K->8697K(78656K), 0.0146128 secs] 440931K->393878K(464696K), 0.0146593 secs] [Times: user=0.10 sys=0.01, real=0.01 secs] 
2021-01-18T18:48:32.074+0500: [GC (Allocation Failure) 2021-01-18T18:48:32.074+0500: [ParNew: 78563K->8691K(78656K), 0.0144630 secs] 463745K->414150K(484968K), 0.0145020 secs] [Times: user=0.09 sys=0.01, real=0.01 secs] 
2021-01-18T18:48:32.100+0500: [GC (Allocation Failure) 2021-01-18T18:48:32.100+0500: [ParNew: 78643K->8703K(78656K), 0.0181891 secs] 484102K->439505K(510304K), 0.0182277 secs] [Times: user=0.11 sys=0.01, real=0.02 secs] 
2021-01-18T18:48:32.126+0500: [GC (Allocation Failure) 2021-01-18T18:48:32.126+0500: [ParNew: 78655K->8703K(78656K), 0.0165831 secs] 509457K->464916K(535696K), 0.0166380 secs] [Times: user=0.11 sys=0.01, real=0.02 secs] 
2021-01-18T18:48:32.158+0500: [GC (Allocation Failure) 2021-01-18T18:48:32.158+0500: [ParNew: 78655K->8699K(78656K), 0.0140930 secs] 534868K->485990K(556760K), 0.0141481 secs] [Times: user=0.09 sys=0.01, real=0.02 secs] 
2021-01-18T18:48:32.182+0500: [GC (Allocation Failure) 2021-01-18T18:48:32.182+0500: [ParNew: 78651K->8703K(78656K), 0.0138179 secs] 555942K->506336K(577180K), 0.0138574 secs] [Times: user=0.09 sys=0.01, real=0.01 secs] 
2021-01-18T18:48:32.207+0500: [GC (Allocation Failure) 2021-01-18T18:48:32.207+0500: [ParNew: 78655K->8703K(78656K), 0.0170631 secs] 576288K->531235K(602044K), 0.0171001 secs] [Times: user=0.12 sys=0.01, real=0.02 secs] 
2021-01-18T18:48:32.236+0500: [GC (Allocation Failure) 2021-01-18T18:48:32.236+0500: [ParNew: 78655K->8696K(78656K), 0.0183656 secs] 601187K->554335K(625260K), 0.0184224 secs] [Times: user=0.08 sys=0.01, real=0.02 secs] 
2021-01-18T18:48:32.265+0500: [GC (Allocation Failure) 2021-01-18T18:48:32.265+0500: [ParNew: 78130K->8703K(78656K), 0.0130489 secs] 623769K->571380K(642120K), 0.0130955 secs] [Times: user=0.06 sys=0.01, real=0.01 secs] 
2021-01-18T18:48:32.287+0500: [GC (Allocation Failure) 2021-01-18T18:48:32.287+0500: [ParNew: 78239K->8697K(78656K), 0.0179829 secs] 640917K->595335K(666100K), 0.0180223 secs] [Times: user=0.10 sys=0.01, real=0.02 secs] 
2021-01-18T18:48:32.316+0500: [GC (Allocation Failure) 2021-01-18T18:48:32.316+0500: [ParNew: 78641K->8703K(78656K), 0.0145760 secs] 665278K->616684K(687640K), 0.0146303 secs] [Times: user=0.10 sys=0.01, real=0.02 secs] 
2021-01-18T18:48:32.343+0500: [GC (Allocation Failure) 2021-01-18T18:48:32.344+0500: [ParNew: 78655K->8699K(78656K), 0.0174477 secs] 686636K->639277K(710128K), 0.0175042 secs] [Times: user=0.10 sys=0.01, real=0.02 secs] 
2021-01-18T18:48:32.373+0500: [GC (Allocation Failure) 2021-01-18T18:48:32.373+0500: [ParNew: 78372K->8702K(78656K), 0.0173337 secs] 708950K->662413K(733276K), 0.0173838 secs] [Times: user=0.11 sys=0.01, real=0.02 secs] 
2021-01-18T18:48:32.401+0500: [GC (Allocation Failure) 2021-01-18T18:48:32.401+0500: [ParNew: 78654K->8698K(78656K), 0.0178828 secs] 732365K->687274K(758172K), 0.0179216 secs] [Times: user=0.12 sys=0.01, real=0.01 secs] 
2021-01-18T18:48:32.429+0500: [GC (Allocation Failure) 2021-01-18T18:48:32.429+0500: [ParNew: 78650K->8702K(78656K), 0.0209280 secs] 757226K->711610K(782548K), 0.0209670 secs] [Times: user=0.13 sys=0.01, real=0.03 secs] 
2021-01-18T18:48:32.459+0500: [GC (Allocation Failure) 2021-01-18T18:48:32.459+0500: [ParNew: 78654K->8703K(78656K), 0.0194843 secs] 781562K->737847K(808716K), 0.0195610 secs] [Times: user=0.13 sys=0.01, real=0.02 secs] 
2021-01-18T18:48:32.489+0500: [GC (Allocation Failure) 2021-01-18T18:48:32.489+0500: [ParNew: 78655K->8701K(78656K), 0.0146483 secs] 807799K->758708K(829580K), 0.0146971 secs] [Times: user=0.09 sys=0.01, real=0.02 secs] 
2021-01-18T18:48:32.516+0500: [GC (Allocation Failure) 2021-01-18T18:48:32.516+0500: [ParNew: 78653K->8703K(78656K), 0.0176325 secs] 828660K->782847K(853768K), 0.0176777 secs] [Times: user=0.12 sys=0.01, real=0.02 secs] 
2021-01-18T18:48:32.545+0500: [GC (Allocation Failure) 2021-01-18T18:48:32.545+0500: [ParNew: 78655K->8703K(78656K), 0.0171476 secs] 852799K->807828K(878740K), 0.0171863 secs] [Times: user=0.12 sys=0.01, real=0.02 secs] 
执行结束!共生成对象次数:9360
Heap
 par new generation   total 78656K, used 43780K [0x00000006c0000000, 0x00000006c5550000, 0x00000006e9990000)
  eden space 69952K,  50% used [0x00000006c0000000, 0x00000006c2241368, 0x00000006c4450000)
  from space 8704K,  99% used [0x00000006c4cd0000, 0x00000006c554ffb0, 0x00000006c5550000)
  to   space 8704K,   0% used [0x00000006c4450000, 0x00000006c4450000, 0x00000006c4cd0000)
 concurrent mark-sweep generation total 800084K, used 799124K [0x00000006e9990000, 0x000000071a6e5000, 0x00000007c0000000)
 Metaspace       used 2712K, capacity 4486K, committed 4864K, reserved 1056768K
  class space    used 295K, capacity 386K, committed 512K, reserved 1048576K



4. G1 GC

4.1 256m

$ java -Xmx256m -XX:+UseG1GC -XX:+PrintGCDetails -XX:+PrintGCDateStamps GCLogAnalysis 
正在执行...
2021-01-18T19:17:08.357+0500: [GC pause (G1 Evacuation Pause) (young), 0.0039204 secs]
   [Parallel Time: 3.0 ms, GC Workers: 8]
      [GC Worker Start (ms): Min: 128.3, Avg: 128.4, Max: 128.4, Diff: 0.1]
      [Ext Root Scanning (ms): Min: 0.1, Avg: 0.2, Max: 0.3, Diff: 0.2, Sum: 1.3]
      [Update RS (ms): Min: 0.0, Avg: 0.0, Max: 0.0, Diff: 0.0, Sum: 0.0]
         [Processed Buffers: Min: 0, Avg: 0.0, Max: 0, Diff: 0, Sum: 0]
      [Scan RS (ms): Min: 0.0, Avg: 0.0, Max: 0.0, Diff: 0.0, Sum: 0.0]
      [Code Root Scanning (ms): Min: 0.0, Avg: 0.0, Max: 0.0, Diff: 0.0, Sum: 0.0]
      [Object Copy (ms): Min: 2.1, Avg: 2.3, Max: 2.6, Diff: 0.5, Sum: 18.2]
      [Termination (ms): Min: 0.0, Avg: 0.4, Max: 0.6, Diff: 0.6, Sum: 3.0]
         [Termination Attempts: Min: 1, Avg: 1.0, Max: 1, Diff: 0, Sum: 8]
      [GC Worker Other (ms): Min: 0.0, Avg: 0.0, Max: 0.0, Diff: 0.0, Sum: 0.1]
      [GC Worker Total (ms): Min: 2.7, Avg: 2.8, Max: 2.9, Diff: 0.2, Sum: 22.6]
      [GC Worker End (ms): Min: 131.1, Avg: 131.2, Max: 131.3, Diff: 0.2]
   [Code Root Fixup: 0.0 ms]
   [Code Root Purge: 0.0 ms]
   [Clear CT: 0.2 ms]
   [Other: 0.7 ms]
      [Choose CSet: 0.0 ms]
      [Ref Proc: 0.3 ms]
      [Ref Enq: 0.0 ms]
      [Redirty Cards: 0.2 ms]
      [Humongous Register: 0.0 ms]
      [Humongous Reclaim: 0.1 ms]
      [Free CSet: 0.1 ms]
   [Eden: 24.0M(24.0M)->0.0B(23.0M) Survivors: 0.0B->3072.0K Heap: 31.6M(256.0M)->9050.3K(256.0M)]
 [Times: user=0.01 sys=0.01, real=0.01 secs] 
2021-01-18T19:17:08.366+0500: [GC pause (G1 Evacuation Pause) (young), 0.0057598 secs]
   [Parallel Time: 4.8 ms, GC Workers: 8]
      [GC Worker Start (ms): Min: 138.2, Avg: 138.3, Max: 138.4, Diff: 0.2]
      [Ext Root Scanning (ms): Min: 0.0, Avg: 0.1, Max: 0.4, Diff: 0.4, Sum: 1.1]
      [Update RS (ms): Min: 0.0, Avg: 0.0, Max: 0.0, Diff: 0.0, Sum: 0.0]
         [Processed Buffers: Min: 0, Avg: 0.4, Max: 1, Diff: 1, Sum: 3]
      [Scan RS (ms): Min: 0.0, Avg: 0.0, Max: 0.0, Diff: 0.0, Sum: 0.0]
      [Code Root Scanning (ms): Min: 0.0, Avg: 0.0, Max: 0.1, Diff: 0.1, Sum: 0.1]
      [Object Copy (ms): Min: 2.7, Avg: 3.6, Max: 4.4, Diff: 1.7, Sum: 29.2]
      [Termination (ms): Min: 0.0, Avg: 0.8, Max: 1.7, Diff: 1.7, Sum: 6.4]
         [Termination Attempts: Min: 1, Avg: 1.0, Max: 1, Diff: 0, Sum: 8]
      [GC Worker Other (ms): Min: 0.0, Avg: 0.0, Max: 0.0, Diff: 0.0, Sum: 0.1]
      [GC Worker Total (ms): Min: 4.4, Avg: 4.6, Max: 4.8, Diff: 0.4, Sum: 36.9]
      [GC Worker End (ms): Min: 142.8, Avg: 142.9, Max: 143.0, Diff: 0.2]
   [Code Root Fixup: 0.0 ms]
   [Code Root Purge: 0.0 ms]
   [Clear CT: 0.1 ms]
   [Other: 0.9 ms]
      [Choose CSet: 0.0 ms]
      [Ref Proc: 0.7 ms]
      [Ref Enq: 0.0 ms]
      [Redirty Cards: 0.1 ms]
      [Humongous Register: 0.0 ms]
      [Humongous Reclaim: 0.0 ms]
      [Free CSet: 0.0 ms]
   [Eden: 23.0M(23.0M)->0.0B(38.0M) Survivors: 3072.0K->4096.0K Heap: 36.6M(256.0M)->19.8M(256.0M)]
 [Times: user=0.01 sys=0.01, real=0.01 secs] 
2021-01-18T19:17:08.392+0500: [GC pause (G1 Evacuation Pause) (young), 0.0064424 secs]
   [Parallel Time: 5.6 ms, GC Workers: 8]
      [GC Worker Start (ms): Min: 163.3, Avg: 163.4, Max: 163.5, Diff: 0.2]
      [Ext Root Scanning (ms): Min: 0.0, Avg: 0.1, Max: 0.1, Diff: 0.1, Sum: 0.8]
      [Update RS (ms): Min: 0.0, Avg: 0.1, Max: 0.3, Diff: 0.3, Sum: 0.6]
         [Processed Buffers: Min: 1, Avg: 1.4, Max: 3, Diff: 2, Sum: 11]
      [Scan RS (ms): Min: 0.0, Avg: 0.0, Max: 0.0, Diff: 0.0, Sum: 0.0]
      [Code Root Scanning (ms): Min: 0.0, Avg: 0.0, Max: 0.0, Diff: 0.0, Sum: 0.0]
      [Object Copy (ms): Min: 4.7, Avg: 4.9, Max: 5.2, Diff: 0.5, Sum: 38.9]
      [Termination (ms): Min: 0.0, Avg: 0.3, Max: 0.6, Diff: 0.6, Sum: 2.8]
         [Termination Attempts: Min: 1, Avg: 1.0, Max: 1, Diff: 0, Sum: 8]
      [GC Worker Other (ms): Min: 0.0, Avg: 0.0, Max: 0.0, Diff: 0.0, Sum: 0.1]
      [GC Worker Total (ms): Min: 5.3, Avg: 5.4, Max: 5.5, Diff: 0.2, Sum: 43.3]
      [GC Worker End (ms): Min: 168.7, Avg: 168.8, Max: 168.9, Diff: 0.2]
   [Code Root Fixup: 0.0 ms]
   [Code Root Purge: 0.0 ms]
   [Clear CT: 0.1 ms]
   [Other: 0.7 ms]
      [Choose CSet: 0.0 ms]
      [Ref Proc: 0.4 ms]
      [Ref Enq: 0.0 ms]
      [Redirty Cards: 0.2 ms]
      [Humongous Register: 0.0 ms]
      [Humongous Reclaim: 0.0 ms]
      [Free CSet: 0.0 ms]
   [Eden: 38.0M(38.0M)->0.0B(57.0M) Survivors: 4096.0K->6144.0K Heap: 66.2M(256.0M)->37.2M(256.0M)]
 [Times: user=0.01 sys=0.02, real=0.00 secs] 
2021-01-18T19:17:08.428+0500: [GC pause (G1 Evacuation Pause) (young), 0.0112706 secs]
   [Parallel Time: 9.8 ms, GC Workers: 8]
      [GC Worker Start (ms): Min: 200.1, Avg: 200.2, Max: 200.2, Diff: 0.1]
      [Ext Root Scanning (ms): Min: 0.1, Avg: 0.1, Max: 0.2, Diff: 0.1, Sum: 0.8]
      [Update RS (ms): Min: 0.4, Avg: 0.5, Max: 0.5, Diff: 0.1, Sum: 3.7]
         [Processed Buffers: Min: 6, Avg: 7.0, Max: 8, Diff: 2, Sum: 56]
      [Scan RS (ms): Min: 0.0, Avg: 0.0, Max: 0.0, Diff: 0.0, Sum: 0.0]
      [Code Root Scanning (ms): Min: 0.0, Avg: 0.0, Max: 0.0, Diff: 0.0, Sum: 0.0]
      [Object Copy (ms): Min: 8.0, Avg: 8.3, Max: 8.8, Diff: 0.8, Sum: 66.6]
      [Termination (ms): Min: 0.0, Avg: 0.5, Max: 0.8, Diff: 0.8, Sum: 4.3]
         [Termination Attempts: Min: 1, Avg: 1.0, Max: 1, Diff: 0, Sum: 8]
      [GC Worker Other (ms): Min: 0.0, Avg: 0.0, Max: 0.0, Diff: 0.0, Sum: 0.1]
      [GC Worker Total (ms): Min: 9.3, Avg: 9.4, Max: 9.6, Diff: 0.2, Sum: 75.6]
      [GC Worker End (ms): Min: 209.6, Avg: 209.7, Max: 209.8, Diff: 0.2]
   [Code Root Fixup: 0.0 ms]
   [Code Root Purge: 0.0 ms]
   [Clear CT: 0.2 ms]
   [Other: 1.3 ms]
      [Choose CSet: 0.0 ms]
      [Ref Proc: 0.9 ms]
      [Ref Enq: 0.0 ms]
      [Redirty Cards: 0.2 ms]
      [Humongous Register: 0.0 ms]
      [Humongous Reclaim: 0.1 ms]
      [Free CSet: 0.0 ms]
   [Eden: 57.0M(57.0M)->0.0B(66.0M) Survivors: 6144.0K->8192.0K Heap: 112.0M(256.0M)->63.2M(256.0M)]
 [Times: user=0.03 sys=0.04, real=0.02 secs] 
2021-01-18T19:17:08.464+0500: [GC pause (G1 Evacuation Pause) (young), 0.0129847 secs]
   [Parallel Time: 12.0 ms, GC Workers: 8]
      [GC Worker Start (ms): Min: 235.5, Avg: 235.5, Max: 235.6, Diff: 0.1]
      [Ext Root Scanning (ms): Min: 0.1, Avg: 0.1, Max: 0.2, Diff: 0.1, Sum: 0.9]
      [Update RS (ms): Min: 0.6, Avg: 0.6, Max: 0.6, Diff: 0.1, Sum: 4.8]
         [Processed Buffers: Min: 0, Avg: 7.8, Max: 10, Diff: 10, Sum: 62]
      [Scan RS (ms): Min: 0.0, Avg: 0.0, Max: 0.0, Diff: 0.0, Sum: 0.1]
      [Code Root Scanning (ms): Min: 0.0, Avg: 0.0, Max: 0.0, Diff: 0.0, Sum: 0.0]
      [Object Copy (ms): Min: 10.5, Avg: 10.7, Max: 11.0, Diff: 0.4, Sum: 85.6]
      [Termination (ms): Min: 0.0, Avg: 0.4, Max: 0.6, Diff: 0.6, Sum: 2.8]
         [Termination Attempts: Min: 1, Avg: 1.0, Max: 1, Diff: 0, Sum: 8]
      [GC Worker Other (ms): Min: 0.0, Avg: 0.0, Max: 0.0, Diff: 0.0, Sum: 0.1]
      [GC Worker Total (ms): Min: 11.7, Avg: 11.8, Max: 11.9, Diff: 0.2, Sum: 94.4]
      [GC Worker End (ms): Min: 247.3, Avg: 247.3, Max: 247.4, Diff: 0.2]
   [Code Root Fixup: 0.0 ms]
   [Code Root Purge: 0.0 ms]
   [Clear CT: 0.2 ms]
   [Other: 0.7 ms]
      [Choose CSet: 0.0 ms]
      [Ref Proc: 0.3 ms]
      [Ref Enq: 0.0 ms]
      [Redirty Cards: 0.2 ms]
      [Humongous Register: 0.0 ms]
      [Humongous Reclaim: 0.0 ms]
      [Free CSet: 0.0 ms]
   [Eden: 66.0M(66.0M)->0.0B(89.0M) Survivors: 8192.0K->10.0M Heap: 149.4M(256.0M)->93.7M(256.0M)]
 [Times: user=0.02 sys=0.05, real=0.01 secs] 
2021-01-18T19:17:08.489+0500: [GC pause (G1 Humongous Allocation) (young) (initial-mark), 0.0067421 secs]
   [Parallel Time: 6.3 ms, GC Workers: 8]
      [GC Worker Start (ms): Min: 260.9, Avg: 261.0, Max: 261.1, Diff: 0.2]
      [Ext Root Scanning (ms): Min: 0.0, Avg: 0.3, Max: 0.6, Diff: 0.6, Sum: 2.2]
      [Update RS (ms): Min: 0.0, Avg: 0.2, Max: 0.3, Diff: 0.3, Sum: 1.5]
         [Processed Buffers: Min: 0, Avg: 2.9, Max: 6, Diff: 6, Sum: 23]
      [Scan RS (ms): Min: 0.0, Avg: 0.0, Max: 0.0, Diff: 0.0, Sum: 0.1]
      [Code Root Scanning (ms): Min: 0.0, Avg: 0.0, Max: 0.0, Diff: 0.0, Sum: 0.0]
      [Object Copy (ms): Min: 4.9, Avg: 5.0, Max: 5.5, Diff: 0.7, Sum: 40.0]
      [Termination (ms): Min: 0.0, Avg: 0.6, Max: 0.7, Diff: 0.7, Sum: 4.5]
         [Termination Attempts: Min: 1, Avg: 1.2, Max: 2, Diff: 1, Sum: 10]
      [GC Worker Other (ms): Min: 0.0, Avg: 0.0, Max: 0.0, Diff: 0.0, Sum: 0.1]
      [GC Worker Total (ms): Min: 5.9, Avg: 6.1, Max: 6.2, Diff: 0.3, Sum: 48.4]
      [GC Worker End (ms): Min: 267.0, Avg: 267.0, Max: 267.1, Diff: 0.1]
   [Code Root Fixup: 0.0 ms]
   [Code Root Purge: 0.0 ms]
   [Clear CT: 0.1 ms]
   [Other: 0.3 ms]
      [Choose CSet: 0.0 ms]
      [Ref Proc: 0.1 ms]
      [Ref Enq: 0.0 ms]
      [Redirty Cards: 0.1 ms]
      [Humongous Register: 0.0 ms]
      [Humongous Reclaim: 0.0 ms]
      [Free CSet: 0.0 ms]
   [Eden: 53.0M(89.0M)->0.0B(71.0M) Survivors: 10.0M->13.0M Heap: 159.3M(256.0M)->115.1M(256.0M)]
 [Times: user=0.02 sys=0.01, real=0.01 secs] 
2021-01-18T19:17:08.496+0500: [GC concurrent-root-region-scan-start]
2021-01-18T19:17:08.496+0500: [GC concurrent-root-region-scan-end, 0.0001300 secs]
2021-01-18T19:17:08.496+0500: [GC concurrent-mark-start]
2021-01-18T19:17:08.497+0500: [GC concurrent-mark-end, 0.0010262 secs]
2021-01-18T19:17:08.497+0500: [GC remark 2021-01-18T19:17:08.497+0500: [Finalize Marking, 0.0001515 secs] 2021-01-18T19:17:08.497+0500: [GC ref-proc, 0.0000439 secs] 2021-01-18T19:17:08.498+0500: [Unloading, 0.0003758 secs], 0.0008607 secs]
 [Times: user=0.00 sys=0.00, real=0.00 secs] 
2021-01-18T19:17:08.498+0500: [GC cleanup 123M->123M(256M), 0.0004652 secs]
 [Times: user=0.01 sys=0.00, real=0.00 secs] 
2021-01-18T19:17:08.524+0500: [GC pause (G1 Evacuation Pause) (young) (to-space exhausted), 0.0090925 secs]
   [Parallel Time: 8.0 ms, GC Workers: 8]
      [GC Worker Start (ms): Min: 295.8, Avg: 295.9, Max: 295.9, Diff: 0.1]
      [Ext Root Scanning (ms): Min: 0.1, Avg: 0.1, Max: 0.3, Diff: 0.2, Sum: 1.1]
      [Update RS (ms): Min: 0.0, Avg: 0.2, Max: 0.2, Diff: 0.2, Sum: 1.4]
         [Processed Buffers: Min: 0, Avg: 2.5, Max: 4, Diff: 4, Sum: 20]
      [Scan RS (ms): Min: 0.0, Avg: 0.0, Max: 0.0, Diff: 0.0, Sum: 0.1]
      [Code Root Scanning (ms): Min: 0.0, Avg: 0.0, Max: 0.0, Diff: 0.0, Sum: 0.0]
      [Object Copy (ms): Min: 7.0, Avg: 7.1, Max: 7.3, Diff: 0.3, Sum: 56.6]
      [Termination (ms): Min: 0.0, Avg: 0.3, Max: 0.4, Diff: 0.4, Sum: 2.3]
         [Termination Attempts: Min: 1, Avg: 1.0, Max: 1, Diff: 0, Sum: 8]
      [GC Worker Other (ms): Min: 0.0, Avg: 0.0, Max: 0.0, Diff: 0.0, Sum: 0.1]
      [GC Worker Total (ms): Min: 7.6, Avg: 7.7, Max: 7.9, Diff: 0.3, Sum: 61.6]
      [GC Worker End (ms): Min: 303.5, Avg: 303.6, Max: 303.7, Diff: 0.3]
   [Code Root Fixup: 0.0 ms]
   [Code Root Purge: 0.0 ms]
   [Clear CT: 0.1 ms]
   [Other: 1.0 ms]
      [Evacuation Failure: 0.5 ms]
      [Choose CSet: 0.0 ms]
      [Ref Proc: 0.2 ms]
      [Ref Enq: 0.0 ms]
      [Redirty Cards: 0.2 ms]
      [Humongous Register: 0.0 ms]
      [Humongous Reclaim: 0.0 ms]
      [Free CSet: 0.0 ms]
   [Eden: 71.0M(71.0M)->0.0B(4096.0K) Survivors: 13.0M->11.0M Heap: 209.7M(256.0M)->191.6M(256.0M)]
 [Times: user=0.02 sys=0.04, real=0.01 secs] 
2021-01-18T19:17:08.535+0500: [GC pause (G1 Evacuation Pause) (mixed), 0.0035088 secs]
   [Parallel Time: 2.3 ms, GC Workers: 8]
      [GC Worker Start (ms): Min: 306.5, Avg: 306.6, Max: 306.7, Diff: 0.2]
      [Ext Root Scanning (ms): Min: 0.0, Avg: 0.1, Max: 0.3, Diff: 0.2, Sum: 1.0]
      [Update RS (ms): Min: 0.0, Avg: 0.1, Max: 0.2, Diff: 0.2, Sum: 1.1]
         [Processed Buffers: Min: 0, Avg: 3.2, Max: 6, Diff: 6, Sum: 26]
      [Scan RS (ms): Min: 0.0, Avg: 0.0, Max: 0.0, Diff: 0.0, Sum: 0.0]
      [Code Root Scanning (ms): Min: 0.0, Avg: 0.0, Max: 0.0, Diff: 0.0, Sum: 0.0]
      [Object Copy (ms): Min: 1.6, Avg: 1.7, Max: 1.8, Diff: 0.3, Sum: 13.6]
      [Termination (ms): Min: 0.0, Avg: 0.1, Max: 0.2, Diff: 0.2, Sum: 0.9]
         [Termination Attempts: Min: 1, Avg: 1.0, Max: 1, Diff: 0, Sum: 8]
      [GC Worker Other (ms): Min: 0.0, Avg: 0.0, Max: 0.0, Diff: 0.0, Sum: 0.1]
      [GC Worker Total (ms): Min: 1.9, Avg: 2.1, Max: 2.2, Diff: 0.3, Sum: 16.7]
      [GC Worker End (ms): Min: 308.7, Avg: 308.7, Max: 308.7, Diff: 0.1]
   [Code Root Fixup: 0.0 ms]
   [Code Root Purge: 0.0 ms]
   [Clear CT: 0.1 ms]
   [Other: 1.1 ms]
      [Choose CSet: 0.0 ms]
      [Ref Proc: 0.9 ms]
      [Ref Enq: 0.0 ms]
      [Redirty Cards: 0.1 ms]
      [Humongous Register: 0.1 ms]
      [Humongous Reclaim: 0.0 ms]
      [Free CSet: 0.0 ms]
   [Eden: 4096.0K(4096.0K)->0.0B(13.0M) Survivors: 11.0M->1024.0K Heap: 197.1M(256.0M)->190.8M(256.0M)]
 [Times: user=0.01 sys=0.00, real=0.00 secs] 
2021-01-18T19:17:08.539+0500: [GC pause (G1 Humongous Allocation) (young) (initial-mark), 0.0023628 secs]
   [Parallel Time: 1.2 ms, GC Workers: 8]
      [GC Worker Start (ms): Min: 310.8, Avg: 311.0, Max: 311.0, Diff: 0.2]
      [Ext Root Scanning (ms): Min: 0.0, Avg: 0.5, Max: 0.9, Diff: 0.9, Sum: 4.0]
      [Update RS (ms): Min: 0.0, Avg: 0.1, Max: 0.6, Diff: 0.6, Sum: 0.8]
         [Processed Buffers: Min: 0, Avg: 1.4, Max: 7, Diff: 7, Sum: 11]
      [Scan RS (ms): Min: 0.0, Avg: 0.0, Max: 0.0, Diff: 0.0, Sum: 0.0]
      [Code Root Scanning (ms): Min: 0.0, Avg: 0.0, Max: 0.0, Diff: 0.0, Sum: 0.0]
      [Object Copy (ms): Min: 0.0, Avg: 0.1, Max: 0.2, Diff: 0.2, Sum: 0.5]
      [Termination (ms): Min: 0.0, Avg: 0.3, Max: 0.8, Diff: 0.8, Sum: 2.6]
         [Termination Attempts: Min: 1, Avg: 1.1, Max: 2, Diff: 1, Sum: 9]
      [GC Worker Other (ms): Min: 0.0, Avg: 0.0, Max: 0.0, Diff: 0.0, Sum: 0.0]
      [GC Worker Total (ms): Min: 0.9, Avg: 1.0, Max: 1.1, Diff: 0.3, Sum: 7.9]
      [GC Worker End (ms): Min: 311.9, Avg: 311.9, Max: 312.0, Diff: 0.1]
   [Code Root Fixup: 0.0 ms]
   [Code Root Purge: 0.0 ms]
   [Clear CT: 0.1 ms]
   [Other: 1.0 ms]
      [Choose CSet: 0.0 ms]
      [Ref Proc: 0.8 ms]
      [Ref Enq: 0.0 ms]
      [Redirty Cards: 0.1 ms]
      [Humongous Register: 0.1 ms]
      [Humongous Reclaim: 0.0 ms]
      [Free CSet: 0.0 ms]
   [Eden: 4096.0K(13.0M)->0.0B(11.0M) Survivors: 1024.0K->2048.0K Heap: 194.2M(256.0M)->192.9M(256.0M)]
 [Times: user=0.01 sys=0.00, real=0.01 secs] 
2021-01-18T19:17:08.541+0500: [GC concurrent-root-region-scan-start]
2021-01-18T19:17:08.542+0500: [GC concurrent-root-region-scan-end, 0.0001436 secs]
2021-01-18T19:17:08.542+0500: [GC concurrent-mark-start]
2021-01-18T19:17:08.542+0500: [GC concurrent-mark-end, 0.0008680 secs]
2021-01-18T19:17:08.543+0500: [GC remark 2021-01-18T19:17:08.543+0500: [Finalize Marking, 0.0005893 secs] 2021-01-18T19:17:08.543+0500: [GC ref-proc, 0.0000379 secs] 2021-01-18T19:17:08.543+0500: [Unloading, 0.0003729 secs], 0.0013548 secs]
 [Times: user=0.00 sys=0.00, real=0.00 secs] 
2021-01-18T19:17:08.544+0500: [GC cleanup 197M->197M(256M), 0.0004469 secs]
 [Times: user=0.00 sys=0.00, real=0.00 secs] 
2021-01-18T19:17:08.546+0500: [GC pause (G1 Evacuation Pause) (young), 0.0013729 secs]
   [Parallel Time: 1.0 ms, GC Workers: 8]
      [GC Worker Start (ms): Min: 317.5, Avg: 317.6, Max: 317.7, Diff: 0.2]
      [Ext Root Scanning (ms): Min: 0.0, Avg: 0.1, Max: 0.2, Diff: 0.2, Sum: 0.7]
      [Update RS (ms): Min: 0.1, Avg: 0.2, Max: 0.2, Diff: 0.0, Sum: 1.2]
         [Processed Buffers: Min: 1, Avg: 2.0, Max: 3, Diff: 2, Sum: 16]
      [Scan RS (ms): Min: 0.0, Avg: 0.0, Max: 0.0, Diff: 0.0, Sum: 0.0]
      [Code Root Scanning (ms): Min: 0.0, Avg: 0.0, Max: 0.0, Diff: 0.0, Sum: 0.0]
      [Object Copy (ms): Min: 0.4, Avg: 0.5, Max: 0.6, Diff: 0.1, Sum: 4.1]
      [Termination (ms): Min: 0.0, Avg: 0.1, Max: 0.2, Diff: 0.2, Sum: 0.9]
         [Termination Attempts: Min: 1, Avg: 1.0, Max: 1, Diff: 0, Sum: 8]
      [GC Worker Other (ms): Min: 0.0, Avg: 0.0, Max: 0.0, Diff: 0.0, Sum: 0.1]
      [GC Worker Total (ms): Min: 0.8, Avg: 0.9, Max: 1.0, Diff: 0.2, Sum: 7.0]
      [GC Worker End (ms): Min: 318.4, Avg: 318.4, Max: 318.5, Diff: 0.1]
   [Code Root Fixup: 0.0 ms]
   [Code Root Purge: 0.0 ms]
   [Clear CT: 0.1 ms]
   [Other: 0.3 ms]
      [Choose CSet: 0.0 ms]
      [Ref Proc: 0.1 ms]
      [Ref Enq: 0.0 ms]
      [Redirty Cards: 0.1 ms]
      [Humongous Register: 0.0 ms]
      [Humongous Reclaim: 0.0 ms]
      [Free CSet: 0.0 ms]
   [Eden: 11.0M(11.0M)->0.0B(10.0M) Survivors: 2048.0K->2048.0K Heap: 207.1M(256.0M)->197.3M(256.0M)]
 [Times: user=0.00 sys=0.00, real=0.00 secs] 
2021-01-18T19:17:08.549+0500: [GC pause (G1 Evacuation Pause) (mixed), 0.0017086 secs]
   [Parallel Time: 1.2 ms, GC Workers: 8]
      [GC Worker Start (ms): Min: 321.2, Avg: 321.2, Max: 321.3, Diff: 0.2]
      [Ext Root Scanning (ms): Min: 0.0, Avg: 0.1, Max: 0.2, Diff: 0.2, Sum: 0.7]
      [Update RS (ms): Min: 0.2, Avg: 0.3, Max: 0.3, Diff: 0.1, Sum: 2.0]
         [Processed Buffers: Min: 0, Avg: 2.9, Max: 4, Diff: 4, Sum: 23]
      [Scan RS (ms): Min: 0.0, Avg: 0.0, Max: 0.0, Diff: 0.0, Sum: 0.0]
      [Code Root Scanning (ms): Min: 0.0, Avg: 0.0, Max: 0.0, Diff: 0.0, Sum: 0.0]
      [Object Copy (ms): Min: 0.5, Avg: 0.5, Max: 0.6, Diff: 0.2, Sum: 4.3]
      [Termination (ms): Min: 0.0, Avg: 0.2, Max: 0.2, Diff: 0.2, Sum: 1.2]
         [Termination Attempts: Min: 1, Avg: 1.0, Max: 1, Diff: 0, Sum: 8]
      [GC Worker Other (ms): Min: 0.0, Avg: 0.0, Max: 0.0, Diff: 0.0, Sum: 0.1]
      [GC Worker Total (ms): Min: 1.0, Avg: 1.0, Max: 1.1, Diff: 0.2, Sum: 8.4]
      [GC Worker End (ms): Min: 322.3, Avg: 322.3, Max: 322.3, Diff: 0.1]
   [Code Root Fixup: 0.0 ms]
   [Code Root Purge: 0.0 ms]
   [Clear CT: 0.1 ms]
   [Other: 0.4 ms]
      [Choose CSet: 0.0 ms]
      [Ref Proc: 0.2 ms]
      [Ref Enq: 0.0 ms]
      [Redirty Cards: 0.1 ms]
      [Humongous Register: 0.0 ms]
      [Humongous Reclaim: 0.0 ms]
      [Free CSet: 0.0 ms]
   [Eden: 10.0M(10.0M)->0.0B(10.0M) Survivors: 2048.0K->2048.0K Heap: 210.1M(256.0M)->175.2M(256.0M)]
 [Times: user=0.00 sys=0.01, real=0.01 secs] 
2021-01-18T19:17:08.554+0500: [GC pause (G1 Evacuation Pause) (mixed), 0.0036055 secs]
   [Parallel Time: 2.7 ms, GC Workers: 8]
      [GC Worker Start (ms): Min: 325.6, Avg: 325.9, Max: 326.7, Diff: 1.1]
      [Ext Root Scanning (ms): Min: 0.0, Avg: 0.1, Max: 0.2, Diff: 0.2, Sum: 0.6]
      [Update RS (ms): Min: 0.0, Avg: 0.2, Max: 0.5, Diff: 0.5, Sum: 1.8]
         [Processed Buffers: Min: 0, Avg: 2.4, Max: 4, Diff: 4, Sum: 19]
      [Scan RS (ms): Min: 0.0, Avg: 0.0, Max: 0.0, Diff: 0.0, Sum: 0.1]
      [Code Root Scanning (ms): Min: 0.0, Avg: 0.0, Max: 0.0, Diff: 0.0, Sum: 0.0]
      [Object Copy (ms): Min: 0.7, Avg: 1.3, Max: 1.8, Diff: 1.1, Sum: 10.1]
      [Termination (ms): Min: 0.0, Avg: 0.7, Max: 0.9, Diff: 0.9, Sum: 5.3]
         [Termination Attempts: Min: 1, Avg: 1.0, Max: 1, Diff: 0, Sum: 8]
      [GC Worker Other (ms): Min: 0.0, Avg: 0.0, Max: 0.1, Diff: 0.1, Sum: 0.2]
      [GC Worker Total (ms): Min: 1.6, Avg: 2.3, Max: 2.5, Diff: 0.9, Sum: 18.2]
      [GC Worker End (ms): Min: 328.1, Avg: 328.2, Max: 328.3, Diff: 0.2]
   [Code Root Fixup: 0.0 ms]
   [Code Root Purge: 0.0 ms]
   [Clear CT: 0.1 ms]
   [Other: 0.8 ms]
      [Choose CSet: 0.0 ms]
      [Ref Proc: 0.5 ms]
      [Ref Enq: 0.0 ms]
      [Redirty Cards: 0.2 ms]
      [Humongous Register: 0.0 ms]
      [Humongous Reclaim: 0.0 ms]
      [Free CSet: 0.0 ms]
   [Eden: 10.0M(10.0M)->0.0B(10.0M) Survivors: 2048.0K->2048.0K Heap: 189.5M(256.0M)->162.8M(256.0M)]
 [Times: user=0.01 sys=0.00, real=0.00 secs] 
2021-01-18T19:17:08.560+0500: [GC pause (G1 Evacuation Pause) (mixed), 0.0027873 secs]
   [Parallel Time: 2.1 ms, GC Workers: 8]
      [GC Worker Start (ms): Min: 331.9, Avg: 332.0, Max: 332.1, Diff: 0.2]
      [Ext Root Scanning (ms): Min: 0.0, Avg: 0.1, Max: 0.2, Diff: 0.2, Sum: 0.8]
      [Update RS (ms): Min: 0.2, Avg: 0.2, Max: 0.3, Diff: 0.0, Sum: 2.0]
         [Processed Buffers: Min: 2, Avg: 3.1, Max: 4, Diff: 2, Sum: 25]
      [Scan RS (ms): Min: 0.0, Avg: 0.0, Max: 0.1, Diff: 0.1, Sum: 0.2]
      [Code Root Scanning (ms): Min: 0.0, Avg: 0.0, Max: 0.0, Diff: 0.0, Sum: 0.0]
      [Object Copy (ms): Min: 0.9, Avg: 1.1, Max: 1.4, Diff: 0.5, Sum: 8.5]
      [Termination (ms): Min: 0.0, Avg: 0.4, Max: 0.6, Diff: 0.6, Sum: 3.5]
         [Termination Attempts: Min: 1, Avg: 1.0, Max: 1, Diff: 0, Sum: 8]
      [GC Worker Other (ms): Min: 0.0, Avg: 0.0, Max: 0.0, Diff: 0.0, Sum: 0.1]
      [GC Worker Total (ms): Min: 1.8, Avg: 1.9, Max: 2.1, Diff: 0.3, Sum: 15.0]
      [GC Worker End (ms): Min: 333.8, Avg: 333.8, Max: 334.0, Diff: 0.2]
   [Code Root Fixup: 0.0 ms]
   [Code Root Purge: 0.0 ms]
   [Clear CT: 0.1 ms]
   [Other: 0.6 ms]
      [Choose CSet: 0.0 ms]
      [Ref Proc: 0.4 ms]
      [Ref Enq: 0.0 ms]
      [Redirty Cards: 0.1 ms]
      [Humongous Register: 0.0 ms]
      [Humongous Reclaim: 0.0 ms]
      [Free CSet: 0.0 ms]
   [Eden: 10.0M(10.0M)->0.0B(36.0M) Survivors: 2048.0K->2048.0K Heap: 176.0M(256.0M)->154.5M(256.0M)]
 [Times: user=0.02 sys=0.00, real=0.00 secs] 
2021-01-18T19:17:08.564+0500: [GC pause (G1 Humongous Allocation) (young) (initial-mark), 0.0025913 secs]
   [Parallel Time: 1.5 ms, GC Workers: 8]
      [GC Worker Start (ms): Min: 335.7, Avg: 335.8, Max: 335.9, Diff: 0.2]
      [Ext Root Scanning (ms): Min: 0.3, Avg: 0.4, Max: 1.1, Diff: 0.8, Sum: 3.2]
      [Update RS (ms): Min: 0.0, Avg: 0.1, Max: 0.4, Diff: 0.4, Sum: 0.7]
         [Processed Buffers: Min: 0, Avg: 1.1, Max: 2, Diff: 2, Sum: 9]
      [Scan RS (ms): Min: 0.0, Avg: 0.0, Max: 0.0, Diff: 0.0, Sum: 0.0]
      [Code Root Scanning (ms): Min: 0.0, Avg: 0.0, Max: 0.0, Diff: 0.0, Sum: 0.0]
      [Object Copy (ms): Min: 0.0, Avg: 0.3, Max: 1.0, Diff: 1.0, Sum: 2.3]
      [Termination (ms): Min: 0.0, Avg: 0.5, Max: 0.8, Diff: 0.8, Sum: 4.1]
         [Termination Attempts: Min: 1, Avg: 1.0, Max: 1, Diff: 0, Sum: 8]
      [GC Worker Other (ms): Min: 0.0, Avg: 0.0, Max: 0.0, Diff: 0.0, Sum: 0.1]
      [GC Worker Total (ms): Min: 1.1, Avg: 1.3, Max: 1.5, Diff: 0.3, Sum: 10.4]
      [GC Worker End (ms): Min: 337.0, Avg: 337.1, Max: 337.2, Diff: 0.1]
   [Code Root Fixup: 0.0 ms]
   [Code Root Purge: 0.0 ms]
   [Clear CT: 0.1 ms]
   [Other: 1.0 ms]
      [Choose CSet: 0.0 ms]
      [Ref Proc: 0.7 ms]
      [Ref Enq: 0.0 ms]
      [Redirty Cards: 0.1 ms]
      [Humongous Register: 0.0 ms]
      [Humongous Reclaim: 0.0 ms]
      [Free CSet: 0.0 ms]
   [Eden: 3072.0K(36.0M)->0.0B(36.0M) Survivors: 2048.0K->3072.0K Heap: 157.0M(256.0M)->155.4M(256.0M)]
 [Times: user=0.01 sys=0.00, real=0.00 secs] 
2021-01-18T19:17:08.567+0500: [GC concurrent-root-region-scan-start]
2021-01-18T19:17:08.567+0500: [GC concurrent-root-region-scan-end, 0.0001910 secs]
2021-01-18T19:17:08.567+0500: [GC concurrent-mark-start]
2021-01-18T19:17:08.568+0500: [GC concurrent-mark-end, 0.0012282 secs]
2021-01-18T19:17:08.568+0500: [GC remark 2021-01-18T19:17:08.568+0500: [Finalize Marking, 0.0009838 secs] 2021-01-18T19:17:08.569+0500: [GC ref-proc, 0.0000438 secs] 2021-01-18T19:17:08.569+0500: [Unloading, 0.0012548 secs], 0.0028305 secs]
 [Times: user=0.01 sys=0.00, real=0.01 secs] 
2021-01-18T19:17:08.571+0500: [GC cleanup 161M->161M(256M), 0.0006238 secs]
 [Times: user=0.00 sys=0.00, real=0.00 secs] 
2021-01-18T19:17:08.580+0500: [GC pause (G1 Evacuation Pause) (young), 0.0021885 secs]
   [Parallel Time: 1.7 ms, GC Workers: 8]
      [GC Worker Start (ms): Min: 352.1, Avg: 352.2, Max: 352.3, Diff: 0.2]
      [Ext Root Scanning (ms): Min: 0.0, Avg: 0.1, Max: 0.2, Diff: 0.2, Sum: 0.8]
      [Update RS (ms): Min: 0.2, Avg: 0.2, Max: 0.3, Diff: 0.1, Sum: 1.8]
         [Processed Buffers: Min: 2, Avg: 3.1, Max: 4, Diff: 2, Sum: 25]
      [Scan RS (ms): Min: 0.0, Avg: 0.0, Max: 0.0, Diff: 0.0, Sum: 0.0]
      [Code Root Scanning (ms): Min: 0.0, Avg: 0.0, Max: 0.0, Diff: 0.0, Sum: 0.0]
      [Object Copy (ms): Min: 1.1, Avg: 1.2, Max: 1.2, Diff: 0.1, Sum: 9.3]
      [Termination (ms): Min: 0.0, Avg: 0.1, Max: 0.1, Diff: 0.1, Sum: 0.4]
         [Termination Attempts: Min: 1, Avg: 1.0, Max: 1, Diff: 0, Sum: 8]
      [GC Worker Other (ms): Min: 0.0, Avg: 0.0, Max: 0.0, Diff: 0.0, Sum: 0.1]
      [GC Worker Total (ms): Min: 1.4, Avg: 1.6, Max: 1.7, Diff: 0.3, Sum: 12.5]
      [GC Worker End (ms): Min: 353.7, Avg: 353.7, Max: 353.8, Diff: 0.0]
   [Code Root Fixup: 0.0 ms]
   [Code Root Purge: 0.0 ms]
   [Clear CT: 0.1 ms]
   [Other: 0.4 ms]
      [Choose CSet: 0.0 ms]
      [Ref Proc: 0.2 ms]
      [Ref Enq: 0.0 ms]
      [Redirty Cards: 0.1 ms]
      [Humongous Register: 0.0 ms]
      [Humongous Reclaim: 0.0 ms]
      [Free CSet: 0.0 ms]
   [Eden: 36.0M(36.0M)->0.0B(7168.0K) Survivors: 3072.0K->5120.0K Heap: 206.4M(256.0M)->169.0M(256.0M)]
 [Times: user=0.02 sys=0.00, real=0.00 secs] 
2021-01-18T19:17:08.585+0500: [GC pause (G1 Evacuation Pause) (mixed), 0.0040787 secs]
   [Parallel Time: 2.8 ms, GC Workers: 8]
      [GC Worker Start (ms): Min: 356.5, Avg: 356.6, Max: 356.8, Diff: 0.4]
      [Ext Root Scanning (ms): Min: 0.0, Avg: 0.1, Max: 0.2, Diff: 0.2, Sum: 0.7]
      [Update RS (ms): Min: 0.1, Avg: 0.2, Max: 0.3, Diff: 0.2, Sum: 1.9]
         [Processed Buffers: Min: 0, Avg: 2.8, Max: 4, Diff: 4, Sum: 22]
      [Scan RS (ms): Min: 0.0, Avg: 0.0, Max: 0.0, Diff: 0.0, Sum: 0.1]
      [Code Root Scanning (ms): Min: 0.0, Avg: 0.0, Max: 0.0, Diff: 0.0, Sum: 0.0]
      [Object Copy (ms): Min: 1.4, Avg: 1.7, Max: 2.1, Diff: 0.7, Sum: 13.3]
      [Termination (ms): Min: 0.0, Avg: 0.6, Max: 0.8, Diff: 0.8, Sum: 4.5]
         [Termination Attempts: Min: 1, Avg: 1.0, Max: 1, Diff: 0, Sum: 8]
      [GC Worker Other (ms): Min: 0.0, Avg: 0.0, Max: 0.0, Diff: 0.0, Sum: 0.1]
      [GC Worker Total (ms): Min: 2.3, Avg: 2.6, Max: 2.7, Diff: 0.4, Sum: 20.5]
      [GC Worker End (ms): Min: 359.1, Avg: 359.2, Max: 359.3, Diff: 0.2]
   [Code Root Fixup: 0.0 ms]
   [Code Root Purge: 0.0 ms]
   [Clear CT: 0.1 ms]
   [Other: 1.1 ms]
      [Choose CSet: 0.0 ms]
      [Ref Proc: 0.9 ms]
      [Ref Enq: 0.0 ms]
      [Redirty Cards: 0.1 ms]
      [Humongous Register: 0.0 ms]
      [Humongous Reclaim: 0.0 ms]
      [Free CSet: 0.0 ms]
   [Eden: 7168.0K(7168.0K)->0.0B(25.0M) Survivors: 5120.0K->2048.0K Heap: 177.8M(256.0M)->169.5M(256.0M)]
 [Times: user=0.01 sys=0.01, real=0.00 secs] 
2021-01-18T19:17:08.590+0500: [GC pause (G1 Humongous Allocation) (young) (initial-mark), 0.0019378 secs]
   [Parallel Time: 1.3 ms, GC Workers: 8]
      [GC Worker Start (ms): Min: 361.4, Avg: 361.4, Max: 361.6, Diff: 0.2]
      [Ext Root Scanning (ms): Min: 0.0, Avg: 0.3, Max: 1.0, Diff: 1.0, Sum: 2.0]
      [Update RS (ms): Min: 0.0, Avg: 0.0, Max: 0.1, Diff: 0.1, Sum: 0.2]
         [Processed Buffers: Min: 0, Avg: 1.1, Max: 4, Diff: 4, Sum: 9]
      [Scan RS (ms): Min: 0.0, Avg: 0.0, Max: 0.0, Diff: 0.0, Sum: 0.0]
      [Code Root Scanning (ms): Min: 0.0, Avg: 0.0, Max: 0.0, Diff: 0.0, Sum: 0.0]
      [Object Copy (ms): Min: 0.0, Avg: 0.1, Max: 0.2, Diff: 0.2, Sum: 0.8]
      [Termination (ms): Min: 0.0, Avg: 0.6, Max: 0.8, Diff: 0.8, Sum: 4.8]
         [Termination Attempts: Min: 1, Avg: 1.0, Max: 1, Diff: 0, Sum: 8]
      [GC Worker Other (ms): Min: 0.0, Avg: 0.0, Max: 0.0, Diff: 0.0, Sum: 0.1]
      [GC Worker Total (ms): Min: 0.9, Avg: 1.0, Max: 1.2, Diff: 0.3, Sum: 7.9]
      [GC Worker End (ms): Min: 362.4, Avg: 362.4, Max: 362.6, Diff: 0.2]
   [Code Root Fixup: 0.0 ms]
   [Code Root Purge: 0.0 ms]
   [Clear CT: 0.1 ms]
   [Other: 0.5 ms]
      [Choose CSet: 0.0 ms]
      [Ref Proc: 0.3 ms]
      [Ref Enq: 0.0 ms]
      [Redirty Cards: 0.1 ms]
      [Humongous Register: 0.0 ms]
      [Humongous Reclaim: 0.0 ms]
      [Free CSet: 0.0 ms]
   [Eden: 2048.0K(25.0M)->0.0B(25.0M) Survivors: 2048.0K->2048.0K Heap: 171.2M(256.0M)->169.4M(256.0M)]
 [Times: user=0.01 sys=0.00, real=0.00 secs] 
2021-01-18T19:17:08.592+0500: [GC concurrent-root-region-scan-start]
2021-01-18T19:17:08.592+0500: [GC concurrent-root-region-scan-end, 0.0001124 secs]
2021-01-18T19:17:08.592+0500: [GC concurrent-mark-start]
2021-01-18T19:17:08.592+0500: [GC concurrent-mark-end, 0.0006617 secs]
2021-01-18T19:17:08.593+0500: [GC remark 2021-01-18T19:17:08.593+0500: [Finalize Marking, 0.0003339 secs] 2021-01-18T19:17:08.593+0500: [GC ref-proc, 0.0000418 secs] 2021-01-18T19:17:08.593+0500: [Unloading, 0.0004105 secs], 0.0011923 secs]
 [Times: user=0.01 sys=0.00, real=0.00 secs] 
2021-01-18T19:17:08.594+0500: [GC cleanup 174M->174M(256M), 0.0004900 secs]
 [Times: user=0.00 sys=0.00, real=0.00 secs] 
2021-01-18T19:17:08.594+0500: [GC concurrent-cleanup-start]
2021-01-18T19:17:08.594+0500: [GC concurrent-cleanup-end, 0.0000110 secs]
2021-01-18T19:17:08.599+0500: [GC pause (G1 Evacuation Pause) (young), 0.0036677 secs]
   [Parallel Time: 2.4 ms, GC Workers: 8]
      [GC Worker Start (ms): Min: 370.9, Avg: 372.1, Max: 373.2, Diff: 2.2]
      [Ext Root Scanning (ms): Min: 0.0, Avg: 0.0, Max: 0.2, Diff: 0.2, Sum: 0.4]
      [Update RS (ms): Min: 0.0, Avg: 0.3, Max: 0.8, Diff: 0.8, Sum: 2.3]
         [Processed Buffers: Min: 0, Avg: 4.8, Max: 17, Diff: 17, Sum: 38]
      [Scan RS (ms): Min: 0.0, Avg: 0.0, Max: 0.0, Diff: 0.0, Sum: 0.1]
      [Code Root Scanning (ms): Min: 0.0, Avg: 0.0, Max: 0.0, Diff: 0.0, Sum: 0.0]
      [Object Copy (ms): Min: 0.0, Avg: 0.8, Max: 1.2, Diff: 1.2, Sum: 6.1]
      [Termination (ms): Min: 0.0, Avg: 0.1, Max: 0.1, Diff: 0.1, Sum: 0.5]
         [Termination Attempts: Min: 1, Avg: 1.0, Max: 1, Diff: 0, Sum: 8]
      [GC Worker Other (ms): Min: 0.0, Avg: 0.0, Max: 0.0, Diff: 0.0, Sum: 0.1]
      [GC Worker Total (ms): Min: 0.1, Avg: 1.2, Max: 2.3, Diff: 2.2, Sum: 9.5]
      [GC Worker End (ms): Min: 373.2, Avg: 373.2, Max: 373.3, Diff: 0.0]
   [Code Root Fixup: 0.0 ms]
   [Code Root Purge: 0.0 ms]
   [Clear CT: 0.1 ms]
   [Other: 1.2 ms]
      [Choose CSet: 0.0 ms]
      [Ref Proc: 0.8 ms]
      [Ref Enq: 0.0 ms]
      [Redirty Cards: 0.1 ms]
      [Humongous Register: 0.2 ms]
      [Humongous Reclaim: 0.0 ms]
      [Free CSet: 0.0 ms]
   [Eden: 25.0M(25.0M)->0.0B(8192.0K) Survivors: 2048.0K->4096.0K Heap: 202.0M(256.0M)->182.2M(256.0M)]
 [Times: user=0.02 sys=0.00, real=0.01 secs] 
2021-01-18T19:17:08.605+0500: [GC pause (G1 Evacuation Pause) (mixed), 0.0034730 secs]
   [Parallel Time: 2.4 ms, GC Workers: 8]
      [GC Worker Start (ms): Min: 376.7, Avg: 376.8, Max: 377.2, Diff: 0.4]
      [Ext Root Scanning (ms): Min: 0.0, Avg: 0.1, Max: 0.2, Diff: 0.2, Sum: 0.9]
      [Update RS (ms): Min: 0.0, Avg: 0.2, Max: 0.3, Diff: 0.3, Sum: 1.9]
         [Processed Buffers: Min: 1, Avg: 3.5, Max: 4, Diff: 3, Sum: 28]
      [Scan RS (ms): Min: 0.0, Avg: 0.0, Max: 0.1, Diff: 0.1, Sum: 0.2]
      [Code Root Scanning (ms): Min: 0.0, Avg: 0.0, Max: 0.0, Diff: 0.0, Sum: 0.0]
      [Object Copy (ms): Min: 1.7, Avg: 1.8, Max: 1.8, Diff: 0.1, Sum: 14.0]
      [Termination (ms): Min: 0.0, Avg: 0.1, Max: 0.2, Diff: 0.2, Sum: 0.8]
         [Termination Attempts: Min: 1, Avg: 1.1, Max: 2, Diff: 1, Sum: 9]
      [GC Worker Other (ms): Min: 0.0, Avg: 0.0, Max: 0.0, Diff: 0.0, Sum: 0.1]
      [GC Worker Total (ms): Min: 1.9, Avg: 2.2, Max: 2.4, Diff: 0.4, Sum: 17.9]
      [GC Worker End (ms): Min: 379.0, Avg: 379.1, Max: 379.1, Diff: 0.1]
   [Code Root Fixup: 0.0 ms]
   [Code Root Purge: 0.0 ms]
   [Clear CT: 0.1 ms]
   [Other: 0.9 ms]
      [Choose CSet: 0.0 ms]
      [Ref Proc: 0.5 ms]
      [Ref Enq: 0.0 ms]
      [Redirty Cards: 0.2 ms]
      [Humongous Register: 0.0 ms]
      [Humongous Reclaim: 0.0 ms]
      [Free CSet: 0.0 ms]
   [Eden: 8192.0K(8192.0K)->0.0B(17.0M) Survivors: 4096.0K->2048.0K Heap: 192.8M(256.0M)->179.0M(256.0M)]
 [Times: user=0.02 sys=0.00, real=0.00 secs] 
2021-01-18T19:17:08.610+0500: [GC pause (G1 Humongous Allocation) (young) (initial-mark), 0.0032201 secs]
   [Parallel Time: 1.9 ms, GC Workers: 8]
      [GC Worker Start (ms): Min: 381.9, Avg: 382.0, Max: 382.1, Diff: 0.2]
      [Ext Root Scanning (ms): Min: 0.0, Avg: 0.6, Max: 1.7, Diff: 1.7, Sum: 5.0]
      [Update RS (ms): Min: 0.0, Avg: 0.1, Max: 0.3, Diff: 0.3, Sum: 0.6]
         [Processed Buffers: Min: 0, Avg: 1.1, Max: 3, Diff: 3, Sum: 9]
      [Scan RS (ms): Min: 0.0, Avg: 0.0, Max: 0.0, Diff: 0.0, Sum: 0.0]
      [Code Root Scanning (ms): Min: 0.0, Avg: 0.0, Max: 0.0, Diff: 0.0, Sum: 0.0]
      [Object Copy (ms): Min: 0.0, Avg: 0.4, Max: 1.4, Diff: 1.4, Sum: 3.3]
      [Termination (ms): Min: 0.0, Avg: 0.6, Max: 1.0, Diff: 1.0, Sum: 5.0]
         [Termination Attempts: Min: 1, Avg: 1.0, Max: 1, Diff: 0, Sum: 8]
      [GC Worker Other (ms): Min: 0.0, Avg: 0.0, Max: 0.0, Diff: 0.0, Sum: 0.1]
      [GC Worker Total (ms): Min: 1.6, Avg: 1.7, Max: 1.8, Diff: 0.2, Sum: 14.0]
      [GC Worker End (ms): Min: 383.7, Avg: 383.7, Max: 383.7, Diff: 0.0]
   [Code Root Fixup: 0.0 ms]
   [Code Root Purge: 0.0 ms]
   [Clear CT: 0.1 ms]
   [Other: 1.2 ms]
      [Choose CSet: 0.0 ms]
      [Ref Proc: 0.8 ms]
      [Ref Enq: 0.0 ms]
      [Redirty Cards: 0.1 ms]
      [Humongous Register: 0.1 ms]
      [Humongous Reclaim: 0.0 ms]
      [Free CSet: 0.0 ms]
   [Eden: 6144.0K(17.0M)->0.0B(14.0M) Survivors: 2048.0K->3072.0K Heap: 184.8M(256.0M)->181.7M(256.0M)]
 [Times: user=0.01 sys=0.00, real=0.00 secs] 
2021-01-18T19:17:08.613+0500: [GC concurrent-root-region-scan-start]
2021-01-18T19:17:08.614+0500: [GC concurrent-root-region-scan-end, 0.0001785 secs]
2021-01-18T19:17:08.614+0500: [GC concurrent-mark-start]
2021-01-18T19:17:08.614+0500: [GC concurrent-mark-end, 0.0008633 secs]
2021-01-18T19:17:08.615+0500: [GC remark 2021-01-18T19:17:08.615+0500: [Finalize Marking, 0.0007720 secs] 2021-01-18T19:17:08.615+0500: [GC ref-proc, 0.0000431 secs] 2021-01-18T19:17:08.615+0500: [Unloading, 0.0004537 secs], 0.0018032 secs]
 [Times: user=0.01 sys=0.00, real=0.00 secs] 
2021-01-18T19:17:08.617+0500: [GC cleanup 185M->185M(256M), 0.0004929 secs]
 [Times: user=0.00 sys=0.00, real=0.00 secs] 
2021-01-18T19:17:08.621+0500: [GC pause (G1 Evacuation Pause) (young), 0.0023369 secs]
   [Parallel Time: 1.6 ms, GC Workers: 8]
      [GC Worker Start (ms): Min: 393.1, Avg: 393.3, Max: 394.1, Diff: 1.0]
      [Ext Root Scanning (ms): Min: 0.0, Avg: 0.1, Max: 0.2, Diff: 0.2, Sum: 0.6]
      [Update RS (ms): Min: 0.0, Avg: 0.3, Max: 0.4, Diff: 0.4, Sum: 2.6]
         [Processed Buffers: Min: 0, Avg: 3.9, Max: 6, Diff: 6, Sum: 31]
      [Scan RS (ms): Min: 0.0, Avg: 0.0, Max: 0.0, Diff: 0.0, Sum: 0.0]
      [Code Root Scanning (ms): Min: 0.0, Avg: 0.0, Max: 0.0, Diff: 0.0, Sum: 0.0]
      [Object Copy (ms): Min: 0.0, Avg: 0.4, Max: 0.8, Diff: 0.8, Sum: 3.3]
      [Termination (ms): Min: 0.0, Avg: 0.4, Max: 0.6, Diff: 0.6, Sum: 3.5]
         [Termination Attempts: Min: 1, Avg: 1.0, Max: 1, Diff: 0, Sum: 8]
      [GC Worker Other (ms): Min: 0.0, Avg: 0.0, Max: 0.0, Diff: 0.0, Sum: 0.1]
      [GC Worker Total (ms): Min: 0.5, Avg: 1.3, Max: 1.5, Diff: 1.0, Sum: 10.2]
      [GC Worker End (ms): Min: 394.5, Avg: 394.6, Max: 394.7, Diff: 0.2]
   [Code Root Fixup: 0.0 ms]
   [Code Root Purge: 0.0 ms]
   [Clear CT: 0.2 ms]
   [Other: 0.5 ms]
      [Choose CSet: 0.0 ms]
      [Ref Proc: 0.3 ms]
      [Ref Enq: 0.0 ms]
      [Redirty Cards: 0.1 ms]
      [Humongous Register: 0.1 ms]
      [Humongous Reclaim: 0.0 ms]
      [Free CSet: 0.0 ms]
   [Eden: 14.0M(14.0M)->0.0B(9216.0K) Survivors: 3072.0K->3072.0K Heap: 200.4M(256.0M)->188.2M(256.0M)]
 [Times: user=0.01 sys=0.00, real=0.00 secs] 
2021-01-18T19:17:08.626+0500: [GC pause (G1 Evacuation Pause) (mixed), 0.0023192 secs]
   [Parallel Time: 1.8 ms, GC Workers: 8]
      [GC Worker Start (ms): Min: 397.6, Avg: 397.7, Max: 397.7, Diff: 0.1]
      [Ext Root Scanning (ms): Min: 0.0, Avg: 0.1, Max: 0.2, Diff: 0.1, Sum: 0.9]
      [Update RS (ms): Min: 0.3, Avg: 0.3, Max: 0.3, Diff: 0.1, Sum: 2.4]
         [Processed Buffers: Min: 1, Avg: 3.5, Max: 4, Diff: 3, Sum: 28]
      [Scan RS (ms): Min: 0.0, Avg: 0.0, Max: 0.1, Diff: 0.1, Sum: 0.1]
      [Code Root Scanning (ms): Min: 0.0, Avg: 0.0, Max: 0.0, Diff: 0.0, Sum: 0.0]
      [Object Copy (ms): Min: 1.2, Avg: 1.2, Max: 1.2, Diff: 0.1, Sum: 9.6]
      [Termination (ms): Min: 0.0, Avg: 0.1, Max: 0.1, Diff: 0.1, Sum: 0.5]
         [Termination Attempts: Min: 1, Avg: 1.2, Max: 2, Diff: 1, Sum: 10]
      [GC Worker Other (ms): Min: 0.0, Avg: 0.0, Max: 0.0, Diff: 0.0, Sum: 0.1]
      [GC Worker Total (ms): Min: 1.6, Avg: 1.7, Max: 1.8, Diff: 0.2, Sum: 13.5]
      [GC Worker End (ms): Min: 399.3, Avg: 399.3, Max: 399.4, Diff: 0.0]
   [Code Root Fixup: 0.0 ms]
   [Code Root Purge: 0.0 ms]
   [Clear CT: 0.1 ms]
   [Other: 0.4 ms]
      [Choose CSet: 0.0 ms]
      [Ref Proc: 0.2 ms]
      [Ref Enq: 0.0 ms]
      [Redirty Cards: 0.1 ms]
      [Humongous Register: 0.0 ms]
      [Humongous Reclaim: 0.0 ms]
      [Free CSet: 0.0 ms]
   [Eden: 9216.0K(9216.0K)->0.0B(10.0M) Survivors: 3072.0K->2048.0K Heap: 201.9M(256.0M)->188.1M(256.0M)]
 [Times: user=0.01 sys=0.01, real=0.00 secs] 
2021-01-18T19:17:08.629+0500: [GC pause (G1 Humongous Allocation) (young) (initial-mark), 0.0012407 secs]
   [Parallel Time: 0.6 ms, GC Workers: 8]
      [GC Worker Start (ms): Min: 400.5, Avg: 400.5, Max: 400.6, Diff: 0.1]
      [Ext Root Scanning (ms): Min: 0.0, Avg: 0.1, Max: 0.2, Diff: 0.1, Sum: 0.9]
      [Update RS (ms): Min: 0.0, Avg: 0.1, Max: 0.1, Diff: 0.1, Sum: 0.4]
         [Processed Buffers: Min: 1, Avg: 1.1, Max: 2, Diff: 1, Sum: 9]
      [Scan RS (ms): Min: 0.0, Avg: 0.0, Max: 0.0, Diff: 0.0, Sum: 0.0]
      [Code Root Scanning (ms): Min: 0.0, Avg: 0.0, Max: 0.0, Diff: 0.0, Sum: 0.0]
      [Object Copy (ms): Min: 0.0, Avg: 0.1, Max: 0.3, Diff: 0.3, Sum: 1.2]
      [Termination (ms): Min: 0.0, Avg: 0.2, Max: 0.2, Diff: 0.2, Sum: 1.4]
         [Termination Attempts: Min: 1, Avg: 1.0, Max: 1, Diff: 0, Sum: 8]
      [GC Worker Other (ms): Min: 0.0, Avg: 0.0, Max: 0.0, Diff: 0.0, Sum: 0.1]
      [GC Worker Total (ms): Min: 0.4, Avg: 0.5, Max: 0.6, Diff: 0.1, Sum: 4.1]
      [GC Worker End (ms): Min: 401.0, Avg: 401.0, Max: 401.1, Diff: 0.1]
   [Code Root Fixup: 0.0 ms]
   [Code Root Purge: 0.0 ms]
   [Clear CT: 0.1 ms]
   [Other: 0.5 ms]
      [Choose CSet: 0.0 ms]
      [Ref Proc: 0.3 ms]
      [Ref Enq: 0.0 ms]
      [Redirty Cards: 0.1 ms]
      [Humongous Register: 0.0 ms]
      [Humongous Reclaim: 0.0 ms]
      [Free CSet: 0.0 ms]
   [Eden: 2048.0K(10.0M)->0.0B(11.0M) Survivors: 2048.0K->1024.0K Heap: 189.8M(256.0M)->188.8M(256.0M)]
 [Times: user=0.01 sys=0.00, real=0.01 secs] 
2021-01-18T19:17:08.630+0500: [GC concurrent-root-region-scan-start]
2021-01-18T19:17:08.630+0500: [GC concurrent-root-region-scan-end, 0.0000950 secs]
2021-01-18T19:17:08.630+0500: [GC concurrent-mark-start]
2021-01-18T19:17:08.631+0500: [GC concurrent-mark-end, 0.0007099 secs]
2021-01-18T19:17:08.631+0500: [GC remark 2021-01-18T19:17:08.631+0500: [Finalize Marking, 0.0002947 secs] 2021-01-18T19:17:08.631+0500: [GC ref-proc, 0.0000447 secs] 2021-01-18T19:17:08.631+0500: [Unloading, 0.0004356 secs], 0.0012708 secs]
 [Times: user=0.01 sys=0.00, real=0.00 secs] 
2021-01-18T19:17:08.632+0500: [GC cleanup 194M->194M(256M), 0.0005589 secs]
 [Times: user=0.00 sys=0.00, real=0.00 secs] 
2021-01-18T19:17:08.635+0500: [GC pause (G1 Evacuation Pause) (young), 0.0027666 secs]
   [Parallel Time: 1.5 ms, GC Workers: 8]
      [GC Worker Start (ms): Min: 406.7, Avg: 406.9, Max: 407.5, Diff: 0.8]
      [Ext Root Scanning (ms): Min: 0.0, Avg: 0.1, Max: 0.2, Diff: 0.2, Sum: 0.7]
      [Update RS (ms): Min: 0.0, Avg: 0.4, Max: 0.5, Diff: 0.5, Sum: 2.9]
         [Processed Buffers: Min: 0, Avg: 4.9, Max: 7, Diff: 7, Sum: 39]
      [Scan RS (ms): Min: 0.0, Avg: 0.0, Max: 0.0, Diff: 0.0, Sum: 0.0]
      [Code Root Scanning (ms): Min: 0.0, Avg: 0.0, Max: 0.0, Diff: 0.0, Sum: 0.0]
      [Object Copy (ms): Min: 0.3, Avg: 0.4, Max: 0.5, Diff: 0.2, Sum: 2.9]
      [Termination (ms): Min: 0.0, Avg: 0.4, Max: 0.5, Diff: 0.5, Sum: 2.9]
         [Termination Attempts: Min: 1, Avg: 1.0, Max: 1, Diff: 0, Sum: 8]
      [GC Worker Other (ms): Min: 0.0, Avg: 0.0, Max: 0.0, Diff: 0.0, Sum: 0.1]
      [GC Worker Total (ms): Min: 0.5, Avg: 1.2, Max: 1.4, Diff: 0.9, Sum: 9.6]
      [GC Worker End (ms): Min: 408.0, Avg: 408.1, Max: 408.2, Diff: 0.2]
   [Code Root Fixup: 0.0 ms]
   [Code Root Purge: 0.0 ms]
   [Clear CT: 0.1 ms]
   [Other: 1.1 ms]
      [Choose CSet: 0.0 ms]
      [Ref Proc: 0.9 ms]
      [Ref Enq: 0.0 ms]
      [Redirty Cards: 0.1 ms]
      [Humongous Register: 0.1 ms]
      [Humongous Reclaim: 0.0 ms]
      [Free CSet: 0.0 ms]
   [Eden: 11.0M(11.0M)->0.0B(10.0M) Survivors: 1024.0K->2048.0K Heap: 203.6M(256.0M)->194.1M(256.0M)]
 [Times: user=0.01 sys=0.00, real=0.00 secs] 
2021-01-18T19:17:08.641+0500: [GC pause (G1 Evacuation Pause) (mixed), 0.0022722 secs]
   [Parallel Time: 1.7 ms, GC Workers: 8]
      [GC Worker Start (ms): Min: 412.7, Avg: 412.8, Max: 412.9, Diff: 0.2]
      [Ext Root Scanning (ms): Min: 0.0, Avg: 0.1, Max: 0.2, Diff: 0.1, Sum: 0.8]
      [Update RS (ms): Min: 0.3, Avg: 0.3, Max: 0.3, Diff: 0.1, Sum: 2.5]
         [Processed Buffers: Min: 4, Avg: 4.5, Max: 5, Diff: 1, Sum: 36]
      [Scan RS (ms): Min: 0.0, Avg: 0.0, Max: 0.0, Diff: 0.0, Sum: 0.1]
      [Code Root Scanning (ms): Min: 0.0, Avg: 0.0, Max: 0.0, Diff: 0.0, Sum: 0.0]
      [Object Copy (ms): Min: 1.1, Avg: 1.1, Max: 1.1, Diff: 0.0, Sum: 8.8]
      [Termination (ms): Min: 0.0, Avg: 0.0, Max: 0.1, Diff: 0.1, Sum: 0.2]
         [Termination Attempts: Min: 1, Avg: 1.0, Max: 1, Diff: 0, Sum: 8]
      [GC Worker Other (ms): Min: 0.0, Avg: 0.0, Max: 0.0, Diff: 0.0, Sum: 0.1]
      [GC Worker Total (ms): Min: 1.5, Avg: 1.6, Max: 1.6, Diff: 0.2, Sum: 12.4]
      [GC Worker End (ms): Min: 414.3, Avg: 414.3, Max: 414.3, Diff: 0.0]
   [Code Root Fixup: 0.0 ms]
   [Code Root Purge: 0.0 ms]
   [Clear CT: 0.1 ms]
   [Other: 0.5 ms]
      [Choose CSet: 0.0 ms]
      [Ref Proc: 0.2 ms]
      [Ref Enq: 0.0 ms]
      [Redirty Cards: 0.1 ms]
      [Humongous Register: 0.1 ms]
      [Humongous Reclaim: 0.0 ms]
      [Free CSet: 0.0 ms]
   [Eden: 10.0M(10.0M)->0.0B(10.0M) Survivors: 2048.0K->2048.0K Heap: 207.4M(256.0M)->192.3M(256.0M)]
 [Times: user=0.01 sys=0.00, real=0.00 secs] 
2021-01-18T19:17:08.644+0500: [GC pause (G1 Humongous Allocation) (young) (initial-mark), 0.0010787 secs]
   [Parallel Time: 0.6 ms, GC Workers: 8]
      [GC Worker Start (ms): Min: 415.4, Avg: 415.4, Max: 415.5, Diff: 0.1]
      [Ext Root Scanning (ms): Min: 0.1, Avg: 0.1, Max: 0.2, Diff: 0.1, Sum: 0.9]
      [Update RS (ms): Min: 0.0, Avg: 0.0, Max: 0.1, Diff: 0.1, Sum: 0.3]
         [Processed Buffers: Min: 1, Avg: 1.1, Max: 2, Diff: 1, Sum: 9]
      [Scan RS (ms): Min: 0.0, Avg: 0.0, Max: 0.0, Diff: 0.0, Sum: 0.0]
      [Code Root Scanning (ms): Min: 0.0, Avg: 0.0, Max: 0.0, Diff: 0.0, Sum: 0.0]
      [Object Copy (ms): Min: 0.1, Avg: 0.2, Max: 0.2, Diff: 0.2, Sum: 1.4]
      [Termination (ms): Min: 0.0, Avg: 0.1, Max: 0.1, Diff: 0.1, Sum: 0.5]
         [Termination Attempts: Min: 1, Avg: 1.0, Max: 1, Diff: 0, Sum: 8]
      [GC Worker Other (ms): Min: 0.0, Avg: 0.0, Max: 0.0, Diff: 0.0, Sum: 0.1]
      [GC Worker Total (ms): Min: 0.4, Avg: 0.4, Max: 0.5, Diff: 0.1, Sum: 3.3]
      [GC Worker End (ms): Min: 415.8, Avg: 415.9, Max: 415.9, Diff: 0.0]
   [Code Root Fixup: 0.0 ms]
   [Code Root Purge: 0.0 ms]
   [Clear CT: 0.1 ms]
   [Other: 0.4 ms]
      [Choose CSet: 0.0 ms]
      [Ref Proc: 0.2 ms]
      [Ref Enq: 0.0 ms]
      [Redirty Cards: 0.1 ms]
      [Humongous Register: 0.0 ms]
      [Humongous Reclaim: 0.0 ms]
      [Free CSet: 0.0 ms]
   [Eden: 2048.0K(10.0M)->0.0B(11.0M) Survivors: 2048.0K->1024.0K Heap: 194.0M(256.0M)->193.0M(256.0M)]
 [Times: user=0.01 sys=0.00, real=0.00 secs] 
2021-01-18T19:17:08.645+0500: [GC concurrent-root-region-scan-start]
2021-01-18T19:17:08.645+0500: [GC concurrent-root-region-scan-end, 0.0000480 secs]
2021-01-18T19:17:08.645+0500: [GC concurrent-mark-start]
2021-01-18T19:17:08.646+0500: [GC concurrent-mark-end, 0.0008786 secs]
2021-01-18T19:17:08.646+0500: [GC remark 2021-01-18T19:17:08.646+0500: [Finalize Marking, 0.0002915 secs] 2021-01-18T19:17:08.646+0500: [GC ref-proc, 0.0000424 secs] 2021-01-18T19:17:08.646+0500: [Unloading, 0.0003670 secs], 0.0012048 secs]
 [Times: user=0.01 sys=0.00, real=0.00 secs] 
2021-01-18T19:17:08.647+0500: [GC cleanup 200M->200M(256M), 0.0004591 secs]
 [Times: user=0.00 sys=0.00, real=0.00 secs] 
2021-01-18T19:17:08.649+0500: [GC pause (G1 Evacuation Pause) (young), 0.0017630 secs]
   [Parallel Time: 1.1 ms, GC Workers: 8]
      [GC Worker Start (ms): Min: 420.9, Avg: 421.0, Max: 421.5, Diff: 0.7]
      [Ext Root Scanning (ms): Min: 0.0, Avg: 0.1, Max: 0.2, Diff: 0.2, Sum: 0.8]
      [Update RS (ms): Min: 0.0, Avg: 0.3, Max: 0.4, Diff: 0.4, Sum: 2.4]
         [Processed Buffers: Min: 0, Avg: 4.2, Max: 5, Diff: 5, Sum: 34]
      [Scan RS (ms): Min: 0.0, Avg: 0.0, Max: 0.0, Diff: 0.0, Sum: 0.0]
      [Code Root Scanning (ms): Min: 0.0, Avg: 0.0, Max: 0.0, Diff: 0.0, Sum: 0.0]
      [Object Copy (ms): Min: 0.1, Avg: 0.4, Max: 0.4, Diff: 0.3, Sum: 2.9]
      [Termination (ms): Min: 0.0, Avg: 0.1, Max: 0.2, Diff: 0.2, Sum: 0.7]
         [Termination Attempts: Min: 1, Avg: 1.0, Max: 1, Diff: 0, Sum: 8]
      [GC Worker Other (ms): Min: 0.0, Avg: 0.0, Max: 0.0, Diff: 0.0, Sum: 0.1]
      [GC Worker Total (ms): Min: 0.4, Avg: 0.9, Max: 1.0, Diff: 0.6, Sum: 6.9]
      [GC Worker End (ms): Min: 421.8, Avg: 421.9, Max: 421.9, Diff: 0.1]
   [Code Root Fixup: 0.0 ms]
   [Code Root Purge: 0.0 ms]
   [Clear CT: 0.1 ms]
   [Other: 0.6 ms]
      [Choose CSet: 0.0 ms]
      [Ref Proc: 0.3 ms]
      [Ref Enq: 0.0 ms]
      [Redirty Cards: 0.1 ms]
      [Humongous Register: 0.0 ms]
      [Humongous Reclaim: 0.0 ms]
      [Free CSet: 0.0 ms]
   [Eden: 11.0M(11.0M)->0.0B(10.0M) Survivors: 1024.0K->2048.0K Heap: 207.2M(256.0M)->197.7M(256.0M)]
 [Times: user=0.01 sys=0.00, real=0.01 secs] 
2021-01-18T19:17:08.654+0500: [GC pause (G1 Evacuation Pause) (mixed) (to-space exhausted), 0.0044796 secs]
   [Parallel Time: 3.5 ms, GC Workers: 8]
      [GC Worker Start (ms): Min: 426.1, Avg: 426.4, Max: 427.1, Diff: 1.0]
      [Ext Root Scanning (ms): Min: 0.0, Avg: 0.1, Max: 0.3, Diff: 0.3, Sum: 0.9]
      [Update RS (ms): Min: 0.0, Avg: 0.4, Max: 0.7, Diff: 0.7, Sum: 3.5]
         [Processed Buffers: Min: 0, Avg: 5.2, Max: 10, Diff: 10, Sum: 42]
      [Scan RS (ms): Min: 0.0, Avg: 0.0, Max: 0.0, Diff: 0.0, Sum: 0.1]
      [Code Root Scanning (ms): Min: 0.0, Avg: 0.0, Max: 0.0, Diff: 0.0, Sum: 0.0]
      [Object Copy (ms): Min: 0.0, Avg: 1.4, Max: 1.8, Diff: 1.8, Sum: 10.9]
      [Termination (ms): Min: 0.0, Avg: 0.7, Max: 0.9, Diff: 0.9, Sum: 5.9]
         [Termination Attempts: Min: 1, Avg: 1.0, Max: 1, Diff: 0, Sum: 8]
      [GC Worker Other (ms): Min: 0.0, Avg: 0.4, Max: 2.8, Diff: 2.8, Sum: 3.3]
      [GC Worker Total (ms): Min: 2.4, Avg: 3.1, Max: 3.4, Diff: 1.0, Sum: 24.5]
      [GC Worker End (ms): Min: 429.4, Avg: 429.5, Max: 429.5, Diff: 0.2]
   [Code Root Fixup: 0.0 ms]
   [Code Root Purge: 0.0 ms]
   [Clear CT: 0.2 ms]
   [Other: 0.8 ms]
      [Evacuation Failure: 0.2 ms]
      [Choose CSet: 0.0 ms]
      [Ref Proc: 0.2 ms]
      [Ref Enq: 0.0 ms]
      [Redirty Cards: 0.1 ms]
      [Humongous Register: 0.1 ms]
      [Humongous Reclaim: 0.0 ms]
      [Free CSet: 0.0 ms]
   [Eden: 10.0M(10.0M)->0.0B(10.0M) Survivors: 2048.0K->2048.0K Heap: 211.8M(256.0M)->207.0M(256.0M)]
 [Times: user=0.02 sys=0.01, real=0.00 secs] 
2021-01-18T19:17:08.659+0500: [GC pause (G1 Humongous Allocation) (young) (initial-mark), 0.0018757 secs]
   [Parallel Time: 1.3 ms, GC Workers: 8]
      [GC Worker Start (ms): Min: 431.0, Avg: 431.0, Max: 431.1, Diff: 0.1]
      [Ext Root Scanning (ms): Min: 0.1, Avg: 0.3, Max: 1.1, Diff: 1.0, Sum: 2.4]
      [Update RS (ms): Min: 0.0, Avg: 0.1, Max: 0.1, Diff: 0.1, Sum: 0.6]
         [Processed Buffers: Min: 0, Avg: 1.5, Max: 3, Diff: 3, Sum: 12]
      [Scan RS (ms): Min: 0.0, Avg: 0.0, Max: 0.0, Diff: 0.0, Sum: 0.0]
      [Code Root Scanning (ms): Min: 0.0, Avg: 0.0, Max: 0.0, Diff: 0.0, Sum: 0.0]
      [Object Copy (ms): Min: 0.0, Avg: 0.2, Max: 0.8, Diff: 0.8, Sum: 1.8]
      [Termination (ms): Min: 0.0, Avg: 0.5, Max: 0.8, Diff: 0.8, Sum: 4.4]
         [Termination Attempts: Min: 1, Avg: 1.0, Max: 1, Diff: 0, Sum: 8]
      [GC Worker Other (ms): Min: 0.0, Avg: 0.0, Max: 0.0, Diff: 0.0, Sum: 0.1]
      [GC Worker Total (ms): Min: 1.1, Avg: 1.2, Max: 1.2, Diff: 0.1, Sum: 9.2]
      [GC Worker End (ms): Min: 432.2, Avg: 432.2, Max: 432.2, Diff: 0.1]
   [Code Root Fixup: 0.0 ms]
   [Code Root Purge: 0.0 ms]
   [Clear CT: 0.1 ms]
   [Other: 0.5 ms]
      [Choose CSet: 0.0 ms]
      [Ref Proc: 0.2 ms]
      [Ref Enq: 0.0 ms]
      [Redirty Cards: 0.1 ms]
      [Humongous Register: 0.0 ms]
      [Humongous Reclaim: 0.0 ms]
      [Free CSet: 0.0 ms]
   [Eden: 1024.0K(10.0M)->0.0B(11.0M) Survivors: 2048.0K->1024.0K Heap: 207.8M(256.0M)->206.9M(256.0M)]
 [Times: user=0.00 sys=0.00, real=0.01 secs] 
2021-01-18T19:17:08.661+0500: [GC concurrent-root-region-scan-start]
2021-01-18T19:17:08.661+0500: [GC concurrent-root-region-scan-end, 0.0001279 secs]
2021-01-18T19:17:08.661+0500: [GC concurrent-mark-start]
2021-01-18T19:17:08.662+0500: [GC concurrent-mark-end, 0.0007459 secs]
2021-01-18T19:17:08.662+0500: [GC remark 2021-01-18T19:17:08.662+0500: [Finalize Marking, 0.0001284 secs] 2021-01-18T19:17:08.662+0500: [GC ref-proc, 0.0000434 secs] 2021-01-18T19:17:08.662+0500: [Unloading, 0.0004855 secs], 0.0012868 secs]
 [Times: user=0.00 sys=0.00, real=0.00 secs] 
2021-01-18T19:17:08.664+0500: [GC cleanup 210M->210M(256M), 0.0005515 secs]
 [Times: user=0.00 sys=0.00, real=0.00 secs] 
2021-01-18T19:17:08.666+0500: [GC pause (G1 Evacuation Pause) (young), 0.0017086 secs]
   [Parallel Time: 1.2 ms, GC Workers: 8]
      [GC Worker Start (ms): Min: 437.7, Avg: 437.7, Max: 437.9, Diff: 0.2]
      [Ext Root Scanning (ms): Min: 0.0, Avg: 0.1, Max: 0.2, Diff: 0.2, Sum: 0.9]
      [Update RS (ms): Min: 0.3, Avg: 0.3, Max: 0.7, Diff: 0.4, Sum: 2.7]
         [Processed Buffers: Min: 1, Avg: 3.9, Max: 5, Diff: 4, Sum: 31]
      [Scan RS (ms): Min: 0.0, Avg: 0.0, Max: 0.0, Diff: 0.0, Sum: 0.0]
      [Code Root Scanning (ms): Min: 0.0, Avg: 0.0, Max: 0.0, Diff: 0.0, Sum: 0.0]
      [Object Copy (ms): Min: 0.0, Avg: 0.2, Max: 0.2, Diff: 0.2, Sum: 1.3]
      [Termination (ms): Min: 0.0, Avg: 0.2, Max: 0.4, Diff: 0.4, Sum: 1.8]
         [Termination Attempts: Min: 1, Avg: 1.2, Max: 2, Diff: 1, Sum: 10]
      [GC Worker Other (ms): Min: 0.0, Avg: 0.0, Max: 0.0, Diff: 0.0, Sum: 0.1]
      [GC Worker Total (ms): Min: 0.7, Avg: 0.9, Max: 1.1, Diff: 0.4, Sum: 6.9]
      [GC Worker End (ms): Min: 438.6, Avg: 438.6, Max: 438.8, Diff: 0.2]
   [Code Root Fixup: 0.0 ms]
   [Code Root Purge: 0.0 ms]
   [Clear CT: 0.2 ms]
   [Other: 0.4 ms]
      [Choose CSet: 0.0 ms]
      [Ref Proc: 0.1 ms]
      [Ref Enq: 0.0 ms]
      [Redirty Cards: 0.1 ms]
      [Humongous Register: 0.0 ms]
      [Humongous Reclaim: 0.0 ms]
      [Free CSet: 0.0 ms]
   [Eden: 11.0M(11.0M)->0.0B(10.0M) Survivors: 1024.0K->2048.0K Heap: 220.7M(256.0M)->211.2M(256.0M)]
 [Times: user=0.01 sys=0.00, real=0.00 secs] 
2021-01-18T19:17:08.670+0500: [GC pause (G1 Evacuation Pause) (mixed) (to-space exhausted), 0.0033928 secs]
   [Parallel Time: 1.7 ms, GC Workers: 8]
      [GC Worker Start (ms): Min: 442.0, Avg: 442.1, Max: 442.1, Diff: 0.1]
      [Ext Root Scanning (ms): Min: 0.1, Avg: 0.2, Max: 0.7, Diff: 0.6, Sum: 1.7]
      [Update RS (ms): Min: 0.1, Avg: 0.6, Max: 0.7, Diff: 0.6, Sum: 4.5]
         [Processed Buffers: Min: 2, Avg: 6.6, Max: 9, Diff: 7, Sum: 53]
      [Scan RS (ms): Min: 0.0, Avg: 0.0, Max: 0.0, Diff: 0.0, Sum: 0.2]
      [Code Root Scanning (ms): Min: 0.0, Avg: 0.0, Max: 0.0, Diff: 0.0, Sum: 0.0]
      [Object Copy (ms): Min: 0.1, Avg: 0.4, Max: 0.8, Diff: 0.7, Sum: 2.9]
      [Termination (ms): Min: 0.0, Avg: 0.4, Max: 0.7, Diff: 0.7, Sum: 3.3]
         [Termination Attempts: Min: 1, Avg: 1.1, Max: 2, Diff: 1, Sum: 9]
      [GC Worker Other (ms): Min: 0.0, Avg: 0.0, Max: 0.0, Diff: 0.0, Sum: 0.1]
      [GC Worker Total (ms): Min: 1.5, Avg: 1.6, Max: 1.7, Diff: 0.1, Sum: 12.8]
      [GC Worker End (ms): Min: 443.6, Avg: 443.6, Max: 443.7, Diff: 0.1]
   [Code Root Fixup: 0.0 ms]
   [Code Root Purge: 0.0 ms]
   [Clear CT: 0.1 ms]
   [Other: 1.5 ms]
      [Evacuation Failure: 0.1 ms]
      [Choose CSet: 0.1 ms]
      [Ref Proc: 1.0 ms]
      [Ref Enq: 0.0 ms]
      [Redirty Cards: 0.1 ms]
      [Humongous Register: 0.1 ms]
      [Humongous Reclaim: 0.0 ms]
      [Free CSet: 0.0 ms]
   [Eden: 6144.0K(10.0M)->0.0B(12.0M) Survivors: 2048.0K->0.0B Heap: 222.8M(256.0M)->215.6M(256.0M)]
 [Times: user=0.02 sys=0.00, real=0.00 secs] 
2021-01-18T19:17:08.674+0500: [GC pause (G1 Humongous Allocation) (young) (initial-mark), 0.0015337 secs]
   [Parallel Time: 1.0 ms, GC Workers: 8]
      [GC Worker Start (ms): Min: 445.7, Avg: 445.7, Max: 445.9, Diff: 0.2]
      [Ext Root Scanning (ms): Min: 0.0, Avg: 0.2, Max: 0.4, Diff: 0.4, Sum: 1.6]
      [Update RS (ms): Min: 0.0, Avg: 0.1, Max: 0.7, Diff: 0.7, Sum: 0.9]
         [Processed Buffers: Min: 0, Avg: 2.4, Max: 5, Diff: 5, Sum: 19]
      [Scan RS (ms): Min: 0.0, Avg: 0.0, Max: 0.0, Diff: 0.0, Sum: 0.0]
      [Code Root Scanning (ms): Min: 0.0, Avg: 0.0, Max: 0.0, Diff: 0.0, Sum: 0.0]
      [Object Copy (ms): Min: 0.0, Avg: 0.0, Max: 0.0, Diff: 0.0, Sum: 0.0]
      [Termination (ms): Min: 0.0, Avg: 0.5, Max: 0.7, Diff: 0.7, Sum: 4.2]
         [Termination Attempts: Min: 1, Avg: 1.0, Max: 1, Diff: 0, Sum: 8]
      [GC Worker Other (ms): Min: 0.0, Avg: 0.0, Max: 0.0, Diff: 0.0, Sum: 0.1]
      [GC Worker Total (ms): Min: 0.7, Avg: 0.8, Max: 1.0, Diff: 0.3, Sum: 6.8]
      [GC Worker End (ms): Min: 446.5, Avg: 446.6, Max: 446.6, Diff: 0.1]
   [Code Root Fixup: 0.0 ms]
   [Code Root Purge: 0.0 ms]
   [Clear CT: 0.1 ms]
   [Other: 0.4 ms]
      [Choose CSet: 0.0 ms]
      [Ref Proc: 0.2 ms]
      [Ref Enq: 0.0 ms]
      [Redirty Cards: 0.1 ms]
      [Humongous Register: 0.0 ms]
      [Humongous Reclaim: 0.0 ms]
      [Free CSet: 0.0 ms]
   [Eden: 1024.0K(12.0M)->0.0B(12.0M) Survivors: 0.0B->0.0B Heap: 216.1M(256.0M)->215.6M(256.0M)]
 [Times: user=0.00 sys=0.00, real=0.00 secs] 
2021-01-18T19:17:08.676+0500: [GC concurrent-root-region-scan-start]
2021-01-18T19:17:08.676+0500: [GC concurrent-root-region-scan-end, 0.0000145 secs]
2021-01-18T19:17:08.676+0500: [GC concurrent-mark-start]
2021-01-18T19:17:08.676+0500: [GC concurrent-mark-end, 0.0007554 secs]
2021-01-18T19:17:08.676+0500: [GC remark 2021-01-18T19:17:08.676+0500: [Finalize Marking, 0.0002667 secs] 2021-01-18T19:17:08.677+0500: [GC ref-proc, 0.0000445 secs] 2021-01-18T19:17:08.677+0500: [Unloading, 0.0004051 secs], 0.0011905 secs]
 [Times: user=0.00 sys=0.00, real=0.00 secs] 
2021-01-18T19:17:08.678+0500: [GC cleanup 220M->220M(256M), 0.0005387 secs]
 [Times: user=0.00 sys=0.00, real=0.00 secs] 
2021-01-18T19:17:08.680+0500: [GC pause (G1 Humongous Allocation) (young) (to-space exhausted), 0.0008987 secs]
   [Parallel Time: 0.4 ms, GC Workers: 8]
      [GC Worker Start (ms): Min: 451.3, Avg: 451.3, Max: 451.4, Diff: 0.1]
      [Ext Root Scanning (ms): Min: 0.1, Avg: 0.1, Max: 0.2, Diff: 0.1, Sum: 0.8]
      [Update RS (ms): Min: 0.1, Avg: 0.2, Max: 0.2, Diff: 0.0, Sum: 1.3]
         [Processed Buffers: Min: 1, Avg: 2.1, Max: 3, Diff: 2, Sum: 17]
      [Scan RS (ms): Min: 0.0, Avg: 0.0, Max: 0.0, Diff: 0.0, Sum: 0.0]
      [Code Root Scanning (ms): Min: 0.0, Avg: 0.0, Max: 0.0, Diff: 0.0, Sum: 0.0]
      [Object Copy (ms): Min: 0.0, Avg: 0.0, Max: 0.0, Diff: 0.0, Sum: 0.1]
      [Termination (ms): Min: 0.0, Avg: 0.0, Max: 0.0, Diff: 0.0, Sum: 0.1]
         [Termination Attempts: Min: 1, Avg: 1.0, Max: 1, Diff: 0, Sum: 8]
      [GC Worker Other (ms): Min: 0.0, Avg: 0.0, Max: 0.0, Diff: 0.0, Sum: 0.1]
      [GC Worker Total (ms): Min: 0.3, Avg: 0.3, Max: 0.4, Diff: 0.1, Sum: 2.4]
      [GC Worker End (ms): Min: 451.6, Avg: 451.6, Max: 451.6, Diff: 0.0]
   [Code Root Fixup: 0.0 ms]
   [Code Root Purge: 0.0 ms]
   [Clear CT: 0.1 ms]
   [Other: 0.4 ms]
      [Evacuation Failure: 0.1 ms]
      [Choose CSet: 0.0 ms]
      [Ref Proc: 0.1 ms]
      [Ref Enq: 0.0 ms]
      [Redirty Cards: 0.1 ms]
      [Humongous Register: 0.0 ms]
      [Humongous Reclaim: 0.0 ms]
      [Free CSet: 0.0 ms]
   [Eden: 8192.0K(12.0M)->0.0B(12.0M) Survivors: 0.0B->0.0B Heap: 224.6M(256.0M)->222.2M(256.0M)]
 [Times: user=0.01 sys=0.00, real=0.00 secs] 
2021-01-18T19:17:08.681+0500: [GC pause (G1 Evacuation Pause) (mixed) (to-space exhausted), 0.0008993 secs]
   [Parallel Time: 0.4 ms, GC Workers: 8]
      [GC Worker Start (ms): Min: 452.8, Avg: 452.9, Max: 452.9, Diff: 0.1]
      [Ext Root Scanning (ms): Min: 0.1, Avg: 0.1, Max: 0.2, Diff: 0.1, Sum: 0.9]
      [Update RS (ms): Min: 0.1, Avg: 0.1, Max: 0.2, Diff: 0.1, Sum: 0.9]
         [Processed Buffers: Min: 1, Avg: 2.5, Max: 3, Diff: 2, Sum: 20]
      [Scan RS (ms): Min: 0.0, Avg: 0.0, Max: 0.0, Diff: 0.0, Sum: 0.1]
      [Code Root Scanning (ms): Min: 0.0, Avg: 0.0, Max: 0.0, Diff: 0.0, Sum: 0.0]
      [Object Copy (ms): Min: 0.0, Avg: 0.0, Max: 0.1, Diff: 0.1, Sum: 0.4]
      [Termination (ms): Min: 0.0, Avg: 0.0, Max: 0.0, Diff: 0.0, Sum: 0.2]
         [Termination Attempts: Min: 1, Avg: 1.0, Max: 1, Diff: 0, Sum: 8]
      [GC Worker Other (ms): Min: 0.0, Avg: 0.0, Max: 0.0, Diff: 0.0, Sum: 0.1]
      [GC Worker Total (ms): Min: 0.3, Avg: 0.3, Max: 0.4, Diff: 0.1, Sum: 2.5]
      [GC Worker End (ms): Min: 453.2, Avg: 453.2, Max: 453.2, Diff: 0.0]
   [Code Root Fixup: 0.0 ms]
   [Code Root Purge: 0.0 ms]
   [Clear CT: 0.1 ms]
   [Other: 0.4 ms]
      [Evacuation Failure: 0.1 ms]
      [Choose CSet: 0.0 ms]
      [Ref Proc: 0.2 ms]
      [Ref Enq: 0.0 ms]
      [Redirty Cards: 0.1 ms]
      [Humongous Register: 0.0 ms]
      [Humongous Reclaim: 0.0 ms]
      [Free CSet: 0.0 ms]
   [Eden: 2048.0K(12.0M)->0.0B(12.0M) Survivors: 0.0B->0.0B Heap: 225.4M(256.0M)->224.2M(256.0M)]
 [Times: user=0.00 sys=0.00, real=0.00 secs] 
2021-01-18T19:17:08.682+0500: [GC pause (G1 Evacuation Pause) (mixed) (to-space exhausted), 0.0006602 secs]
   [Parallel Time: 0.3 ms, GC Workers: 8]
      [GC Worker Start (ms): Min: 454.2, Avg: 454.3, Max: 454.3, Diff: 0.1]
      [Ext Root Scanning (ms): Min: 0.1, Avg: 0.1, Max: 0.2, Diff: 0.1, Sum: 0.7]
      [Update RS (ms): Min: 0.0, Avg: 0.0, Max: 0.0, Diff: 0.0, Sum: 0.2]
         [Processed Buffers: Min: 1, Avg: 1.9, Max: 3, Diff: 2, Sum: 15]
      [Scan RS (ms): Min: 0.0, Avg: 0.0, Max: 0.0, Diff: 0.0, Sum: 0.1]
      [Code Root Scanning (ms): Min: 0.0, Avg: 0.0, Max: 0.0, Diff: 0.0, Sum: 0.0]
      [Object Copy (ms): Min: 0.0, Avg: 0.0, Max: 0.0, Diff: 0.0, Sum: 0.2]
      [Termination (ms): Min: 0.0, Avg: 0.0, Max: 0.0, Diff: 0.0, Sum: 0.1]
         [Termination Attempts: Min: 1, Avg: 1.0, Max: 1, Diff: 0, Sum: 8]
      [GC Worker Other (ms): Min: 0.0, Avg: 0.0, Max: 0.0, Diff: 0.0, Sum: 0.0]
      [GC Worker Total (ms): Min: 0.1, Avg: 0.2, Max: 0.2, Diff: 0.1, Sum: 1.4]
      [GC Worker End (ms): Min: 454.4, Avg: 454.4, Max: 454.4, Diff: 0.0]
   [Code Root Fixup: 0.0 ms]
   [Code Root Purge: 0.0 ms]
   [Clear CT: 0.1 ms]
   [Other: 0.3 ms]
      [Evacuation Failure: 0.1 ms]
      [Choose CSet: 0.0 ms]
      [Ref Proc: 0.1 ms]
      [Ref Enq: 0.0 ms]
      [Redirty Cards: 0.1 ms]
      [Humongous Register: 0.0 ms]
      [Humongous Reclaim: 0.0 ms]
      [Free CSet: 0.0 ms]
   [Eden: 2048.0K(12.0M)->0.0B(12.0M) Survivors: 0.0B->0.0B Heap: 226.2M(256.0M)->226.2M(256.0M)]
 [Times: user=0.00 sys=0.00, real=0.00 secs] 
2021-01-18T19:17:08.683+0500: [Full GC (Allocation Failure)  226M->179M(256M), 0.0265469 secs]
   [Eden: 0.0B(12.0M)->0.0B(12.0M) Survivors: 0.0B->0.0B Heap: 226.2M(256.0M)->179.9M(256.0M)], [Metaspace: 2706K->2706K(1056768K)]
 [Times: user=0.03 sys=0.00, real=0.03 secs] 
2021-01-18T19:17:08.711+0500: [GC pause (G1 Humongous Allocation) (young) (initial-mark), 0.0018088 secs]
   [Parallel Time: 1.2 ms, GC Workers: 8]
      [GC Worker Start (ms): Min: 482.5, Avg: 482.5, Max: 482.6, Diff: 0.1]
      [Ext Root Scanning (ms): Min: 0.2, Avg: 0.2, Max: 0.3, Diff: 0.1, Sum: 2.0]
      [Update RS (ms): Min: 0.0, Avg: 0.1, Max: 0.8, Diff: 0.8, Sum: 0.9]
         [Processed Buffers: Min: 0, Avg: 0.2, Max: 1, Diff: 1, Sum: 2]
      [Scan RS (ms): Min: 0.0, Avg: 0.0, Max: 0.0, Diff: 0.0, Sum: 0.0]
      [Code Root Scanning (ms): Min: 0.0, Avg: 0.0, Max: 0.0, Diff: 0.0, Sum: 0.0]
      [Object Copy (ms): Min: 0.0, Avg: 0.1, Max: 0.7, Diff: 0.7, Sum: 0.8]
      [Termination (ms): Min: 0.0, Avg: 0.6, Max: 0.8, Diff: 0.8, Sum: 4.5]
         [Termination Attempts: Min: 1, Avg: 1.4, Max: 3, Diff: 2, Sum: 11]
      [GC Worker Other (ms): Min: 0.0, Avg: 0.0, Max: 0.0, Diff: 0.0, Sum: 0.1]
      [GC Worker Total (ms): Min: 1.0, Avg: 1.0, Max: 1.1, Diff: 0.1, Sum: 8.3]
      [GC Worker End (ms): Min: 483.6, Avg: 483.6, Max: 483.7, Diff: 0.1]
   [Code Root Fixup: 0.0 ms]
   [Code Root Purge: 0.0 ms]
   [Clear CT: 0.1 ms]
   [Other: 0.5 ms]
      [Choose CSet: 0.0 ms]
      [Ref Proc: 0.2 ms]
      [Ref Enq: 0.0 ms]
      [Redirty Cards: 0.2 ms]
      [Humongous Register: 0.0 ms]
      [Humongous Reclaim: 0.0 ms]
      [Free CSet: 0.0 ms]
   [Eden: 4096.0K(12.0M)->0.0B(11.0M) Survivors: 0.0B->1024.0K Heap: 183.3M(256.0M)->180.6M(256.0M)]
 [Times: user=0.01 sys=0.00, real=0.00 secs] 
2021-01-18T19:17:08.713+0500: [GC concurrent-root-region-scan-start]
2021-01-18T19:17:08.713+0500: [GC concurrent-root-region-scan-end, 0.0000868 secs]
2021-01-18T19:17:08.713+0500: [GC concurrent-mark-start]
2021-01-18T19:17:08.713+0500: [GC concurrent-mark-end, 0.0006673 secs]
2021-01-18T19:17:08.714+0500: [GC remark 2021-01-18T19:17:08.714+0500: [Finalize Marking, 0.0003707 secs] 2021-01-18T19:17:08.714+0500: [GC ref-proc, 0.0000461 secs] 2021-01-18T19:17:08.714+0500: [Unloading, 0.0004171 secs], 0.0013663 secs]
 [Times: user=0.01 sys=0.00, real=0.00 secs] 
2021-01-18T19:17:08.715+0500: [GC cleanup 184M->184M(256M), 0.0006188 secs]
 [Times: user=0.00 sys=0.00, real=0.00 secs] 
2021-01-18T19:17:08.717+0500: [GC pause (G1 Evacuation Pause) (young), 0.0014168 secs]
   [Parallel Time: 0.9 ms, GC Workers: 8]
      [GC Worker Start (ms): Min: 489.0, Avg: 489.1, Max: 489.1, Diff: 0.1]
      [Ext Root Scanning (ms): Min: 0.1, Avg: 0.1, Max: 0.2, Diff: 0.1, Sum: 1.0]
      [Update RS (ms): Min: 0.2, Avg: 0.2, Max: 0.2, Diff: 0.0, Sum: 1.7]
         [Processed Buffers: Min: 2, Avg: 2.8, Max: 4, Diff: 2, Sum: 22]
      [Scan RS (ms): Min: 0.0, Avg: 0.0, Max: 0.0, Diff: 0.0, Sum: 0.0]
      [Code Root Scanning (ms): Min: 0.0, Avg: 0.0, Max: 0.0, Diff: 0.0, Sum: 0.0]
      [Object Copy (ms): Min: 0.3, Avg: 0.3, Max: 0.4, Diff: 0.1, Sum: 2.8]
      [Termination (ms): Min: 0.0, Avg: 0.1, Max: 0.1, Diff: 0.1, Sum: 0.7]
         [Termination Attempts: Min: 1, Avg: 1.0, Max: 1, Diff: 0, Sum: 8]
      [GC Worker Other (ms): Min: 0.0, Avg: 0.0, Max: 0.0, Diff: 0.0, Sum: 0.1]
      [GC Worker Total (ms): Min: 0.7, Avg: 0.8, Max: 0.8, Diff: 0.1, Sum: 6.3]
      [GC Worker End (ms): Min: 489.8, Avg: 489.9, Max: 489.9, Diff: 0.0]
   [Code Root Fixup: 0.0 ms]
   [Code Root Purge: 0.0 ms]
   [Clear CT: 0.1 ms]
   [Other: 0.4 ms]
      [Choose CSet: 0.0 ms]
      [Ref Proc: 0.2 ms]
      [Ref Enq: 0.0 ms]
      [Redirty Cards: 0.1 ms]
      [Humongous Register: 0.0 ms]
      [Humongous Reclaim: 0.0 ms]
      [Free CSet: 0.0 ms]
   [Eden: 11.0M(11.0M)->0.0B(10.0M) Survivors: 1024.0K->2048.0K Heap: 193.6M(256.0M)->184.1M(256.0M)]
 [Times: user=0.00 sys=0.00, real=0.00 secs] 
2021-01-18T19:17:08.719+0500: [GC pause (G1 Humongous Allocation) (young) (initial-mark), 0.0022757 secs]
   [Parallel Time: 1.5 ms, GC Workers: 8]
      [GC Worker Start (ms): Min: 491.0, Avg: 491.1, Max: 491.2, Diff: 0.2]
      [Ext Root Scanning (ms): Min: 0.0, Avg: 0.2, Max: 0.4, Diff: 0.3, Sum: 1.6]
      [Update RS (ms): Min: 0.0, Avg: 0.1, Max: 0.9, Diff: 0.9, Sum: 1.1]
         [Processed Buffers: Min: 0, Avg: 1.1, Max: 3, Diff: 3, Sum: 9]
      [Scan RS (ms): Min: 0.0, Avg: 0.0, Max: 0.0, Diff: 0.0, Sum: 0.0]
      [Code Root Scanning (ms): Min: 0.0, Avg: 0.0, Max: 0.0, Diff: 0.0, Sum: 0.0]
      [Object Copy (ms): Min: 0.0, Avg: 0.2, Max: 0.3, Diff: 0.2, Sum: 1.4]
      [Termination (ms): Min: 0.0, Avg: 0.6, Max: 0.8, Diff: 0.8, Sum: 5.0]
         [Termination Attempts: Min: 1, Avg: 1.0, Max: 1, Diff: 0, Sum: 8]
      [GC Worker Other (ms): Min: 0.0, Avg: 0.0, Max: 0.0, Diff: 0.0, Sum: 0.1]
      [GC Worker Total (ms): Min: 1.0, Avg: 1.2, Max: 1.3, Diff: 0.3, Sum: 9.3]
      [GC Worker End (ms): Min: 492.2, Avg: 492.3, Max: 492.4, Diff: 0.1]
   [Code Root Fixup: 0.0 ms]
   [Code Root Purge: 0.0 ms]
   [Clear CT: 0.2 ms]
   [Other: 0.5 ms]
      [Choose CSet: 0.0 ms]
      [Ref Proc: 0.3 ms]
      [Ref Enq: 0.0 ms]
      [Redirty Cards: 0.1 ms]
      [Humongous Register: 0.0 ms]
      [Humongous Reclaim: 0.0 ms]
      [Free CSet: 0.0 ms]
   [Eden: 2048.0K(10.0M)->0.0B(11.0M) Survivors: 2048.0K->1024.0K Heap: 185.8M(256.0M)->185.0M(256.0M)]
 [Times: user=0.01 sys=0.00, real=0.01 secs] 
2021-01-18T19:17:08.722+0500: [GC concurrent-root-region-scan-start]
2021-01-18T19:17:08.722+0500: [GC concurrent-root-region-scan-end, 0.0000483 secs]
2021-01-18T19:17:08.722+0500: [GC concurrent-mark-start]
2021-01-18T19:17:08.722+0500: [GC concurrent-mark-end, 0.0006771 secs]
2021-01-18T19:17:08.723+0500: [GC remark 2021-01-18T19:17:08.723+0500: [Finalize Marking, 0.0001763 secs] 2021-01-18T19:17:08.723+0500: [GC ref-proc, 0.0000516 secs] 2021-01-18T19:17:08.723+0500: [Unloading, 0.0004280 secs], 0.0012447 secs]
 [Times: user=0.01 sys=0.00, real=0.00 secs] 
2021-01-18T19:17:08.724+0500: [GC cleanup 188M->188M(256M), 0.0006390 secs]
 [Times: user=0.00 sys=0.00, real=0.00 secs] 
2021-01-18T19:17:08.727+0500: [GC pause (G1 Evacuation Pause) (young), 0.0015628 secs]
   [Parallel Time: 1.0 ms, GC Workers: 8]
      [GC Worker Start (ms): Min: 498.6, Avg: 498.7, Max: 498.7, Diff: 0.1]
      [Ext Root Scanning (ms): Min: 0.1, Avg: 0.1, Max: 0.2, Diff: 0.1, Sum: 0.9]
      [Update RS (ms): Min: 0.4, Avg: 0.4, Max: 0.5, Diff: 0.1, Sum: 3.5]
         [Processed Buffers: Min: 5, Avg: 5.5, Max: 6, Diff: 1, Sum: 44]
      [Scan RS (ms): Min: 0.0, Avg: 0.0, Max: 0.0, Diff: 0.0, Sum: 0.0]
      [Code Root Scanning (ms): Min: 0.0, Avg: 0.0, Max: 0.0, Diff: 0.0, Sum: 0.0]
      [Object Copy (ms): Min: 0.2, Avg: 0.2, Max: 0.3, Diff: 0.1, Sum: 1.8]
      [Termination (ms): Min: 0.0, Avg: 0.1, Max: 0.2, Diff: 0.2, Sum: 0.6]
         [Termination Attempts: Min: 1, Avg: 1.0, Max: 1, Diff: 0, Sum: 8]
      [GC Worker Other (ms): Min: 0.0, Avg: 0.0, Max: 0.0, Diff: 0.0, Sum: 0.1]
      [GC Worker Total (ms): Min: 0.8, Avg: 0.9, Max: 1.0, Diff: 0.2, Sum: 6.9]
      [GC Worker End (ms): Min: 499.5, Avg: 499.6, Max: 499.6, Diff: 0.1]
   [Code Root Fixup: 0.0 ms]
   [Code Root Purge: 0.0 ms]
   [Clear CT: 0.1 ms]
   [Other: 0.4 ms]
      [Choose CSet: 0.0 ms]
      [Ref Proc: 0.2 ms]
      [Ref Enq: 0.0 ms]
      [Redirty Cards: 0.1 ms]
      [Humongous Register: 0.0 ms]
      [Humongous Reclaim: 0.0 ms]
      [Free CSet: 0.0 ms]
   [Eden: 11.0M(11.0M)->0.0B(10.0M) Survivors: 1024.0K->2048.0K Heap: 200.7M(256.0M)->188.6M(256.0M)]
 [Times: user=0.01 sys=0.00, real=0.00 secs] 
2021-01-18T19:17:08.731+0500: [GC pause (G1 Evacuation Pause) (mixed) (to-space exhausted), 0.0016432 secs]
   [Parallel Time: 1.0 ms, GC Workers: 8]
      [GC Worker Start (ms): Min: 502.3, Avg: 502.4, Max: 502.4, Diff: 0.1]
      [Ext Root Scanning (ms): Min: 0.0, Avg: 0.1, Max: 0.2, Diff: 0.1, Sum: 0.9]
      [Update RS (ms): Min: 0.3, Avg: 0.4, Max: 0.4, Diff: 0.1, Sum: 2.8]
         [Processed Buffers: Min: 4, Avg: 4.8, Max: 6, Diff: 2, Sum: 38]
      [Scan RS (ms): Min: 0.0, Avg: 0.0, Max: 0.0, Diff: 0.0, Sum: 0.0]
      [Code Root Scanning (ms): Min: 0.0, Avg: 0.0, Max: 0.0, Diff: 0.0, Sum: 0.0]
      [Object Copy (ms): Min: 0.3, Avg: 0.3, Max: 0.4, Diff: 0.1, Sum: 2.7]
      [Termination (ms): Min: 0.0, Avg: 0.1, Max: 0.1, Diff: 0.1, Sum: 0.5]
         [Termination Attempts: Min: 1, Avg: 1.0, Max: 1, Diff: 0, Sum: 8]
      [GC Worker Other (ms): Min: 0.0, Avg: 0.0, Max: 0.0, Diff: 0.0, Sum: 0.1]
      [GC Worker Total (ms): Min: 0.8, Avg: 0.9, Max: 0.9, Diff: 0.1, Sum: 7.0]
      [GC Worker End (ms): Min: 503.2, Avg: 503.2, Max: 503.3, Diff: 0.1]
   [Code Root Fixup: 0.0 ms]
   [Code Root Purge: 0.0 ms]
   [Clear CT: 0.1 ms]
   [Other: 0.5 ms]
      [Evacuation Failure: 0.1 ms]
      [Choose CSet: 0.0 ms]
      [Ref Proc: 0.2 ms]
      [Ref Enq: 0.0 ms]
      [Redirty Cards: 0.1 ms]
      [Humongous Register: 0.0 ms]
      [Humongous Reclaim: 0.0 ms]
      [Free CSet: 0.0 ms]
   [Eden: 10.0M(10.0M)->0.0B(10.0M) Survivors: 2048.0K->2048.0K Heap: 202.1M(256.0M)->201.7M(256.0M)]
 [Times: user=0.01 sys=0.00, real=0.00 secs] 
2021-01-18T19:17:08.733+0500: [GC pause (G1 Humongous Allocation) (young) (initial-mark) (to-space exhausted), 0.0011803 secs]
   [Parallel Time: 0.6 ms, GC Workers: 8]
      [GC Worker Start (ms): Min: 504.7, Avg: 504.7, Max: 504.8, Diff: 0.1]
      [Ext Root Scanning (ms): Min: 0.1, Avg: 0.1, Max: 0.2, Diff: 0.1, Sum: 1.1]
      [Update RS (ms): Min: 0.0, Avg: 0.0, Max: 0.0, Diff: 0.0, Sum: 0.3]
         [Processed Buffers: Min: 1, Avg: 2.1, Max: 5, Diff: 4, Sum: 17]
      [Scan RS (ms): Min: 0.0, Avg: 0.0, Max: 0.0, Diff: 0.0, Sum: 0.0]
      [Code Root Scanning (ms): Min: 0.0, Avg: 0.0, Max: 0.0, Diff: 0.0, Sum: 0.0]
      [Object Copy (ms): Min: 0.1, Avg: 0.2, Max: 0.2, Diff: 0.1, Sum: 1.6]
      [Termination (ms): Min: 0.0, Avg: 0.1, Max: 0.2, Diff: 0.2, Sum: 0.5]
         [Termination Attempts: Min: 1, Avg: 1.0, Max: 1, Diff: 0, Sum: 8]
      [GC Worker Other (ms): Min: 0.0, Avg: 0.0, Max: 0.0, Diff: 0.0, Sum: 0.1]
      [GC Worker Total (ms): Min: 0.4, Avg: 0.4, Max: 0.5, Diff: 0.1, Sum: 3.5]
      [GC Worker End (ms): Min: 505.2, Avg: 505.2, Max: 505.2, Diff: 0.1]
   [Code Root Fixup: 0.0 ms]
   [Code Root Purge: 0.0 ms]
   [Clear CT: 0.1 ms]
   [Other: 0.5 ms]
      [Evacuation Failure: 0.1 ms]
      [Choose CSet: 0.0 ms]
      [Ref Proc: 0.2 ms]
      [Ref Enq: 0.0 ms]
      [Redirty Cards: 0.1 ms]
      [Humongous Register: 0.0 ms]
      [Humongous Reclaim: 0.0 ms]
      [Free CSet: 0.0 ms]
   [Eden: 3072.0K(10.0M)->0.0B(11.0M) Survivors: 2048.0K->1024.0K Heap: 204.6M(256.0M)->203.9M(256.0M)]
 [Times: user=0.01 sys=0.00, real=0.00 secs] 
2021-01-18T19:17:08.734+0500: [GC concurrent-root-region-scan-start]
2021-01-18T19:17:08.734+0500: [GC concurrent-root-region-scan-end, 0.0000933 secs]
2021-01-18T19:17:08.734+0500: [GC concurrent-mark-start]
2021-01-18T19:17:08.735+0500: [GC pause (G1 Evacuation Pause) (young) (to-space exhausted), 0.0017743 secs]
   [Parallel Time: 1.2 ms, GC Workers: 8]
      [GC Worker Start (ms): Min: 506.7, Avg: 506.8, Max: 507.7, Diff: 1.0]
      [Ext Root Scanning (ms): Min: 0.0, Avg: 0.1, Max: 0.2, Diff: 0.2, Sum: 0.7]
      [Update RS (ms): Min: 0.0, Avg: 0.2, Max: 0.3, Diff: 0.3, Sum: 1.7]
         [Processed Buffers: Min: 0, Avg: 4.0, Max: 6, Diff: 6, Sum: 32]
      [Scan RS (ms): Min: 0.0, Avg: 0.0, Max: 0.0, Diff: 0.0, Sum: 0.0]
      [Code Root Scanning (ms): Min: 0.0, Avg: 0.0, Max: 0.0, Diff: 0.0, Sum: 0.0]
      [Object Copy (ms): Min: 0.0, Avg: 0.0, Max: 0.0, Diff: 0.0, Sum: 0.1]
      [Termination (ms): Min: 0.0, Avg: 0.6, Max: 0.7, Diff: 0.7, Sum: 4.7]
         [Termination Attempts: Min: 1, Avg: 1.0, Max: 1, Diff: 0, Sum: 8]
      [GC Worker Other (ms): Min: 0.0, Avg: 0.0, Max: 0.0, Diff: 0.0, Sum: 0.1]
      [GC Worker Total (ms): Min: 0.0, Avg: 0.9, Max: 1.1, Diff: 1.1, Sum: 7.2]
      [GC Worker End (ms): Min: 507.7, Avg: 507.8, Max: 507.8, Diff: 0.0]
   [Code Root Fixup: 0.0 ms]
   [Code Root Purge: 0.0 ms]
   [Clear CT: 0.2 ms]
   [Other: 0.4 ms]
      [Evacuation Failure: 0.1 ms]
      [Choose CSet: 0.0 ms]
      [Ref Proc: 0.2 ms]
      [Ref Enq: 0.0 ms]
      [Redirty Cards: 0.1 ms]
      [Humongous Register: 0.0 ms]
      [Humongous Reclaim: 0.0 ms]
      [Free CSet: 0.0 ms]
   [Eden: 1024.0K(11.0M)->0.0B(12.0M) Survivors: 1024.0K->0.0B Heap: 206.9M(256.0M)->205.7M(256.0M)]
 [Times: user=0.01 sys=0.00, real=0.00 secs] 
2021-01-18T19:17:08.737+0500: [GC concurrent-mark-end, 0.0028464 secs]
2021-01-18T19:17:08.737+0500: [GC remark 2021-01-18T19:17:08.738+0500: [Finalize Marking, 0.0005856 secs] 2021-01-18T19:17:08.738+0500: [GC ref-proc, 0.0000451 secs] 2021-01-18T19:17:08.738+0500: [Unloading, 0.0003921 secs], 0.0015597 secs]
 [Times: user=0.00 sys=0.00, real=0.00 secs] 
2021-01-18T19:17:08.739+0500: [GC cleanup 206M->206M(256M), 0.0005153 secs]
 [Times: user=0.00 sys=0.00, real=0.01 secs] 
2021-01-18T19:17:08.740+0500: [GC pause (G1 Evacuation Pause) (young) (to-space exhausted), 0.0014379 secs]
   [Parallel Time: 0.4 ms, GC Workers: 8]
      [GC Worker Start (ms): Min: 511.7, Avg: 511.8, Max: 511.9, Diff: 0.2]
      [Ext Root Scanning (ms): Min: 0.0, Avg: 0.1, Max: 0.2, Diff: 0.2, Sum: 0.7]
      [Update RS (ms): Min: 0.0, Avg: 0.1, Max: 0.1, Diff: 0.1, Sum: 0.5]
         [Processed Buffers: Min: 1, Avg: 2.0, Max: 4, Diff: 3, Sum: 16]
      [Scan RS (ms): Min: 0.0, Avg: 0.0, Max: 0.0, Diff: 0.0, Sum: 0.0]
      [Code Root Scanning (ms): Min: 0.0, Avg: 0.0, Max: 0.0, Diff: 0.0, Sum: 0.0]
      [Object Copy (ms): Min: 0.0, Avg: 0.0, Max: 0.0, Diff: 0.0, Sum: 0.0]
      [Termination (ms): Min: 0.0, Avg: 0.1, Max: 0.1, Diff: 0.1, Sum: 0.4]
         [Termination Attempts: Min: 1, Avg: 1.0, Max: 1, Diff: 0, Sum: 8]
      [GC Worker Other (ms): Min: 0.0, Avg: 0.0, Max: 0.0, Diff: 0.0, Sum: 0.1]
      [GC Worker Total (ms): Min: 0.1, Avg: 0.2, Max: 0.3, Diff: 0.2, Sum: 1.7]
      [GC Worker End (ms): Min: 512.0, Avg: 512.0, Max: 512.1, Diff: 0.1]
   [Code Root Fixup: 0.0 ms]
   [Code Root Purge: 0.0 ms]
   [Clear CT: 0.1 ms]
   [Other: 1.0 ms]
      [Evacuation Failure: 0.1 ms]
      [Choose CSet: 0.0 ms]
      [Ref Proc: 0.7 ms]
      [Ref Enq: 0.0 ms]
      [Redirty Cards: 0.1 ms]
      [Humongous Register: 0.0 ms]
      [Humongous Reclaim: 0.0 ms]
      [Free CSet: 0.0 ms]
   [Eden: 1024.0K(12.0M)->0.0B(12.0M) Survivors: 0.0B->0.0B Heap: 207.2M(256.0M)->207.2M(256.0M)]
 [Times: user=0.01 sys=0.00, real=0.00 secs] 
2021-01-18T19:17:08.742+0500: [Full GC (Allocation Failure)  207M->190M(256M), 0.0247371 secs]
   [Eden: 0.0B(12.0M)->0.0B(12.0M) Survivors: 0.0B->0.0B Heap: 207.2M(256.0M)->190.3M(256.0M)], [Metaspace: 2706K->2706K(1056768K)]
 [Times: user=0.02 sys=0.01, real=0.02 secs] 
2021-01-18T19:17:08.769+0500: [GC pause (G1 Humongous Allocation) (young) (initial-mark), 0.0028593 secs]
   [Parallel Time: 2.1 ms, GC Workers: 8]
      [GC Worker Start (ms): Min: 540.7, Avg: 540.8, Max: 540.9, Diff: 0.2]
      [Ext Root Scanning (ms): Min: 0.1, Avg: 0.2, Max: 0.2, Diff: 0.2, Sum: 1.5]
      [Update RS (ms): Min: 0.0, Avg: 0.3, Max: 1.7, Diff: 1.7, Sum: 2.5]
         [Processed Buffers: Min: 0, Avg: 0.2, Max: 1, Diff: 1, Sum: 2]
      [Scan RS (ms): Min: 0.0, Avg: 0.0, Max: 0.0, Diff: 0.0, Sum: 0.0]
      [Code Root Scanning (ms): Min: 0.0, Avg: 0.0, Max: 0.0, Diff: 0.0, Sum: 0.0]
      [Object Copy (ms): Min: 0.0, Avg: 0.1, Max: 0.2, Diff: 0.2, Sum: 0.8]
      [Termination (ms): Min: 0.0, Avg: 1.3, Max: 1.7, Diff: 1.7, Sum: 10.5]
         [Termination Attempts: Min: 1, Avg: 1.9, Max: 3, Diff: 2, Sum: 15]
      [GC Worker Other (ms): Min: 0.0, Avg: 0.0, Max: 0.0, Diff: 0.0, Sum: 0.1]
      [GC Worker Total (ms): Min: 1.8, Avg: 1.9, Max: 2.0, Diff: 0.2, Sum: 15.4]
      [GC Worker End (ms): Min: 542.7, Avg: 542.7, Max: 542.7, Diff: 0.0]
   [Code Root Fixup: 0.0 ms]
   [Code Root Purge: 0.0 ms]
   [Clear CT: 0.1 ms]
   [Other: 0.7 ms]
      [Choose CSet: 0.0 ms]
      [Ref Proc: 0.4 ms]
      [Ref Enq: 0.0 ms]
      [Redirty Cards: 0.1 ms]
      [Humongous Register: 0.1 ms]
      [Humongous Reclaim: 0.0 ms]
      [Free CSet: 0.0 ms]
   [Eden: 10.0M(12.0M)->0.0B(10.0M) Survivors: 0.0B->2048.0K Heap: 199.4M(256.0M)->192.2M(256.0M)]
 [Times: user=0.01 sys=0.00, real=0.01 secs] 
2021-01-18T19:17:08.772+0500: [GC concurrent-root-region-scan-start]
2021-01-18T19:17:08.772+0500: [GC concurrent-root-region-scan-end, 0.0001349 secs]
2021-01-18T19:17:08.772+0500: [GC concurrent-mark-start]
2021-01-18T19:17:08.773+0500: [GC concurrent-mark-end, 0.0011039 secs]
2021-01-18T19:17:08.773+0500: [GC remark 2021-01-18T19:17:08.773+0500: [Finalize Marking, 0.0002253 secs] 2021-01-18T19:17:08.774+0500: [GC ref-proc, 0.0000475 secs] 2021-01-18T19:17:08.774+0500: [Unloading, 0.0005134 secs], 0.0013718 secs]
 [Times: user=0.01 sys=0.00, real=0.00 secs] 
2021-01-18T19:17:08.775+0500: [GC cleanup 197M->197M(256M), 0.0006400 secs]
 [Times: user=0.00 sys=0.00, real=0.00 secs] 
2021-01-18T19:17:08.777+0500: [GC pause (G1 Evacuation Pause) (young) (to-space exhausted), 0.0016123 secs]
   [Parallel Time: 0.9 ms, GC Workers: 8]
      [GC Worker Start (ms): Min: 548.8, Avg: 548.8, Max: 548.9, Diff: 0.1]
      [Ext Root Scanning (ms): Min: 0.1, Avg: 0.1, Max: 0.2, Diff: 0.1, Sum: 1.0]
      [Update RS (ms): Min: 0.5, Avg: 0.5, Max: 0.6, Diff: 0.1, Sum: 4.1]
         [Processed Buffers: Min: 1, Avg: 5.6, Max: 7, Diff: 6, Sum: 45]
      [Scan RS (ms): Min: 0.0, Avg: 0.0, Max: 0.0, Diff: 0.0, Sum: 0.0]
      [Code Root Scanning (ms): Min: 0.0, Avg: 0.0, Max: 0.0, Diff: 0.0, Sum: 0.0]
      [Object Copy (ms): Min: 0.0, Avg: 0.1, Max: 0.1, Diff: 0.1, Sum: 0.4]
      [Termination (ms): Min: 0.0, Avg: 0.0, Max: 0.1, Diff: 0.1, Sum: 0.3]
         [Termination Attempts: Min: 1, Avg: 1.1, Max: 2, Diff: 1, Sum: 9]
      [GC Worker Other (ms): Min: 0.0, Avg: 0.0, Max: 0.0, Diff: 0.0, Sum: 0.1]
      [GC Worker Total (ms): Min: 0.7, Avg: 0.7, Max: 0.8, Diff: 0.1, Sum: 5.9]
      [GC Worker End (ms): Min: 549.6, Avg: 549.6, Max: 549.6, Diff: 0.0]
   [Code Root Fixup: 0.0 ms]
   [Code Root Purge: 0.0 ms]
   [Clear CT: 0.1 ms]
   [Other: 0.6 ms]
      [Evacuation Failure: 0.1 ms]
      [Choose CSet: 0.0 ms]
      [Ref Proc: 0.2 ms]
      [Ref Enq: 0.0 ms]
      [Redirty Cards: 0.2 ms]
      [Humongous Register: 0.0 ms]
      [Humongous Reclaim: 0.0 ms]
      [Free CSet: 0.0 ms]
   [Eden: 7168.0K(10.0M)->0.0B(12.0M) Survivors: 2048.0K->0.0B Heap: 203.7M(256.0M)->201.7M(256.0M)]
 [Times: user=0.01 sys=0.00, real=0.00 secs] 
2021-01-18T19:17:08.780+0500: [GC pause (G1 Evacuation Pause) (mixed) (to-space exhausted), 0.0009075 secs]
   [Parallel Time: 0.3 ms, GC Workers: 8]
      [GC Worker Start (ms): Min: 551.3, Avg: 551.3, Max: 551.4, Diff: 0.1]
      [Ext Root Scanning (ms): Min: 0.1, Avg: 0.1, Max: 0.2, Diff: 0.1, Sum: 1.0]
      [Update RS (ms): Min: 0.0, Avg: 0.0, Max: 0.0, Diff: 0.0, Sum: 0.3]
         [Processed Buffers: Min: 0, Avg: 2.1, Max: 3, Diff: 3, Sum: 17]
      [Scan RS (ms): Min: 0.0, Avg: 0.0, Max: 0.0, Diff: 0.0, Sum: 0.0]
      [Code Root Scanning (ms): Min: 0.0, Avg: 0.0, Max: 0.0, Diff: 0.0, Sum: 0.0]
      [Object Copy (ms): Min: 0.0, Avg: 0.0, Max: 0.0, Diff: 0.0, Sum: 0.1]
      [Termination (ms): Min: 0.0, Avg: 0.0, Max: 0.1, Diff: 0.1, Sum: 0.4]
         [Termination Attempts: Min: 1, Avg: 1.0, Max: 1, Diff: 0, Sum: 8]
      [GC Worker Other (ms): Min: 0.0, Avg: 0.0, Max: 0.0, Diff: 0.0, Sum: 0.1]
      [GC Worker Total (ms): Min: 0.2, Avg: 0.2, Max: 0.3, Diff: 0.1, Sum: 1.9]
      [GC Worker End (ms): Min: 551.5, Avg: 551.6, Max: 551.6, Diff: 0.0]
   [Code Root Fixup: 0.0 ms]
   [Code Root Purge: 0.0 ms]
   [Clear CT: 0.1 ms]
   [Other: 0.5 ms]
      [Evacuation Failure: 0.1 ms]
      [Choose CSet: 0.0 ms]
      [Ref Proc: 0.1 ms]
      [Ref Enq: 0.0 ms]
      [Redirty Cards: 0.1 ms]
      [Humongous Register: 0.0 ms]
      [Humongous Reclaim: 0.0 ms]
      [Free CSet: 0.0 ms]
   [Eden: 3072.0K(12.0M)->0.0B(12.0M) Survivors: 0.0B->0.0B Heap: 204.7M(256.0M)->203.7M(256.0M)]
 [Times: user=0.00 sys=0.00, real=0.00 secs] 
2021-01-18T19:17:08.781+0500: [GC pause (G1 Humongous Allocation) (young) (initial-mark) (to-space exhausted), 0.0011374 secs]
   [Parallel Time: 0.6 ms, GC Workers: 8]
      [GC Worker Start (ms): Min: 552.4, Avg: 552.5, Max: 552.7, Diff: 0.2]
      [Ext Root Scanning (ms): Min: 0.0, Avg: 0.2, Max: 0.2, Diff: 0.2, Sum: 1.2]
      [Update RS (ms): Min: 0.0, Avg: 0.0, Max: 0.1, Diff: 0.1, Sum: 0.2]
         [Processed Buffers: Min: 0, Avg: 1.5, Max: 5, Diff: 5, Sum: 12]
      [Scan RS (ms): Min: 0.0, Avg: 0.0, Max: 0.0, Diff: 0.0, Sum: 0.0]
      [Code Root Scanning (ms): Min: 0.0, Avg: 0.0, Max: 0.0, Diff: 0.0, Sum: 0.0]
      [Object Copy (ms): Min: 0.0, Avg: 0.0, Max: 0.2, Diff: 0.2, Sum: 0.2]
      [Termination (ms): Min: 0.0, Avg: 0.2, Max: 0.2, Diff: 0.2, Sum: 1.6]
         [Termination Attempts: Min: 1, Avg: 1.0, Max: 1, Diff: 0, Sum: 8]
      [GC Worker Other (ms): Min: 0.0, Avg: 0.0, Max: 0.0, Diff: 0.0, Sum: 0.1]
      [GC Worker Total (ms): Min: 0.3, Avg: 0.4, Max: 0.5, Diff: 0.2, Sum: 3.2]
      [GC Worker End (ms): Min: 552.9, Avg: 552.9, Max: 553.0, Diff: 0.1]
   [Code Root Fixup: 0.0 ms]
   [Code Root Purge: 0.0 ms]
   [Clear CT: 0.1 ms]
   [Other: 0.5 ms]
      [Evacuation Failure: 0.1 ms]
      [Choose CSet: 0.0 ms]
      [Ref Proc: 0.1 ms]
      [Ref Enq: 0.0 ms]
      [Redirty Cards: 0.1 ms]
      [Humongous Register: 0.0 ms]
      [Humongous Reclaim: 0.0 ms]
      [Free CSet: 0.0 ms]
   [Eden: 1024.0K(12.0M)->0.0B(12.0M) Survivors: 0.0B->0.0B Heap: 204.2M(256.0M)->204.2M(256.0M)]
 [Times: user=0.00 sys=0.00, real=0.00 secs] 
2021-01-18T19:17:08.782+0500: [GC concurrent-root-region-scan-start]
2021-01-18T19:17:08.782+0500: [GC concurrent-root-region-scan-end, 0.0000099 secs]
2021-01-18T19:17:08.782+0500: [GC concurrent-mark-start]
2021-01-18T19:17:08.782+0500: [GC pause (G1 Humongous Allocation) (young), 0.0006977 secs]
   [Parallel Time: 0.3 ms, GC Workers: 8]
      [GC Worker Start (ms): Min: 553.8, Avg: 553.8, Max: 553.8, Diff: 0.1]
      [Ext Root Scanning (ms): Min: 0.1, Avg: 0.1, Max: 0.2, Diff: 0.1, Sum: 1.1]
      [Update RS (ms): Min: 0.0, Avg: 0.0, Max: 0.1, Diff: 0.1, Sum: 0.2]
         [Processed Buffers: Min: 0, Avg: 1.0, Max: 2, Diff: 2, Sum: 8]
      [Scan RS (ms): Min: 0.0, Avg: 0.0, Max: 0.0, Diff: 0.0, Sum: 0.0]
      [Code Root Scanning (ms): Min: 0.0, Avg: 0.0, Max: 0.0, Diff: 0.0, Sum: 0.0]
      [Object Copy (ms): Min: 0.0, Avg: 0.0, Max: 0.0, Diff: 0.0, Sum: 0.0]
      [Termination (ms): Min: 0.0, Avg: 0.0, Max: 0.1, Diff: 0.1, Sum: 0.3]
         [Termination Attempts: Min: 1, Avg: 1.0, Max: 1, Diff: 0, Sum: 8]
      [GC Worker Other (ms): Min: 0.0, Avg: 0.0, Max: 0.0, Diff: 0.0, Sum: 0.1]
      [GC Worker Total (ms): Min: 0.2, Avg: 0.2, Max: 0.2, Diff: 0.1, Sum: 1.7]
      [GC Worker End (ms): Min: 554.0, Avg: 554.0, Max: 554.0, Diff: 0.0]
   [Code Root Fixup: 0.0 ms]
   [Code Root Purge: 0.0 ms]
   [Clear CT: 0.1 ms]
   [Other: 0.3 ms]
      [Choose CSet: 0.0 ms]
      [Ref Proc: 0.2 ms]
      [Ref Enq: 0.0 ms]
      [Redirty Cards: 0.1 ms]
      [Humongous Register: 0.0 ms]
      [Humongous Reclaim: 0.0 ms]
      [Free CSet: 0.0 ms]
   [Eden: 0.0B(12.0M)->0.0B(12.0M) Survivors: 0.0B->0.0B Heap: 204.2M(256.0M)->204.2M(256.0M)]
 [Times: user=0.01 sys=0.00, real=0.00 secs] 
2021-01-18T19:17:08.783+0500: [Full GC (Allocation Failure)  204M->194M(256M), 0.0087365 secs]
   [Eden: 0.0B(12.0M)->0.0B(12.0M) Survivors: 0.0B->0.0B Heap: 204.2M(256.0M)->194.9M(256.0M)], [Metaspace: 2706K->2706K(1056768K)]
 [Times: user=0.01 sys=0.00, real=0.01 secs] 
2021-01-18T19:17:08.792+0500: [GC concurrent-mark-abort]
2021-01-18T19:17:08.793+0500: [GC pause (G1 Humongous Allocation) (young) (initial-mark), 0.0009077 secs]
   [Parallel Time: 0.4 ms, GC Workers: 8]
      [GC Worker Start (ms): Min: 564.6, Avg: 564.7, Max: 564.8, Diff: 0.2]
      [Ext Root Scanning (ms): Min: 0.0, Avg: 0.1, Max: 0.2, Diff: 0.2, Sum: 0.7]
      [Update RS (ms): Min: 0.0, Avg: 0.1, Max: 0.1, Diff: 0.1, Sum: 0.7]
         [Processed Buffers: Min: 0, Avg: 0.9, Max: 1, Diff: 1, Sum: 7]
      [Scan RS (ms): Min: 0.0, Avg: 0.0, Max: 0.0, Diff: 0.0, Sum: 0.0]
      [Code Root Scanning (ms): Min: 0.0, Avg: 0.0, Max: 0.0, Diff: 0.0, Sum: 0.0]
      [Object Copy (ms): Min: 0.0, Avg: 0.0, Max: 0.0, Diff: 0.0, Sum: 0.1]
      [Termination (ms): Min: 0.0, Avg: 0.1, Max: 0.1, Diff: 0.1, Sum: 0.6]
         [Termination Attempts: Min: 1, Avg: 1.2, Max: 3, Diff: 2, Sum: 10]
      [GC Worker Other (ms): Min: 0.0, Avg: 0.0, Max: 0.0, Diff: 0.0, Sum: 0.1]
      [GC Worker Total (ms): Min: 0.2, Avg: 0.3, Max: 0.4, Diff: 0.2, Sum: 2.1]
      [GC Worker End (ms): Min: 564.9, Avg: 564.9, Max: 565.0, Diff: 0.0]
   [Code Root Fixup: 0.0 ms]
   [Code Root Purge: 0.0 ms]
   [Clear CT: 0.1 ms]
   [Other: 0.4 ms]
      [Choose CSet: 0.0 ms]
      [Ref Proc: 0.1 ms]
      [Ref Enq: 0.0 ms]
      [Redirty Cards: 0.1 ms]
      [Humongous Register: 0.0 ms]
      [Humongous Reclaim: 0.0 ms]
      [Free CSet: 0.0 ms]
   [Eden: 3072.0K(12.0M)->0.0B(11.0M) Survivors: 0.0B->1024.0K Heap: 198.4M(256.0M)->195.8M(256.0M)]
 [Times: user=0.00 sys=0.00, real=0.00 secs] 
2021-01-18T19:17:08.794+0500: [GC concurrent-root-region-scan-start]
2021-01-18T19:17:08.794+0500: [GC concurrent-root-region-scan-end, 0.0001427 secs]
2021-01-18T19:17:08.794+0500: [GC concurrent-mark-start]
2021-01-18T19:17:08.795+0500: [GC concurrent-mark-end, 0.0011895 secs]
2021-01-18T19:17:08.795+0500: [GC remark 2021-01-18T19:17:08.795+0500: [Finalize Marking, 0.0005945 secs] 2021-01-18T19:17:08.796+0500: [GC ref-proc, 0.0000434 secs] 2021-01-18T19:17:08.796+0500: [Unloading, 0.0003766 secs], 0.0015717 secs]
 [Times: user=0.00 sys=0.00, real=0.00 secs] 
2021-01-18T19:17:08.797+0500: [GC cleanup 200M->200M(256M), 0.0004975 secs]
 [Times: user=0.00 sys=0.00, real=0.00 secs] 
2021-01-18T19:17:08.798+0500: [GC pause (G1 Evacuation Pause) (young) (to-space exhausted), 0.0010427 secs]
   [Parallel Time: 0.4 ms, GC Workers: 8]
      [GC Worker Start (ms): Min: 569.5, Avg: 569.5, Max: 569.6, Diff: 0.1]
      [Ext Root Scanning (ms): Min: 0.1, Avg: 0.1, Max: 0.1, Diff: 0.1, Sum: 0.9]
      [Update RS (ms): Min: 0.1, Avg: 0.1, Max: 0.2, Diff: 0.1, Sum: 1.1]
         [Processed Buffers: Min: 1, Avg: 1.6, Max: 2, Diff: 1, Sum: 13]
      [Scan RS (ms): Min: 0.0, Avg: 0.0, Max: 0.0, Diff: 0.0, Sum: 0.0]
      [Code Root Scanning (ms): Min: 0.0, Avg: 0.0, Max: 0.0, Diff: 0.0, Sum: 0.0]
      [Object Copy (ms): Min: 0.0, Avg: 0.0, Max: 0.0, Diff: 0.0, Sum: 0.1]
      [Termination (ms): Min: 0.0, Avg: 0.1, Max: 0.1, Diff: 0.1, Sum: 0.5]
         [Termination Attempts: Min: 1, Avg: 1.2, Max: 2, Diff: 1, Sum: 10]
      [GC Worker Other (ms): Min: 0.0, Avg: 0.0, Max: 0.0, Diff: 0.0, Sum: 0.1]
      [GC Worker Total (ms): Min: 0.3, Avg: 0.3, Max: 0.4, Diff: 0.1, Sum: 2.7]
      [GC Worker End (ms): Min: 569.9, Avg: 569.9, Max: 569.9, Diff: 0.1]
   [Code Root Fixup: 0.0 ms]
   [Code Root Purge: 0.0 ms]
   [Clear CT: 0.1 ms]
   [Other: 0.5 ms]
      [Evacuation Failure: 0.1 ms]
      [Choose CSet: 0.0 ms]
      [Ref Proc: 0.2 ms]
      [Ref Enq: 0.0 ms]
      [Redirty Cards: 0.1 ms]
      [Humongous Register: 0.0 ms]
      [Humongous Reclaim: 0.0 ms]
      [Free CSet: 0.0 ms]
   [Eden: 4096.0K(11.0M)->0.0B(12.0M) Survivors: 1024.0K->0.0B Heap: 201.0M(256.0M)->201.0M(256.0M)]
 [Times: user=0.01 sys=0.00, real=0.00 secs] 
2021-01-18T19:17:08.799+0500: [Full GC (Allocation Failure)  201M->197M(256M), 0.0246274 secs]
   [Eden: 0.0B(12.0M)->0.0B(12.0M) Survivors: 0.0B->0.0B Heap: 201.0M(256.0M)->197.3M(256.0M)], [Metaspace: 2706K->2706K(1056768K)]
 [Times: user=0.02 sys=0.00, real=0.03 secs] 
2021-01-18T19:17:08.824+0500: [GC pause (G1 Humongous Allocation) (young) (initial-mark), 0.0017591 secs]
   [Parallel Time: 1.0 ms, GC Workers: 8]
      [GC Worker Start (ms): Min: 595.8, Avg: 595.9, Max: 596.1, Diff: 0.3]
      [Ext Root Scanning (ms): Min: 0.0, Avg: 0.3, Max: 0.5, Diff: 0.5, Sum: 2.4]
      [Update RS (ms): Min: 0.0, Avg: 0.0, Max: 0.3, Diff: 0.3, Sum: 0.3]
         [Processed Buffers: Min: 0, Avg: 0.2, Max: 1, Diff: 1, Sum: 2]
      [Scan RS (ms): Min: 0.0, Avg: 0.0, Max: 0.0, Diff: 0.0, Sum: 0.0]
      [Code Root Scanning (ms): Min: 0.0, Avg: 0.0, Max: 0.0, Diff: 0.0, Sum: 0.0]
      [Object Copy (ms): Min: 0.0, Avg: 0.0, Max: 0.1, Diff: 0.1, Sum: 0.1]
      [Termination (ms): Min: 0.0, Avg: 0.4, Max: 0.5, Diff: 0.5, Sum: 2.9]
         [Termination Attempts: Min: 1, Avg: 1.0, Max: 1, Diff: 0, Sum: 8]
      [GC Worker Other (ms): Min: 0.0, Avg: 0.0, Max: 0.0, Diff: 0.0, Sum: 0.1]
      [GC Worker Total (ms): Min: 0.5, Avg: 0.7, Max: 1.0, Diff: 0.5, Sum: 5.8]
      [GC Worker End (ms): Min: 596.5, Avg: 596.6, Max: 596.7, Diff: 0.2]
   [Code Root Fixup: 0.0 ms]
   [Code Root Purge: 0.0 ms]
   [Clear CT: 0.1 ms]
   [Other: 0.6 ms]
      [Choose CSet: 0.0 ms]
      [Ref Proc: 0.4 ms]
      [Ref Enq: 0.0 ms]
      [Redirty Cards: 0.1 ms]
      [Humongous Register: 0.1 ms]
      [Humongous Reclaim: 0.0 ms]
      [Free CSet: 0.0 ms]
   [Eden: 1024.0K(12.0M)->0.0B(11.0M) Survivors: 0.0B->1024.0K Heap: 197.7M(256.0M)->197.6M(256.0M)]
 [Times: user=0.01 sys=0.01, real=0.00 secs] 
2021-01-18T19:17:08.826+0500: [GC concurrent-root-region-scan-start]
2021-01-18T19:17:08.826+0500: [GC concurrent-root-region-scan-end, 0.0000970 secs]
2021-01-18T19:17:08.826+0500: [GC concurrent-mark-start]
2021-01-18T19:17:08.827+0500: [GC concurrent-mark-end, 0.0009461 secs]
2021-01-18T19:17:08.827+0500: [GC remark 2021-01-18T19:17:08.827+0500: [Finalize Marking, 0.0002548 secs] 2021-01-18T19:17:08.827+0500: [GC ref-proc, 0.0000497 secs] 2021-01-18T19:17:08.827+0500: [Unloading, 0.0004394 secs], 0.0013260 secs]
 [Times: user=0.01 sys=0.00, real=0.00 secs] 
2021-01-18T19:17:08.828+0500: [GC cleanup 201M->201M(256M), 0.0005066 secs]
 [Times: user=0.00 sys=0.00, real=0.00 secs] 
2021-01-18T19:17:08.829+0500: [GC pause (G1 Humongous Allocation) (young) (to-space exhausted), 0.0010952 secs]
   [Parallel Time: 0.5 ms, GC Workers: 8]
      [GC Worker Start (ms): Min: 600.9, Avg: 601.0, Max: 601.0, Diff: 0.1]
      [Ext Root Scanning (ms): Min: 0.0, Avg: 0.1, Max: 0.2, Diff: 0.1, Sum: 0.9]
      [Update RS (ms): Min: 0.1, Avg: 0.1, Max: 0.1, Diff: 0.0, Sum: 0.8]
         [Processed Buffers: Min: 1, Avg: 1.4, Max: 2, Diff: 1, Sum: 11]
      [Scan RS (ms): Min: 0.0, Avg: 0.0, Max: 0.0, Diff: 0.0, Sum: 0.0]
      [Code Root Scanning (ms): Min: 0.0, Avg: 0.0, Max: 0.0, Diff: 0.0, Sum: 0.0]
      [Object Copy (ms): Min: 0.0, Avg: 0.0, Max: 0.1, Diff: 0.1, Sum: 0.4]
      [Termination (ms): Min: 0.0, Avg: 0.1, Max: 0.1, Diff: 0.1, Sum: 0.6]
         [Termination Attempts: Min: 1, Avg: 1.0, Max: 1, Diff: 0, Sum: 8]
      [GC Worker Other (ms): Min: 0.0, Avg: 0.0, Max: 0.0, Diff: 0.0, Sum: 0.1]
      [GC Worker Total (ms): Min: 0.3, Avg: 0.3, Max: 0.4, Diff: 0.1, Sum: 2.7]
      [GC Worker End (ms): Min: 601.3, Avg: 601.3, Max: 601.3, Diff: 0.0]
   [Code Root Fixup: 0.0 ms]
   [Code Root Purge: 0.0 ms]
   [Clear CT: 0.1 ms]
   [Other: 0.5 ms]
      [Evacuation Failure: 0.1 ms]
      [Choose CSet: 0.0 ms]
      [Ref Proc: 0.2 ms]
      [Ref Enq: 0.0 ms]
      [Redirty Cards: 0.1 ms]
      [Humongous Register: 0.0 ms]
      [Humongous Reclaim: 0.0 ms]
      [Free CSet: 0.0 ms]
   [Eden: 3072.0K(11.0M)->0.0B(12.0M) Survivors: 1024.0K->0.0B Heap: 201.2M(256.0M)->201.2M(256.0M)]
 [Times: user=0.00 sys=0.00, real=0.01 secs] 
2021-01-18T19:17:08.830+0500: [Full GC (Allocation Failure)  201M->198M(256M), 0.0046472 secs]
   [Eden: 0.0B(12.0M)->0.0B(12.0M) Survivors: 0.0B->0.0B Heap: 201.2M(256.0M)->198.2M(256.0M)], [Metaspace: 2706K->2706K(1056768K)]
 [Times: user=0.01 sys=0.00, real=0.00 secs] 
2021-01-18T19:17:08.836+0500: [GC pause (G1 Evacuation Pause) (young) (to-space exhausted), 0.0022089 secs]
   [Parallel Time: 1.1 ms, GC Workers: 8]
      [GC Worker Start (ms): Min: 607.8, Avg: 607.9, Max: 608.6, Diff: 0.8]
      [Ext Root Scanning (ms): Min: 0.0, Avg: 0.1, Max: 0.2, Diff: 0.2, Sum: 1.0]
      [Update RS (ms): Min: 0.0, Avg: 0.1, Max: 0.1, Diff: 0.1, Sum: 0.7]
         [Processed Buffers: Min: 0, Avg: 0.8, Max: 1, Diff: 1, Sum: 6]
      [Scan RS (ms): Min: 0.0, Avg: 0.0, Max: 0.0, Diff: 0.0, Sum: 0.0]
      [Code Root Scanning (ms): Min: 0.0, Avg: 0.0, Max: 0.0, Diff: 0.0, Sum: 0.0]
      [Object Copy (ms): Min: 0.0, Avg: 0.0, Max: 0.0, Diff: 0.0, Sum: 0.0]
      [Termination (ms): Min: 0.0, Avg: 0.6, Max: 0.8, Diff: 0.8, Sum: 4.7]
         [Termination Attempts: Min: 1, Avg: 1.8, Max: 7, Diff: 6, Sum: 14]
      [GC Worker Other (ms): Min: 0.0, Avg: 0.0, Max: 0.0, Diff: 0.0, Sum: 0.1]
      [GC Worker Total (ms): Min: 0.0, Avg: 0.8, Max: 1.0, Diff: 1.0, Sum: 6.4]
      [GC Worker End (ms): Min: 608.6, Avg: 608.7, Max: 608.8, Diff: 0.2]
   [Code Root Fixup: 0.0 ms]
   [Code Root Purge: 0.0 ms]
   [Clear CT: 0.1 ms]
   [Other: 1.0 ms]
      [Evacuation Failure: 0.1 ms]
      [Choose CSet: 0.0 ms]
      [Ref Proc: 0.6 ms]
      [Ref Enq: 0.0 ms]
      [Redirty Cards: 0.1 ms]
      [Humongous Register: 0.1 ms]
      [Humongous Reclaim: 0.0 ms]
      [Free CSet: 0.0 ms]
   [Eden: 3072.0K(12.0M)->0.0B(12.0M) Survivors: 0.0B->0.0B Heap: 201.8M(256.0M)->201.8M(256.0M)]
 [Times: user=0.01 sys=0.00, real=0.00 secs] 
2021-01-18T19:17:08.839+0500: [Full GC (Allocation Failure)  201M->199M(256M), 0.0152131 secs]
   [Eden: 0.0B(12.0M)->0.0B(12.0M) Survivors: 0.0B->0.0B Heap: 201.8M(256.0M)->199.6M(256.0M)], [Metaspace: 2706K->2706K(1056768K)]
 [Times: user=0.01 sys=0.00, real=0.02 secs] 
2021-01-18T19:17:08.854+0500: [GC pause (G1 Humongous Allocation) (young) (initial-mark), 0.0011181 secs]
   [Parallel Time: 0.6 ms, GC Workers: 8]
      [GC Worker Start (ms): Min: 625.9, Avg: 625.9, Max: 626.1, Diff: 0.2]
      [Ext Root Scanning (ms): Min: 0.0, Avg: 0.2, Max: 0.2, Diff: 0.2, Sum: 1.3]
      [Update RS (ms): Min: 0.0, Avg: 0.0, Max: 0.2, Diff: 0.2, Sum: 0.3]
         [Processed Buffers: Min: 0, Avg: 0.2, Max: 1, Diff: 1, Sum: 2]
      [Scan RS (ms): Min: 0.0, Avg: 0.0, Max: 0.0, Diff: 0.0, Sum: 0.0]
      [Code Root Scanning (ms): Min: 0.0, Avg: 0.0, Max: 0.0, Diff: 0.0, Sum: 0.0]
      [Object Copy (ms): Min: 0.0, Avg: 0.0, Max: 0.0, Diff: 0.0, Sum: 0.1]
      [Termination (ms): Min: 0.0, Avg: 0.2, Max: 0.3, Diff: 0.3, Sum: 1.8]
         [Termination Attempts: Min: 1, Avg: 1.4, Max: 2, Diff: 1, Sum: 11]
      [GC Worker Other (ms): Min: 0.0, Avg: 0.0, Max: 0.0, Diff: 0.0, Sum: 0.1]
      [GC Worker Total (ms): Min: 0.2, Avg: 0.4, Max: 0.5, Diff: 0.3, Sum: 3.6]
      [GC Worker End (ms): Min: 626.3, Avg: 626.4, Max: 626.4, Diff: 0.1]
   [Code Root Fixup: 0.0 ms]
   [Code Root Purge: 0.0 ms]
   [Clear CT: 0.1 ms]
   [Other: 0.4 ms]
      [Choose CSet: 0.0 ms]
      [Ref Proc: 0.2 ms]
      [Ref Enq: 0.0 ms]
      [Redirty Cards: 0.1 ms]
      [Humongous Register: 0.1 ms]
      [Humongous Reclaim: 0.0 ms]
      [Free CSet: 0.0 ms]
   [Eden: 1024.0K(12.0M)->0.0B(11.0M) Survivors: 0.0B->1024.0K Heap: 200.3M(256.0M)->200.1M(256.0M)]
 [Times: user=0.00 sys=0.00, real=0.00 secs] 
2021-01-18T19:17:08.855+0500: [GC concurrent-root-region-scan-start]
2021-01-18T19:17:08.855+0500: [GC concurrent-root-region-scan-end, 0.0000570 secs]
2021-01-18T19:17:08.855+0500: [GC concurrent-mark-start]
2021-01-18T19:17:08.856+0500: [GC pause (G1 Evacuation Pause) (young) (to-space exhausted), 0.0017742 secs]
   [Parallel Time: 1.0 ms, GC Workers: 8]
      [GC Worker Start (ms): Min: 627.6, Avg: 627.8, Max: 628.4, Diff: 0.7]
      [Ext Root Scanning (ms): Min: 0.0, Avg: 0.1, Max: 0.2, Diff: 0.2, Sum: 1.0]
      [Update RS (ms): Min: 0.0, Avg: 0.1, Max: 0.3, Diff: 0.3, Sum: 0.9]
         [Processed Buffers: Min: 0, Avg: 1.2, Max: 2, Diff: 2, Sum: 10]
      [Scan RS (ms): Min: 0.0, Avg: 0.0, Max: 0.0, Diff: 0.0, Sum: 0.0]
      [Code Root Scanning (ms): Min: 0.0, Avg: 0.0, Max: 0.0, Diff: 0.0, Sum: 0.0]
      [Object Copy (ms): Min: 0.0, Avg: 0.0, Max: 0.0, Diff: 0.0, Sum: 0.1]
      [Termination (ms): Min: 0.0, Avg: 0.4, Max: 0.5, Diff: 0.5, Sum: 3.2]
         [Termination Attempts: Min: 1, Avg: 1.4, Max: 2, Diff: 1, Sum: 11]
      [GC Worker Other (ms): Min: 0.0, Avg: 0.0, Max: 0.0, Diff: 0.0, Sum: 0.1]
      [GC Worker Total (ms): Min: 0.0, Avg: 0.7, Max: 0.9, Diff: 0.9, Sum: 5.2]
      [GC Worker End (ms): Min: 628.4, Avg: 628.5, Max: 628.6, Diff: 0.2]
   [Code Root Fixup: 0.0 ms]
   [Code Root Purge: 0.0 ms]
   [Clear CT: 0.1 ms]
   [Other: 0.7 ms]
      [Evacuation Failure: 0.2 ms]
      [Choose CSet: 0.0 ms]
      [Ref Proc: 0.2 ms]
      [Ref Enq: 0.0 ms]
      [Redirty Cards: 0.2 ms]
      [Humongous Register: 0.1 ms]
      [Humongous Reclaim: 0.0 ms]
      [Free CSet: 0.0 ms]
   [Eden: 1024.0K(11.0M)->0.0B(12.0M) Survivors: 1024.0K->0.0B Heap: 201.7M(256.0M)->201.1M(256.0M)]
 [Times: user=0.01 sys=0.00, real=0.00 secs] 
2021-01-18T19:17:08.858+0500: [GC pause (G1 Humongous Allocation) (young) (to-space exhausted), 0.0025403 secs]
   [Parallel Time: 1.2 ms, GC Workers: 8]
      [GC Worker Start (ms): Min: 629.9, Avg: 630.0, Max: 630.1, Diff: 0.2]
      [Ext Root Scanning (ms): Min: 0.0, Avg: 0.1, Max: 0.2, Diff: 0.2, Sum: 1.1]
      [Update RS (ms): Min: 0.0, Avg: 0.0, Max: 0.1, Diff: 0.1, Sum: 0.3]
         [Processed Buffers: Min: 0, Avg: 1.1, Max: 3, Diff: 3, Sum: 9]
      [Scan RS (ms): Min: 0.0, Avg: 0.0, Max: 0.0, Diff: 0.0, Sum: 0.0]
      [Code Root Scanning (ms): Min: 0.0, Avg: 0.0, Max: 0.0, Diff: 0.0, Sum: 0.0]
      [Object Copy (ms): Min: 0.0, Avg: 0.1, Max: 0.7, Diff: 0.7, Sum: 0.8]
      [Termination (ms): Min: 0.0, Avg: 0.6, Max: 0.7, Diff: 0.7, Sum: 5.0]
         [Termination Attempts: Min: 1, Avg: 1.1, Max: 2, Diff: 1, Sum: 9]
      [GC Worker Other (ms): Min: 0.0, Avg: 0.0, Max: 0.0, Diff: 0.0, Sum: 0.1]
      [GC Worker Total (ms): Min: 0.7, Avg: 0.9, Max: 1.0, Diff: 0.3, Sum: 7.2]
      [GC Worker End (ms): Min: 630.8, Avg: 630.8, Max: 630.9, Diff: 0.1]
   [Code Root Fixup: 0.0 ms]
   [Code Root Purge: 0.0 ms]
   [Clear CT: 0.3 ms]
   [Other: 1.1 ms]
      [Evacuation Failure: 0.1 ms]
      [Choose CSet: 0.0 ms]
      [Ref Proc: 0.8 ms]
      [Ref Enq: 0.0 ms]
      [Redirty Cards: 0.1 ms]
      [Humongous Register: 0.1 ms]
      [Humongous Reclaim: 0.0 ms]
      [Free CSet: 0.0 ms]
   [Eden: 1024.0K(12.0M)->0.0B(12.0M) Survivors: 0.0B->0.0B Heap: 201.5M(256.0M)->201.5M(256.0M)]
 [Times: user=0.01 sys=0.00, real=0.01 secs] 
2021-01-18T19:17:08.861+0500: [Full GC (Allocation Failure)  201M->199M(256M), 0.0222706 secs]
   [Eden: 0.0B(12.0M)->0.0B(12.0M) Survivors: 0.0B->0.0B Heap: 201.5M(256.0M)->199.4M(256.0M)], [Metaspace: 2706K->2706K(1056768K)]
 [Times: user=0.02 sys=0.00, real=0.02 secs] 
2021-01-18T19:17:08.884+0500: [GC concurrent-mark-abort]
2021-01-18T19:17:08.884+0500: [GC pause (G1 Humongous Allocation) (young) (initial-mark), 0.0008559 secs]
   [Parallel Time: 0.4 ms, GC Workers: 8]
      [GC Worker Start (ms): Min: 655.9, Avg: 656.0, Max: 656.0, Diff: 0.1]
      [Ext Root Scanning (ms): Min: 0.1, Avg: 0.1, Max: 0.2, Diff: 0.1, Sum: 1.1]
      [Update RS (ms): Min: 0.0, Avg: 0.1, Max: 0.1, Diff: 0.1, Sum: 0.7]
         [Processed Buffers: Min: 0, Avg: 0.9, Max: 1, Diff: 1, Sum: 7]
      [Scan RS (ms): Min: 0.0, Avg: 0.0, Max: 0.0, Diff: 0.0, Sum: 0.0]
      [Code Root Scanning (ms): Min: 0.0, Avg: 0.0, Max: 0.0, Diff: 0.0, Sum: 0.0]
      [Object Copy (ms): Min: 0.0, Avg: 0.0, Max: 0.0, Diff: 0.0, Sum: 0.1]
      [Termination (ms): Min: 0.0, Avg: 0.0, Max: 0.1, Diff: 0.1, Sum: 0.3]
         [Termination Attempts: Min: 1, Avg: 1.1, Max: 2, Diff: 1, Sum: 9]
      [GC Worker Other (ms): Min: 0.0, Avg: 0.0, Max: 0.0, Diff: 0.0, Sum: 0.1]
      [GC Worker Total (ms): Min: 0.2, Avg: 0.3, Max: 0.3, Diff: 0.1, Sum: 2.3]
      [GC Worker End (ms): Min: 656.2, Avg: 656.3, Max: 656.3, Diff: 0.0]
   [Code Root Fixup: 0.0 ms]
   [Code Root Purge: 0.0 ms]
   [Clear CT: 0.1 ms]
   [Other: 0.4 ms]
      [Choose CSet: 0.0 ms]
      [Ref Proc: 0.1 ms]
      [Ref Enq: 0.0 ms]
      [Redirty Cards: 0.1 ms]
      [Humongous Register: 0.0 ms]
      [Humongous Reclaim: 0.0 ms]
      [Free CSet: 0.0 ms]
   [Eden: 1024.0K(12.0M)->0.0B(11.0M) Survivors: 0.0B->1024.0K Heap: 201.0M(256.0M)->200.3M(256.0M)]
 [Times: user=0.00 sys=0.00, real=0.00 secs] 
2021-01-18T19:17:08.885+0500: [GC concurrent-root-region-scan-start]
2021-01-18T19:17:08.885+0500: [GC concurrent-root-region-scan-end, 0.0000899 secs]
2021-01-18T19:17:08.885+0500: [GC concurrent-mark-start]
2021-01-18T19:17:08.885+0500: [GC pause (G1 Evacuation Pause) (young) (to-space exhausted), 0.0025250 secs]
   [Parallel Time: 1.1 ms, GC Workers: 8]
      [GC Worker Start (ms): Min: 657.1, Avg: 657.2, Max: 657.3, Diff: 0.2]
      [Ext Root Scanning (ms): Min: 0.0, Avg: 0.1, Max: 0.1, Diff: 0.1, Sum: 0.8]
      [Update RS (ms): Min: 0.0, Avg: 0.2, Max: 0.8, Diff: 0.7, Sum: 1.3]
         [Processed Buffers: Min: 1, Avg: 1.1, Max: 2, Diff: 1, Sum: 9]
      [Scan RS (ms): Min: 0.0, Avg: 0.0, Max: 0.0, Diff: 0.0, Sum: 0.0]
      [Code Root Scanning (ms): Min: 0.0, Avg: 0.0, Max: 0.0, Diff: 0.0, Sum: 0.0]
      [Object Copy (ms): Min: 0.0, Avg: 0.0, Max: 0.0, Diff: 0.0, Sum: 0.0]
      [Termination (ms): Min: 0.0, Avg: 0.6, Max: 0.8, Diff: 0.8, Sum: 5.0]
         [Termination Attempts: Min: 1, Avg: 1.0, Max: 1, Diff: 0, Sum: 8]
      [GC Worker Other (ms): Min: 0.0, Avg: 0.0, Max: 0.0, Diff: 0.0, Sum: 0.0]
      [GC Worker Total (ms): Min: 0.8, Avg: 0.9, Max: 1.0, Diff: 0.2, Sum: 7.2]
      [GC Worker End (ms): Min: 658.0, Avg: 658.1, Max: 658.1, Diff: 0.1]
   [Code Root Fixup: 0.0 ms]
   [Code Root Purge: 0.0 ms]
   [Clear CT: 0.2 ms]
   [Other: 1.3 ms]
      [Evacuation Failure: 0.1 ms]
      [Choose CSet: 0.0 ms]
      [Ref Proc: 0.9 ms]
      [Ref Enq: 0.0 ms]
      [Redirty Cards: 0.1 ms]
      [Humongous Register: 0.0 ms]
      [Humongous Reclaim: 0.0 ms]
      [Free CSet: 0.0 ms]
   [Eden: 0.0B(11.0M)->0.0B(12.0M) Survivors: 1024.0K->0.0B Heap: 201.0M(256.0M)->201.0M(256.0M)]
 [Times: user=0.01 sys=0.00, real=0.00 secs] 
2021-01-18T19:17:08.888+0500: [GC pause (G1 Evacuation Pause) (young), 0.0020206 secs]
   [Parallel Time: 1.1 ms, GC Workers: 8]
      [GC Worker Start (ms): Min: 660.0, Avg: 660.4, Max: 660.7, Diff: 0.7]
      [Ext Root Scanning (ms): Min: 0.0, Avg: 0.1, Max: 0.2, Diff: 0.2, Sum: 0.4]
      [Update RS (ms): Min: 0.0, Avg: 0.0, Max: 0.2, Diff: 0.2, Sum: 0.3]
         [Processed Buffers: Min: 0, Avg: 0.6, Max: 3, Diff: 3, Sum: 5]
      [Scan RS (ms): Min: 0.0, Avg: 0.0, Max: 0.0, Diff: 0.0, Sum: 0.0]
      [Code Root Scanning (ms): Min: 0.0, Avg: 0.0, Max: 0.0, Diff: 0.0, Sum: 0.0]
      [Object Copy (ms): Min: 0.0, Avg: 0.0, Max: 0.0, Diff: 0.0, Sum: 0.0]
      [Termination (ms): Min: 0.0, Avg: 0.4, Max: 0.6, Diff: 0.6, Sum: 3.0]
         [Termination Attempts: Min: 1, Avg: 1.0, Max: 1, Diff: 0, Sum: 8]
      [GC Worker Other (ms): Min: 0.0, Avg: 0.0, Max: 0.0, Diff: 0.0, Sum: 0.1]
      [GC Worker Total (ms): Min: 0.0, Avg: 0.5, Max: 1.0, Diff: 1.0, Sum: 3.8]
      [GC Worker End (ms): Min: 660.7, Avg: 660.9, Max: 661.1, Diff: 0.3]
   [Code Root Fixup: 0.0 ms]
   [Code Root Purge: 0.0 ms]
   [Clear CT: 0.2 ms]
   [Other: 0.8 ms]
      [Choose CSet: 0.0 ms]
      [Ref Proc: 0.3 ms]
      [Ref Enq: 0.0 ms]
      [Redirty Cards: 0.2 ms]
      [Humongous Register: 0.1 ms]
      [Humongous Reclaim: 0.0 ms]
      [Free CSet: 0.0 ms]
   [Eden: 0.0B(12.0M)->0.0B(12.0M) Survivors: 0.0B->0.0B Heap: 201.0M(256.0M)->201.0M(256.0M)]
 [Times: user=0.01 sys=0.01, real=0.01 secs] 
2021-01-18T19:17:08.890+0500: [Full GC (Allocation Failure)  200M->200M(256M), 0.0046397 secs]
   [Eden: 0.0B(12.0M)->0.0B(12.0M) Survivors: 0.0B->0.0B Heap: 201.0M(256.0M)->200.8M(256.0M)], [Metaspace: 2706K->2706K(1056768K)]
 [Times: user=0.01 sys=0.00, real=0.00 secs] 
2021-01-18T19:17:08.895+0500: [Full GC (Allocation Failure)  200M->200M(256M), 0.0033635 secs]
   [Eden: 0.0B(12.0M)->0.0B(12.0M) Survivors: 0.0B->0.0B Heap: 200.8M(256.0M)->200.8M(256.0M)], [Metaspace: 2706K->2706K(1056768K)]
 [Times: user=0.00 sys=0.00, real=0.00 secs] 
2021-01-18T19:17:08.899+0500: [GC concurrent-mark-abort]
2021-01-18T19:17:08.899+0500: [GC pause (G1 Evacuation Pause) (young), 0.0010637 secs]
   [Parallel Time: 0.4 ms, GC Workers: 8]
      [GC Worker Start (ms): Min: 670.6, Avg: 670.6, Max: 670.8, Diff: 0.2]
      [Ext Root Scanning (ms): Min: 0.0, Avg: 0.1, Max: 0.2, Diff: 0.2, Sum: 0.9]
      [Update RS (ms): Min: 0.0, Avg: 0.0, Max: 0.1, Diff: 0.1, Sum: 0.2]
         [Processed Buffers: Min: 0, Avg: 0.4, Max: 1, Diff: 1, Sum: 3]
      [Scan RS (ms): Min: 0.0, Avg: 0.0, Max: 0.0, Diff: 0.0, Sum: 0.0]
      [Code Root Scanning (ms): Min: 0.0, Avg: 0.0, Max: 0.0, Diff: 0.0, Sum: 0.0]
      [Object Copy (ms): Min: 0.0, Avg: 0.0, Max: 0.0, Diff: 0.0, Sum: 0.0]
      [Termination (ms): Min: 0.0, Avg: 0.2, Max: 0.2, Diff: 0.2, Sum: 1.6]
         [Termination Attempts: Min: 1, Avg: 1.0, Max: 1, Diff: 0, Sum: 8]
      [GC Worker Other (ms): Min: 0.0, Avg: 0.0, Max: 0.0, Diff: 0.0, Sum: 0.1]
      [GC Worker Total (ms): Min: 0.2, Avg: 0.3, Max: 0.4, Diff: 0.2, Sum: 2.8]
      [GC Worker End (ms): Min: 670.9, Avg: 671.0, Max: 671.0, Diff: 0.1]
   [Code Root Fixup: 0.0 ms]
   [Code Root Purge: 0.0 ms]
   [Clear CT: 0.1 ms]
   [Other: 0.5 ms]
      [Choose CSet: 0.0 ms]
      [Ref Proc: 0.3 ms]
      [Ref Enq: 0.0 ms]
      [Redirty Cards: 0.1 ms]
      [Humongous Register: 0.0 ms]
      [Humongous Reclaim: 0.0 ms]
      [Free CSet: 0.0 ms]
   [Eden: 0.0B(12.0M)->0.0B(12.0M) Survivors: 0.0B->0.0B Heap: 200.8M(256.0M)->200.8M(256.0M)]
 [Times: user=0.00 sys=0.00, real=0.01 secs] 
2021-01-18T19:17:08.900+0500: [GC pause (G1 Evacuation Pause) (young) (initial-mark), 0.0008817 secs]
   [Parallel Time: 0.4 ms, GC Workers: 8]
      [GC Worker Start (ms): Min: 671.8, Avg: 671.8, Max: 671.8, Diff: 0.1]
      [Ext Root Scanning (ms): Min: 0.1, Avg: 0.1, Max: 0.1, Diff: 0.1, Sum: 0.9]
      [Update RS (ms): Min: 0.0, Avg: 0.0, Max: 0.1, Diff: 0.1, Sum: 0.2]
         [Processed Buffers: Min: 0, Avg: 0.2, Max: 1, Diff: 1, Sum: 2]
      [Scan RS (ms): Min: 0.0, Avg: 0.0, Max: 0.0, Diff: 0.0, Sum: 0.0]
      [Code Root Scanning (ms): Min: 0.0, Avg: 0.0, Max: 0.0, Diff: 0.0, Sum: 0.0]
      [Object Copy (ms): Min: 0.0, Avg: 0.0, Max: 0.0, Diff: 0.0, Sum: 0.0]
      [Termination (ms): Min: 0.0, Avg: 0.2, Max: 0.2, Diff: 0.2, Sum: 1.6]
         [Termination Attempts: Min: 1, Avg: 1.0, Max: 1, Diff: 0, Sum: 8]
      [GC Worker Other (ms): Min: 0.0, Avg: 0.0, Max: 0.0, Diff: 0.0, Sum: 0.0]
      [GC Worker Total (ms): Min: 0.2, Avg: 0.3, Max: 0.4, Diff: 0.2, Sum: 2.8]
      [GC Worker End (ms): Min: 672.1, Avg: 672.2, Max: 672.2, Diff: 0.1]
   [Code Root Fixup: 0.0 ms]
   [Code Root Purge: 0.0 ms]
   [Clear CT: 0.1 ms]
   [Other: 0.4 ms]
      [Choose CSet: 0.0 ms]
      [Ref Proc: 0.2 ms]
      [Ref Enq: 0.0 ms]
      [Redirty Cards: 0.1 ms]
      [Humongous Register: 0.0 ms]
      [Humongous Reclaim: 0.0 ms]
      [Free CSet: 0.0 ms]
   [Eden: 0.0B(12.0M)->0.0B(12.0M) Survivors: 0.0B->0.0B Heap: 200.8M(256.0M)->200.8M(256.0M)]
 [Times: user=0.01 sys=0.00, real=0.00 secs] 
2021-01-18T19:17:08.901+0500: [GC concurrent-root-region-scan-start]
2021-01-18T19:17:08.901+0500: [GC concurrent-root-region-scan-end, 0.0000152 secs]
2021-01-18T19:17:08.901+0500: [GC concurrent-mark-start]
2021-01-18T19:17:08.901+0500: [Full GC (Allocation Failure)  200M->271K(8192K), 0.0213525 secs]
   [Eden: 0.0B(12.0M)->0.0B(4096.0K) Survivors: 0.0B->0.0B Heap: 200.8M(256.0M)->271.3K(8192.0K)], [Metaspace: 2706K->2706K(1056768K)]
 [Times: user=0.00 sys=0.02, real=0.02 secs] 
2021-01-18T19:17:08.923+0500: [GC concurrent-mark-abort]
Exception in thread "main" java.lang.OutOfMemoryError: Java heap space
	at GCLogAnalysis.generateGarbage(GCLogAnalysis.java:48)
	at GCLogAnalysis.main(GCLogAnalysis.java:25)
Heap
 garbage-first heap   total 8192K, used 271K [0x00000007b0000000, 0x00000007b0100040, 0x00000007c0000000)
  region size 1024K, 1 young (1024K), 0 survivors (0K)
 Metaspace       used 2737K, capacity 4486K, committed 4864K, reserved 1056768K
  class space    used 298K, capacity 386K, committed 512K, reserved 1048576K

4.2 512m

$ java -Xmx512m -XX:+UseG1GC -XX:+PrintGCDetails -XX:+PrintGCDateStamps GCLogAnalysis 
正在执行...
2021-01-18T19:18:05.624+0500: [GC pause (G1 Evacuation Pause) (young), 0.0043066 secs]
   [Parallel Time: 3.6 ms, GC Workers: 8]
      [GC Worker Start (ms): Min: 122.8, Avg: 122.9, Max: 123.0, Diff: 0.2]
      [Ext Root Scanning (ms): Min: 0.0, Avg: 0.1, Max: 0.3, Diff: 0.3, Sum: 1.1]
      [Update RS (ms): Min: 0.0, Avg: 0.0, Max: 0.0, Diff: 0.0, Sum: 0.0]
         [Processed Buffers: Min: 0, Avg: 0.0, Max: 0, Diff: 0, Sum: 0]
      [Scan RS (ms): Min: 0.0, Avg: 0.0, Max: 0.0, Diff: 0.0, Sum: 0.0]
      [Code Root Scanning (ms): Min: 0.0, Avg: 0.0, Max: 0.0, Diff: 0.0, Sum: 0.0]
      [Object Copy (ms): Min: 2.9, Avg: 3.0, Max: 3.1, Diff: 0.2, Sum: 23.8]
      [Termination (ms): Min: 0.0, Avg: 0.2, Max: 0.5, Diff: 0.5, Sum: 1.8]
         [Termination Attempts: Min: 1, Avg: 1.0, Max: 1, Diff: 0, Sum: 8]
      [GC Worker Other (ms): Min: 0.0, Avg: 0.0, Max: 0.0, Diff: 0.0, Sum: 0.1]
      [GC Worker Total (ms): Min: 3.2, Avg: 3.4, Max: 3.6, Diff: 0.4, Sum: 26.9]
      [GC Worker End (ms): Min: 126.1, Avg: 126.2, Max: 126.4, Diff: 0.3]
   [Code Root Fixup: 0.0 ms]
   [Code Root Purge: 0.0 ms]
   [Clear CT: 0.2 ms]
   [Other: 0.5 ms]
      [Choose CSet: 0.0 ms]
      [Ref Proc: 0.2 ms]
      [Ref Enq: 0.0 ms]
      [Redirty Cards: 0.1 ms]
      [Humongous Register: 0.0 ms]
      [Humongous Reclaim: 0.0 ms]
      [Free CSet: 0.0 ms]
   [Eden: 24.0M(24.0M)->0.0B(23.0M) Survivors: 0.0B->3072.0K Heap: 26.6M(256.0M)->10.1M(256.0M)]
 [Times: user=0.00 sys=0.02, real=0.00 secs] 
2021-01-18T19:18:05.637+0500: [GC pause (G1 Evacuation Pause) (young), 0.0051638 secs]
   [Parallel Time: 4.4 ms, GC Workers: 8]
      [GC Worker Start (ms): Min: 136.2, Avg: 136.2, Max: 136.5, Diff: 0.3]
      [Ext Root Scanning (ms): Min: 0.0, Avg: 0.1, Max: 0.3, Diff: 0.3, Sum: 1.1]
      [Update RS (ms): Min: 0.0, Avg: 0.0, Max: 0.1, Diff: 0.1, Sum: 0.2]
         [Processed Buffers: Min: 0, Avg: 0.6, Max: 2, Diff: 2, Sum: 5]
      [Scan RS (ms): Min: 0.0, Avg: 0.0, Max: 0.0, Diff: 0.0, Sum: 0.0]
      [Code Root Scanning (ms): Min: 0.0, Avg: 0.0, Max: 0.0, Diff: 0.0, Sum: 0.0]
      [Object Copy (ms): Min: 3.5, Avg: 3.7, Max: 3.9, Diff: 0.4, Sum: 29.5]
      [Termination (ms): Min: 0.0, Avg: 0.3, Max: 0.7, Diff: 0.7, Sum: 2.0]
         [Termination Attempts: Min: 1, Avg: 1.0, Max: 1, Diff: 0, Sum: 8]
      [GC Worker Other (ms): Min: 0.0, Avg: 0.0, Max: 0.0, Diff: 0.0, Sum: 0.1]
      [GC Worker Total (ms): Min: 3.9, Avg: 4.1, Max: 4.3, Diff: 0.4, Sum: 32.9]
      [GC Worker End (ms): Min: 140.3, Avg: 140.4, Max: 140.5, Diff: 0.2]
   [Code Root Fixup: 0.0 ms]
   [Code Root Purge: 0.0 ms]
   [Clear CT: 0.2 ms]
   [Other: 0.6 ms]
      [Choose CSet: 0.0 ms]
      [Ref Proc: 0.2 ms]
      [Ref Enq: 0.0 ms]
      [Redirty Cards: 0.2 ms]
      [Humongous Register: 0.0 ms]
      [Humongous Reclaim: 0.0 ms]
      [Free CSet: 0.1 ms]
   [Eden: 23.0M(23.0M)->0.0B(36.0M) Survivors: 3072.0K->4096.0K Heap: 38.7M(256.0M)->22.7M(256.0M)]
 [Times: user=0.01 sys=0.02, real=0.01 secs] 
2021-01-18T19:18:05.661+0500: [GC pause (G1 Evacuation Pause) (young), 0.0064760 secs]
   [Parallel Time: 5.8 ms, GC Workers: 8]
      [GC Worker Start (ms): Min: 160.7, Avg: 160.8, Max: 161.0, Diff: 0.3]
      [Ext Root Scanning (ms): Min: 0.0, Avg: 0.1, Max: 0.2, Diff: 0.2, Sum: 0.8]
      [Update RS (ms): Min: 0.1, Avg: 0.3, Max: 0.5, Diff: 0.3, Sum: 2.2]
         [Processed Buffers: Min: 1, Avg: 3.2, Max: 5, Diff: 4, Sum: 26]
      [Scan RS (ms): Min: 0.0, Avg: 0.0, Max: 0.0, Diff: 0.0, Sum: 0.0]
      [Code Root Scanning (ms): Min: 0.0, Avg: 0.0, Max: 0.0, Diff: 0.0, Sum: 0.0]
      [Object Copy (ms): Min: 4.6, Avg: 4.9, Max: 4.9, Diff: 0.3, Sum: 38.8]
      [Termination (ms): Min: 0.0, Avg: 0.1, Max: 0.3, Diff: 0.3, Sum: 1.0]
         [Termination Attempts: Min: 1, Avg: 1.0, Max: 1, Diff: 0, Sum: 8]
      [GC Worker Other (ms): Min: 0.0, Avg: 0.0, Max: 0.0, Diff: 0.0, Sum: 0.1]
      [GC Worker Total (ms): Min: 5.1, Avg: 5.4, Max: 5.6, Diff: 0.4, Sum: 43.0]
      [GC Worker End (ms): Min: 166.1, Avg: 166.2, Max: 166.3, Diff: 0.2]
   [Code Root Fixup: 0.0 ms]
   [Code Root Purge: 0.0 ms]
   [Clear CT: 0.2 ms]
   [Other: 0.6 ms]
      [Choose CSet: 0.0 ms]
      [Ref Proc: 0.3 ms]
      [Ref Enq: 0.0 ms]
      [Redirty Cards: 0.1 ms]
      [Humongous Register: 0.0 ms]
      [Humongous Reclaim: 0.0 ms]
      [Free CSet: 0.0 ms]
   [Eden: 36.0M(36.0M)->0.0B(60.0M) Survivors: 4096.0K->5120.0K Heap: 69.9M(256.0M)->38.4M(256.0M)]
 [Times: user=0.01 sys=0.03, real=0.00 secs] 
2021-01-18T19:18:05.696+0500: [GC pause (G1 Evacuation Pause) (young), 0.0111164 secs]
   [Parallel Time: 10.1 ms, GC Workers: 8]
      [GC Worker Start (ms): Min: 195.6, Avg: 195.7, Max: 195.8, Diff: 0.2]
      [Ext Root Scanning (ms): Min: 0.0, Avg: 0.1, Max: 0.2, Diff: 0.2, Sum: 0.8]
      [Update RS (ms): Min: 0.4, Avg: 0.5, Max: 0.5, Diff: 0.1, Sum: 3.7]
         [Processed Buffers: Min: 6, Avg: 7.0, Max: 8, Diff: 2, Sum: 56]
      [Scan RS (ms): Min: 0.0, Avg: 0.0, Max: 0.0, Diff: 0.0, Sum: 0.0]
      [Code Root Scanning (ms): Min: 0.0, Avg: 0.0, Max: 0.0, Diff: 0.0, Sum: 0.0]
      [Object Copy (ms): Min: 8.8, Avg: 9.0, Max: 9.3, Diff: 0.5, Sum: 72.0]
      [Termination (ms): Min: 0.0, Avg: 0.3, Max: 0.6, Diff: 0.6, Sum: 2.4]
         [Termination Attempts: Min: 1, Avg: 1.0, Max: 1, Diff: 0, Sum: 8]
      [GC Worker Other (ms): Min: 0.0, Avg: 0.0, Max: 0.0, Diff: 0.0, Sum: 0.1]
      [GC Worker Total (ms): Min: 9.7, Avg: 9.9, Max: 10.0, Diff: 0.4, Sum: 78.9]
      [GC Worker End (ms): Min: 205.4, Avg: 205.5, Max: 205.6, Diff: 0.2]
   [Code Root Fixup: 0.0 ms]
   [Code Root Purge: 0.0 ms]
   [Clear CT: 0.1 ms]
   [Other: 0.9 ms]
      [Choose CSet: 0.0 ms]
      [Ref Proc: 0.2 ms]
      [Ref Enq: 0.0 ms]
      [Redirty Cards: 0.1 ms]
      [Humongous Register: 0.0 ms]
      [Humongous Reclaim: 0.0 ms]
      [Free CSet: 0.0 ms]
   [Eden: 60.0M(60.0M)->0.0B(71.0M) Survivors: 5120.0K->9216.0K Heap: 113.7M(256.0M)->65.5M(308.0M)]
 [Times: user=0.02 sys=0.04, real=0.01 secs] 
2021-01-18T19:18:05.787+0500: [GC pause (G1 Evacuation Pause) (young), 0.0609698 secs]
   [Parallel Time: 59.1 ms, GC Workers: 8]
      [GC Worker Start (ms): Min: 286.7, Avg: 286.9, Max: 287.2, Diff: 0.5]
      [Ext Root Scanning (ms): Min: 0.0, Avg: 0.1, Max: 0.3, Diff: 0.2, Sum: 1.1]
      [Update RS (ms): Min: 0.0, Avg: 0.2, Max: 0.2, Diff: 0.2, Sum: 1.2]
         [Processed Buffers: Min: 0, Avg: 1.6, Max: 3, Diff: 3, Sum: 13]
      [Scan RS (ms): Min: 0.0, Avg: 0.0, Max: 0.0, Diff: 0.0, Sum: 0.1]
      [Code Root Scanning (ms): Min: 0.0, Avg: 0.0, Max: 0.0, Diff: 0.0, Sum: 0.0]
      [Object Copy (ms): Min: 52.3, Avg: 56.9, Max: 58.4, Diff: 6.1, Sum: 455.4]
      [Termination (ms): Min: 0.0, Avg: 0.9, Max: 1.4, Diff: 1.4, Sum: 7.3]
         [Termination Attempts: Min: 1, Avg: 1.0, Max: 1, Diff: 0, Sum: 8]
      [GC Worker Other (ms): Min: 0.0, Avg: 0.6, Max: 5.0, Diff: 5.0, Sum: 5.1]
      [GC Worker Total (ms): Min: 58.6, Avg: 58.8, Max: 59.0, Diff: 0.4, Sum: 470.3]
      [GC Worker End (ms): Min: 345.6, Avg: 345.6, Max: 345.8, Diff: 0.3]
   [Code Root Fixup: 0.0 ms]
   [Code Root Purge: 0.0 ms]
   [Clear CT: 0.1 ms]
   [Other: 1.7 ms]
      [Choose CSet: 0.0 ms]
      [Ref Proc: 0.9 ms]
      [Ref Enq: 0.0 ms]
      [Redirty Cards: 0.1 ms]
      [Humongous Register: 0.1 ms]
      [Humongous Reclaim: 0.1 ms]
      [Free CSet: 0.1 ms]
   [Eden: 71.0M(71.0M)->0.0B(79.0M) Survivors: 9216.0K->10.0M Heap: 155.3M(308.0M)->92.0M(349.0M)]
 [Times: user=0.03 sys=0.04, real=0.06 secs] 
2021-01-18T19:18:05.945+0500: [GC pause (G1 Evacuation Pause) (young), 0.0151363 secs]
   [Parallel Time: 13.4 ms, GC Workers: 8]
      [GC Worker Start (ms): Min: 444.5, Avg: 444.8, Max: 445.2, Diff: 0.7]
      [Ext Root Scanning (ms): Min: 0.0, Avg: 0.1, Max: 0.2, Diff: 0.2, Sum: 0.6]
      [Update RS (ms): Min: 0.0, Avg: 0.2, Max: 0.4, Diff: 0.4, Sum: 1.3]
         [Processed Buffers: Min: 0, Avg: 1.8, Max: 4, Diff: 4, Sum: 14]
      [Scan RS (ms): Min: 0.0, Avg: 0.0, Max: 0.0, Diff: 0.0, Sum: 0.1]
      [Code Root Scanning (ms): Min: 0.0, Avg: 0.0, Max: 0.0, Diff: 0.0, Sum: 0.0]
      [Object Copy (ms): Min: 11.8, Avg: 12.2, Max: 12.6, Diff: 0.7, Sum: 97.6]
      [Termination (ms): Min: 0.0, Avg: 0.6, Max: 0.8, Diff: 0.8, Sum: 4.6]
         [Termination Attempts: Min: 1, Avg: 1.0, Max: 1, Diff: 0, Sum: 8]
      [GC Worker Other (ms): Min: 0.0, Avg: 0.0, Max: 0.0, Diff: 0.0, Sum: 0.1]
      [GC Worker Total (ms): Min: 12.6, Avg: 13.0, Max: 13.3, Diff: 0.7, Sum: 104.3]
      [GC Worker End (ms): Min: 457.8, Avg: 457.8, Max: 457.8, Diff: 0.0]
   [Code Root Fixup: 0.0 ms]
   [Code Root Purge: 0.0 ms]
   [Clear CT: 0.1 ms]
   [Other: 1.7 ms]
      [Choose CSet: 0.0 ms]
      [Ref Proc: 0.8 ms]
      [Ref Enq: 0.0 ms]
      [Redirty Cards: 0.2 ms]
      [Humongous Register: 0.1 ms]
      [Humongous Reclaim: 0.1 ms]
      [Free CSet: 0.0 ms]
   [Eden: 79.0M(79.0M)->0.0B(119.0M) Survivors: 10.0M->12.0M Heap: 199.2M(349.0M)->130.0M(382.0M)]
 [Times: user=0.02 sys=0.02, real=0.02 secs] 
2021-01-18T19:18:05.995+0500: [GC pause (G1 Humongous Allocation) (young) (initial-mark), 0.0085099 secs]
   [Parallel Time: 6.6 ms, GC Workers: 8]
      [GC Worker Start (ms): Min: 494.3, Avg: 494.3, Max: 494.4, Diff: 0.1]
      [Ext Root Scanning (ms): Min: 0.1, Avg: 0.1, Max: 0.2, Diff: 0.1, Sum: 1.0]
      [Update RS (ms): Min: 0.2, Avg: 0.2, Max: 0.2, Diff: 0.0, Sum: 1.7]
         [Processed Buffers: Min: 1, Avg: 3.0, Max: 4, Diff: 3, Sum: 24]
      [Scan RS (ms): Min: 0.0, Avg: 0.0, Max: 0.0, Diff: 0.0, Sum: 0.1]
      [Code Root Scanning (ms): Min: 0.0, Avg: 0.0, Max: 0.0, Diff: 0.0, Sum: 0.0]
      [Object Copy (ms): Min: 5.4, Avg: 5.7, Max: 6.0, Diff: 0.6, Sum: 45.3]
      [Termination (ms): Min: 0.0, Avg: 0.4, Max: 0.6, Diff: 0.6, Sum: 3.2]
         [Termination Attempts: Min: 1, Avg: 1.8, Max: 3, Diff: 2, Sum: 14]
      [GC Worker Other (ms): Min: 0.0, Avg: 0.0, Max: 0.0, Diff: 0.0, Sum: 0.1]
      [GC Worker Total (ms): Min: 6.4, Avg: 6.4, Max: 6.5, Diff: 0.1, Sum: 51.4]
      [GC Worker End (ms): Min: 500.7, Avg: 500.8, Max: 500.8, Diff: 0.1]
   [Code Root Fixup: 0.0 ms]
   [Code Root Purge: 0.0 ms]
   [Clear CT: 0.1 ms]
   [Other: 1.8 ms]
      [Choose CSet: 0.0 ms]
      [Ref Proc: 0.8 ms]
      [Ref Enq: 0.0 ms]
      [Redirty Cards: 0.2 ms]
      [Humongous Register: 0.0 ms]
      [Humongous Reclaim: 0.1 ms]
      [Free CSet: 0.0 ms]
   [Eden: 69.0M(119.0M)->0.0B(138.0M) Survivors: 12.0M->17.0M Heap: 218.3M(382.0M)->156.6M(408.0M)]
 [Times: user=0.02 sys=0.02, real=0.01 secs] 
2021-01-18T19:18:06.004+0500: [GC concurrent-root-region-scan-start]
2021-01-18T19:18:06.004+0500: [GC concurrent-root-region-scan-end, 0.0002199 secs]
2021-01-18T19:18:06.004+0500: [GC concurrent-mark-start]
2021-01-18T19:18:06.006+0500: [GC concurrent-mark-end, 0.0014172 secs]
2021-01-18T19:18:06.006+0500: [GC remark 2021-01-18T19:18:06.006+0500: [Finalize Marking, 0.0008813 secs] 2021-01-18T19:18:06.007+0500: [GC ref-proc, 0.0000592 secs] 2021-01-18T19:18:06.007+0500: [Unloading, 0.0005460 secs], 0.0019423 secs]
 [Times: user=0.00 sys=0.00, real=0.00 secs] 
2021-01-18T19:18:06.008+0500: [GC cleanup 161M->161M(408M), 0.0005405 secs]
 [Times: user=0.01 sys=0.00, real=0.00 secs] 
2021-01-18T19:18:06.051+0500: [GC pause (G1 Evacuation Pause) (young), 0.0177361 secs]
   [Parallel Time: 16.1 ms, GC Workers: 8]
      [GC Worker Start (ms): Min: 550.3, Avg: 550.4, Max: 550.7, Diff: 0.5]
      [Ext Root Scanning (ms): Min: 0.0, Avg: 0.1, Max: 0.2, Diff: 0.2, Sum: 0.8]
      [Update RS (ms): Min: 0.0, Avg: 0.2, Max: 0.3, Diff: 0.3, Sum: 1.2]
         [Processed Buffers: Min: 0, Avg: 1.9, Max: 4, Diff: 4, Sum: 15]
      [Scan RS (ms): Min: 0.0, Avg: 0.0, Max: 0.0, Diff: 0.0, Sum: 0.1]
      [Code Root Scanning (ms): Min: 0.0, Avg: 0.0, Max: 0.0, Diff: 0.0, Sum: 0.0]
      [Object Copy (ms): Min: 14.7, Avg: 15.0, Max: 15.6, Diff: 0.8, Sum: 119.9]
      [Termination (ms): Min: 0.0, Avg: 0.6, Max: 0.8, Diff: 0.8, Sum: 4.6]
         [Termination Attempts: Min: 1, Avg: 1.0, Max: 1, Diff: 0, Sum: 8]
      [GC Worker Other (ms): Min: 0.0, Avg: 0.0, Max: 0.0, Diff: 0.0, Sum: 0.1]
      [GC Worker Total (ms): Min: 15.6, Avg: 15.8, Max: 16.0, Diff: 0.4, Sum: 126.7]
      [GC Worker End (ms): Min: 566.2, Avg: 566.2, Max: 566.3, Diff: 0.2]
   [Code Root Fixup: 0.0 ms]
   [Code Root Purge: 0.0 ms]
   [Clear CT: 0.1 ms]
   [Other: 1.5 ms]
      [Choose CSet: 0.0 ms]
      [Ref Proc: 0.9 ms]
      [Ref Enq: 0.0 ms]
      [Redirty Cards: 0.1 ms]
      [Humongous Register: 0.1 ms]
      [Humongous Reclaim: 0.1 ms]
      [Free CSet: 0.0 ms]
   [Eden: 138.0M(138.0M)->0.0B(114.0M) Survivors: 17.0M->20.0M Heap: 329.8M(408.0M)->210.6M(452.0M)]
 [Times: user=0.04 sys=0.02, real=0.01 secs] 
2021-01-18T19:18:06.069+0500: [GC pause (G1 Humongous Allocation) (young) (initial-mark), 0.0052012 secs]
   [Parallel Time: 3.8 ms, GC Workers: 8]
      [GC Worker Start (ms): Min: 568.5, Avg: 568.6, Max: 568.7, Diff: 0.2]
      [Ext Root Scanning (ms): Min: 0.0, Avg: 0.3, Max: 0.7, Diff: 0.7, Sum: 2.3]
      [Update RS (ms): Min: 0.0, Avg: 0.0, Max: 0.1, Diff: 0.1, Sum: 0.3]
         [Processed Buffers: Min: 0, Avg: 1.1, Max: 2, Diff: 2, Sum: 9]
      [Scan RS (ms): Min: 0.0, Avg: 0.0, Max: 0.0, Diff: 0.0, Sum: 0.0]
      [Code Root Scanning (ms): Min: 0.0, Avg: 0.0, Max: 0.0, Diff: 0.0, Sum: 0.0]
      [Object Copy (ms): Min: 2.3, Avg: 2.9, Max: 3.4, Diff: 1.1, Sum: 23.0]
      [Termination (ms): Min: 0.0, Avg: 0.3, Max: 0.6, Diff: 0.6, Sum: 2.8]
         [Termination Attempts: Min: 1, Avg: 1.5, Max: 2, Diff: 1, Sum: 12]
      [GC Worker Other (ms): Min: 0.0, Avg: 0.0, Max: 0.0, Diff: 0.0, Sum: 0.1]
      [GC Worker Total (ms): Min: 3.4, Avg: 3.6, Max: 3.7, Diff: 0.3, Sum: 28.6]
      [GC Worker End (ms): Min: 572.1, Avg: 572.2, Max: 572.2, Diff: 0.1]
   [Code Root Fixup: 0.0 ms]
   [Code Root Purge: 0.0 ms]
   [Clear CT: 0.1 ms]
   [Other: 1.3 ms]
      [Choose CSet: 0.0 ms]
      [Ref Proc: 0.9 ms]
      [Ref Enq: 0.0 ms]
      [Redirty Cards: 0.1 ms]
      [Humongous Register: 0.0 ms]
      [Humongous Reclaim: 0.0 ms]
      [Free CSet: 0.0 ms]
   [Eden: 1024.0K(114.0M)->0.0B(129.0M) Survivors: 20.0M->1024.0K Heap: 211.2M(452.0M)->211.1M(464.0M)]
 [Times: user=0.01 sys=0.01, real=0.01 secs] 
2021-01-18T19:18:06.075+0500: [GC concurrent-root-region-scan-start]
2021-01-18T19:18:06.075+0500: [GC concurrent-root-region-scan-end, 0.0000437 secs]
2021-01-18T19:18:06.075+0500: [GC concurrent-mark-start]
2021-01-18T19:18:06.076+0500: [GC concurrent-mark-end, 0.0010678 secs]
2021-01-18T19:18:06.076+0500: [GC remark 2021-01-18T19:18:06.076+0500: [Finalize Marking, 0.0007225 secs] 2021-01-18T19:18:06.077+0500: [GC ref-proc, 0.0000471 secs] 2021-01-18T19:18:06.077+0500: [Unloading, 0.0004087 secs], 0.0018044 secs]
 [Times: user=0.01 sys=0.00, real=0.00 secs] 
2021-01-18T19:18:06.078+0500: [GC cleanup 214M->214M(464M), 0.0005451 secs]
 [Times: user=0.00 sys=0.00, real=0.00 secs] 
2021-01-18T19:18:06.128+0500: [GC pause (G1 Evacuation Pause) (young), 0.0072332 secs]
   [Parallel Time: 5.9 ms, GC Workers: 8]
      [GC Worker Start (ms): Min: 627.1, Avg: 627.2, Max: 627.2, Diff: 0.1]
      [Ext Root Scanning (ms): Min: 0.1, Avg: 0.1, Max: 0.2, Diff: 0.1, Sum: 0.8]
      [Update RS (ms): Min: 0.1, Avg: 0.2, Max: 0.4, Diff: 0.3, Sum: 1.5]
         [Processed Buffers: Min: 0, Avg: 2.0, Max: 3, Diff: 3, Sum: 16]
      [Scan RS (ms): Min: 0.0, Avg: 0.0, Max: 0.0, Diff: 0.0, Sum: 0.1]
      [Code Root Scanning (ms): Min: 0.0, Avg: 0.0, Max: 0.0, Diff: 0.0, Sum: 0.0]
      [Object Copy (ms): Min: 4.8, Avg: 5.1, Max: 5.4, Diff: 0.7, Sum: 40.4]
      [Termination (ms): Min: 0.0, Avg: 0.4, Max: 0.7, Diff: 0.7, Sum: 2.9]
         [Termination Attempts: Min: 1, Avg: 1.8, Max: 3, Diff: 2, Sum: 14]
      [GC Worker Other (ms): Min: 0.0, Avg: 0.0, Max: 0.0, Diff: 0.0, Sum: 0.1]
      [GC Worker Total (ms): Min: 5.7, Avg: 5.7, Max: 5.8, Diff: 0.2, Sum: 45.8]
      [GC Worker End (ms): Min: 632.9, Avg: 632.9, Max: 633.0, Diff: 0.1]
   [Code Root Fixup: 0.0 ms]
   [Code Root Purge: 0.0 ms]
   [Clear CT: 0.1 ms]
   [Other: 1.2 ms]
      [Choose CSet: 0.0 ms]
      [Ref Proc: 0.8 ms]
      [Ref Enq: 0.0 ms]
      [Redirty Cards: 0.1 ms]
      [Humongous Register: 0.1 ms]
      [Humongous Reclaim: 0.1 ms]
      [Free CSet: 0.0 ms]
   [Eden: 129.0M(129.0M)->0.0B(6144.0K) Survivors: 1024.0K->17.0M Heap: 376.0M(464.0M)->256.0M(479.0M)]
 [Times: user=0.03 sys=0.01, real=0.01 secs] 
2021-01-18T19:18:06.139+0500: [GC pause (G1 Evacuation Pause) (mixed), 0.0059660 secs]
   [Parallel Time: 4.0 ms, GC Workers: 8]
      [GC Worker Start (ms): Min: 638.0, Avg: 638.1, Max: 638.2, Diff: 0.2]
      [Ext Root Scanning (ms): Min: 0.0, Avg: 0.2, Max: 0.8, Diff: 0.8, Sum: 1.4]
      [Update RS (ms): Min: 0.0, Avg: 0.1, Max: 0.1, Diff: 0.1, Sum: 0.4]
         [Processed Buffers: Min: 0, Avg: 1.9, Max: 5, Diff: 5, Sum: 15]
      [Scan RS (ms): Min: 0.0, Avg: 0.0, Max: 0.1, Diff: 0.1, Sum: 0.3]
      [Code Root Scanning (ms): Min: 0.0, Avg: 0.0, Max: 0.0, Diff: 0.0, Sum: 0.0]
      [Object Copy (ms): Min: 2.3, Avg: 2.9, Max: 3.4, Diff: 1.2, Sum: 23.3]
      [Termination (ms): Min: 0.0, Avg: 0.6, Max: 0.8, Diff: 0.8, Sum: 4.7]
         [Termination Attempts: Min: 1, Avg: 1.0, Max: 1, Diff: 0, Sum: 8]
      [GC Worker Other (ms): Min: 0.0, Avg: 0.0, Max: 0.0, Diff: 0.0, Sum: 0.1]
      [GC Worker Total (ms): Min: 3.7, Avg: 3.8, Max: 3.9, Diff: 0.2, Sum: 30.3]
      [GC Worker End (ms): Min: 641.8, Avg: 641.9, Max: 641.9, Diff: 0.1]
   [Code Root Fixup: 0.0 ms]
   [Code Root Purge: 0.0 ms]
   [Clear CT: 0.1 ms]
   [Other: 1.9 ms]
      [Choose CSet: 0.0 ms]
      [Ref Proc: 1.3 ms]
      [Ref Enq: 0.0 ms]
      [Redirty Cards: 0.2 ms]
      [Humongous Register: 0.1 ms]
      [Humongous Reclaim: 0.0 ms]
      [Free CSet: 0.1 ms]
   [Eden: 6144.0K(6144.0K)->0.0B(117.0M) Survivors: 17.0M->2048.0K Heap: 262.7M(479.0M)->243.7M(486.0M)]
 [Times: user=0.02 sys=0.01, real=0.01 secs] 
2021-01-18T19:18:06.146+0500: [GC pause (G1 Humongous Allocation) (young) (initial-mark), 0.0042763 secs]
   [Parallel Time: 2.4 ms, GC Workers: 8]
      [GC Worker Start (ms): Min: 645.6, Avg: 645.7, Max: 645.8, Diff: 0.2]
      [Ext Root Scanning (ms): Min: 0.0, Avg: 0.2, Max: 0.3, Diff: 0.3, Sum: 1.5]
      [Update RS (ms): Min: 0.0, Avg: 0.1, Max: 0.4, Diff: 0.4, Sum: 1.0]
         [Processed Buffers: Min: 0, Avg: 1.1, Max: 3, Diff: 3, Sum: 9]
      [Scan RS (ms): Min: 0.0, Avg: 0.0, Max: 0.0, Diff: 0.0, Sum: 0.0]
      [Code Root Scanning (ms): Min: 0.0, Avg: 0.0, Max: 0.0, Diff: 0.0, Sum: 0.0]
      [Object Copy (ms): Min: 0.6, Avg: 1.3, Max: 1.9, Diff: 1.4, Sum: 10.1]
      [Termination (ms): Min: 0.0, Avg: 0.6, Max: 1.3, Diff: 1.3, Sum: 4.8]
         [Termination Attempts: Min: 1, Avg: 1.0, Max: 1, Diff: 0, Sum: 8]
      [GC Worker Other (ms): Min: 0.0, Avg: 0.0, Max: 0.0, Diff: 0.0, Sum: 0.1]
      [GC Worker Total (ms): Min: 2.1, Avg: 2.2, Max: 2.3, Diff: 0.2, Sum: 17.5]
      [GC Worker End (ms): Min: 647.9, Avg: 647.9, Max: 647.9, Diff: 0.0]
   [Code Root Fixup: 0.0 ms]
   [Code Root Purge: 0.0 ms]
   [Clear CT: 0.1 ms]
   [Other: 1.8 ms]
      [Choose CSet: 0.0 ms]
      [Ref Proc: 1.3 ms]
      [Ref Enq: 0.0 ms]
      [Redirty Cards: 0.1 ms]
      [Humongous Register: 0.1 ms]
      [Humongous Reclaim: 0.0 ms]
      [Free CSet: 0.0 ms]
   [Eden: 3072.0K(117.0M)->0.0B(121.0M) Survivors: 2048.0K->3072.0K Heap: 246.3M(486.0M)->244.1M(492.0M)]
 [Times: user=0.01 sys=0.00, real=0.01 secs] 
2021-01-18T19:18:06.151+0500: [GC concurrent-root-region-scan-start]
2021-01-18T19:18:06.151+0500: [GC concurrent-root-region-scan-end, 0.0001765 secs]
2021-01-18T19:18:06.151+0500: [GC concurrent-mark-start]
2021-01-18T19:18:06.152+0500: [GC concurrent-mark-end, 0.0014339 secs]
2021-01-18T19:18:06.152+0500: [GC remark 2021-01-18T19:18:06.152+0500: [Finalize Marking, 0.0011609 secs] 2021-01-18T19:18:06.154+0500: [GC ref-proc, 0.0000547 secs] 2021-01-18T19:18:06.154+0500: [Unloading, 0.0006370 secs], 0.0027113 secs]
 [Times: user=0.01 sys=0.00, real=0.00 secs] 
2021-01-18T19:18:06.155+0500: [GC cleanup 248M->248M(492M), 0.0006318 secs]
 [Times: user=0.00 sys=0.00, real=0.00 secs] 
2021-01-18T19:18:06.201+0500: [GC pause (G1 Evacuation Pause) (young), 0.0075299 secs]
   [Parallel Time: 5.9 ms, GC Workers: 8]
      [GC Worker Start (ms): Min: 700.4, Avg: 700.5, Max: 700.8, Diff: 0.4]
      [Ext Root Scanning (ms): Min: 0.0, Avg: 0.1, Max: 0.2, Diff: 0.2, Sum: 0.8]
      [Update RS (ms): Min: 0.0, Avg: 0.3, Max: 1.1, Diff: 1.1, Sum: 2.2]
         [Processed Buffers: Min: 0, Avg: 2.2, Max: 4, Diff: 4, Sum: 18]
      [Scan RS (ms): Min: 0.0, Avg: 0.0, Max: 0.0, Diff: 0.0, Sum: 0.1]
      [Code Root Scanning (ms): Min: 0.0, Avg: 0.0, Max: 0.0, Diff: 0.0, Sum: 0.0]
      [Object Copy (ms): Min: 3.7, Avg: 4.4, Max: 5.2, Diff: 1.5, Sum: 35.4]
      [Termination (ms): Min: 0.0, Avg: 0.9, Max: 1.5, Diff: 1.5, Sum: 7.1]
         [Termination Attempts: Min: 1, Avg: 1.2, Max: 3, Diff: 2, Sum: 10]
      [GC Worker Other (ms): Min: 0.0, Avg: 0.0, Max: 0.0, Diff: 0.0, Sum: 0.1]
      [GC Worker Total (ms): Min: 5.3, Avg: 5.7, Max: 5.9, Diff: 0.6, Sum: 45.6]
      [GC Worker End (ms): Min: 706.1, Avg: 706.2, Max: 706.2, Diff: 0.2]
   [Code Root Fixup: 0.0 ms]
   [Code Root Purge: 0.0 ms]
   [Clear CT: 0.1 ms]
   [Other: 1.5 ms]
      [Choose CSet: 0.0 ms]
      [Ref Proc: 0.9 ms]
      [Ref Enq: 0.0 ms]
      [Redirty Cards: 0.1 ms]
      [Humongous Register: 0.1 ms]
      [Humongous Reclaim: 0.0 ms]
      [Free CSet: 0.1 ms]
   [Eden: 121.0M(121.0M)->0.0B(8192.0K) Survivors: 3072.0K->16.0M Heap: 396.0M(492.0M)->288.7M(496.0M)]
 [Times: user=0.04 sys=0.00, real=0.00 secs] 
2021-01-18T19:18:06.214+0500: [GC pause (G1 Evacuation Pause) (mixed), 0.0064756 secs]
   [Parallel Time: 4.9 ms, GC Workers: 8]
      [GC Worker Start (ms): Min: 713.0, Avg: 713.1, Max: 713.6, Diff: 0.7]
      [Ext Root Scanning (ms): Min: 0.0, Avg: 0.2, Max: 0.3, Diff: 0.3, Sum: 1.2]
      [Update RS (ms): Min: 0.0, Avg: 0.2, Max: 0.2, Diff: 0.2, Sum: 1.3]
         [Processed Buffers: Min: 0, Avg: 2.6, Max: 4, Diff: 4, Sum: 21]
      [Scan RS (ms): Min: 0.0, Avg: 0.1, Max: 0.3, Diff: 0.3, Sum: 0.5]
      [Code Root Scanning (ms): Min: 0.0, Avg: 0.0, Max: 0.0, Diff: 0.0, Sum: 0.0]
      [Object Copy (ms): Min: 3.3, Avg: 3.6, Max: 4.1, Diff: 0.8, Sum: 29.1]
      [Termination (ms): Min: 0.0, Avg: 0.6, Max: 0.9, Diff: 0.9, Sum: 5.0]
         [Termination Attempts: Min: 1, Avg: 1.1, Max: 2, Diff: 1, Sum: 9]
      [GC Worker Other (ms): Min: 0.0, Avg: 0.0, Max: 0.0, Diff: 0.0, Sum: 0.1]
      [GC Worker Total (ms): Min: 4.1, Avg: 4.7, Max: 4.8, Diff: 0.7, Sum: 37.2]
      [GC Worker End (ms): Min: 717.7, Avg: 717.7, Max: 717.8, Diff: 0.1]
   [Code Root Fixup: 0.0 ms]
   [Code Root Purge: 0.0 ms]
   [Clear CT: 0.1 ms]
   [Other: 1.4 ms]
      [Choose CSet: 0.0 ms]
      [Ref Proc: 0.9 ms]
      [Ref Enq: 0.0 ms]
      [Redirty Cards: 0.1 ms]
      [Humongous Register: 0.1 ms]
      [Humongous Reclaim: 0.0 ms]
      [Free CSet: 0.0 ms]
   [Eden: 8192.0K(8192.0K)->0.0B(102.0M) Survivors: 16.0M->3072.0K Heap: 298.2M(496.0M)->272.4M(500.0M)]
 [Times: user=0.03 sys=0.01, real=0.01 secs] 
2021-01-18T19:18:06.224+0500: [GC pause (G1 Humongous Allocation) (young) (initial-mark), 0.0017529 secs]
   [Parallel Time: 1.0 ms, GC Workers: 8]
      [GC Worker Start (ms): Min: 723.3, Avg: 723.3, Max: 723.4, Diff: 0.1]
      [Ext Root Scanning (ms): Min: 0.1, Avg: 0.1, Max: 0.2, Diff: 0.1, Sum: 1.1]
      [Update RS (ms): Min: 0.0, Avg: 0.1, Max: 0.2, Diff: 0.2, Sum: 0.7]
         [Processed Buffers: Min: 1, Avg: 1.1, Max: 2, Diff: 1, Sum: 9]
      [Scan RS (ms): Min: 0.0, Avg: 0.0, Max: 0.0, Diff: 0.0, Sum: 0.0]
      [Code Root Scanning (ms): Min: 0.0, Avg: 0.0, Max: 0.0, Diff: 0.0, Sum: 0.0]
      [Object Copy (ms): Min: 0.1, Avg: 0.2, Max: 0.5, Diff: 0.4, Sum: 2.0]
      [Termination (ms): Min: 0.0, Avg: 0.4, Max: 0.5, Diff: 0.5, Sum: 3.3]
         [Termination Attempts: Min: 1, Avg: 1.0, Max: 1, Diff: 0, Sum: 8]
      [GC Worker Other (ms): Min: 0.0, Avg: 0.0, Max: 0.0, Diff: 0.0, Sum: 0.1]
      [GC Worker Total (ms): Min: 0.7, Avg: 0.9, Max: 1.0, Diff: 0.3, Sum: 7.1]
      [GC Worker End (ms): Min: 724.0, Avg: 724.2, Max: 724.3, Diff: 0.2]
   [Code Root Fixup: 0.0 ms]
   [Code Root Purge: 0.0 ms]
   [Clear CT: 0.1 ms]
   [Other: 0.6 ms]
      [Choose CSet: 0.0 ms]
      [Ref Proc: 0.2 ms]
      [Ref Enq: 0.0 ms]
      [Redirty Cards: 0.1 ms]
      [Humongous Register: 0.1 ms]
      [Humongous Reclaim: 0.0 ms]
      [Free CSet: 0.0 ms]
   [Eden: 5120.0K(102.0M)->0.0B(108.0M) Survivors: 3072.0K->4096.0K Heap: 276.8M(500.0M)->273.5M(503.0M)]
 [Times: user=0.01 sys=0.00, real=0.00 secs] 
2021-01-18T19:18:06.226+0500: [GC concurrent-root-region-scan-start]
2021-01-18T19:18:06.226+0500: [GC concurrent-root-region-scan-end, 0.0001986 secs]
2021-01-18T19:18:06.226+0500: [GC concurrent-mark-start]
2021-01-18T19:18:06.227+0500: [GC concurrent-mark-end, 0.0011170 secs]
2021-01-18T19:18:06.227+0500: [GC remark 2021-01-18T19:18:06.227+0500: [Finalize Marking, 0.0001885 secs] 2021-01-18T19:18:06.228+0500: [GC ref-proc, 0.0000505 secs] 2021-01-18T19:18:06.228+0500: [Unloading, 0.0004134 secs], 0.0013003 secs]
 [Times: user=0.01 sys=0.00, real=0.00 secs] 
2021-01-18T19:18:06.229+0500: [GC cleanup 275M->275M(503M), 0.0006882 secs]
 [Times: user=0.00 sys=0.00, real=0.00 secs] 
2021-01-18T19:18:06.257+0500: [GC pause (G1 Evacuation Pause) (young), 0.0087696 secs]
   [Parallel Time: 6.5 ms, GC Workers: 8]
      [GC Worker Start (ms): Min: 755.9, Avg: 756.0, Max: 756.2, Diff: 0.3]
      [Ext Root Scanning (ms): Min: 0.0, Avg: 0.1, Max: 0.2, Diff: 0.2, Sum: 0.5]
      [Update RS (ms): Min: 0.2, Avg: 0.3, Max: 0.4, Diff: 0.2, Sum: 2.6]
         [Processed Buffers: Min: 1, Avg: 3.6, Max: 5, Diff: 4, Sum: 29]
      [Scan RS (ms): Min: 0.0, Avg: 0.0, Max: 0.0, Diff: 0.0, Sum: 0.1]
      [Code Root Scanning (ms): Min: 0.0, Avg: 0.0, Max: 0.0, Diff: 0.0, Sum: 0.0]
      [Object Copy (ms): Min: 3.9, Avg: 4.4, Max: 5.7, Diff: 1.8, Sum: 35.1]
      [Termination (ms): Min: 0.0, Avg: 1.4, Max: 1.9, Diff: 1.9, Sum: 11.4]
         [Termination Attempts: Min: 1, Avg: 1.0, Max: 1, Diff: 0, Sum: 8]
      [GC Worker Other (ms): Min: 0.0, Avg: 0.0, Max: 0.0, Diff: 0.0, Sum: 0.1]
      [GC Worker Total (ms): Min: 6.1, Avg: 6.2, Max: 6.3, Diff: 0.3, Sum: 49.7]
      [GC Worker End (ms): Min: 762.1, Avg: 762.3, Max: 762.3, Diff: 0.2]
   [Code Root Fixup: 0.0 ms]
   [Code Root Purge: 0.0 ms]
   [Clear CT: 0.1 ms]
   [Other: 2.2 ms]
      [Choose CSet: 0.0 ms]
      [Ref Proc: 1.7 ms]
      [Ref Enq: 0.0 ms]
      [Redirty Cards: 0.1 ms]
      [Humongous Register: 0.1 ms]
      [Humongous Reclaim: 0.0 ms]
      [Free CSet: 0.0 ms]
   [Eden: 108.0M(108.0M)->0.0B(11.0M) Survivors: 4096.0K->14.0M Heap: 403.6M(503.0M)->310.0M(505.0M)]
 [Times: user=0.04 sys=0.01, real=0.01 secs] 
2021-01-18T19:18:06.271+0500: [GC pause (G1 Evacuation Pause) (mixed), 0.0094403 secs]
   [Parallel Time: 8.0 ms, GC Workers: 8]
      [GC Worker Start (ms): Min: 770.7, Avg: 773.3, Max: 778.2, Diff: 7.5]
      [Ext Root Scanning (ms): Min: 0.0, Avg: 0.1, Max: 0.3, Diff: 0.3, Sum: 0.4]
      [Update RS (ms): Min: 0.0, Avg: 0.3, Max: 0.6, Diff: 0.6, Sum: 2.3]
         [Processed Buffers: Min: 0, Avg: 2.5, Max: 7, Diff: 7, Sum: 20]
      [Scan RS (ms): Min: 0.0, Avg: 0.0, Max: 0.1, Diff: 0.1, Sum: 0.3]
      [Code Root Scanning (ms): Min: 0.0, Avg: 0.0, Max: 0.0, Diff: 0.0, Sum: 0.0]
      [Object Copy (ms): Min: 0.0, Avg: 3.4, Max: 6.1, Diff: 6.1, Sum: 27.1]
      [Termination (ms): Min: 0.0, Avg: 1.3, Max: 1.9, Diff: 1.9, Sum: 10.0]
         [Termination Attempts: Min: 1, Avg: 1.0, Max: 1, Diff: 0, Sum: 8]
      [GC Worker Other (ms): Min: 0.0, Avg: 0.0, Max: 0.0, Diff: 0.0, Sum: 0.1]
      [GC Worker Total (ms): Min: 0.0, Avg: 5.0, Max: 7.6, Diff: 7.5, Sum: 40.3]
      [GC Worker End (ms): Min: 778.2, Avg: 778.3, Max: 778.5, Diff: 0.2]
   [Code Root Fixup: 0.0 ms]
   [Code Root Purge: 0.0 ms]
   [Clear CT: 0.1 ms]
   [Other: 1.3 ms]
      [Choose CSet: 0.0 ms]
      [Ref Proc: 0.8 ms]
      [Ref Enq: 0.0 ms]
      [Redirty Cards: 0.1 ms]
      [Humongous Register: 0.1 ms]
      [Humongous Reclaim: 0.0 ms]
      [Free CSet: 0.0 ms]
   [Eden: 11.0M(11.0M)->0.0B(90.0M) Survivors: 14.0M->4096.0K Heap: 327.4M(505.0M)->296.8M(507.0M)]
 [Times: user=0.03 sys=0.00, real=0.01 secs] 
2021-01-18T19:18:06.283+0500: [GC pause (G1 Humongous Allocation) (young) (initial-mark), 0.0030972 secs]
   [Parallel Time: 1.5 ms, GC Workers: 8]
      [GC Worker Start (ms): Min: 782.1, Avg: 782.2, Max: 782.3, Diff: 0.2]
      [Ext Root Scanning (ms): Min: 0.0, Avg: 0.3, Max: 1.1, Diff: 1.1, Sum: 2.2]
      [Update RS (ms): Min: 0.0, Avg: 0.1, Max: 0.2, Diff: 0.2, Sum: 0.6]
         [Processed Buffers: Min: 0, Avg: 0.9, Max: 2, Diff: 2, Sum: 7]
      [Scan RS (ms): Min: 0.0, Avg: 0.0, Max: 0.0, Diff: 0.0, Sum: 0.0]
      [Code Root Scanning (ms): Min: 0.0, Avg: 0.0, Max: 0.0, Diff: 0.0, Sum: 0.0]
      [Object Copy (ms): Min: 0.0, Avg: 0.2, Max: 0.3, Diff: 0.3, Sum: 1.6]
      [Termination (ms): Min: 0.0, Avg: 0.7, Max: 0.9, Diff: 0.9, Sum: 5.3]
         [Termination Attempts: Min: 1, Avg: 1.0, Max: 1, Diff: 0, Sum: 8]
      [GC Worker Other (ms): Min: 0.0, Avg: 0.0, Max: 0.0, Diff: 0.0, Sum: 0.1]
      [GC Worker Total (ms): Min: 1.1, Avg: 1.2, Max: 1.4, Diff: 0.3, Sum: 9.7]
      [GC Worker End (ms): Min: 783.3, Avg: 783.4, Max: 783.6, Diff: 0.2]
   [Code Root Fixup: 0.0 ms]
   [Code Root Purge: 0.0 ms]
   [Clear CT: 0.1 ms]
   [Other: 1.5 ms]
      [Choose CSet: 0.0 ms]
      [Ref Proc: 1.1 ms]
      [Ref Enq: 0.0 ms]
      [Redirty Cards: 0.1 ms]
      [Humongous Register: 0.1 ms]
      [Humongous Reclaim: 0.0 ms]
      [Free CSet: 0.0 ms]
   [Eden: 4096.0K(90.0M)->0.0B(96.0M) Survivors: 4096.0K->4096.0K Heap: 300.1M(507.0M)->296.7M(508.0M)]
 [Times: user=0.01 sys=0.00, real=0.00 secs] 
2021-01-18T19:18:06.286+0500: [GC concurrent-root-region-scan-start]
2021-01-18T19:18:06.286+0500: [GC concurrent-root-region-scan-end, 0.0002102 secs]
2021-01-18T19:18:06.286+0500: [GC concurrent-mark-start]
2021-01-18T19:18:06.288+0500: [GC concurrent-mark-end, 0.0016094 secs]
2021-01-18T19:18:06.288+0500: [GC remark 2021-01-18T19:18:06.288+0500: [Finalize Marking, 0.0008665 secs] 2021-01-18T19:18:06.289+0500: [GC ref-proc, 0.0000464 secs] 2021-01-18T19:18:06.289+0500: [Unloading, 0.0005143 secs], 0.0024718 secs]
 [Times: user=0.02 sys=0.00, real=0.01 secs] 
2021-01-18T19:18:06.291+0500: [GC cleanup 300M->300M(508M), 0.0017814 secs]
 [Times: user=0.00 sys=0.00, real=0.00 secs] 
2021-01-18T19:18:06.321+0500: [GC pause (G1 Evacuation Pause) (young), 0.0045867 secs]
   [Parallel Time: 3.9 ms, GC Workers: 8]
      [GC Worker Start (ms): Min: 820.1, Avg: 820.1, Max: 820.2, Diff: 0.1]
      [Ext Root Scanning (ms): Min: 0.1, Avg: 0.1, Max: 0.2, Diff: 0.1, Sum: 1.0]
      [Update RS (ms): Min: 0.2, Avg: 0.3, Max: 0.3, Diff: 0.1, Sum: 2.2]
         [Processed Buffers: Min: 0, Avg: 3.4, Max: 4, Diff: 4, Sum: 27]
      [Scan RS (ms): Min: 0.0, Avg: 0.0, Max: 0.0, Diff: 0.0, Sum: 0.1]
      [Code Root Scanning (ms): Min: 0.0, Avg: 0.0, Max: 0.0, Diff: 0.0, Sum: 0.0]
      [Object Copy (ms): Min: 2.9, Avg: 3.0, Max: 3.3, Diff: 0.5, Sum: 23.8]
      [Termination (ms): Min: 0.0, Avg: 0.4, Max: 0.5, Diff: 0.5, Sum: 3.1]
         [Termination Attempts: Min: 1, Avg: 1.8, Max: 3, Diff: 2, Sum: 14]
      [GC Worker Other (ms): Min: 0.0, Avg: 0.0, Max: 0.0, Diff: 0.0, Sum: 0.1]
      [GC Worker Total (ms): Min: 3.7, Avg: 3.8, Max: 3.8, Diff: 0.1, Sum: 30.2]
      [GC Worker End (ms): Min: 823.8, Avg: 823.9, Max: 823.9, Diff: 0.1]
   [Code Root Fixup: 0.0 ms]
   [Code Root Purge: 0.0 ms]
   [Clear CT: 0.1 ms]
   [Other: 0.6 ms]
      [Choose CSet: 0.0 ms]
      [Ref Proc: 0.2 ms]
      [Ref Enq: 0.0 ms]
      [Redirty Cards: 0.1 ms]
      [Humongous Register: 0.1 ms]
      [Humongous Reclaim: 0.0 ms]
      [Free CSet: 0.0 ms]
   [Eden: 96.0M(96.0M)->0.0B(12.0M) Survivors: 4096.0K->13.0M Heap: 418.3M(508.0M)->330.1M(509.0M)]
 [Times: user=0.02 sys=0.01, real=0.00 secs] 
2021-01-18T19:18:06.329+0500: [GC pause (G1 Evacuation Pause) (mixed), 0.0092952 secs]
   [Parallel Time: 7.2 ms, GC Workers: 8]
      [GC Worker Start (ms): Min: 828.1, Avg: 828.1, Max: 828.2, Diff: 0.1]
      [Ext Root Scanning (ms): Min: 0.1, Avg: 0.1, Max: 0.2, Diff: 0.1, Sum: 1.1]
      [Update RS (ms): Min: 0.2, Avg: 0.2, Max: 0.2, Diff: 0.0, Sum: 1.7]
         [Processed Buffers: Min: 2, Avg: 3.1, Max: 4, Diff: 2, Sum: 25]
      [Scan RS (ms): Min: 0.0, Avg: 0.0, Max: 0.1, Diff: 0.1, Sum: 0.3]
      [Code Root Scanning (ms): Min: 0.0, Avg: 0.0, Max: 0.0, Diff: 0.0, Sum: 0.0]
      [Object Copy (ms): Min: 5.0, Avg: 5.5, Max: 6.3, Diff: 1.2, Sum: 43.9]
      [Termination (ms): Min: 0.0, Avg: 1.1, Max: 1.6, Diff: 1.6, Sum: 8.4]
         [Termination Attempts: Min: 1, Avg: 1.0, Max: 1, Diff: 0, Sum: 8]
      [GC Worker Other (ms): Min: 0.0, Avg: 0.0, Max: 0.0, Diff: 0.0, Sum: 0.1]
      [GC Worker Total (ms): Min: 6.7, Avg: 6.9, Max: 7.1, Diff: 0.4, Sum: 55.6]
      [GC Worker End (ms): Min: 834.8, Avg: 835.1, Max: 835.2, Diff: 0.4]
   [Code Root Fixup: 0.0 ms]
   [Code Root Purge: 0.0 ms]
   [Clear CT: 0.1 ms]
   [Other: 1.9 ms]
      [Choose CSet: 0.0 ms]
      [Ref Proc: 1.4 ms]
      [Ref Enq: 0.0 ms]
      [Redirty Cards: 0.2 ms]
      [Humongous Register: 0.1 ms]
      [Humongous Reclaim: 0.0 ms]
      [Free CSet: 0.1 ms]
   [Eden: 12.0M(12.0M)->0.0B(83.0M) Survivors: 13.0M->4096.0K Heap: 344.1M(509.0M)->307.7M(510.0M)]
 [Times: user=0.03 sys=0.00, real=0.01 secs] 
2021-01-18T19:18:06.340+0500: [GC pause (G1 Humongous Allocation) (young) (initial-mark), 0.0025132 secs]
   [Parallel Time: 1.7 ms, GC Workers: 8]
      [GC Worker Start (ms): Min: 839.0, Avg: 839.1, Max: 839.3, Diff: 0.3]
      [Ext Root Scanning (ms): Min: 0.0, Avg: 0.2, Max: 0.4, Diff: 0.4, Sum: 1.9]
      [Update RS (ms): Min: 0.0, Avg: 0.2, Max: 1.3, Diff: 1.3, Sum: 2.0]
         [Processed Buffers: Min: 1, Avg: 1.1, Max: 2, Diff: 1, Sum: 9]
      [Scan RS (ms): Min: 0.0, Avg: 0.0, Max: 0.0, Diff: 0.0, Sum: 0.0]
      [Code Root Scanning (ms): Min: 0.0, Avg: 0.0, Max: 0.0, Diff: 0.0, Sum: 0.0]
      [Object Copy (ms): Min: 0.0, Avg: 0.4, Max: 0.5, Diff: 0.5, Sum: 2.8]
      [Termination (ms): Min: 0.0, Avg: 0.7, Max: 0.8, Diff: 0.8, Sum: 5.3]
         [Termination Attempts: Min: 1, Avg: 1.1, Max: 2, Diff: 1, Sum: 9]
      [GC Worker Other (ms): Min: 0.0, Avg: 0.0, Max: 0.0, Diff: 0.0, Sum: 0.1]
      [GC Worker Total (ms): Min: 1.3, Avg: 1.5, Max: 1.6, Diff: 0.3, Sum: 12.2]
      [GC Worker End (ms): Min: 840.6, Avg: 840.6, Max: 840.7, Diff: 0.0]
   [Code Root Fixup: 0.0 ms]
   [Code Root Purge: 0.0 ms]
   [Clear CT: 0.1 ms]
   [Other: 0.6 ms]
      [Choose CSet: 0.0 ms]
      [Ref Proc: 0.2 ms]
      [Ref Enq: 0.0 ms]
      [Redirty Cards: 0.1 ms]
      [Humongous Register: 0.1 ms]
      [Humongous Reclaim: 0.0 ms]
      [Free CSet: 0.0 ms]
   [Eden: 4096.0K(83.0M)->0.0B(85.0M) Survivors: 4096.0K->5120.0K Heap: 311.4M(510.0M)->307.6M(511.0M)]
 [Times: user=0.01 sys=0.00, real=0.00 secs] 
2021-01-18T19:18:06.342+0500: [GC concurrent-root-region-scan-start]
2021-01-18T19:18:06.343+0500: [GC concurrent-root-region-scan-end, 0.0001921 secs]
2021-01-18T19:18:06.343+0500: [GC concurrent-mark-start]
2021-01-18T19:18:06.345+0500: [GC concurrent-mark-end, 0.0020339 secs]
2021-01-18T19:18:06.345+0500: [GC remark 2021-01-18T19:18:06.345+0500: [Finalize Marking, 0.0008906 secs] 2021-01-18T19:18:06.346+0500: [GC ref-proc, 0.0000481 secs] 2021-01-18T19:18:06.346+0500: [Unloading, 0.0005224 secs], 0.0023136 secs]
 [Times: user=0.01 sys=0.00, real=0.00 secs] 
2021-01-18T19:18:06.347+0500: [GC cleanup 313M->313M(511M), 0.0007087 secs]
 [Times: user=0.00 sys=0.00, real=0.00 secs] 
2021-01-18T19:18:06.367+0500: [GC pause (G1 Evacuation Pause) (young), 0.0063623 secs]
   [Parallel Time: 4.7 ms, GC Workers: 8]
      [GC Worker Start (ms): Min: 866.6, Avg: 866.6, Max: 866.6, Diff: 0.1]
      [Ext Root Scanning (ms): Min: 0.1, Avg: 0.1, Max: 0.2, Diff: 0.1, Sum: 1.0]
      [Update RS (ms): Min: 0.3, Avg: 0.4, Max: 0.9, Diff: 0.6, Sum: 3.3]
         [Processed Buffers: Min: 1, Avg: 3.0, Max: 5, Diff: 4, Sum: 24]
      [Scan RS (ms): Min: 0.0, Avg: 0.0, Max: 0.0, Diff: 0.0, Sum: 0.1]
      [Code Root Scanning (ms): Min: 0.0, Avg: 0.0, Max: 0.0, Diff: 0.0, Sum: 0.0]
      [Object Copy (ms): Min: 2.3, Avg: 3.2, Max: 3.9, Diff: 1.6, Sum: 25.2]
      [Termination (ms): Min: 0.0, Avg: 0.7, Max: 1.2, Diff: 1.2, Sum: 5.9]
         [Termination Attempts: Min: 1, Avg: 1.8, Max: 3, Diff: 2, Sum: 14]
      [GC Worker Other (ms): Min: 0.0, Avg: 0.0, Max: 0.0, Diff: 0.0, Sum: 0.1]
      [GC Worker Total (ms): Min: 4.3, Avg: 4.4, Max: 4.6, Diff: 0.3, Sum: 35.6]
      [GC Worker End (ms): Min: 871.0, Avg: 871.1, Max: 871.2, Diff: 0.2]
   [Code Root Fixup: 0.0 ms]
   [Code Root Purge: 0.0 ms]
   [Clear CT: 0.1 ms]
   [Other: 1.6 ms]
      [Choose CSet: 0.0 ms]
      [Ref Proc: 1.1 ms]
      [Ref Enq: 0.0 ms]
      [Redirty Cards: 0.1 ms]
      [Humongous Register: 0.1 ms]
      [Humongous Reclaim: 0.0 ms]
      [Free CSet: 0.0 ms]
   [Eden: 85.0M(85.0M)->0.0B(13.0M) Survivors: 5120.0K->12.0M Heap: 411.9M(511.0M)->339.1M(512.0M)]
 [Times: user=0.03 sys=0.00, real=0.01 secs] 
2021-01-18T19:18:06.377+0500: [GC pause (G1 Evacuation Pause) (mixed), 0.0052934 secs]
   [Parallel Time: 4.4 ms, GC Workers: 8]
      [GC Worker Start (ms): Min: 876.2, Avg: 876.3, Max: 876.3, Diff: 0.1]
      [Ext Root Scanning (ms): Min: 0.1, Avg: 0.1, Max: 0.2, Diff: 0.1, Sum: 1.0]
      [Update RS (ms): Min: 0.4, Avg: 0.4, Max: 0.8, Diff: 0.4, Sum: 3.6]
         [Processed Buffers: Min: 1, Avg: 4.0, Max: 5, Diff: 4, Sum: 32]
      [Scan RS (ms): Min: 0.0, Avg: 0.0, Max: 0.1, Diff: 0.1, Sum: 0.3]
      [Code Root Scanning (ms): Min: 0.0, Avg: 0.0, Max: 0.0, Diff: 0.0, Sum: 0.0]
      [Object Copy (ms): Min: 3.3, Avg: 3.6, Max: 3.7, Diff: 0.4, Sum: 29.0]
      [Termination (ms): Min: 0.0, Avg: 0.1, Max: 0.1, Diff: 0.1, Sum: 0.6]
         [Termination Attempts: Min: 1, Avg: 1.1, Max: 2, Diff: 1, Sum: 9]
      [GC Worker Other (ms): Min: 0.0, Avg: 0.0, Max: 0.0, Diff: 0.0, Sum: 0.1]
      [GC Worker Total (ms): Min: 4.3, Avg: 4.3, Max: 4.4, Diff: 0.1, Sum: 34.6]
      [GC Worker End (ms): Min: 880.6, Avg: 880.6, Max: 880.6, Diff: 0.1]
   [Code Root Fixup: 0.0 ms]
   [Code Root Purge: 0.0 ms]
   [Clear CT: 0.2 ms]
   [Other: 0.6 ms]
      [Choose CSet: 0.0 ms]
      [Ref Proc: 0.3 ms]
      [Ref Enq: 0.0 ms]
      [Redirty Cards: 0.1 ms]
      [Humongous Register: 0.1 ms]
      [Humongous Reclaim: 0.0 ms]
      [Free CSet: 0.1 ms]
   [Eden: 13.0M(13.0M)->0.0B(71.0M) Survivors: 12.0M->4096.0K Heap: 356.5M(512.0M)->320.7M(512.0M)]
 [Times: user=0.03 sys=0.00, real=0.01 secs] 
2021-01-18T19:18:06.383+0500: [GC pause (G1 Humongous Allocation) (young) (initial-mark), 0.0045165 secs]
   [Parallel Time: 0.7 ms, GC Workers: 8]
      [GC Worker Start (ms): Min: 882.1, Avg: 882.1, Max: 882.1, Diff: 0.1]
      [Ext Root Scanning (ms): Min: 0.1, Avg: 0.1, Max: 0.2, Diff: 0.1, Sum: 1.1]
      [Update RS (ms): Min: 0.0, Avg: 0.1, Max: 0.4, Diff: 0.4, Sum: 0.9]
         [Processed Buffers: Min: 1, Avg: 1.1, Max: 2, Diff: 1, Sum: 9]
      [Scan RS (ms): Min: 0.0, Avg: 0.0, Max: 0.0, Diff: 0.0, Sum: 0.0]
      [Code Root Scanning (ms): Min: 0.0, Avg: 0.0, Max: 0.0, Diff: 0.0, Sum: 0.0]
      [Object Copy (ms): Min: 0.0, Avg: 0.3, Max: 0.4, Diff: 0.4, Sum: 2.2]
      [Termination (ms): Min: 0.0, Avg: 0.1, Max: 0.1, Diff: 0.1, Sum: 0.6]
         [Termination Attempts: Min: 1, Avg: 1.0, Max: 1, Diff: 0, Sum: 8]
      [GC Worker Other (ms): Min: 0.0, Avg: 0.0, Max: 0.0, Diff: 0.0, Sum: 0.1]
      [GC Worker Total (ms): Min: 0.6, Avg: 0.6, Max: 0.6, Diff: 0.1, Sum: 4.8]
      [GC Worker End (ms): Min: 882.7, Avg: 882.7, Max: 882.7, Diff: 0.0]
   [Code Root Fixup: 0.0 ms]
   [Code Root Purge: 0.0 ms]
   [Clear CT: 2.6 ms]
   [Other: 1.2 ms]
      [Choose CSet: 0.0 ms]
      [Ref Proc: 0.6 ms]
      [Ref Enq: 0.0 ms]
      [Redirty Cards: 0.3 ms]
      [Humongous Register: 0.1 ms]
      [Humongous Reclaim: 0.0 ms]
      [Free CSet: 0.0 ms]
   [Eden: 3072.0K(71.0M)->0.0B(74.0M) Survivors: 4096.0K->5120.0K Heap: 323.1M(512.0M)->321.5M(512.0M)]
 [Times: user=0.01 sys=0.00, real=0.00 secs] 
2021-01-18T19:18:06.388+0500: [GC concurrent-root-region-scan-start]
2021-01-18T19:18:06.388+0500: [GC concurrent-root-region-scan-end, 0.0003725 secs]
2021-01-18T19:18:06.388+0500: [GC concurrent-mark-start]
2021-01-18T19:18:06.392+0500: [GC concurrent-mark-end, 0.0036002 secs]
2021-01-18T19:18:06.393+0500: [GC remark 2021-01-18T19:18:06.393+0500: [Finalize Marking, 0.0019656 secs] 2021-01-18T19:18:06.395+0500: [GC ref-proc, 0.0000544 secs] 2021-01-18T19:18:06.395+0500: [Unloading, 0.0005725 secs], 0.0037631 secs]
 [Times: user=0.01 sys=0.00, real=0.00 secs] 
2021-01-18T19:18:06.396+0500: [GC cleanup 336M->336M(512M), 0.0012315 secs]
 [Times: user=0.00 sys=0.00, real=0.00 secs] 
2021-01-18T19:18:06.414+0500: [GC pause (G1 Evacuation Pause) (young), 0.0067381 secs]
   [Parallel Time: 4.6 ms, GC Workers: 8]
      [GC Worker Start (ms): Min: 913.6, Avg: 913.7, Max: 913.8, Diff: 0.1]
      [Ext Root Scanning (ms): Min: 0.0, Avg: 0.1, Max: 0.2, Diff: 0.1, Sum: 0.8]
      [Update RS (ms): Min: 0.4, Avg: 0.4, Max: 0.4, Diff: 0.0, Sum: 3.4]
         [Processed Buffers: Min: 2, Avg: 4.8, Max: 6, Diff: 4, Sum: 38]
      [Scan RS (ms): Min: 0.0, Avg: 0.0, Max: 0.0, Diff: 0.0, Sum: 0.1]
      [Code Root Scanning (ms): Min: 0.0, Avg: 0.0, Max: 0.0, Diff: 0.0, Sum: 0.0]
      [Object Copy (ms): Min: 2.9, Avg: 3.2, Max: 3.8, Diff: 0.8, Sum: 25.7]
      [Termination (ms): Min: 0.0, Avg: 0.7, Max: 0.9, Diff: 0.9, Sum: 5.2]
         [Termination Attempts: Min: 1, Avg: 1.8, Max: 3, Diff: 2, Sum: 14]
      [GC Worker Other (ms): Min: 0.0, Avg: 0.0, Max: 0.0, Diff: 0.0, Sum: 0.1]
      [GC Worker Total (ms): Min: 4.3, Avg: 4.4, Max: 4.5, Diff: 0.2, Sum: 35.2]
      [GC Worker End (ms): Min: 918.0, Avg: 918.1, Max: 918.2, Diff: 0.1]
   [Code Root Fixup: 0.0 ms]
   [Code Root Purge: 0.0 ms]
   [Clear CT: 0.1 ms]
   [Other: 2.0 ms]
      [Choose CSet: 0.0 ms]
      [Ref Proc: 1.7 ms]
      [Ref Enq: 0.0 ms]
      [Redirty Cards: 0.1 ms]
      [Humongous Register: 0.1 ms]
      [Humongous Reclaim: 0.0 ms]
      [Free CSet: 0.0 ms]
   [Eden: 74.0M(74.0M)->0.0B(15.0M) Survivors: 5120.0K->10.0M Heap: 414.9M(512.0M)->345.5M(512.0M)]
 [Times: user=0.03 sys=0.01, real=0.01 secs] 
2021-01-18T19:18:06.426+0500: [GC pause (G1 Evacuation Pause) (mixed), 0.0054239 secs]
   [Parallel Time: 4.7 ms, GC Workers: 8]
      [GC Worker Start (ms): Min: 925.6, Avg: 925.7, Max: 925.7, Diff: 0.1]
      [Ext Root Scanning (ms): Min: 0.1, Avg: 0.1, Max: 0.2, Diff: 0.1, Sum: 1.0]
      [Update RS (ms): Min: 0.4, Avg: 0.4, Max: 0.5, Diff: 0.1, Sum: 3.2]
         [Processed Buffers: Min: 1, Avg: 3.8, Max: 5, Diff: 4, Sum: 30]
      [Scan RS (ms): Min: 0.0, Avg: 0.0, Max: 0.1, Diff: 0.1, Sum: 0.3]
      [Code Root Scanning (ms): Min: 0.0, Avg: 0.0, Max: 0.0, Diff: 0.0, Sum: 0.0]
      [Object Copy (ms): Min: 3.7, Avg: 3.8, Max: 3.9, Diff: 0.2, Sum: 30.1]
      [Termination (ms): Min: 0.0, Avg: 0.2, Max: 0.3, Diff: 0.3, Sum: 1.4]
         [Termination Attempts: Min: 1, Avg: 1.0, Max: 1, Diff: 0, Sum: 8]
      [GC Worker Other (ms): Min: 0.0, Avg: 0.0, Max: 0.0, Diff: 0.0, Sum: 0.1]
      [GC Worker Total (ms): Min: 4.4, Avg: 4.5, Max: 4.6, Diff: 0.2, Sum: 36.1]
      [GC Worker End (ms): Min: 930.1, Avg: 930.2, Max: 930.3, Diff: 0.1]
   [Code Root Fixup: 0.0 ms]
   [Code Root Purge: 0.0 ms]
   [Clear CT: 0.1 ms]
   [Other: 0.6 ms]
      [Choose CSet: 0.0 ms]
      [Ref Proc: 0.2 ms]
      [Ref Enq: 0.0 ms]
      [Redirty Cards: 0.1 ms]
      [Humongous Register: 0.1 ms]
      [Humongous Reclaim: 0.0 ms]
      [Free CSet: 0.1 ms]
   [Eden: 15.0M(15.0M)->0.0B(65.0M) Survivors: 10.0M->4096.0K Heap: 365.6M(512.0M)->327.7M(512.0M)]
 [Times: user=0.03 sys=0.00, real=0.01 secs] 
2021-01-18T19:18:06.432+0500: [GC pause (G1 Humongous Allocation) (young) (initial-mark), 0.0037419 secs]
   [Parallel Time: 1.8 ms, GC Workers: 8]
      [GC Worker Start (ms): Min: 931.4, Avg: 931.5, Max: 931.7, Diff: 0.2]
      [Ext Root Scanning (ms): Min: 0.0, Avg: 0.2, Max: 0.3, Diff: 0.3, Sum: 1.5]
      [Update RS (ms): Min: 0.0, Avg: 0.1, Max: 0.3, Diff: 0.3, Sum: 1.1]
         [Processed Buffers: Min: 1, Avg: 1.1, Max: 2, Diff: 1, Sum: 9]
      [Scan RS (ms): Min: 0.0, Avg: 0.0, Max: 0.0, Diff: 0.0, Sum: 0.0]
      [Code Root Scanning (ms): Min: 0.0, Avg: 0.0, Max: 0.0, Diff: 0.0, Sum: 0.0]
      [Object Copy (ms): Min: 0.2, Avg: 0.6, Max: 1.2, Diff: 1.1, Sum: 4.7]
      [Termination (ms): Min: 0.0, Avg: 0.6, Max: 0.9, Diff: 0.9, Sum: 4.9]
         [Termination Attempts: Min: 1, Avg: 1.0, Max: 1, Diff: 0, Sum: 8]
      [GC Worker Other (ms): Min: 0.0, Avg: 0.0, Max: 0.0, Diff: 0.0, Sum: 0.1]
      [GC Worker Total (ms): Min: 1.3, Avg: 1.5, Max: 1.7, Diff: 0.4, Sum: 12.3]
      [GC Worker End (ms): Min: 933.0, Avg: 933.0, Max: 933.2, Diff: 0.2]
   [Code Root Fixup: 0.0 ms]
   [Code Root Purge: 0.0 ms]
   [Clear CT: 0.2 ms]
   [Other: 1.7 ms]
      [Choose CSet: 0.0 ms]
      [Ref Proc: 1.3 ms]
      [Ref Enq: 0.0 ms]
      [Redirty Cards: 0.1 ms]
      [Humongous Register: 0.1 ms]
      [Humongous Reclaim: 0.1 ms]
      [Free CSet: 0.0 ms]
   [Eden: 1024.0K(65.0M)->0.0B(69.0M) Survivors: 4096.0K->4096.0K Heap: 328.5M(512.0M)->327.7M(512.0M)]
 [Times: user=0.01 sys=0.00, real=0.00 secs] 
2021-01-18T19:18:06.436+0500: [GC concurrent-root-region-scan-start]
2021-01-18T19:18:06.436+0500: [GC concurrent-root-region-scan-end, 0.0002675 secs]
2021-01-18T19:18:06.436+0500: [GC concurrent-mark-start]
2021-01-18T19:18:06.439+0500: [GC concurrent-mark-end, 0.0024466 secs]
2021-01-18T19:18:06.439+0500: [GC remark 2021-01-18T19:18:06.439+0500: [Finalize Marking, 0.0008794 secs] 2021-01-18T19:18:06.440+0500: [GC ref-proc, 0.0000489 secs] 2021-01-18T19:18:06.440+0500: [Unloading, 0.0004614 secs], 0.0023127 secs]
 [Times: user=0.01 sys=0.00, real=0.01 secs] 
2021-01-18T19:18:06.441+0500: [GC cleanup 335M->335M(512M), 0.0007391 secs]
 [Times: user=0.00 sys=0.00, real=0.00 secs] 
2021-01-18T19:18:06.455+0500: [GC pause (G1 Evacuation Pause) (young), 0.0059645 secs]
   [Parallel Time: 4.4 ms, GC Workers: 8]
      [GC Worker Start (ms): Min: 954.5, Avg: 954.8, Max: 955.4, Diff: 0.9]
      [Ext Root Scanning (ms): Min: 0.0, Avg: 0.1, Max: 0.2, Diff: 0.2, Sum: 0.9]
      [Update RS (ms): Min: 0.0, Avg: 0.5, Max: 0.7, Diff: 0.7, Sum: 4.3]
         [Processed Buffers: Min: 0, Avg: 5.4, Max: 9, Diff: 9, Sum: 43]
      [Scan RS (ms): Min: 0.0, Avg: 0.0, Max: 0.0, Diff: 0.0, Sum: 0.1]
      [Code Root Scanning (ms): Min: 0.0, Avg: 0.0, Max: 0.0, Diff: 0.0, Sum: 0.0]
      [Object Copy (ms): Min: 2.5, Avg: 2.9, Max: 3.4, Diff: 0.9, Sum: 22.9]
      [Termination (ms): Min: 0.0, Avg: 0.6, Max: 0.9, Diff: 0.9, Sum: 4.7]
         [Termination Attempts: Min: 1, Avg: 1.0, Max: 1, Diff: 0, Sum: 8]
      [GC Worker Other (ms): Min: 0.0, Avg: 0.0, Max: 0.0, Diff: 0.0, Sum: 0.1]
      [GC Worker Total (ms): Min: 3.5, Avg: 4.1, Max: 4.4, Diff: 0.9, Sum: 32.9]
      [GC Worker End (ms): Min: 958.8, Avg: 958.9, Max: 958.9, Diff: 0.2]
   [Code Root Fixup: 0.0 ms]
   [Code Root Purge: 0.0 ms]
   [Clear CT: 0.1 ms]
   [Other: 1.4 ms]
      [Choose CSet: 0.0 ms]
      [Ref Proc: 1.0 ms]
      [Ref Enq: 0.0 ms]
      [Redirty Cards: 0.1 ms]
      [Humongous Register: 0.1 ms]
      [Humongous Reclaim: 0.0 ms]
      [Free CSet: 0.1 ms]
   [Eden: 69.0M(69.0M)->0.0B(15.0M) Survivors: 4096.0K->10.0M Heap: 415.0M(512.0M)->356.5M(512.0M)]
 [Times: user=0.02 sys=0.00, real=0.01 secs] 
2021-01-18T19:18:06.464+0500: [GC pause (G1 Evacuation Pause) (mixed), 0.0057104 secs]
   [Parallel Time: 4.2 ms, GC Workers: 8]
      [GC Worker Start (ms): Min: 963.8, Avg: 964.0, Max: 964.5, Diff: 0.6]
      [Ext Root Scanning (ms): Min: 0.0, Avg: 0.1, Max: 0.2, Diff: 0.2, Sum: 0.9]
      [Update RS (ms): Min: 0.0, Avg: 0.3, Max: 0.5, Diff: 0.5, Sum: 2.8]
         [Processed Buffers: Min: 0, Avg: 3.8, Max: 5, Diff: 5, Sum: 30]
      [Scan RS (ms): Min: 0.0, Avg: 0.1, Max: 0.1, Diff: 0.1, Sum: 0.4]
      [Code Root Scanning (ms): Min: 0.0, Avg: 0.0, Max: 0.0, Diff: 0.0, Sum: 0.0]
      [Object Copy (ms): Min: 3.3, Avg: 3.3, Max: 3.4, Diff: 0.1, Sum: 26.7]
      [Termination (ms): Min: 0.0, Avg: 0.1, Max: 0.1, Diff: 0.1, Sum: 0.7]
         [Termination Attempts: Min: 1, Avg: 1.2, Max: 2, Diff: 1, Sum: 10]
      [GC Worker Other (ms): Min: 0.0, Avg: 0.0, Max: 0.0, Diff: 0.0, Sum: 0.1]
      [GC Worker Total (ms): Min: 3.4, Avg: 4.0, Max: 4.1, Diff: 0.7, Sum: 31.6]
      [GC Worker End (ms): Min: 967.9, Avg: 967.9, Max: 968.0, Diff: 0.1]
   [Code Root Fixup: 0.0 ms]
   [Code Root Purge: 0.0 ms]
   [Clear CT: 0.1 ms]
   [Other: 1.4 ms]
      [Choose CSet: 0.0 ms]
      [Ref Proc: 1.0 ms]
      [Ref Enq: 0.0 ms]
      [Redirty Cards: 0.1 ms]
      [Humongous Register: 0.1 ms]
      [Humongous Reclaim: 0.0 ms]
      [Free CSet: 0.0 ms]
   [Eden: 15.0M(15.0M)->0.0B(52.0M) Survivors: 10.0M->4096.0K Heap: 374.2M(512.0M)->341.7M(512.0M)]
 [Times: user=0.02 sys=0.01, real=0.01 secs] 
2021-01-18T19:18:06.471+0500: [GC pause (G1 Humongous Allocation) (young) (initial-mark), 0.0021115 secs]
   [Parallel Time: 1.5 ms, GC Workers: 8]
      [GC Worker Start (ms): Min: 970.3, Avg: 970.4, Max: 970.5, Diff: 0.2]
      [Ext Root Scanning (ms): Min: 0.0, Avg: 0.1, Max: 0.2, Diff: 0.2, Sum: 1.1]
      [Update RS (ms): Min: 0.0, Avg: 0.1, Max: 0.4, Diff: 0.4, Sum: 1.0]
         [Processed Buffers: Min: 1, Avg: 1.1, Max: 2, Diff: 1, Sum: 9]
      [Scan RS (ms): Min: 0.0, Avg: 0.0, Max: 0.0, Diff: 0.0, Sum: 0.0]
      [Code Root Scanning (ms): Min: 0.0, Avg: 0.0, Max: 0.0, Diff: 0.0, Sum: 0.0]
      [Object Copy (ms): Min: 0.0, Avg: 0.4, Max: 1.1, Diff: 1.1, Sum: 2.9]
      [Termination (ms): Min: 0.0, Avg: 0.7, Max: 0.8, Diff: 0.8, Sum: 5.5]
         [Termination Attempts: Min: 1, Avg: 1.0, Max: 1, Diff: 0, Sum: 8]
      [GC Worker Other (ms): Min: 0.0, Avg: 0.0, Max: 0.0, Diff: 0.0, Sum: 0.1]
      [GC Worker Total (ms): Min: 1.2, Avg: 1.3, Max: 1.4, Diff: 0.2, Sum: 10.6]
      [GC Worker End (ms): Min: 971.7, Avg: 971.7, Max: 971.8, Diff: 0.1]
   [Code Root Fixup: 0.0 ms]
   [Code Root Purge: 0.0 ms]
   [Clear CT: 0.1 ms]
   [Other: 0.5 ms]
      [Choose CSet: 0.0 ms]
      [Ref Proc: 0.2 ms]
      [Ref Enq: 0.0 ms]
      [Redirty Cards: 0.1 ms]
      [Humongous Register: 0.1 ms]
      [Humongous Reclaim: 0.0 ms]
      [Free CSet: 0.0 ms]
   [Eden: 2048.0K(52.0M)->0.0B(49.0M) Survivors: 4096.0K->5120.0K Heap: 343.2M(512.0M)->340.8M(512.0M)]
 [Times: user=0.01 sys=0.00, real=0.00 secs] 
2021-01-18T19:18:06.473+0500: [GC concurrent-root-region-scan-start]
2021-01-18T19:18:06.473+0500: [GC concurrent-root-region-scan-end, 0.0001405 secs]
2021-01-18T19:18:06.474+0500: [GC concurrent-mark-start]
2021-01-18T19:18:06.475+0500: [GC concurrent-mark-end, 0.0013055 secs]
2021-01-18T19:18:06.475+0500: [GC remark 2021-01-18T19:18:06.475+0500: [Finalize Marking, 0.0003508 secs] 2021-01-18T19:18:06.475+0500: [GC ref-proc, 0.0000582 secs] 2021-01-18T19:18:06.475+0500: [Unloading, 0.0004559 secs], 0.0016841 secs]
 [Times: user=0.01 sys=0.00, real=0.00 secs] 
2021-01-18T19:18:06.477+0500: [GC cleanup 352M->352M(512M), 0.0007205 secs]
 [Times: user=0.00 sys=0.00, real=0.00 secs] 
2021-01-18T19:18:06.492+0500: [GC pause (G1 Evacuation Pause) (young), 0.0032056 secs]
   [Parallel Time: 2.4 ms, GC Workers: 8]
      [GC Worker Start (ms): Min: 991.1, Avg: 991.1, Max: 991.1, Diff: 0.1]
      [Ext Root Scanning (ms): Min: 0.1, Avg: 0.1, Max: 0.2, Diff: 0.1, Sum: 1.1]
      [Update RS (ms): Min: 0.4, Avg: 0.6, Max: 1.6, Diff: 1.2, Sum: 5.0]
         [Processed Buffers: Min: 1, Avg: 4.4, Max: 5, Diff: 4, Sum: 35]
      [Scan RS (ms): Min: 0.0, Avg: 0.0, Max: 0.0, Diff: 0.0, Sum: 0.1]
      [Code Root Scanning (ms): Min: 0.0, Avg: 0.0, Max: 0.0, Diff: 0.0, Sum: 0.0]
      [Object Copy (ms): Min: 0.5, Avg: 1.5, Max: 1.7, Diff: 1.2, Sum: 11.9]
      [Termination (ms): Min: 0.0, Avg: 0.0, Max: 0.1, Diff: 0.1, Sum: 0.3]
         [Termination Attempts: Min: 1, Avg: 1.8, Max: 3, Diff: 2, Sum: 14]
      [GC Worker Other (ms): Min: 0.0, Avg: 0.0, Max: 0.0, Diff: 0.0, Sum: 0.1]
      [GC Worker Total (ms): Min: 2.2, Avg: 2.3, Max: 2.3, Diff: 0.1, Sum: 18.4]
      [GC Worker End (ms): Min: 993.4, Avg: 993.4, Max: 993.4, Diff: 0.1]
   [Code Root Fixup: 0.0 ms]
   [Code Root Purge: 0.0 ms]
   [Clear CT: 0.1 ms]
   [Other: 0.7 ms]
      [Choose CSet: 0.0 ms]
      [Ref Proc: 0.3 ms]
      [Ref Enq: 0.0 ms]
      [Redirty Cards: 0.1 ms]
      [Humongous Register: 0.1 ms]
      [Humongous Reclaim: 0.0 ms]
      [Free CSet: 0.0 ms]
   [Eden: 49.0M(49.0M)->0.0B(18.0M) Survivors: 5120.0K->7168.0K Heap: 405.0M(512.0M)->358.0M(512.0M)]
 [Times: user=0.02 sys=0.00, real=0.00 secs] 
2021-01-18T19:18:06.499+0500: [GC pause (G1 Evacuation Pause) (mixed), 0.0068474 secs]
   [Parallel Time: 5.5 ms, GC Workers: 8]
      [GC Worker Start (ms): Min: 998.1, Avg: 998.2, Max: 998.5, Diff: 0.4]
      [Ext Root Scanning (ms): Min: 0.0, Avg: 0.2, Max: 0.3, Diff: 0.3, Sum: 1.2]
      [Update RS (ms): Min: 0.4, Avg: 0.6, Max: 0.7, Diff: 0.3, Sum: 4.5]
         [Processed Buffers: Min: 4, Avg: 6.4, Max: 8, Diff: 4, Sum: 51]
      [Scan RS (ms): Min: 0.0, Avg: 0.0, Max: 0.1, Diff: 0.1, Sum: 0.2]
      [Code Root Scanning (ms): Min: 0.0, Avg: 0.0, Max: 0.0, Diff: 0.0, Sum: 0.0]
      [Object Copy (ms): Min: 3.6, Avg: 3.8, Max: 4.5, Diff: 1.0, Sum: 30.5]
      [Termination (ms): Min: 0.0, Avg: 0.8, Max: 1.0, Diff: 1.0, Sum: 6.2]
         [Termination Attempts: Min: 1, Avg: 1.0, Max: 1, Diff: 0, Sum: 8]
      [GC Worker Other (ms): Min: 0.0, Avg: 0.0, Max: 0.0, Diff: 0.0, Sum: 0.1]
      [GC Worker Total (ms): Min: 5.1, Avg: 5.3, Max: 5.5, Diff: 0.4, Sum: 42.7]
      [GC Worker End (ms): Min: 1003.5, Avg: 1003.5, Max: 1003.6, Diff: 0.1]
   [Code Root Fixup: 0.0 ms]
   [Code Root Purge: 0.0 ms]
   [Clear CT: 0.1 ms]
   [Other: 1.2 ms]
      [Choose CSet: 0.0 ms]
      [Ref Proc: 0.9 ms]
      [Ref Enq: 0.0 ms]
      [Redirty Cards: 0.1 ms]
      [Humongous Register: 0.1 ms]
      [Humongous Reclaim: 0.0 ms]
      [Free CSet: 0.0 ms]
   [Eden: 18.0M(18.0M)->0.0B(43.0M) Survivors: 7168.0K->4096.0K Heap: 381.1M(512.0M)->348.2M(512.0M)]
 [Times: user=0.03 sys=0.00, real=0.01 secs] 
2021-01-18T19:18:06.506+0500: [GC pause (G1 Humongous Allocation) (young) (initial-mark), 0.0014742 secs]
   [Parallel Time: 0.9 ms, GC Workers: 8]
      [GC Worker Start (ms): Min: 1005.7, Avg: 1005.8, Max: 1005.8, Diff: 0.1]
      [Ext Root Scanning (ms): Min: 0.1, Avg: 0.2, Max: 0.6, Diff: 0.5, Sum: 1.9]
      [Update RS (ms): Min: 0.0, Avg: 0.1, Max: 0.4, Diff: 0.4, Sum: 0.9]
         [Processed Buffers: Min: 0, Avg: 1.2, Max: 3, Diff: 3, Sum: 10]
      [Scan RS (ms): Min: 0.0, Avg: 0.0, Max: 0.0, Diff: 0.0, Sum: 0.0]
      [Code Root Scanning (ms): Min: 0.0, Avg: 0.0, Max: 0.0, Diff: 0.0, Sum: 0.0]
      [Object Copy (ms): Min: 0.0, Avg: 0.3, Max: 0.4, Diff: 0.4, Sum: 2.1]
      [Termination (ms): Min: 0.0, Avg: 0.1, Max: 0.1, Diff: 0.1, Sum: 0.7]
         [Termination Attempts: Min: 1, Avg: 1.0, Max: 1, Diff: 0, Sum: 8]
      [GC Worker Other (ms): Min: 0.0, Avg: 0.0, Max: 0.0, Diff: 0.0, Sum: 0.1]
      [GC Worker Total (ms): Min: 0.7, Avg: 0.7, Max: 0.8, Diff: 0.1, Sum: 5.6]
      [GC Worker End (ms): Min: 1006.4, Avg: 1006.5, Max: 1006.5, Diff: 0.1]
   [Code Root Fixup: 0.0 ms]
   [Code Root Purge: 0.0 ms]
   [Clear CT: 0.1 ms]
   [Other: 0.5 ms]
      [Choose CSet: 0.0 ms]
      [Ref Proc: 0.2 ms]
      [Ref Enq: 0.0 ms]
      [Redirty Cards: 0.1 ms]
      [Humongous Register: 0.1 ms]
      [Humongous Reclaim: 0.0 ms]
      [Free CSet: 0.0 ms]
   [Eden: 3072.0K(43.0M)->0.0B(43.0M) Survivors: 4096.0K->1024.0K Heap: 350.4M(512.0M)->348.5M(512.0M)]
 [Times: user=0.00 sys=0.00, real=0.00 secs] 
2021-01-18T19:18:06.508+0500: [GC concurrent-root-region-scan-start]
2021-01-18T19:18:06.508+0500: [GC concurrent-root-region-scan-end, 0.0000592 secs]
2021-01-18T19:18:06.508+0500: [GC concurrent-mark-start]
2021-01-18T19:18:06.509+0500: [GC concurrent-mark-end, 0.0013407 secs]
2021-01-18T19:18:06.510+0500: [GC remark 2021-01-18T19:18:06.510+0500: [Finalize Marking, 0.0003518 secs] 2021-01-18T19:18:06.510+0500: [GC ref-proc, 0.0000491 secs] 2021-01-18T19:18:06.510+0500: [Unloading, 0.0004506 secs], 0.0016603 secs]
 [Times: user=0.01 sys=0.00, real=0.00 secs] 
2021-01-18T19:18:06.511+0500: [GC cleanup 355M->355M(512M), 0.0008299 secs]
 [Times: user=0.00 sys=0.00, real=0.00 secs] 
2021-01-18T19:18:06.521+0500: [GC pause (G1 Evacuation Pause) (young), 0.0031718 secs]
   [Parallel Time: 2.3 ms, GC Workers: 8]
      [GC Worker Start (ms): Min: 1020.3, Avg: 1020.4, Max: 1020.4, Diff: 0.1]
      [Ext Root Scanning (ms): Min: 0.1, Avg: 0.1, Max: 0.2, Diff: 0.1, Sum: 1.0]
      [Update RS (ms): Min: 0.6, Avg: 0.6, Max: 0.6, Diff: 0.0, Sum: 5.1]
         [Processed Buffers: Min: 4, Avg: 6.9, Max: 9, Diff: 5, Sum: 55]
      [Scan RS (ms): Min: 0.0, Avg: 0.0, Max: 0.0, Diff: 0.0, Sum: 0.0]
      [Code Root Scanning (ms): Min: 0.0, Avg: 0.0, Max: 0.0, Diff: 0.0, Sum: 0.0]
      [Object Copy (ms): Min: 1.1, Avg: 1.1, Max: 1.3, Diff: 0.2, Sum: 9.2]
      [Termination (ms): Min: 0.0, Avg: 0.2, Max: 0.3, Diff: 0.3, Sum: 1.4]
         [Termination Attempts: Min: 1, Avg: 1.6, Max: 2, Diff: 1, Sum: 13]
      [GC Worker Other (ms): Min: 0.0, Avg: 0.0, Max: 0.0, Diff: 0.0, Sum: 0.1]
      [GC Worker Total (ms): Min: 2.0, Avg: 2.1, Max: 2.2, Diff: 0.2, Sum: 16.8]
      [GC Worker End (ms): Min: 1022.4, Avg: 1022.5, Max: 1022.6, Diff: 0.1]
   [Code Root Fixup: 0.0 ms]
   [Code Root Purge: 0.0 ms]
   [Clear CT: 0.2 ms]
   [Other: 0.7 ms]
      [Choose CSet: 0.0 ms]
      [Ref Proc: 0.3 ms]
      [Ref Enq: 0.0 ms]
      [Redirty Cards: 0.2 ms]
      [Humongous Register: 0.1 ms]
      [Humongous Reclaim: 0.0 ms]
      [Free CSet: 0.0 ms]
   [Eden: 43.0M(43.0M)->0.0B(19.0M) Survivors: 1024.0K->6144.0K Heap: 400.2M(512.0M)->362.2M(512.0M)]
 [Times: user=0.02 sys=0.01, real=0.00 secs] 
2021-01-18T19:18:06.531+0500: [GC pause (G1 Evacuation Pause) (mixed), 0.0081661 secs]
   [Parallel Time: 6.5 ms, GC Workers: 8]
      [GC Worker Start (ms): Min: 1030.8, Avg: 1030.9, Max: 1031.1, Diff: 0.3]
      [Ext Root Scanning (ms): Min: 0.0, Avg: 0.1, Max: 0.2, Diff: 0.2, Sum: 1.0]
      [Update RS (ms): Min: 0.7, Avg: 1.1, Max: 2.2, Diff: 1.4, Sum: 8.9]
         [Processed Buffers: Min: 1, Avg: 7.8, Max: 10, Diff: 9, Sum: 62]
      [Scan RS (ms): Min: 0.0, Avg: 0.1, Max: 0.4, Diff: 0.4, Sum: 0.6]
      [Code Root Scanning (ms): Min: 0.0, Avg: 0.0, Max: 0.0, Diff: 0.0, Sum: 0.0]
      [Object Copy (ms): Min: 2.7, Avg: 4.0, Max: 4.9, Diff: 2.2, Sum: 32.0]
      [Termination (ms): Min: 0.0, Avg: 0.8, Max: 1.2, Diff: 1.2, Sum: 6.0]
         [Termination Attempts: Min: 1, Avg: 1.2, Max: 3, Diff: 2, Sum: 10]
      [GC Worker Other (ms): Min: 0.0, Avg: 0.0, Max: 0.0, Diff: 0.0, Sum: 0.1]
      [GC Worker Total (ms): Min: 5.7, Avg: 6.1, Max: 6.4, Diff: 0.7, Sum: 48.7]
      [GC Worker End (ms): Min: 1036.8, Avg: 1037.0, Max: 1037.2, Diff: 0.4]
   [Code Root Fixup: 0.0 ms]
   [Code Root Purge: 0.0 ms]
   [Clear CT: 0.2 ms]
   [Other: 1.5 ms]
      [Choose CSet: 0.0 ms]
      [Ref Proc: 0.9 ms]
      [Ref Enq: 0.0 ms]
      [Redirty Cards: 0.1 ms]
      [Humongous Register: 0.2 ms]
      [Humongous Reclaim: 0.0 ms]
      [Free CSet: 0.1 ms]
   [Eden: 19.0M(19.0M)->0.0B(44.0M) Survivors: 6144.0K->4096.0K Heap: 387.8M(512.0M)->347.3M(512.0M)]
 [Times: user=0.03 sys=0.00, real=0.01 secs] 
2021-01-18T19:18:06.541+0500: [GC pause (G1 Humongous Allocation) (young) (initial-mark), 0.0015768 secs]
   [Parallel Time: 0.8 ms, GC Workers: 8]
      [GC Worker Start (ms): Min: 1040.2, Avg: 1040.3, Max: 1040.3, Diff: 0.1]
      [Ext Root Scanning (ms): Min: 0.1, Avg: 0.1, Max: 0.2, Diff: 0.1, Sum: 1.1]
      [Update RS (ms): Min: 0.0, Avg: 0.1, Max: 0.2, Diff: 0.2, Sum: 0.6]
         [Processed Buffers: Min: 1, Avg: 1.1, Max: 2, Diff: 1, Sum: 9]
      [Scan RS (ms): Min: 0.0, Avg: 0.0, Max: 0.0, Diff: 0.0, Sum: 0.0]
      [Code Root Scanning (ms): Min: 0.0, Avg: 0.0, Max: 0.0, Diff: 0.0, Sum: 0.0]
      [Object Copy (ms): Min: 0.3, Avg: 0.5, Max: 0.5, Diff: 0.2, Sum: 3.7]
      [Termination (ms): Min: 0.0, Avg: 0.0, Max: 0.1, Diff: 0.1, Sum: 0.3]
         [Termination Attempts: Min: 1, Avg: 1.0, Max: 1, Diff: 0, Sum: 8]
      [GC Worker Other (ms): Min: 0.0, Avg: 0.0, Max: 0.0, Diff: 0.0, Sum: 0.1]
      [GC Worker Total (ms): Min: 0.7, Avg: 0.7, Max: 0.8, Diff: 0.1, Sum: 5.9]
      [GC Worker End (ms): Min: 1041.0, Avg: 1041.0, Max: 1041.0, Diff: 0.0]
   [Code Root Fixup: 0.0 ms]
   [Code Root Purge: 0.0 ms]
   [Clear CT: 0.1 ms]
   [Other: 0.6 ms]
      [Choose CSet: 0.0 ms]
      [Ref Proc: 0.3 ms]
      [Ref Enq: 0.0 ms]
      [Redirty Cards: 0.1 ms]
      [Humongous Register: 0.1 ms]
      [Humongous Reclaim: 0.0 ms]
      [Free CSet: 0.0 ms]
   [Eden: 6144.0K(44.0M)->0.0B(40.0M) Survivors: 4096.0K->3072.0K Heap: 353.2M(512.0M)->348.3M(512.0M)]
 [Times: user=0.01 sys=0.00, real=0.00 secs] 
2021-01-18T19:18:06.543+0500: [GC concurrent-root-region-scan-start]
2021-01-18T19:18:06.543+0500: [GC concurrent-root-region-scan-end, 0.0001335 secs]
2021-01-18T19:18:06.543+0500: [GC concurrent-mark-start]
2021-01-18T19:18:06.544+0500: [GC concurrent-mark-end, 0.0012706 secs]
2021-01-18T19:18:06.544+0500: [GC remark 2021-01-18T19:18:06.544+0500: [Finalize Marking, 0.0002214 secs] 2021-01-18T19:18:06.544+0500: [GC ref-proc, 0.0000477 secs] 2021-01-18T19:18:06.545+0500: [Unloading, 0.0004626 secs], 0.0015303 secs]
 [Times: user=0.01 sys=0.00, real=0.00 secs] 
2021-01-18T19:18:06.546+0500: [GC cleanup 358M->358M(512M), 0.0006358 secs]
 [Times: user=0.00 sys=0.00, real=0.00 secs] 
2021-01-18T19:18:06.553+0500: [GC pause (G1 Evacuation Pause) (young), 0.0043240 secs]
   [Parallel Time: 3.1 ms, GC Workers: 8]
      [GC Worker Start (ms): Min: 1052.6, Avg: 1052.7, Max: 1052.7, Diff: 0.1]
      [Ext Root Scanning (ms): Min: 0.1, Avg: 0.1, Max: 0.2, Diff: 0.1, Sum: 1.1]
      [Update RS (ms): Min: 0.7, Avg: 0.7, Max: 0.8, Diff: 0.1, Sum: 5.7]
         [Processed Buffers: Min: 8, Avg: 8.6, Max: 9, Diff: 1, Sum: 69]
      [Scan RS (ms): Min: 0.0, Avg: 0.0, Max: 0.0, Diff: 0.0, Sum: 0.0]
      [Code Root Scanning (ms): Min: 0.0, Avg: 0.0, Max: 0.0, Diff: 0.0, Sum: 0.0]
      [Object Copy (ms): Min: 1.4, Avg: 1.5, Max: 2.1, Diff: 0.7, Sum: 11.9]
      [Termination (ms): Min: 0.0, Avg: 0.6, Max: 0.7, Diff: 0.7, Sum: 4.8]
         [Termination Attempts: Min: 1, Avg: 1.0, Max: 1, Diff: 0, Sum: 8]
      [GC Worker Other (ms): Min: 0.0, Avg: 0.0, Max: 0.0, Diff: 0.0, Sum: 0.1]
      [GC Worker Total (ms): Min: 2.9, Avg: 2.9, Max: 3.0, Diff: 0.1, Sum: 23.6]
      [GC Worker End (ms): Min: 1055.6, Avg: 1055.6, Max: 1055.7, Diff: 0.0]
   [Code Root Fixup: 0.0 ms]
   [Code Root Purge: 0.0 ms]
   [Clear CT: 0.1 ms]
   [Other: 1.1 ms]
      [Choose CSet: 0.0 ms]
      [Ref Proc: 0.8 ms]
      [Ref Enq: 0.0 ms]
      [Redirty Cards: 0.1 ms]
      [Humongous Register: 0.1 ms]
      [Humongous Reclaim: 0.0 ms]
      [Free CSet: 0.0 ms]
   [Eden: 40.0M(40.0M)->0.0B(19.0M) Survivors: 3072.0K->6144.0K Heap: 395.7M(512.0M)->361.0M(512.0M)]
 [Times: user=0.02 sys=0.00, real=0.00 secs] 
2021-01-18T19:18:06.562+0500: [GC pause (G1 Evacuation Pause) (mixed), 0.0047011 secs]
   [Parallel Time: 4.0 ms, GC Workers: 8]
      [GC Worker Start (ms): Min: 1061.6, Avg: 1061.7, Max: 1061.7, Diff: 0.1]
      [Ext Root Scanning (ms): Min: 0.1, Avg: 0.1, Max: 0.2, Diff: 0.1, Sum: 1.1]
      [Update RS (ms): Min: 0.4, Avg: 0.5, Max: 0.5, Diff: 0.1, Sum: 3.8]
         [Processed Buffers: Min: 5, Avg: 5.6, Max: 6, Diff: 1, Sum: 45]
      [Scan RS (ms): Min: 0.0, Avg: 0.0, Max: 0.1, Diff: 0.1, Sum: 0.4]
      [Code Root Scanning (ms): Min: 0.0, Avg: 0.0, Max: 0.0, Diff: 0.0, Sum: 0.0]
      [Object Copy (ms): Min: 3.1, Avg: 3.1, Max: 3.2, Diff: 0.1, Sum: 25.0]
      [Termination (ms): Min: 0.0, Avg: 0.0, Max: 0.1, Diff: 0.1, Sum: 0.3]
         [Termination Attempts: Min: 1, Avg: 1.0, Max: 1, Diff: 0, Sum: 8]
      [GC Worker Other (ms): Min: 0.0, Avg: 0.0, Max: 0.0, Diff: 0.0, Sum: 0.1]
      [GC Worker Total (ms): Min: 3.8, Avg: 3.8, Max: 3.9, Diff: 0.1, Sum: 30.7]
      [GC Worker End (ms): Min: 1065.5, Avg: 1065.5, Max: 1065.5, Diff: 0.0]
   [Code Root Fixup: 0.0 ms]
   [Code Root Purge: 0.0 ms]
   [Clear CT: 0.2 ms]
   [Other: 0.5 ms]
      [Choose CSet: 0.0 ms]
      [Ref Proc: 0.2 ms]
      [Ref Enq: 0.0 ms]
      [Redirty Cards: 0.1 ms]
      [Humongous Register: 0.1 ms]
      [Humongous Reclaim: 0.1 ms]
      [Free CSet: 0.0 ms]
   [Eden: 19.0M(19.0M)->0.0B(37.0M) Survivors: 6144.0K->4096.0K Heap: 384.4M(512.0M)->353.9M(512.0M)]
 [Times: user=0.03 sys=0.00, real=0.00 secs] 
2021-01-18T19:18:06.569+0500: [GC pause (G1 Humongous Allocation) (young) (initial-mark), 0.0020067 secs]
   [Parallel Time: 1.2 ms, GC Workers: 8]
      [GC Worker Start (ms): Min: 1068.3, Avg: 1068.4, Max: 1068.5, Diff: 0.2]
      [Ext Root Scanning (ms): Min: 0.0, Avg: 0.2, Max: 0.3, Diff: 0.3, Sum: 1.5]
      [Update RS (ms): Min: 0.1, Avg: 0.2, Max: 0.3, Diff: 0.3, Sum: 1.3]
         [Processed Buffers: Min: 1, Avg: 1.1, Max: 2, Diff: 1, Sum: 9]
      [Scan RS (ms): Min: 0.0, Avg: 0.0, Max: 0.0, Diff: 0.0, Sum: 0.0]
      [Code Root Scanning (ms): Min: 0.0, Avg: 0.0, Max: 0.0, Diff: 0.0, Sum: 0.0]
      [Object Copy (ms): Min: 0.4, Avg: 0.5, Max: 0.6, Diff: 0.2, Sum: 3.9]
      [Termination (ms): Min: 0.0, Avg: 0.2, Max: 0.3, Diff: 0.3, Sum: 1.5]
         [Termination Attempts: Min: 1, Avg: 1.0, Max: 1, Diff: 0, Sum: 8]
      [GC Worker Other (ms): Min: 0.0, Avg: 0.0, Max: 0.0, Diff: 0.0, Sum: 0.1]
      [GC Worker Total (ms): Min: 0.9, Avg: 1.0, Max: 1.1, Diff: 0.2, Sum: 8.2]
      [GC Worker End (ms): Min: 1069.3, Avg: 1069.4, Max: 1069.4, Diff: 0.1]
   [Code Root Fixup: 0.0 ms]
   [Code Root Purge: 0.0 ms]
   [Clear CT: 0.1 ms]
   [Other: 0.7 ms]
      [Choose CSet: 0.0 ms]
      [Ref Proc: 0.3 ms]
      [Ref Enq: 0.0 ms]
      [Redirty Cards: 0.2 ms]
      [Humongous Register: 0.1 ms]
      [Humongous Reclaim: 0.0 ms]
      [Free CSet: 0.0 ms]
   [Eden: 8192.0K(37.0M)->0.0B(39.0M) Survivors: 4096.0K->3072.0K Heap: 361.8M(512.0M)->354.9M(512.0M)]
 [Times: user=0.01 sys=0.00, real=0.01 secs] 
2021-01-18T19:18:06.571+0500: [GC concurrent-root-region-scan-start]
2021-01-18T19:18:06.571+0500: [GC concurrent-root-region-scan-end, 0.0001441 secs]
2021-01-18T19:18:06.571+0500: [GC concurrent-mark-start]
2021-01-18T19:18:06.573+0500: [GC concurrent-mark-end, 0.0013575 secs]
2021-01-18T19:18:06.573+0500: [GC remark 2021-01-18T19:18:06.573+0500: [Finalize Marking, 0.0003651 secs] 2021-01-18T19:18:06.573+0500: [GC ref-proc, 0.0000478 secs] 2021-01-18T19:18:06.573+0500: [Unloading, 0.0004215 secs], 0.0017119 secs]
 [Times: user=0.01 sys=0.01, real=0.00 secs] 
2021-01-18T19:18:06.575+0500: [GC cleanup 364M->364M(512M), 0.0007416 secs]
 [Times: user=0.00 sys=0.00, real=0.00 secs] 
2021-01-18T19:18:06.585+0500: [GC pause (G1 Evacuation Pause) (young), 0.0035910 secs]
   [Parallel Time: 2.8 ms, GC Workers: 8]
      [GC Worker Start (ms): Min: 1083.9, Avg: 1084.0, Max: 1084.1, Diff: 0.2]
      [Ext Root Scanning (ms): Min: 0.0, Avg: 0.1, Max: 0.2, Diff: 0.2, Sum: 0.8]
      [Update RS (ms): Min: 1.0, Avg: 1.1, Max: 1.4, Diff: 0.4, Sum: 8.5]
         [Processed Buffers: Min: 0, Avg: 8.5, Max: 13, Diff: 13, Sum: 68]
      [Scan RS (ms): Min: 0.0, Avg: 0.0, Max: 0.0, Diff: 0.0, Sum: 0.0]
      [Code Root Scanning (ms): Min: 0.0, Avg: 0.0, Max: 0.0, Diff: 0.0, Sum: 0.0]
      [Object Copy (ms): Min: 0.9, Avg: 1.2, Max: 1.4, Diff: 0.5, Sum: 10.0]
      [Termination (ms): Min: 0.0, Avg: 0.1, Max: 0.3, Diff: 0.3, Sum: 1.1]
         [Termination Attempts: Min: 1, Avg: 1.0, Max: 1, Diff: 0, Sum: 8]
      [GC Worker Other (ms): Min: 0.0, Avg: 0.0, Max: 0.1, Diff: 0.1, Sum: 0.1]
      [GC Worker Total (ms): Min: 2.4, Avg: 2.6, Max: 2.7, Diff: 0.2, Sum: 20.6]
      [GC Worker End (ms): Min: 1086.5, Avg: 1086.5, Max: 1086.6, Diff: 0.1]
   [Code Root Fixup: 0.0 ms]
   [Code Root Purge: 0.0 ms]
   [Clear CT: 0.1 ms]
   [Other: 0.7 ms]
      [Choose CSet: 0.0 ms]
      [Ref Proc: 0.3 ms]
      [Ref Enq: 0.0 ms]
      [Redirty Cards: 0.1 ms]
      [Humongous Register: 0.1 ms]
      [Humongous Reclaim: 0.0 ms]
      [Free CSet: 0.0 ms]
   [Eden: 39.0M(39.0M)->0.0B(19.0M) Survivors: 3072.0K->6144.0K Heap: 404.6M(512.0M)->367.1M(512.0M)]
 [Times: user=0.02 sys=0.00, real=0.00 secs] 
2021-01-18T19:18:06.593+0500: [GC pause (G1 Evacuation Pause) (mixed), 0.0047380 secs]
   [Parallel Time: 4.0 ms, GC Workers: 8]
      [GC Worker Start (ms): Min: 1091.9, Avg: 1092.0, Max: 1092.0, Diff: 0.1]
      [Ext Root Scanning (ms): Min: 0.1, Avg: 0.1, Max: 0.2, Diff: 0.1, Sum: 0.9]
      [Update RS (ms): Min: 0.7, Avg: 0.7, Max: 0.7, Diff: 0.0, Sum: 5.5]
         [Processed Buffers: Min: 5, Avg: 7.9, Max: 9, Diff: 4, Sum: 63]
      [Scan RS (ms): Min: 0.0, Avg: 0.0, Max: 0.1, Diff: 0.0, Sum: 0.3]
      [Code Root Scanning (ms): Min: 0.0, Avg: 0.0, Max: 0.0, Diff: 0.0, Sum: 0.0]
      [Object Copy (ms): Min: 2.8, Avg: 2.9, Max: 3.0, Diff: 0.2, Sum: 23.5]
      [Termination (ms): Min: 0.0, Avg: 0.1, Max: 0.2, Diff: 0.2, Sum: 0.8]
         [Termination Attempts: Min: 1, Avg: 1.1, Max: 2, Diff: 1, Sum: 9]
      [GC Worker Other (ms): Min: 0.0, Avg: 0.0, Max: 0.0, Diff: 0.0, Sum: 0.1]
      [GC Worker Total (ms): Min: 3.8, Avg: 3.9, Max: 4.0, Diff: 0.2, Sum: 31.0]
      [GC Worker End (ms): Min: 1095.8, Avg: 1095.9, Max: 1095.9, Diff: 0.1]
   [Code Root Fixup: 0.0 ms]
   [Code Root Purge: 0.0 ms]
   [Clear CT: 0.2 ms]
   [Other: 0.5 ms]
      [Choose CSet: 0.0 ms]
      [Ref Proc: 0.2 ms]
      [Ref Enq: 0.0 ms]
      [Redirty Cards: 0.1 ms]
      [Humongous Register: 0.1 ms]
      [Humongous Reclaim: 0.0 ms]
      [Free CSet: 0.0 ms]
   [Eden: 19.0M(19.0M)->0.0B(36.0M) Survivors: 6144.0K->4096.0K Heap: 396.0M(512.0M)->357.2M(512.0M)]
 [Times: user=0.03 sys=0.00, real=0.00 secs] 
2021-01-18T19:18:06.599+0500: [GC pause (G1 Humongous Allocation) (young) (initial-mark), 0.0019653 secs]
   [Parallel Time: 1.3 ms, GC Workers: 8]
      [GC Worker Start (ms): Min: 1098.5, Avg: 1098.6, Max: 1098.7, Diff: 0.2]
      [Ext Root Scanning (ms): Min: 0.0, Avg: 0.2, Max: 0.4, Diff: 0.4, Sum: 1.9]
      [Update RS (ms): Min: 0.0, Avg: 0.1, Max: 0.3, Diff: 0.3, Sum: 0.8]
         [Processed Buffers: Min: 0, Avg: 1.1, Max: 2, Diff: 2, Sum: 9]
      [Scan RS (ms): Min: 0.0, Avg: 0.0, Max: 0.0, Diff: 0.0, Sum: 0.0]
      [Code Root Scanning (ms): Min: 0.0, Avg: 0.0, Max: 0.0, Diff: 0.0, Sum: 0.0]
      [Object Copy (ms): Min: 0.2, Avg: 0.5, Max: 0.7, Diff: 0.4, Sum: 3.7]
      [Termination (ms): Min: 0.0, Avg: 0.2, Max: 0.3, Diff: 0.3, Sum: 1.8]
         [Termination Attempts: Min: 1, Avg: 1.0, Max: 1, Diff: 0, Sum: 8]
      [GC Worker Other (ms): Min: 0.0, Avg: 0.0, Max: 0.0, Diff: 0.0, Sum: 0.1]
      [GC Worker Total (ms): Min: 0.9, Avg: 1.0, Max: 1.2, Diff: 0.2, Sum: 8.3]
      [GC Worker End (ms): Min: 1099.5, Avg: 1099.6, Max: 1099.6, Diff: 0.1]
   [Code Root Fixup: 0.0 ms]
   [Code Root Purge: 0.0 ms]
   [Clear CT: 0.1 ms]
   [Other: 0.6 ms]
      [Choose CSet: 0.0 ms]
      [Ref Proc: 0.3 ms]
      [Ref Enq: 0.0 ms]
      [Redirty Cards: 0.1 ms]
      [Humongous Register: 0.1 ms]
      [Humongous Reclaim: 0.0 ms]
      [Free CSet: 0.0 ms]
   [Eden: 9216.0K(36.0M)->0.0B(34.0M) Survivors: 4096.0K->4096.0K Heap: 365.7M(512.0M)->359.0M(512.0M)]
 [Times: user=0.00 sys=0.00, real=0.01 secs] 
2021-01-18T19:18:06.601+0500: [GC concurrent-root-region-scan-start]
2021-01-18T19:18:06.602+0500: [GC concurrent-root-region-scan-end, 0.0001980 secs]
2021-01-18T19:18:06.602+0500: [GC concurrent-mark-start]
执行结束!共生成对象次数:7064
2021-01-18T19:18:06.603+0500: [GC concurrent-mark-end, 0.0015631 secs]
2021-01-18T19:18:06.603+0500: [GC remark 2021-01-18T19:18:06.603+0500: [Finalize Marking, 0.0001705 secs] 2021-01-18T19:18:06.603+0500: [GC ref-proc, 0.0000458 secs] 2021-01-18T19:18:06.603+0500: [Unloading, 0.0005051 secs], 0.0015217 secs]
 [Times: user=0.01 sys=0.00, real=0.00 secs] 
2021-01-18T19:18:06.605+0500: [GC cleanup 360M->360M(512M), 0.0006541 secs]
 [Times: user=0.00 sys=0.00, real=0.00 secs] 
Heap
 garbage-first heap   total 524288K, used 368158K [0x00000007a0000000, 0x00000007a0101000, 0x00000007c0000000)
  region size 1024K, 5 young (5120K), 4 survivors (4096K)
 Metaspace       used 2712K, capacity 4486K, committed 4864K, reserved 1056768K
  class space    used 295K, capacity 386K, committed 512K, reserved 1048576K


4.3 1g

4.4 2g

2021-01-21T12:22:38.529+0500: [GC pause (G1 Evacuation Pause) (young), 0.0038383 secs]
   [Parallel Time: 3.0 ms, GC Workers: 8]
      [GC Worker Start (ms): Min: 125.3, Avg: 125.4, Max: 125.6, Diff: 0.3]
      [Ext Root Scanning (ms): Min: 0.0, Avg: 0.1, Max: 0.3, Diff: 0.3, Sum: 1.1]
      [Update RS (ms): Min: 0.0, Avg: 0.0, Max: 0.0, Diff: 0.0, Sum: 0.0]
         [Processed Buffers: Min: 0, Avg: 0.0, Max: 0, Diff: 0, Sum: 0]
      [Scan RS (ms): Min: 0.0, Avg: 0.0, Max: 0.0, Diff: 0.0, Sum: 0.0]
      [Code Root Scanning (ms): Min: 0.0, Avg: 0.0, Max: 0.0, Diff: 0.0, Sum: 0.0]
      [Object Copy (ms): Min: 2.3, Avg: 2.4, Max: 2.5, Diff: 0.3, Sum: 19.0]
      [Termination (ms): Min: 0.0, Avg: 0.2, Max: 0.4, Diff: 0.4, Sum: 1.6]
         [Termination Attempts: Min: 1, Avg: 1.0, Max: 1, Diff: 0, Sum: 8]
      [GC Worker Other (ms): Min: 0.0, Avg: 0.0, Max: 0.0, Diff: 0.0, Sum: 0.1]
      [GC Worker Total (ms): Min: 2.5, Avg: 2.7, Max: 2.9, Diff: 0.4, Sum: 21.9]
      [GC Worker End (ms): Min: 128.0, Avg: 128.1, Max: 128.2, Diff: 0.2]
   [Code Root Fixup: 0.0 ms]
   [Code Root Purge: 0.0 ms]
   [Clear CT: 0.2 ms]
   [Other: 0.7 ms]
      [Choose CSet: 0.0 ms]
      [Ref Proc: 0.3 ms]
      [Ref Enq: 0.0 ms]
      [Redirty Cards: 0.2 ms]
      [Humongous Register: 0.0 ms]
      [Humongous Reclaim: 0.0 ms]
      [Free CSet: 0.0 ms]
   [Eden: 24.0M(24.0M)->0.0B(27.0M) Survivors: 0.0B->3072.0K Heap: 27.2M(256.0M)->9415.3K(256.0M)]
 [Times: user=0.01 sys=0.01, real=0.01 secs] 
2021-01-21T12:22:38.546+0500: [GC pause (G1 Evacuation Pause) (young), 0.0053116 secs]
   [Parallel Time: 4.5 ms, GC Workers: 8]
      [GC Worker Start (ms): Min: 142.4, Avg: 142.6, Max: 143.2, Diff: 0.8]
      [Ext Root Scanning (ms): Min: 0.0, Avg: 0.1, Max: 0.3, Diff: 0.3, Sum: 0.8]
      [Update RS (ms): Min: 0.0, Avg: 0.0, Max: 0.0, Diff: 0.0, Sum: 0.0]
         [Processed Buffers: Min: 0, Avg: 0.4, Max: 2, Diff: 2, Sum: 3]
      [Scan RS (ms): Min: 0.0, Avg: 0.0, Max: 0.0, Diff: 0.0, Sum: 0.0]
      [Code Root Scanning (ms): Min: 0.0, Avg: 0.0, Max: 0.0, Diff: 0.0, Sum: 0.0]
      [Object Copy (ms): Min: 3.4, Avg: 3.7, Max: 3.9, Diff: 0.5, Sum: 29.4]
      [Termination (ms): Min: 0.0, Avg: 0.2, Max: 0.5, Diff: 0.5, Sum: 1.7]
         [Termination Attempts: Min: 1, Avg: 1.0, Max: 1, Diff: 0, Sum: 8]
      [GC Worker Other (ms): Min: 0.0, Avg: 0.0, Max: 0.1, Diff: 0.1, Sum: 0.1]
      [GC Worker Total (ms): Min: 3.4, Avg: 4.0, Max: 4.4, Diff: 1.0, Sum: 32.1]
      [GC Worker End (ms): Min: 146.6, Avg: 146.7, Max: 146.8, Diff: 0.2]
   [Code Root Fixup: 0.0 ms]
   [Code Root Purge: 0.0 ms]
   [Clear CT: 0.3 ms]
   [Other: 0.5 ms]
      [Choose CSet: 0.0 ms]
      [Ref Proc: 0.2 ms]
      [Ref Enq: 0.0 ms]
      [Redirty Cards: 0.2 ms]
      [Humongous Register: 0.0 ms]
      [Humongous Reclaim: 0.0 ms]
      [Free CSet: 0.0 ms]
   [Eden: 27.0M(27.0M)->0.0B(149.0M) Survivors: 3072.0K->4096.0K Heap: 44.7M(256.0M)->20.9M(256.0M)]
 [Times: user=0.01 sys=0.01, real=0.01 secs] 
2021-01-21T12:22:38.642+0500: [GC pause (G1 Evacuation Pause) (young), 0.0177738 secs]
   [Parallel Time: 16.9 ms, GC Workers: 8]
      [GC Worker Start (ms): Min: 238.0, Avg: 238.1, Max: 238.1, Diff: 0.1]
      [Ext Root Scanning (ms): Min: 0.1, Avg: 0.1, Max: 0.2, Diff: 0.1, Sum: 0.9]
      [Update RS (ms): Min: 0.4, Avg: 0.5, Max: 0.5, Diff: 0.1, Sum: 3.6]
         [Processed Buffers: Min: 3, Avg: 6.2, Max: 8, Diff: 5, Sum: 50]
      [Scan RS (ms): Min: 0.0, Avg: 0.0, Max: 0.0, Diff: 0.0, Sum: 0.1]
      [Code Root Scanning (ms): Min: 0.0, Avg: 0.0, Max: 0.0, Diff: 0.0, Sum: 0.0]
      [Object Copy (ms): Min: 16.0, Avg: 16.1, Max: 16.1, Diff: 0.1, Sum: 128.5]
      [Termination (ms): Min: 0.0, Avg: 0.1, Max: 0.2, Diff: 0.2, Sum: 0.7]
         [Termination Attempts: Min: 1, Avg: 1.1, Max: 2, Diff: 1, Sum: 9]
      [GC Worker Other (ms): Min: 0.0, Avg: 0.0, Max: 0.0, Diff: 0.0, Sum: 0.1]
      [GC Worker Total (ms): Min: 16.7, Avg: 16.7, Max: 16.8, Diff: 0.1, Sum: 133.8]
      [GC Worker End (ms): Min: 254.8, Avg: 254.8, Max: 254.8, Diff: 0.1]
   [Code Root Fixup: 0.0 ms]
   [Code Root Purge: 0.0 ms]
   [Clear CT: 0.2 ms]
   [Other: 0.7 ms]
      [Choose CSet: 0.0 ms]
      [Ref Proc: 0.2 ms]
      [Ref Enq: 0.0 ms]
      [Redirty Cards: 0.2 ms]
      [Humongous Register: 0.0 ms]
      [Humongous Reclaim: 0.1 ms]
      [Free CSet: 0.0 ms]
   [Eden: 149.0M(149.0M)->0.0B(34.0M) Survivors: 4096.0K->20.0M Heap: 205.7M(256.0M)->84.0M(276.0M)]
 [Times: user=0.03 sys=0.08, real=0.01 secs] 
2021-01-21T12:22:38.666+0500: [GC pause (G1 Evacuation Pause) (young), 0.0059557 secs]
   [Parallel Time: 3.2 ms, GC Workers: 8]
      [GC Worker Start (ms): Min: 262.6, Avg: 262.6, Max: 262.7, Diff: 0.1]
      [Ext Root Scanning (ms): Min: 0.1, Avg: 0.1, Max: 0.2, Diff: 0.1, Sum: 1.0]
      [Update RS (ms): Min: 0.0, Avg: 0.1, Max: 0.1, Diff: 0.1, Sum: 0.8]
         [Processed Buffers: Min: 0, Avg: 1.5, Max: 2, Diff: 2, Sum: 12]
      [Scan RS (ms): Min: 0.0, Avg: 0.0, Max: 0.0, Diff: 0.0, Sum: 0.1]
      [Code Root Scanning (ms): Min: 0.0, Avg: 0.0, Max: 0.0, Diff: 0.0, Sum: 0.0]
      [Object Copy (ms): Min: 2.6, Avg: 2.7, Max: 2.7, Diff: 0.1, Sum: 21.5]
      [Termination (ms): Min: 0.0, Avg: 0.1, Max: 0.2, Diff: 0.2, Sum: 0.5]
         [Termination Attempts: Min: 1, Avg: 1.0, Max: 1, Diff: 0, Sum: 8]
      [GC Worker Other (ms): Min: 0.0, Avg: 0.0, Max: 0.0, Diff: 0.0, Sum: 0.1]
      [GC Worker Total (ms): Min: 2.9, Avg: 3.0, Max: 3.1, Diff: 0.2, Sum: 23.9]
      [GC Worker End (ms): Min: 265.6, Avg: 265.6, Max: 265.7, Diff: 0.1]
   [Code Root Fixup: 0.0 ms]
   [Code Root Purge: 0.0 ms]
   [Clear CT: 0.1 ms]
   [Other: 2.7 ms]
      [Choose CSet: 0.0 ms]
      [Ref Proc: 0.3 ms]
      [Ref Enq: 0.0 ms]
      [Redirty Cards: 0.1 ms]
      [Humongous Register: 0.0 ms]
      [Humongous Reclaim: 0.0 ms]
      [Free CSet: 0.0 ms]
   [Eden: 34.0M(34.0M)->0.0B(101.0M) Survivors: 20.0M->7168.0K Heap: 126.5M(276.0M)->97.0M(552.0M)]
 [Times: user=0.02 sys=0.00, real=0.01 secs] 
2021-01-21T12:22:38.729+0500: [GC pause (G1 Evacuation Pause) (young), 0.0114647 secs]
   [Parallel Time: 8.2 ms, GC Workers: 8]
      [GC Worker Start (ms): Min: 325.1, Avg: 325.1, Max: 325.2, Diff: 0.1]
      [Ext Root Scanning (ms): Min: 0.0, Avg: 0.1, Max: 0.1, Diff: 0.1, Sum: 0.8]
      [Update RS (ms): Min: 0.1, Avg: 0.2, Max: 0.2, Diff: 0.1, Sum: 1.2]
         [Processed Buffers: Min: 1, Avg: 2.0, Max: 3, Diff: 2, Sum: 16]
      [Scan RS (ms): Min: 0.0, Avg: 0.0, Max: 0.0, Diff: 0.0, Sum: 0.1]
      [Code Root Scanning (ms): Min: 0.0, Avg: 0.0, Max: 0.0, Diff: 0.0, Sum: 0.0]
      [Object Copy (ms): Min: 7.7, Avg: 7.8, Max: 7.9, Diff: 0.2, Sum: 62.2]
      [Termination (ms): Min: 0.0, Avg: 0.1, Max: 0.1, Diff: 0.1, Sum: 0.4]
         [Termination Attempts: Min: 1, Avg: 1.0, Max: 1, Diff: 0, Sum: 8]
      [GC Worker Other (ms): Min: 0.0, Avg: 0.0, Max: 0.1, Diff: 0.1, Sum: 0.2]
      [GC Worker Total (ms): Min: 8.1, Avg: 8.1, Max: 8.1, Diff: 0.1, Sum: 64.9]
      [GC Worker End (ms): Min: 333.2, Avg: 333.2, Max: 333.3, Diff: 0.0]
   [Code Root Fixup: 0.0 ms]
   [Code Root Purge: 0.0 ms]
   [Clear CT: 0.2 ms]
   [Other: 3.0 ms]
      [Choose CSet: 0.0 ms]
      [Ref Proc: 0.2 ms]
      [Ref Enq: 0.0 ms]
      [Redirty Cards: 0.1 ms]
      [Humongous Register: 0.0 ms]
      [Humongous Reclaim: 0.1 ms]
      [Free CSet: 0.0 ms]
   [Eden: 101.0M(101.0M)->0.0B(125.0M) Survivors: 7168.0K->14.0M Heap: 226.0M(552.0M)->134.4M(852.0M)]
 [Times: user=0.02 sys=0.03, real=0.02 secs] 
2021-01-21T12:22:38.810+0500: [GC pause (G1 Evacuation Pause) (young), 0.0125757 secs]
   [Parallel Time: 9.8 ms, GC Workers: 8]
      [GC Worker Start (ms): Min: 406.5, Avg: 406.7, Max: 407.1, Diff: 0.6]
      [Ext Root Scanning (ms): Min: 0.0, Avg: 0.1, Max: 0.2, Diff: 0.2, Sum: 0.9]
      [Update RS (ms): Min: 0.0, Avg: 0.2, Max: 0.3, Diff: 0.3, Sum: 1.7]
         [Processed Buffers: Min: 0, Avg: 2.9, Max: 5, Diff: 5, Sum: 23]
      [Scan RS (ms): Min: 0.0, Avg: 0.0, Max: 0.0, Diff: 0.0, Sum: 0.1]
      [Code Root Scanning (ms): Min: 0.0, Avg: 0.0, Max: 0.0, Diff: 0.0, Sum: 0.0]
      [Object Copy (ms): Min: 9.1, Avg: 9.2, Max: 9.3, Diff: 0.2, Sum: 73.3]
      [Termination (ms): Min: 0.0, Avg: 0.1, Max: 0.1, Diff: 0.1, Sum: 0.7]
         [Termination Attempts: Min: 1, Avg: 1.2, Max: 3, Diff: 2, Sum: 10]
      [GC Worker Other (ms): Min: 0.0, Avg: 0.0, Max: 0.0, Diff: 0.0, Sum: 0.1]
      [GC Worker Total (ms): Min: 9.2, Avg: 9.6, Max: 9.8, Diff: 0.6, Sum: 76.8]
      [GC Worker End (ms): Min: 416.3, Avg: 416.3, Max: 416.3, Diff: 0.1]
   [Code Root Fixup: 0.0 ms]
   [Code Root Purge: 0.0 ms]
   [Clear CT: 0.1 ms]
   [Other: 2.6 ms]
      [Choose CSet: 0.0 ms]
      [Ref Proc: 0.2 ms]
      [Ref Enq: 0.0 ms]
      [Redirty Cards: 0.1 ms]
      [Humongous Register: 0.1 ms]
      [Humongous Reclaim: 0.1 ms]
      [Free CSet: 0.0 ms]
   [Eden: 125.0M(125.0M)->0.0B(180.0M) Survivors: 14.0M->18.0M Heap: 289.9M(852.0M)->175.4M(1092.0M)]
 [Times: user=0.02 sys=0.04, real=0.01 secs] 
2021-01-21T12:22:38.921+0500: [GC pause (G1 Evacuation Pause) (young), 0.0210772 secs]
   [Parallel Time: 18.7 ms, GC Workers: 8]
      [GC Worker Start (ms): Min: 517.5, Avg: 517.6, Max: 517.7, Diff: 0.2]
      [Ext Root Scanning (ms): Min: 0.0, Avg: 0.1, Max: 0.2, Diff: 0.2, Sum: 0.8]
      [Update RS (ms): Min: 0.0, Avg: 0.2, Max: 0.3, Diff: 0.3, Sum: 1.5]
         [Processed Buffers: Min: 0, Avg: 2.4, Max: 4, Diff: 4, Sum: 19]
      [Scan RS (ms): Min: 0.0, Avg: 0.0, Max: 0.0, Diff: 0.0, Sum: 0.1]
      [Code Root Scanning (ms): Min: 0.0, Avg: 0.0, Max: 0.0, Diff: 0.0, Sum: 0.0]
      [Object Copy (ms): Min: 17.9, Avg: 18.1, Max: 18.3, Diff: 0.5, Sum: 144.4]
      [Termination (ms): Min: 0.0, Avg: 0.2, Max: 0.4, Diff: 0.4, Sum: 1.4]
         [Termination Attempts: Min: 1, Avg: 1.2, Max: 3, Diff: 2, Sum: 10]
      [GC Worker Other (ms): Min: 0.0, Avg: 0.0, Max: 0.1, Diff: 0.1, Sum: 0.2]
      [GC Worker Total (ms): Min: 18.4, Avg: 18.6, Max: 18.7, Diff: 0.3, Sum: 148.6]
      [GC Worker End (ms): Min: 536.1, Avg: 536.2, Max: 536.2, Diff: 0.1]
   [Code Root Fixup: 0.0 ms]
   [Code Root Purge: 0.0 ms]
   [Clear CT: 0.2 ms]
   [Other: 2.2 ms]
      [Choose CSet: 0.0 ms]
      [Ref Proc: 0.1 ms]
      [Ref Enq: 0.0 ms]
      [Redirty Cards: 0.1 ms]
      [Humongous Register: 0.1 ms]
      [Humongous Reclaim: 0.1 ms]
      [Free CSet: 0.1 ms]
   [Eden: 180.0M(180.0M)->0.0B(185.0M) Survivors: 18.0M->25.0M Heap: 393.2M(1092.0M)->243.5M(1284.0M)]
 [Times: user=0.04 sys=0.08, real=0.02 secs] 
2021-01-21T12:22:39.047+0500: [GC pause (G1 Evacuation Pause) (young), 0.0245664 secs]
   [Parallel Time: 22.3 ms, GC Workers: 8]
      [GC Worker Start (ms): Min: 643.1, Avg: 643.2, Max: 643.4, Diff: 0.3]
      [Ext Root Scanning (ms): Min: 0.0, Avg: 0.1, Max: 0.1, Diff: 0.1, Sum: 0.7]
      [Update RS (ms): Min: 0.0, Avg: 0.2, Max: 0.3, Diff: 0.3, Sum: 1.3]
         [Processed Buffers: Min: 0, Avg: 1.9, Max: 3, Diff: 3, Sum: 15]
      [Scan RS (ms): Min: 0.0, Avg: 0.0, Max: 0.0, Diff: 0.0, Sum: 0.2]
      [Code Root Scanning (ms): Min: 0.0, Avg: 0.0, Max: 0.0, Diff: 0.0, Sum: 0.0]
      [Object Copy (ms): Min: 21.4, Avg: 21.5, Max: 21.6, Diff: 0.2, Sum: 171.8]
      [Termination (ms): Min: 0.0, Avg: 0.2, Max: 0.5, Diff: 0.5, Sum: 1.7]
         [Termination Attempts: Min: 1, Avg: 1.0, Max: 1, Diff: 0, Sum: 8]
      [GC Worker Other (ms): Min: 0.0, Avg: 0.0, Max: 0.0, Diff: 0.0, Sum: 0.1]
      [GC Worker Total (ms): Min: 21.9, Avg: 22.0, Max: 22.1, Diff: 0.2, Sum: 175.8]
      [GC Worker End (ms): Min: 665.1, Avg: 665.2, Max: 665.3, Diff: 0.2]
   [Code Root Fixup: 0.0 ms]
   [Code Root Purge: 0.0 ms]
   [Clear CT: 0.2 ms]
   [Other: 2.1 ms]
      [Choose CSet: 0.0 ms]
      [Ref Proc: 0.2 ms]
      [Ref Enq: 0.0 ms]
      [Redirty Cards: 0.2 ms]
      [Humongous Register: 0.1 ms]
      [Humongous Reclaim: 0.1 ms]
      [Free CSet: 0.1 ms]
   [Eden: 185.0M(185.0M)->0.0B(217.0M) Survivors: 25.0M->27.0M Heap: 471.9M(1284.0M)->301.8M(1437.0M)]
 [Times: user=0.03 sys=0.10, real=0.03 secs] 
2021-01-21T12:22:39.180+0500: [GC pause (G1 Evacuation Pause) (young), 0.0195714 secs]
   [Parallel Time: 17.2 ms, GC Workers: 8]
      [GC Worker Start (ms): Min: 776.4, Avg: 776.4, Max: 776.5, Diff: 0.1]
      [Ext Root Scanning (ms): Min: 0.1, Avg: 0.1, Max: 0.2, Diff: 0.1, Sum: 0.7]
      [Update RS (ms): Min: 0.2, Avg: 0.2, Max: 0.5, Diff: 0.4, Sum: 2.0]
         [Processed Buffers: Min: 0, Avg: 2.6, Max: 3, Diff: 3, Sum: 21]
      [Scan RS (ms): Min: 0.0, Avg: 0.0, Max: 0.1, Diff: 0.1, Sum: 0.2]
      [Code Root Scanning (ms): Min: 0.0, Avg: 0.0, Max: 0.0, Diff: 0.0, Sum: 0.0]
      [Object Copy (ms): Min: 15.9, Avg: 16.2, Max: 16.7, Diff: 0.9, Sum: 129.6]
      [Termination (ms): Min: 0.0, Avg: 0.5, Max: 0.6, Diff: 0.6, Sum: 4.0]
         [Termination Attempts: Min: 1, Avg: 1.8, Max: 3, Diff: 2, Sum: 14]
      [GC Worker Other (ms): Min: 0.0, Avg: 0.0, Max: 0.0, Diff: 0.0, Sum: 0.1]
      [GC Worker Total (ms): Min: 17.0, Avg: 17.1, Max: 17.1, Diff: 0.1, Sum: 136.7]
      [GC Worker End (ms): Min: 793.5, Avg: 793.5, Max: 793.6, Diff: 0.0]
   [Code Root Fixup: 0.0 ms]
   [Code Root Purge: 0.0 ms]
   [Clear CT: 0.2 ms]
   [Other: 2.2 ms]
      [Choose CSet: 0.0 ms]
      [Ref Proc: 0.1 ms]
      [Ref Enq: 0.0 ms]
      [Redirty Cards: 0.1 ms]
      [Humongous Register: 0.1 ms]
      [Humongous Reclaim: 0.2 ms]
      [Free CSet: 0.1 ms]
   [Eden: 217.0M(217.0M)->0.0B(237.0M) Survivors: 27.0M->31.0M Heap: 580.5M(1437.0M)->372.0M(1560.0M)]
 [Times: user=0.05 sys=0.06, real=0.02 secs] 
2021-01-21T12:22:39.294+0500: [GC pause (G1 Evacuation Pause) (young), 0.0117923 secs]
   [Parallel Time: 9.8 ms, GC Workers: 8]
      [GC Worker Start (ms): Min: 890.0, Avg: 890.1, Max: 890.1, Diff: 0.1]
      [Ext Root Scanning (ms): Min: 0.1, Avg: 0.1, Max: 0.2, Diff: 0.1, Sum: 0.9]
      [Update RS (ms): Min: 0.1, Avg: 0.2, Max: 0.7, Diff: 0.5, Sum: 1.7]
         [Processed Buffers: Min: 0, Avg: 2.1, Max: 3, Diff: 3, Sum: 17]
      [Scan RS (ms): Min: 0.0, Avg: 0.0, Max: 0.0, Diff: 0.0, Sum: 0.2]
      [Code Root Scanning (ms): Min: 0.0, Avg: 0.0, Max: 0.0, Diff: 0.0, Sum: 0.0]
      [Object Copy (ms): Min: 8.5, Avg: 8.9, Max: 9.1, Diff: 0.6, Sum: 71.4]
      [Termination (ms): Min: 0.0, Avg: 0.2, Max: 0.5, Diff: 0.5, Sum: 1.6]
         [Termination Attempts: Min: 1, Avg: 1.8, Max: 3, Diff: 2, Sum: 14]
      [GC Worker Other (ms): Min: 0.0, Avg: 0.0, Max: 0.0, Diff: 0.0, Sum: 0.1]
      [GC Worker Total (ms): Min: 9.4, Avg: 9.5, Max: 9.6, Diff: 0.2, Sum: 76.1]
      [GC Worker End (ms): Min: 899.5, Avg: 899.6, Max: 899.7, Diff: 0.2]
   [Code Root Fixup: 0.0 ms]
   [Code Root Purge: 0.0 ms]
   [Clear CT: 0.1 ms]
   [Other: 1.9 ms]
      [Choose CSet: 0.0 ms]
      [Ref Proc: 0.2 ms]
      [Ref Enq: 0.0 ms]
      [Redirty Cards: 0.1 ms]
      [Humongous Register: 0.1 ms]
      [Humongous Reclaim: 0.2 ms]
      [Free CSet: 0.1 ms]
   [Eden: 237.0M(237.0M)->0.0B(908.0M) Survivors: 31.0M->34.0M Heap: 670.1M(1560.0M)->450.8M(1658.0M)]
 [Times: user=0.07 sys=0.01, real=0.01 secs] 
执行结束!共生成对象次数:8755
Heap
 garbage-first heap   total 1697792K, used 1208357K [0x0000000740000000, 0x00000007401033d0, 0x00000007c0000000)
  region size 1024K, 621 young (635904K), 34 survivors (34816K)
 Metaspace       used 2712K, capacity 4486K, committed 4864K, reserved 1056768K
  class space    used 295K, capacity 386K, committed 512K, reserved 1048576K


4.5 4g

2021-01-21T12:26:15.862+0500: [GC pause (G1 Evacuation Pause) (young), 0.0028221 secs]
   [Parallel Time: 2.3 ms, GC Workers: 8]
      [GC Worker Start (ms): Min: 126.4, Avg: 126.5, Max: 126.5, Diff: 0.1]
      [Ext Root Scanning (ms): Min: 0.1, Avg: 0.2, Max: 0.3, Diff: 0.2, Sum: 1.3]
      [Update RS (ms): Min: 0.0, Avg: 0.0, Max: 0.0, Diff: 0.0, Sum: 0.0]
         [Processed Buffers: Min: 0, Avg: 0.0, Max: 0, Diff: 0, Sum: 0]
      [Scan RS (ms): Min: 0.0, Avg: 0.0, Max: 0.0, Diff: 0.0, Sum: 0.0]
      [Code Root Scanning (ms): Min: 0.0, Avg: 0.0, Max: 0.0, Diff: 0.0, Sum: 0.0]
      [Object Copy (ms): Min: 1.5, Avg: 1.7, Max: 1.7, Diff: 0.3, Sum: 13.4]
      [Termination (ms): Min: 0.0, Avg: 0.2, Max: 0.5, Diff: 0.5, Sum: 1.3]
         [Termination Attempts: Min: 1, Avg: 2.1, Max: 4, Diff: 3, Sum: 17]
      [GC Worker Other (ms): Min: 0.0, Avg: 0.0, Max: 0.1, Diff: 0.0, Sum: 0.2]
      [GC Worker Total (ms): Min: 1.9, Avg: 2.0, Max: 2.2, Diff: 0.3, Sum: 16.1]
      [GC Worker End (ms): Min: 128.4, Avg: 128.5, Max: 128.7, Diff: 0.3]
   [Code Root Fixup: 0.0 ms]
   [Code Root Purge: 0.0 ms]
   [Clear CT: 0.1 ms]
   [Other: 0.4 ms]
      [Choose CSet: 0.0 ms]
      [Ref Proc: 0.2 ms]
      [Ref Enq: 0.0 ms]
      [Redirty Cards: 0.1 ms]
      [Humongous Register: 0.0 ms]
      [Humongous Reclaim: 0.0 ms]
      [Free CSet: 0.0 ms]
   [Eden: 24.0M(24.0M)->0.0B(28.0M) Survivors: 0.0B->3072.0K Heap: 29.2M(256.0M)->9599.2K(256.0M)]
 [Times: user=0.01 sys=0.01, real=0.00 secs] 
2021-01-21T12:26:15.874+0500: [GC pause (G1 Evacuation Pause) (young), 0.0048389 secs]
   [Parallel Time: 4.0 ms, GC Workers: 8]
      [GC Worker Start (ms): Min: 138.3, Avg: 138.4, Max: 138.4, Diff: 0.1]
      [Ext Root Scanning (ms): Min: 0.1, Avg: 0.1, Max: 0.2, Diff: 0.1, Sum: 0.9]
      [Update RS (ms): Min: 0.0, Avg: 0.0, Max: 0.0, Diff: 0.0, Sum: 0.0]
         [Processed Buffers: Min: 0, Avg: 0.4, Max: 2, Diff: 2, Sum: 3]
      [Scan RS (ms): Min: 0.0, Avg: 0.0, Max: 0.0, Diff: 0.0, Sum: 0.0]
      [Code Root Scanning (ms): Min: 0.0, Avg: 0.0, Max: 0.0, Diff: 0.0, Sum: 0.0]
      [Object Copy (ms): Min: 2.9, Avg: 3.3, Max: 3.6, Diff: 0.6, Sum: 26.1]
      [Termination (ms): Min: 0.0, Avg: 0.4, Max: 0.7, Diff: 0.7, Sum: 3.1]
         [Termination Attempts: Min: 1, Avg: 1.0, Max: 1, Diff: 0, Sum: 8]
      [GC Worker Other (ms): Min: 0.0, Avg: 0.0, Max: 0.0, Diff: 0.0, Sum: 0.1]
      [GC Worker Total (ms): Min: 3.7, Avg: 3.8, Max: 3.9, Diff: 0.2, Sum: 30.3]
      [GC Worker End (ms): Min: 142.1, Avg: 142.2, Max: 142.3, Diff: 0.2]
   [Code Root Fixup: 0.0 ms]
   [Code Root Purge: 0.0 ms]
   [Clear CT: 0.2 ms]
   [Other: 0.6 ms]
      [Choose CSet: 0.0 ms]
      [Ref Proc: 0.2 ms]
      [Ref Enq: 0.0 ms]
      [Redirty Cards: 0.2 ms]
      [Humongous Register: 0.0 ms]
      [Humongous Reclaim: 0.0 ms]
      [Free CSet: 0.0 ms]
   [Eden: 28.0M(28.0M)->0.0B(45.0M) Survivors: 3072.0K->4096.0K Heap: 42.5M(256.0M)->22.5M(256.0M)]
 [Times: user=0.01 sys=0.02, real=0.00 secs] 
2021-01-21T12:26:15.900+0500: [GC pause (G1 Evacuation Pause) (young), 0.0085452 secs]
   [Parallel Time: 7.7 ms, GC Workers: 8]
      [GC Worker Start (ms): Min: 165.1, Avg: 165.2, Max: 165.3, Diff: 0.2]
      [Ext Root Scanning (ms): Min: 0.0, Avg: 0.1, Max: 0.2, Diff: 0.2, Sum: 0.7]
      [Update RS (ms): Min: 0.1, Avg: 0.2, Max: 0.4, Diff: 0.2, Sum: 1.5]
         [Processed Buffers: Min: 1, Avg: 2.6, Max: 5, Diff: 4, Sum: 21]
      [Scan RS (ms): Min: 0.0, Avg: 0.0, Max: 0.0, Diff: 0.0, Sum: 0.0]
      [Code Root Scanning (ms): Min: 0.0, Avg: 0.0, Max: 0.0, Diff: 0.0, Sum: 0.0]
      [Object Copy (ms): Min: 6.9, Avg: 7.0, Max: 7.1, Diff: 0.2, Sum: 55.9]
      [Termination (ms): Min: 0.0, Avg: 0.1, Max: 0.3, Diff: 0.3, Sum: 0.8]
         [Termination Attempts: Min: 1, Avg: 1.0, Max: 1, Diff: 0, Sum: 8]
      [GC Worker Other (ms): Min: 0.0, Avg: 0.0, Max: 0.0, Diff: 0.0, Sum: 0.1]
      [GC Worker Total (ms): Min: 7.2, Avg: 7.4, Max: 7.6, Diff: 0.4, Sum: 59.1]
      [GC Worker End (ms): Min: 172.6, Avg: 172.6, Max: 172.7, Diff: 0.1]
   [Code Root Fixup: 0.0 ms]
   [Code Root Purge: 0.0 ms]
   [Clear CT: 0.2 ms]
   [Other: 0.7 ms]
      [Choose CSet: 0.0 ms]
      [Ref Proc: 0.3 ms]
      [Ref Enq: 0.0 ms]
      [Redirty Cards: 0.2 ms]
      [Humongous Register: 0.0 ms]
      [Humongous Reclaim: 0.0 ms]
      [Free CSet: 0.0 ms]
   [Eden: 45.0M(45.0M)->0.0B(66.0M) Survivors: 4096.0K->7168.0K Heap: 81.2M(256.0M)->44.0M(256.0M)]
 [Times: user=0.01 sys=0.04, real=0.00 secs] 
2021-01-21T12:26:15.935+0500: [GC pause (G1 Evacuation Pause) (young), 0.0129475 secs]
   [Parallel Time: 9.9 ms, GC Workers: 8]
      [GC Worker Start (ms): Min: 199.7, Avg: 199.8, Max: 199.9, Diff: 0.1]
      [Ext Root Scanning (ms): Min: 0.1, Avg: 0.1, Max: 0.2, Diff: 0.1, Sum: 0.9]
      [Update RS (ms): Min: 0.5, Avg: 0.5, Max: 0.5, Diff: 0.0, Sum: 4.2]
         [Processed Buffers: Min: 6, Avg: 7.6, Max: 9, Diff: 3, Sum: 61]
      [Scan RS (ms): Min: 0.0, Avg: 0.0, Max: 0.0, Diff: 0.0, Sum: 0.0]
      [Code Root Scanning (ms): Min: 0.0, Avg: 0.0, Max: 0.0, Diff: 0.0, Sum: 0.0]
      [Object Copy (ms): Min: 8.3, Avg: 8.6, Max: 8.9, Diff: 0.6, Sum: 69.1]
      [Termination (ms): Min: 0.0, Avg: 0.3, Max: 0.7, Diff: 0.7, Sum: 2.8]
         [Termination Attempts: Min: 1, Avg: 1.0, Max: 1, Diff: 0, Sum: 8]
      [GC Worker Other (ms): Min: 0.0, Avg: 0.0, Max: 0.0, Diff: 0.0, Sum: 0.1]
      [GC Worker Total (ms): Min: 9.6, Avg: 9.7, Max: 9.8, Diff: 0.2, Sum: 77.2]
      [GC Worker End (ms): Min: 209.4, Avg: 209.5, Max: 209.6, Diff: 0.2]
   [Code Root Fixup: 0.0 ms]
   [Code Root Purge: 0.0 ms]
   [Clear CT: 0.3 ms]
   [Other: 2.8 ms]
      [Choose CSet: 0.0 ms]
      [Ref Proc: 0.3 ms]
      [Ref Enq: 0.0 ms]
      [Redirty Cards: 0.2 ms]
      [Humongous Register: 0.0 ms]
      [Humongous Reclaim: 0.0 ms]
      [Free CSet: 0.0 ms]
   [Eden: 66.0M(66.0M)->0.0B(80.0M) Survivors: 7168.0K->10.0M Heap: 126.3M(256.0M)->71.8M(512.0M)]
 [Times: user=0.03 sys=0.04, real=0.01 secs] 
2021-01-21T12:26:15.996+0500: [GC pause (G1 Evacuation Pause) (young), 0.0162218 secs]
   [Parallel Time: 11.2 ms, GC Workers: 8]
      [GC Worker Start (ms): Min: 260.4, Avg: 260.4, Max: 260.5, Diff: 0.1]
      [Ext Root Scanning (ms): Min: 0.1, Avg: 0.1, Max: 0.1, Diff: 0.1, Sum: 0.9]
      [Update RS (ms): Min: 0.1, Avg: 0.1, Max: 0.2, Diff: 0.1, Sum: 1.0]
         [Processed Buffers: Min: 1, Avg: 1.6, Max: 2, Diff: 1, Sum: 13]
      [Scan RS (ms): Min: 0.0, Avg: 0.0, Max: 0.0, Diff: 0.0, Sum: 0.1]
      [Code Root Scanning (ms): Min: 0.0, Avg: 0.0, Max: 0.0, Diff: 0.0, Sum: 0.0]
      [Object Copy (ms): Min: 10.1, Avg: 10.3, Max: 10.7, Diff: 0.7, Sum: 82.4]
      [Termination (ms): Min: 0.0, Avg: 0.5, Max: 0.7, Diff: 0.7, Sum: 3.6]
         [Termination Attempts: Min: 1, Avg: 1.0, Max: 1, Diff: 0, Sum: 8]
      [GC Worker Other (ms): Min: 0.0, Avg: 0.0, Max: 0.0, Diff: 0.0, Sum: 0.1]
      [GC Worker Total (ms): Min: 11.0, Avg: 11.0, Max: 11.1, Diff: 0.2, Sum: 88.0]
      [GC Worker End (ms): Min: 271.4, Avg: 271.4, Max: 271.5, Diff: 0.1]
   [Code Root Fixup: 0.0 ms]
   [Code Root Purge: 0.0 ms]
   [Clear CT: 0.2 ms]
   [Other: 4.8 ms]
      [Choose CSet: 0.0 ms]
      [Ref Proc: 0.3 ms]
      [Ref Enq: 0.0 ms]
      [Redirty Cards: 0.2 ms]
      [Humongous Register: 0.0 ms]
      [Humongous Reclaim: 0.0 ms]
      [Free CSet: 0.1 ms]
   [Eden: 79.0M(79.0M)->0.0B(97.0M) Survivors: 10.0M->12.0M Heap: 166.4M(512.0M)->99.4M(1024.0M)]
 [Times: user=0.02 sys=0.06, real=0.02 secs] 
2021-01-21T12:26:16.073+0500: [GC pause (G1 Evacuation Pause) (young), 0.0189774 secs]
   [Parallel Time: 13.2 ms, GC Workers: 8]
      [GC Worker Start (ms): Min: 337.8, Avg: 337.9, Max: 338.2, Diff: 0.4]
      [Ext Root Scanning (ms): Min: 0.0, Avg: 0.1, Max: 0.2, Diff: 0.2, Sum: 0.9]
      [Update RS (ms): Min: 0.0, Avg: 0.2, Max: 0.2, Diff: 0.2, Sum: 1.4]
         [Processed Buffers: Min: 0, Avg: 2.1, Max: 3, Diff: 3, Sum: 17]
      [Scan RS (ms): Min: 0.0, Avg: 0.0, Max: 0.0, Diff: 0.0, Sum: 0.1]
      [Code Root Scanning (ms): Min: 0.0, Avg: 0.0, Max: 0.0, Diff: 0.0, Sum: 0.0]
      [Object Copy (ms): Min: 12.3, Avg: 12.4, Max: 12.6, Diff: 0.3, Sum: 99.4]
      [Termination (ms): Min: 0.0, Avg: 0.2, Max: 0.4, Diff: 0.4, Sum: 1.7]
         [Termination Attempts: Min: 1, Avg: 1.0, Max: 1, Diff: 0, Sum: 8]
      [GC Worker Other (ms): Min: 0.0, Avg: 0.0, Max: 0.1, Diff: 0.0, Sum: 0.1]
      [GC Worker Total (ms): Min: 12.6, Avg: 12.9, Max: 13.1, Diff: 0.4, Sum: 103.6]
      [GC Worker End (ms): Min: 350.8, Avg: 350.8, Max: 350.9, Diff: 0.2]
   [Code Root Fixup: 0.0 ms]
   [Code Root Purge: 0.0 ms]
   [Clear CT: 0.1 ms]
   [Other: 5.7 ms]
      [Choose CSet: 0.0 ms]
      [Ref Proc: 0.1 ms]
      [Ref Enq: 0.0 ms]
      [Redirty Cards: 0.1 ms]
      [Humongous Register: 0.1 ms]
      [Humongous Reclaim: 0.0 ms]
      [Free CSet: 0.0 ms]
   [Eden: 97.0M(97.0M)->0.0B(154.0M) Survivors: 12.0M->14.0M Heap: 218.9M(1024.0M)->142.4M(1639.0M)]
 [Times: user=0.03 sys=0.07, real=0.02 secs] 
2021-01-21T12:26:16.181+0500: [GC pause (G1 Evacuation Pause) (young), 0.0159835 secs]
   [Parallel Time: 10.9 ms, GC Workers: 8]
      [GC Worker Start (ms): Min: 445.9, Avg: 446.0, Max: 446.0, Diff: 0.1]
      [Ext Root Scanning (ms): Min: 0.1, Avg: 0.1, Max: 0.2, Diff: 0.1, Sum: 0.9]
      [Update RS (ms): Min: 0.2, Avg: 0.2, Max: 0.2, Diff: 0.0, Sum: 1.8]
         [Processed Buffers: Min: 0, Avg: 2.4, Max: 3, Diff: 3, Sum: 19]
      [Scan RS (ms): Min: 0.0, Avg: 0.0, Max: 0.0, Diff: 0.0, Sum: 0.1]
      [Code Root Scanning (ms): Min: 0.0, Avg: 0.0, Max: 0.0, Diff: 0.0, Sum: 0.0]
      [Object Copy (ms): Min: 10.3, Avg: 10.3, Max: 10.4, Diff: 0.1, Sum: 82.8]
      [Termination (ms): Min: 0.0, Avg: 0.1, Max: 0.1, Diff: 0.1, Sum: 0.4]
         [Termination Attempts: Min: 1, Avg: 1.0, Max: 1, Diff: 0, Sum: 8]
      [GC Worker Other (ms): Min: 0.0, Avg: 0.0, Max: 0.0, Diff: 0.0, Sum: 0.1]
      [GC Worker Total (ms): Min: 10.7, Avg: 10.8, Max: 10.8, Diff: 0.1, Sum: 86.1]
      [GC Worker End (ms): Min: 456.7, Avg: 456.8, Max: 456.8, Diff: 0.0]
   [Code Root Fixup: 0.0 ms]
   [Code Root Purge: 0.0 ms]
   [Clear CT: 0.1 ms]
   [Other: 5.0 ms]
      [Choose CSet: 0.0 ms]
      [Ref Proc: 0.2 ms]
      [Ref Enq: 0.0 ms]
      [Redirty Cards: 0.1 ms]
      [Humongous Register: 0.1 ms]
      [Humongous Reclaim: 0.1 ms]
      [Free CSet: 0.1 ms]
   [Eden: 154.0M(154.0M)->0.0B(168.0M) Survivors: 14.0M->21.0M Heap: 329.6M(1639.0M)->195.2M(2131.0M)]
 [Times: user=0.04 sys=0.04, real=0.01 secs] 
2021-01-21T12:26:16.296+0500: [GC pause (G1 Evacuation Pause) (young), 0.0282751 secs]
   [Parallel Time: 24.1 ms, GC Workers: 8]
      [GC Worker Start (ms): Min: 560.3, Avg: 560.4, Max: 560.4, Diff: 0.1]
      [Ext Root Scanning (ms): Min: 0.1, Avg: 0.1, Max: 0.2, Diff: 0.1, Sum: 0.9]
      [Update RS (ms): Min: 0.1, Avg: 0.2, Max: 0.3, Diff: 0.2, Sum: 1.3]
         [Processed Buffers: Min: 0, Avg: 2.1, Max: 3, Diff: 3, Sum: 17]
      [Scan RS (ms): Min: 0.0, Avg: 0.0, Max: 0.0, Diff: 0.0, Sum: 0.2]
      [Code Root Scanning (ms): Min: 0.0, Avg: 0.0, Max: 0.0, Diff: 0.0, Sum: 0.0]
      [Object Copy (ms): Min: 23.1, Avg: 23.3, Max: 23.5, Diff: 0.4, Sum: 186.6]
      [Termination (ms): Min: 0.0, Avg: 0.2, Max: 0.6, Diff: 0.6, Sum: 1.8]
         [Termination Attempts: Min: 1, Avg: 1.0, Max: 1, Diff: 0, Sum: 8]
      [GC Worker Other (ms): Min: 0.0, Avg: 0.0, Max: 0.0, Diff: 0.0, Sum: 0.1]
      [GC Worker Total (ms): Min: 23.8, Avg: 23.9, Max: 24.0, Diff: 0.2, Sum: 190.9]
      [GC Worker End (ms): Min: 584.2, Avg: 584.2, Max: 584.4, Diff: 0.2]
   [Code Root Fixup: 0.0 ms]
   [Code Root Purge: 0.0 ms]
   [Clear CT: 0.1 ms]
   [Other: 4.0 ms]
      [Choose CSet: 0.0 ms]
      [Ref Proc: 0.2 ms]
      [Ref Enq: 0.0 ms]
      [Redirty Cards: 0.1 ms]
      [Humongous Register: 0.1 ms]
      [Humongous Reclaim: 0.1 ms]
      [Free CSet: 0.1 ms]
   [Eden: 168.0M(168.0M)->0.0B(208.0M) Survivors: 21.0M->24.0M Heap: 414.7M(2131.0M)->258.3M(2524.0M)]
 [Times: user=0.03 sys=0.12, real=0.03 secs] 
2021-01-21T12:26:16.448+0500: [GC pause (G1 Evacuation Pause) (young), 0.0334445 secs]
   [Parallel Time: 29.7 ms, GC Workers: 8]
      [GC Worker Start (ms): Min: 712.5, Avg: 712.5, Max: 712.6, Diff: 0.1]
      [Ext Root Scanning (ms): Min: 0.1, Avg: 0.1, Max: 0.2, Diff: 0.1, Sum: 0.9]
      [Update RS (ms): Min: 0.1, Avg: 0.2, Max: 0.4, Diff: 0.2, Sum: 1.4]
         [Processed Buffers: Min: 0, Avg: 2.1, Max: 4, Diff: 4, Sum: 17]
      [Scan RS (ms): Min: 0.0, Avg: 0.0, Max: 0.0, Diff: 0.0, Sum: 0.2]
      [Code Root Scanning (ms): Min: 0.0, Avg: 0.0, Max: 0.0, Diff: 0.0, Sum: 0.0]
      [Object Copy (ms): Min: 28.8, Avg: 28.9, Max: 29.2, Diff: 0.4, Sum: 231.6]
      [Termination (ms): Min: 0.0, Avg: 0.3, Max: 0.4, Diff: 0.4, Sum: 2.3]
         [Termination Attempts: Min: 1, Avg: 1.0, Max: 1, Diff: 0, Sum: 8]
      [GC Worker Other (ms): Min: 0.0, Avg: 0.0, Max: 0.0, Diff: 0.0, Sum: 0.1]
      [GC Worker Total (ms): Min: 29.5, Avg: 29.6, Max: 29.6, Diff: 0.2, Sum: 236.4]
      [GC Worker End (ms): Min: 742.0, Avg: 742.1, Max: 742.2, Diff: 0.2]
   [Code Root Fixup: 0.0 ms]
   [Code Root Purge: 0.0 ms]
   [Clear CT: 0.1 ms]
   [Other: 3.6 ms]
      [Choose CSet: 0.0 ms]
      [Ref Proc: 0.2 ms]
      [Ref Enq: 0.0 ms]
      [Redirty Cards: 0.1 ms]
      [Humongous Register: 0.1 ms]
      [Humongous Reclaim: 0.2 ms]
      [Free CSet: 0.1 ms]
   [Eden: 208.0M(208.0M)->0.0B(232.0M) Survivors: 24.0M->29.0M Heap: 522.7M(2524.0M)->337.4M(2839.0M)]
 [Times: user=0.04 sys=0.15, real=0.04 secs] 
2021-01-21T12:26:16.606+0500: [GC pause (G1 Evacuation Pause) (young), 0.0217831 secs]
   [Parallel Time: 18.0 ms, GC Workers: 8]
      [GC Worker Start (ms): Min: 871.1, Avg: 871.2, Max: 871.3, Diff: 0.1]
      [Ext Root Scanning (ms): Min: 0.1, Avg: 0.1, Max: 0.2, Diff: 0.1, Sum: 0.8]
      [Update RS (ms): Min: 0.1, Avg: 0.2, Max: 0.4, Diff: 0.3, Sum: 1.5]
         [Processed Buffers: Min: 0, Avg: 2.1, Max: 3, Diff: 3, Sum: 17]
      [Scan RS (ms): Min: 0.0, Avg: 0.0, Max: 0.0, Diff: 0.0, Sum: 0.2]
      [Code Root Scanning (ms): Min: 0.0, Avg: 0.0, Max: 0.0, Diff: 0.0, Sum: 0.0]
      [Object Copy (ms): Min: 16.7, Avg: 16.9, Max: 17.4, Diff: 0.8, Sum: 135.4]
      [Termination (ms): Min: 0.0, Avg: 0.5, Max: 0.6, Diff: 0.6, Sum: 4.2]
         [Termination Attempts: Min: 1, Avg: 1.8, Max: 3, Diff: 2, Sum: 14]
      [GC Worker Other (ms): Min: 0.0, Avg: 0.0, Max: 0.0, Diff: 0.0, Sum: 0.1]
      [GC Worker Total (ms): Min: 17.7, Avg: 17.8, Max: 17.9, Diff: 0.2, Sum: 142.4]
      [GC Worker End (ms): Min: 889.0, Avg: 889.0, Max: 889.0, Diff: 0.1]
   [Code Root Fixup: 0.0 ms]
   [Code Root Purge: 0.0 ms]
   [Clear CT: 0.1 ms]
   [Other: 3.7 ms]
      [Choose CSet: 0.0 ms]
      [Ref Proc: 0.2 ms]
      [Ref Enq: 0.0 ms]
      [Redirty Cards: 0.1 ms]
      [Humongous Register: 0.1 ms]
      [Humongous Reclaim: 0.2 ms]
      [Free CSet: 0.1 ms]
   [Eden: 232.0M(232.0M)->0.0B(365.0M) Survivors: 29.0M->33.0M Heap: 627.8M(2839.0M)->411.1M(3091.0M)]
 [Times: user=0.05 sys=0.07, real=0.02 secs] 
2021-01-21T12:26:16.811+0500: [GC pause (G1 Evacuation Pause) (young), 0.0326955 secs]
   [Parallel Time: 29.6 ms, GC Workers: 8]
      [GC Worker Start (ms): Min: 1076.3, Avg: 1076.3, Max: 1076.4, Diff: 0.1]
      [Ext Root Scanning (ms): Min: 0.1, Avg: 0.1, Max: 0.2, Diff: 0.1, Sum: 0.9]
      [Update RS (ms): Min: 0.2, Avg: 0.3, Max: 0.7, Diff: 0.5, Sum: 2.3]
         [Processed Buffers: Min: 0, Avg: 2.9, Max: 4, Diff: 4, Sum: 23]
      [Scan RS (ms): Min: 0.0, Avg: 0.0, Max: 0.1, Diff: 0.0, Sum: 0.4]
      [Code Root Scanning (ms): Min: 0.0, Avg: 0.0, Max: 0.0, Diff: 0.0, Sum: 0.0]
      [Object Copy (ms): Min: 28.2, Avg: 28.7, Max: 28.9, Diff: 0.7, Sum: 229.2]
      [Termination (ms): Min: 0.0, Avg: 0.3, Max: 0.6, Diff: 0.6, Sum: 2.3]
         [Termination Attempts: Min: 1, Avg: 1.0, Max: 1, Diff: 0, Sum: 8]
      [GC Worker Other (ms): Min: 0.0, Avg: 0.0, Max: 0.0, Diff: 0.0, Sum: 0.1]
      [GC Worker Total (ms): Min: 29.3, Avg: 29.4, Max: 29.5, Diff: 0.2, Sum: 235.2]
      [GC Worker End (ms): Min: 1105.7, Avg: 1105.7, Max: 1105.8, Diff: 0.2]
   [Code Root Fixup: 0.0 ms]
   [Code Root Purge: 0.0 ms]
   [Clear CT: 0.2 ms]
   [Other: 3.0 ms]
      [Choose CSet: 0.0 ms]
      [Ref Proc: 0.2 ms]
      [Ref Enq: 0.0 ms]
      [Redirty Cards: 0.1 ms]
      [Humongous Register: 0.2 ms]
      [Humongous Reclaim: 0.3 ms]
      [Free CSet: 0.1 ms]
   [Eden: 365.0M(365.0M)->0.0B(283.0M) Survivors: 33.0M->50.0M Heap: 885.2M(3091.0M)->515.7M(3292.0M)]
 [Times: user=0.06 sys=0.13, real=0.03 secs] 
执行结束!共生成对象次数:6692
Heap
 garbage-first heap   total 3371008K, used 528032K [0x00000006c0000000, 0x00000006c01066e0, 0x00000007c0000000)
  region size 1024K, 51 young (52224K), 50 survivors (51200K)
 Metaspace       used 2712K, capacity 4486K, committed 4864K, reserved 1056768K
  class space    used 295K, capacity 386K, committed 512K, reserved 1048576K






